Oct 18 03:41:01 rjacinto1_pri rsyslogd[1104]: [origin software="rsyslogd" swVersion="8.1911.0-3.el8" x-pid="1104" x-info="https://www.rsyslog.com"] rsyslogd was HUPed
Oct 18 04:18:25 rjacinto1_pri NetworkManager[959]: <error> [1603009105.8190] dhcp4 (ens192): error -113 dispatching events
Oct 18 04:18:25 rjacinto1_pri NetworkManager[959]: <info>  [1603009105.8194] dhcp4 (ens192): state changed bound -> fail
Oct 18 04:18:25 rjacinto1_pri NetworkManager[959]: <info>  [1603009105.8196] device (ens192): DHCPv4: trying to acquire a new lease within 90 seconds
Oct 18 04:19:55 rjacinto1_pri NetworkManager[959]: <info>  [1603009195.7449] device (ens192): DHCPv4: grace period expired
Oct 18 04:19:55 rjacinto1_pri NetworkManager[959]: <info>  [1603009195.7450] device (ens192): state change: activated -> failed (reason 'ip-config-unavailable', sys-iface-state: 'managed')
Oct 18 04:19:55 rjacinto1_pri NetworkManager[959]: <warn>  [1603009195.7466] device (ens192): Activation: failed for connection 'ens192'
Oct 18 04:19:55 rjacinto1_pri NetworkManager[959]: <info>  [1603009195.7473] manager: NetworkManager state is now CONNECTED_LOCAL
Oct 18 04:19:55 rjacinto1_pri NetworkManager[959]: <info>  [1603009195.7477] device (ens192): state change: failed -> disconnected (reason 'none', sys-iface-state: 'managed')
Oct 18 04:19:55 rjacinto1_pri NetworkManager[959]: <info>  [1603009195.7491] dhcp4 (ens192): canceled DHCP transaction
Oct 18 04:19:55 rjacinto1_pri NetworkManager[959]: <info>  [1603009195.7492] dhcp4 (ens192): state changed fail -> done
Oct 18 04:19:55 rjacinto1_pri dbus-daemon[958]: [system] Activating via systemd: service name='org.freedesktop.nm_dispatcher' unit='dbus-org.freedesktop.nm-dispatcher.service' requested by ':1.4' (uid=0 pid=959 comm="/usr/sbin/NetworkManager --no-daemon " label="system_u:system_r:NetworkManager_t:s0")
Oct 18 04:19:55 rjacinto1_pri systemd[1]: Starting Network Manager Script Dispatcher Service...
Oct 18 04:19:55 rjacinto1_pri NetworkManager[959]: <info>  [1603009195.7733] policy: auto-activating connection 'ens192' (29b6e258-0ffd-4ee3-8f2d-2126105eee4f)
Oct 18 04:19:55 rjacinto1_pri NetworkManager[959]: <info>  [1603009195.7742] device (ens192): Activation: starting connection 'ens192' (29b6e258-0ffd-4ee3-8f2d-2126105eee4f)
Oct 18 04:19:55 rjacinto1_pri NetworkManager[959]: <info>  [1603009195.7743] device (ens192): state change: disconnected -> prepare (reason 'none', sys-iface-state: 'managed')
Oct 18 04:19:55 rjacinto1_pri NetworkManager[959]: <info>  [1603009195.7746] manager: NetworkManager state is now CONNECTING
Oct 18 04:19:55 rjacinto1_pri NetworkManager[959]: <info>  [1603009195.7748] device (ens192): state change: prepare -> config (reason 'none', sys-iface-state: 'managed')
Oct 18 04:19:55 rjacinto1_pri NetworkManager[959]: <info>  [1603009195.7752] device (ens192): state change: config -> ip-config (reason 'none', sys-iface-state: 'managed')
Oct 18 04:19:55 rjacinto1_pri NetworkManager[959]: <warn>  [1603009195.7755] dhcp4: hostname 'rjacinto1_pri' is invalid, will be ignored
Oct 18 04:19:55 rjacinto1_pri NetworkManager[959]: <info>  [1603009195.7755] dhcp4 (ens192): activation: beginning transaction (timeout in 45 seconds)
Oct 18 04:19:55 rjacinto1_pri dbus-daemon[958]: [system] Successfully activated service 'org.freedesktop.nm_dispatcher'
Oct 18 04:19:55 rjacinto1_pri systemd[1]: Started Network Manager Script Dispatcher Service.
Oct 18 04:19:55 rjacinto1_pri NetworkManager[959]: <info>  [1603009195.7862] dhcp4 (ens192): option dhcp_lease_time      => '86400'
Oct 18 04:19:55 rjacinto1_pri NetworkManager[959]: <info>  [1603009195.7863] dhcp4 (ens192): option domain_name_servers  => '10.102.100.22 10.101.100.42 10.101.100.41'
Oct 18 04:19:55 rjacinto1_pri NetworkManager[959]: <info>  [1603009195.7863] dhcp4 (ens192): option expiry               => '1603095595'
Oct 18 04:19:55 rjacinto1_pri NetworkManager[959]: <info>  [1603009195.7863] dhcp4 (ens192): option ip_address           => '172.16.13.3'
Oct 18 04:19:55 rjacinto1_pri NetworkManager[959]: <info>  [1603009195.7863] dhcp4 (ens192): option requested_broadcast_address => '1'
Oct 18 04:19:55 rjacinto1_pri NetworkManager[959]: <info>  [1603009195.7863] dhcp4 (ens192): option requested_domain_name => '1'
Oct 18 04:19:55 rjacinto1_pri NetworkManager[959]: <info>  [1603009195.7863] dhcp4 (ens192): option requested_domain_name_servers => '1'
Oct 18 04:19:55 rjacinto1_pri NetworkManager[959]: <info>  [1603009195.7863] dhcp4 (ens192): option requested_domain_search => '1'
Oct 18 04:19:55 rjacinto1_pri NetworkManager[959]: <info>  [1603009195.7863] dhcp4 (ens192): option requested_host_name  => '1'
Oct 18 04:19:55 rjacinto1_pri NetworkManager[959]: <info>  [1603009195.7863] dhcp4 (ens192): option requested_interface_mtu => '1'
Oct 18 04:19:55 rjacinto1_pri NetworkManager[959]: <info>  [1603009195.7863] dhcp4 (ens192): option requested_ms_classless_static_routes => '1'
Oct 18 04:19:55 rjacinto1_pri NetworkManager[959]: <info>  [1603009195.7863] dhcp4 (ens192): option requested_nis_domain => '1'
Oct 18 04:19:55 rjacinto1_pri NetworkManager[959]: <info>  [1603009195.7864] dhcp4 (ens192): option requested_nis_servers => '1'
Oct 18 04:19:55 rjacinto1_pri NetworkManager[959]: <info>  [1603009195.7864] dhcp4 (ens192): option requested_ntp_servers => '1'
Oct 18 04:19:55 rjacinto1_pri NetworkManager[959]: <info>  [1603009195.7864] dhcp4 (ens192): option requested_rfc3442_classless_static_routes => '1'
Oct 18 04:19:55 rjacinto1_pri NetworkManager[959]: <info>  [1603009195.7864] dhcp4 (ens192): option requested_root_path  => '1'
Oct 18 04:19:55 rjacinto1_pri NetworkManager[959]: <info>  [1603009195.7864] dhcp4 (ens192): option requested_routers    => '1'
Oct 18 04:19:55 rjacinto1_pri NetworkManager[959]: <info>  [1603009195.7864] dhcp4 (ens192): option requested_static_routes => '1'
Oct 18 04:19:55 rjacinto1_pri NetworkManager[959]: <info>  [1603009195.7864] dhcp4 (ens192): option requested_subnet_mask => '1'
Oct 18 04:19:55 rjacinto1_pri NetworkManager[959]: <info>  [1603009195.7864] dhcp4 (ens192): option requested_time_offset => '1'
Oct 18 04:19:55 rjacinto1_pri NetworkManager[959]: <info>  [1603009195.7864] dhcp4 (ens192): option requested_wpad       => '1'
Oct 18 04:19:55 rjacinto1_pri NetworkManager[959]: <info>  [1603009195.7864] dhcp4 (ens192): option routers              => '172.16.255.1'
Oct 18 04:19:55 rjacinto1_pri NetworkManager[959]: <info>  [1603009195.7864] dhcp4 (ens192): option subnet_mask          => '255.255.0.0'
Oct 18 04:19:55 rjacinto1_pri NetworkManager[959]: <info>  [1603009195.7864] dhcp4 (ens192): state changed unknown -> bound
Oct 18 04:19:55 rjacinto1_pri NetworkManager[959]: <info>  [1603009195.7874] device (ens192): state change: ip-config -> ip-check (reason 'none', sys-iface-state: 'managed')
Oct 18 04:19:55 rjacinto1_pri NetworkManager[959]: <info>  [1603009195.7975] device (ens192): state change: ip-check -> secondaries (reason 'none', sys-iface-state: 'managed')
Oct 18 04:19:55 rjacinto1_pri NetworkManager[959]: <info>  [1603009195.7977] device (ens192): state change: secondaries -> activated (reason 'none', sys-iface-state: 'managed')
Oct 18 04:19:55 rjacinto1_pri NetworkManager[959]: <info>  [1603009195.7981] manager: NetworkManager state is now CONNECTED_LOCAL
Oct 18 04:19:55 rjacinto1_pri NetworkManager[959]: <info>  [1603009195.7989] manager: NetworkManager state is now CONNECTED_SITE
Oct 18 04:19:55 rjacinto1_pri NetworkManager[959]: <info>  [1603009195.7990] policy: set 'ens192' (ens192) as default for IPv4 routing and DNS
Oct 18 04:19:55 rjacinto1_pri NetworkManager[959]: <info>  [1603009195.8023] device (ens192): Activation: successful, device activated.
Oct 18 04:19:55 rjacinto1_pri NetworkManager[959]: <info>  [1603009195.8027] manager: NetworkManager state is now CONNECTED_GLOBAL
Oct 18 04:21:17 rjacinto1_pri systemd[1]: Starting dnf makecache...
Oct 18 04:21:17 rjacinto1_pri dnf[3856]: Metadata cache refreshed recently.
Oct 18 04:21:17 rjacinto1_pri systemd[1]: Started dnf makecache.
Oct 18 05:21:57 rjacinto1_pri systemd[1]: Starting dnf makecache...
Oct 18 05:21:58 rjacinto1_pri dnf[3880]: CentOS-8 - AppStream                             11 kB/s | 4.3 kB     00:00
Oct 18 05:21:58 rjacinto1_pri dnf[3880]: CentOS-8 - Base                                  12 kB/s | 3.9 kB     00:00
Oct 18 05:21:58 rjacinto1_pri dnf[3880]: CentOS-8 - Extras                               9.9 kB/s | 1.5 kB     00:00
Oct 18 05:21:59 rjacinto1_pri dnf[3880]: Metadata cache created.
Oct 18 05:21:59 rjacinto1_pri systemd[1]: Started dnf makecache.
Oct 18 06:22:17 rjacinto1_pri systemd[1]: Starting dnf makecache...
Oct 18 06:22:17 rjacinto1_pri dnf[3909]: Metadata cache refreshed recently.
Oct 18 06:22:17 rjacinto1_pri systemd[1]: Started dnf makecache.
Oct 18 07:23:17 rjacinto1_pri systemd[1]: Starting dnf makecache...
Oct 18 07:23:17 rjacinto1_pri dnf[3933]: Metadata cache refreshed recently.
Oct 18 07:23:17 rjacinto1_pri systemd[1]: Started dnf makecache.
Oct 18 08:24:17 rjacinto1_pri systemd[1]: Starting dnf makecache...
Oct 18 08:30:17 rjacinto1_pri dnf[3956]: CentOS-8 - AppStream                            0.0  B/s |   0  B     06:00
Oct 18 08:30:17 rjacinto1_pri dnf[3956]: Errors during downloading metadata for repository 'AppStream':
Oct 18 08:30:17 rjacinto1_pri dnf[3956]:  - Curl error (28): Timeout was reached for http://mirrorlist.centos.org/?release=8&arch=x86_64&repo=AppStream&infra=stock [Connection timed out after 30004 milliseconds]
Oct 18 08:30:17 rjacinto1_pri dnf[3956]:  - Curl error (28): Timeout was reached for http://mirrorlist.centos.org/?release=8&arch=x86_64&repo=AppStream&infra=stock [Connection timed out after 30003 milliseconds]
Oct 18 08:30:17 rjacinto1_pri dnf[3956]:  - Curl error (28): Timeout was reached for http://mirrorlist.centos.org/?release=8&arch=x86_64&repo=AppStream&infra=stock [Connection timed out after 30001 milliseconds]
Oct 18 08:30:17 rjacinto1_pri dnf[3956]: Error: Failed to download metadata for repo 'AppStream': Cannot prepare internal mirrorlist: Curl error (28): Timeout was reached for http://mirrorlist.centos.org/?release=8&arch=x86_64&repo=AppStream&infra=stock [Connection timed out after 30001 milliseconds]
Oct 18 08:30:17 rjacinto1_pri systemd[1]: dnf-makecache.service: Main process exited, code=exited, status=1/FAILURE
Oct 18 08:30:17 rjacinto1_pri systemd[1]: dnf-makecache.service: Failed with result 'exit-code'.
Oct 18 08:30:17 rjacinto1_pri systemd[1]: Failed to start dnf makecache.
Oct 18 09:30:57 rjacinto1_pri systemd[1]: Starting dnf makecache...
Oct 18 09:30:57 rjacinto1_pri dnf[3987]: Metadata cache refreshed recently.
Oct 18 09:30:57 rjacinto1_pri systemd[1]: Started dnf makecache.
Oct 18 10:31:17 rjacinto1_pri systemd[1]: Starting dnf makecache...
Oct 18 10:31:17 rjacinto1_pri dnf[4010]: Metadata cache refreshed recently.
Oct 18 10:31:17 rjacinto1_pri systemd[1]: Started dnf makecache.
Oct 18 11:32:17 rjacinto1_pri systemd[1]: Starting dnf makecache...
Oct 18 11:32:18 rjacinto1_pri dnf[4033]: CentOS-8 - AppStream                             12 kB/s | 4.3 kB     00:00
Oct 18 11:32:18 rjacinto1_pri dnf[4033]: CentOS-8 - Base                                  37 kB/s | 3.9 kB     00:00
Oct 18 11:32:18 rjacinto1_pri dnf[4033]: CentOS-8 - Extras                                13 kB/s | 1.5 kB     00:00
Oct 18 11:32:18 rjacinto1_pri dnf[4033]: Metadata cache created.
Oct 18 11:32:18 rjacinto1_pri systemd[1]: Started dnf makecache.
Oct 18 12:33:17 rjacinto1_pri systemd[1]: Starting dnf makecache...
Oct 18 12:33:17 rjacinto1_pri dnf[4063]: Metadata cache refreshed recently.
Oct 18 12:33:17 rjacinto1_pri systemd[1]: Started dnf makecache.
Oct 18 13:33:57 rjacinto1_pri systemd[1]: Starting dnf makecache...
Oct 18 13:33:57 rjacinto1_pri dnf[4086]: Metadata cache refreshed recently.
Oct 18 13:33:57 rjacinto1_pri systemd[1]: Started dnf makecache.
Oct 18 14:34:17 rjacinto1_pri systemd[1]: Starting dnf makecache...
Oct 18 14:34:18 rjacinto1_pri dnf[4109]: CentOS-8 - AppStream                             13 kB/s | 4.3 kB     00:00
Oct 18 14:34:18 rjacinto1_pri dnf[4109]: CentOS-8 - Base                                  12 kB/s | 3.9 kB     00:00
Oct 18 14:34:18 rjacinto1_pri dnf[4109]: CentOS-8 - Extras                                13 kB/s | 1.5 kB     00:00
Oct 18 14:34:18 rjacinto1_pri dnf[4109]: Metadata cache created.
Oct 18 14:34:19 rjacinto1_pri systemd[1]: Started dnf makecache.
Oct 18 15:35:17 rjacinto1_pri systemd[1]: Starting dnf makecache...
Oct 18 15:35:17 rjacinto1_pri dnf[4139]: Metadata cache refreshed recently.
Oct 18 15:35:17 rjacinto1_pri systemd[1]: Started dnf makecache.
Oct 18 16:19:55 rjacinto1_pri NetworkManager[959]: <error> [1603052395.7806] dhcp4 (ens192): error -113 dispatching events
Oct 18 16:19:55 rjacinto1_pri NetworkManager[959]: <info>  [1603052395.7813] dhcp4 (ens192): state changed bound -> fail
Oct 18 16:19:55 rjacinto1_pri NetworkManager[959]: <info>  [1603052395.7814] device (ens192): DHCPv4: trying to acquire a new lease within 90 seconds
Oct 18 16:21:25 rjacinto1_pri NetworkManager[959]: <info>  [1603052485.7599] device (ens192): DHCPv4: grace period expired
Oct 18 16:21:25 rjacinto1_pri NetworkManager[959]: <info>  [1603052485.7600] device (ens192): state change: activated -> failed (reason 'ip-config-unavailable', sys-iface-state: 'managed')
Oct 18 16:21:25 rjacinto1_pri NetworkManager[959]: <warn>  [1603052485.7613] device (ens192): Activation: failed for connection 'ens192'
Oct 18 16:21:25 rjacinto1_pri NetworkManager[959]: <info>  [1603052485.7620] manager: NetworkManager state is now CONNECTED_LOCAL
Oct 18 16:21:25 rjacinto1_pri NetworkManager[959]: <info>  [1603052485.7624] device (ens192): state change: failed -> disconnected (reason 'none', sys-iface-state: 'managed')
Oct 18 16:21:25 rjacinto1_pri NetworkManager[959]: <info>  [1603052485.7634] dhcp4 (ens192): canceled DHCP transaction
Oct 18 16:21:25 rjacinto1_pri NetworkManager[959]: <info>  [1603052485.7634] dhcp4 (ens192): state changed fail -> done
Oct 18 16:21:25 rjacinto1_pri dbus-daemon[958]: [system] Activating via systemd: service name='org.freedesktop.nm_dispatcher' unit='dbus-org.freedesktop.nm-dispatcher.service' requested by ':1.4' (uid=0 pid=959 comm="/usr/sbin/NetworkManager --no-daemon " label="system_u:system_r:NetworkManager_t:s0")
Oct 18 16:21:25 rjacinto1_pri systemd[1]: Starting Network Manager Script Dispatcher Service...
Oct 18 16:21:25 rjacinto1_pri NetworkManager[959]: <info>  [1603052485.7889] policy: auto-activating connection 'ens192' (29b6e258-0ffd-4ee3-8f2d-2126105eee4f)
Oct 18 16:21:25 rjacinto1_pri NetworkManager[959]: <info>  [1603052485.7899] device (ens192): Activation: starting connection 'ens192' (29b6e258-0ffd-4ee3-8f2d-2126105eee4f)
Oct 18 16:21:25 rjacinto1_pri NetworkManager[959]: <info>  [1603052485.7900] device (ens192): state change: disconnected -> prepare (reason 'none', sys-iface-state: 'managed')
Oct 18 16:21:25 rjacinto1_pri NetworkManager[959]: <info>  [1603052485.7903] manager: NetworkManager state is now CONNECTING
Oct 18 16:21:25 rjacinto1_pri NetworkManager[959]: <info>  [1603052485.7904] device (ens192): state change: prepare -> config (reason 'none', sys-iface-state: 'managed')
Oct 18 16:21:25 rjacinto1_pri NetworkManager[959]: <info>  [1603052485.7909] device (ens192): state change: config -> ip-config (reason 'none', sys-iface-state: 'managed')
Oct 18 16:21:25 rjacinto1_pri NetworkManager[959]: <warn>  [1603052485.7911] dhcp4: hostname 'rjacinto1_pri' is invalid, will be ignored
Oct 18 16:21:25 rjacinto1_pri NetworkManager[959]: <info>  [1603052485.7912] dhcp4 (ens192): activation: beginning transaction (timeout in 45 seconds)
Oct 18 16:21:25 rjacinto1_pri dbus-daemon[958]: [system] Successfully activated service 'org.freedesktop.nm_dispatcher'
Oct 18 16:21:25 rjacinto1_pri systemd[1]: Started Network Manager Script Dispatcher Service.
Oct 18 16:21:25 rjacinto1_pri NetworkManager[959]: <info>  [1603052485.8025] dhcp4 (ens192): option dhcp_lease_time      => '86400'
Oct 18 16:21:25 rjacinto1_pri NetworkManager[959]: <info>  [1603052485.8025] dhcp4 (ens192): option domain_name_servers  => '10.102.100.22 10.101.100.42 10.101.100.41'
Oct 18 16:21:25 rjacinto1_pri NetworkManager[959]: <info>  [1603052485.8025] dhcp4 (ens192): option expiry               => '1603138885'
Oct 18 16:21:25 rjacinto1_pri NetworkManager[959]: <info>  [1603052485.8025] dhcp4 (ens192): option ip_address           => '172.16.13.3'
Oct 18 16:21:25 rjacinto1_pri NetworkManager[959]: <info>  [1603052485.8025] dhcp4 (ens192): option requested_broadcast_address => '1'
Oct 18 16:21:25 rjacinto1_pri NetworkManager[959]: <info>  [1603052485.8026] dhcp4 (ens192): option requested_domain_name => '1'
Oct 18 16:21:25 rjacinto1_pri NetworkManager[959]: <info>  [1603052485.8026] dhcp4 (ens192): option requested_domain_name_servers => '1'
Oct 18 16:21:25 rjacinto1_pri NetworkManager[959]: <info>  [1603052485.8026] dhcp4 (ens192): option requested_domain_search => '1'
Oct 18 16:21:25 rjacinto1_pri NetworkManager[959]: <info>  [1603052485.8026] dhcp4 (ens192): option requested_host_name  => '1'
Oct 18 16:21:25 rjacinto1_pri NetworkManager[959]: <info>  [1603052485.8026] dhcp4 (ens192): option requested_interface_mtu => '1'
Oct 18 16:21:25 rjacinto1_pri NetworkManager[959]: <info>  [1603052485.8026] dhcp4 (ens192): option requested_ms_classless_static_routes => '1'
Oct 18 16:21:25 rjacinto1_pri NetworkManager[959]: <info>  [1603052485.8026] dhcp4 (ens192): option requested_nis_domain => '1'
Oct 18 16:21:25 rjacinto1_pri NetworkManager[959]: <info>  [1603052485.8026] dhcp4 (ens192): option requested_nis_servers => '1'
Oct 18 16:21:25 rjacinto1_pri NetworkManager[959]: <info>  [1603052485.8026] dhcp4 (ens192): option requested_ntp_servers => '1'
Oct 18 16:21:25 rjacinto1_pri NetworkManager[959]: <info>  [1603052485.8026] dhcp4 (ens192): option requested_rfc3442_classless_static_routes => '1'
Oct 18 16:21:25 rjacinto1_pri NetworkManager[959]: <info>  [1603052485.8026] dhcp4 (ens192): option requested_root_path  => '1'
Oct 18 16:21:25 rjacinto1_pri NetworkManager[959]: <info>  [1603052485.8026] dhcp4 (ens192): option requested_routers    => '1'
Oct 18 16:21:25 rjacinto1_pri NetworkManager[959]: <info>  [1603052485.8027] dhcp4 (ens192): option requested_static_routes => '1'
Oct 18 16:21:25 rjacinto1_pri NetworkManager[959]: <info>  [1603052485.8027] dhcp4 (ens192): option requested_subnet_mask => '1'
Oct 18 16:21:25 rjacinto1_pri NetworkManager[959]: <info>  [1603052485.8027] dhcp4 (ens192): option requested_time_offset => '1'
Oct 18 16:21:25 rjacinto1_pri NetworkManager[959]: <info>  [1603052485.8027] dhcp4 (ens192): option requested_wpad       => '1'
Oct 18 16:21:25 rjacinto1_pri NetworkManager[959]: <info>  [1603052485.8027] dhcp4 (ens192): option routers              => '172.16.255.1'
Oct 18 16:21:25 rjacinto1_pri NetworkManager[959]: <info>  [1603052485.8027] dhcp4 (ens192): option subnet_mask          => '255.255.0.0'
Oct 18 16:21:25 rjacinto1_pri NetworkManager[959]: <info>  [1603052485.8027] dhcp4 (ens192): state changed unknown -> bound
Oct 18 16:21:25 rjacinto1_pri NetworkManager[959]: <info>  [1603052485.8037] device (ens192): state change: ip-config -> ip-check (reason 'none', sys-iface-state: 'managed')
Oct 18 16:21:25 rjacinto1_pri NetworkManager[959]: <info>  [1603052485.8117] device (ens192): state change: ip-check -> secondaries (reason 'none', sys-iface-state: 'managed')
Oct 18 16:21:25 rjacinto1_pri NetworkManager[959]: <info>  [1603052485.8119] device (ens192): state change: secondaries -> activated (reason 'none', sys-iface-state: 'managed')
Oct 18 16:21:25 rjacinto1_pri NetworkManager[959]: <info>  [1603052485.8123] manager: NetworkManager state is now CONNECTED_LOCAL
Oct 18 16:21:25 rjacinto1_pri NetworkManager[959]: <info>  [1603052485.8131] manager: NetworkManager state is now CONNECTED_SITE
Oct 18 16:21:25 rjacinto1_pri NetworkManager[959]: <info>  [1603052485.8132] policy: set 'ens192' (ens192) as default for IPv4 routing and DNS
Oct 18 16:21:25 rjacinto1_pri NetworkManager[959]: <info>  [1603052485.8165] device (ens192): Activation: successful, device activated.
Oct 18 16:21:25 rjacinto1_pri NetworkManager[959]: <info>  [1603052485.8170] manager: NetworkManager state is now CONNECTED_GLOBAL
Oct 18 16:27:17 rjacinto1_pri systemd[1]: Starting Cleanup of Temporary Directories...
Oct 18 16:27:17 rjacinto1_pri systemd[1]: Started Cleanup of Temporary Directories.
Oct 18 16:36:17 rjacinto1_pri systemd[1]: Starting dnf makecache...
Oct 18 16:36:17 rjacinto1_pri dnf[4173]: Metadata cache refreshed recently.
Oct 18 16:36:17 rjacinto1_pri systemd[1]: Started dnf makecache.
Oct 18 17:36:57 rjacinto1_pri systemd[1]: Starting dnf makecache...
Oct 18 17:36:58 rjacinto1_pri dnf[4196]: CentOS-8 - AppStream                             13 kB/s | 4.3 kB     00:00
Oct 18 17:36:58 rjacinto1_pri dnf[4196]: CentOS-8 - Base                                  12 kB/s | 3.9 kB     00:00
Oct 18 17:36:58 rjacinto1_pri dnf[4196]: CentOS-8 - Extras                               5.6 kB/s | 1.5 kB     00:00
Oct 18 17:36:59 rjacinto1_pri dnf[4196]: Metadata cache created.
Oct 18 17:36:59 rjacinto1_pri systemd[1]: Started dnf makecache.
Oct 18 18:37:17 rjacinto1_pri systemd[1]: Starting dnf makecache...
Oct 18 18:37:17 rjacinto1_pri dnf[4225]: Metadata cache refreshed recently.
Oct 18 18:37:17 rjacinto1_pri systemd[1]: Started dnf makecache.
Oct 18 19:38:17 rjacinto1_pri systemd[1]: Starting dnf makecache...
Oct 18 19:38:17 rjacinto1_pri dnf[4248]: Metadata cache refreshed recently.
Oct 18 19:38:17 rjacinto1_pri systemd[1]: Started dnf makecache.
Oct 18 20:39:17 rjacinto1_pri systemd[1]: Starting dnf makecache...
Oct 18 20:39:18 rjacinto1_pri dnf[4272]: CentOS-8 - AppStream                             16 kB/s | 4.3 kB     00:00
Oct 18 20:39:18 rjacinto1_pri dnf[4272]: CentOS-8 - Base                                  16 kB/s | 3.9 kB     00:00
Oct 18 20:39:18 rjacinto1_pri dnf[4272]: CentOS-8 - Extras                               9.0 kB/s | 1.5 kB     00:00
Oct 18 20:39:18 rjacinto1_pri dnf[4272]: Metadata cache created.
Oct 18 20:39:18 rjacinto1_pri systemd[1]: Started dnf makecache.
Oct 18 21:39:57 rjacinto1_pri systemd[1]: Starting dnf makecache...
Oct 18 21:39:57 rjacinto1_pri dnf[4301]: Metadata cache refreshed recently.
Oct 18 21:39:57 rjacinto1_pri systemd[1]: Started dnf makecache.
Oct 18 22:40:17 rjacinto1_pri systemd[1]: Starting dnf makecache...
Oct 18 22:40:17 rjacinto1_pri dnf[4325]: Metadata cache refreshed recently.
Oct 18 22:40:17 rjacinto1_pri systemd[1]: Started dnf makecache.
Oct 18 23:41:17 rjacinto1_pri systemd[1]: Starting dnf makecache...
Oct 18 23:41:17 rjacinto1_pri dnf[4349]: CentOS-8 - AppStream                             38 kB/s | 4.3 kB     00:00
Oct 18 23:41:18 rjacinto1_pri dnf[4349]: CentOS-8 - Base                                  22 kB/s | 3.9 kB     00:00
Oct 18 23:41:18 rjacinto1_pri dnf[4349]: CentOS-8 - Extras                               9.0 kB/s | 1.5 kB     00:00
Oct 18 23:41:18 rjacinto1_pri dnf[4349]: Metadata cache created.
Oct 18 23:41:18 rjacinto1_pri systemd[1]: Started dnf makecache.
Oct 19 00:00:57 rjacinto1_pri systemd[1]: Starting update of the root trust anchor for DNSSEC validation in unbound...
Oct 19 00:00:57 rjacinto1_pri systemd[1]: Started update of the root trust anchor for DNSSEC validation in unbound.
Oct 19 00:42:17 rjacinto1_pri systemd[1]: Starting dnf makecache...
Oct 19 00:42:17 rjacinto1_pri dnf[4382]: Metadata cache refreshed recently.
Oct 19 00:42:17 rjacinto1_pri systemd[1]: Started dnf makecache.
Oct 19 01:42:57 rjacinto1_pri systemd[1]: Starting dnf makecache...
Oct 19 01:42:57 rjacinto1_pri dnf[4407]: Metadata cache refreshed recently.
Oct 19 01:42:57 rjacinto1_pri systemd[1]: Started dnf makecache.
Oct 19 02:43:17 rjacinto1_pri systemd[1]: Starting dnf makecache...
Oct 19 02:43:18 rjacinto1_pri dnf[4433]: CentOS-8 - AppStream                            6.8 kB/s | 4.3 kB     00:00
Oct 19 02:43:18 rjacinto1_pri dnf[4433]: CentOS-8 - Base                                  12 kB/s | 3.9 kB     00:00
Oct 19 02:43:19 rjacinto1_pri dnf[4433]: CentOS-8 - Extras                               6.8 kB/s | 1.5 kB     00:00
Oct 19 02:43:19 rjacinto1_pri dnf[4433]: Metadata cache created.
Oct 19 02:43:19 rjacinto1_pri systemd[1]: Started dnf makecache.
Oct 19 03:44:17 rjacinto1_pri systemd[1]: Starting dnf makecache...
Oct 19 03:44:17 rjacinto1_pri dnf[4473]: Metadata cache refreshed recently.
Oct 19 03:44:17 rjacinto1_pri systemd[1]: Started dnf makecache.
Oct 19 04:21:25 rjacinto1_pri NetworkManager[959]: <error> [1603095685.7966] dhcp4 (ens192): error -113 dispatching events
Oct 19 04:21:25 rjacinto1_pri NetworkManager[959]: <info>  [1603095685.7969] dhcp4 (ens192): state changed bound -> fail
Oct 19 04:21:25 rjacinto1_pri NetworkManager[959]: <info>  [1603095685.7970] device (ens192): DHCPv4: trying to acquire a new lease within 90 seconds
Oct 19 04:22:55 rjacinto1_pri NetworkManager[959]: <info>  [1603095775.7410] device (ens192): DHCPv4: grace period expired
Oct 19 04:22:55 rjacinto1_pri NetworkManager[959]: <info>  [1603095775.7411] device (ens192): state change: activated -> failed (reason 'ip-config-unavailable', sys-iface-state: 'managed')
Oct 19 04:22:55 rjacinto1_pri NetworkManager[959]: <warn>  [1603095775.7426] device (ens192): Activation: failed for connection 'ens192'
Oct 19 04:22:55 rjacinto1_pri NetworkManager[959]: <info>  [1603095775.7433] manager: NetworkManager state is now CONNECTED_LOCAL
Oct 19 04:22:55 rjacinto1_pri NetworkManager[959]: <info>  [1603095775.7437] device (ens192): state change: failed -> disconnected (reason 'none', sys-iface-state: 'managed')
Oct 19 04:22:55 rjacinto1_pri NetworkManager[959]: <info>  [1603095775.7453] dhcp4 (ens192): canceled DHCP transaction
Oct 19 04:22:55 rjacinto1_pri NetworkManager[959]: <info>  [1603095775.7453] dhcp4 (ens192): state changed fail -> done
Oct 19 04:22:55 rjacinto1_pri dbus-daemon[958]: [system] Activating via systemd: service name='org.freedesktop.nm_dispatcher' unit='dbus-org.freedesktop.nm-dispatcher.service' requested by ':1.4' (uid=0 pid=959 comm="/usr/sbin/NetworkManager --no-daemon " label="system_u:system_r:NetworkManager_t:s0")
Oct 19 04:22:55 rjacinto1_pri systemd[1]: Starting Network Manager Script Dispatcher Service...
Oct 19 04:22:55 rjacinto1_pri NetworkManager[959]: <info>  [1603095775.7687] policy: auto-activating connection 'ens192' (29b6e258-0ffd-4ee3-8f2d-2126105eee4f)
Oct 19 04:22:55 rjacinto1_pri NetworkManager[959]: <info>  [1603095775.7698] device (ens192): Activation: starting connection 'ens192' (29b6e258-0ffd-4ee3-8f2d-2126105eee4f)
Oct 19 04:22:55 rjacinto1_pri NetworkManager[959]: <info>  [1603095775.7699] device (ens192): state change: disconnected -> prepare (reason 'none', sys-iface-state: 'managed')
Oct 19 04:22:55 rjacinto1_pri NetworkManager[959]: <info>  [1603095775.7702] manager: NetworkManager state is now CONNECTING
Oct 19 04:22:55 rjacinto1_pri NetworkManager[959]: <info>  [1603095775.7703] device (ens192): state change: prepare -> config (reason 'none', sys-iface-state: 'managed')
Oct 19 04:22:55 rjacinto1_pri NetworkManager[959]: <info>  [1603095775.7708] device (ens192): state change: config -> ip-config (reason 'none', sys-iface-state: 'managed')
Oct 19 04:22:55 rjacinto1_pri NetworkManager[959]: <warn>  [1603095775.7711] dhcp4: hostname 'rjacinto1_pri' is invalid, will be ignored
Oct 19 04:22:55 rjacinto1_pri NetworkManager[959]: <info>  [1603095775.7711] dhcp4 (ens192): activation: beginning transaction (timeout in 45 seconds)
Oct 19 04:22:55 rjacinto1_pri dbus-daemon[958]: [system] Successfully activated service 'org.freedesktop.nm_dispatcher'
Oct 19 04:22:55 rjacinto1_pri systemd[1]: Started Network Manager Script Dispatcher Service.
Oct 19 04:22:55 rjacinto1_pri NetworkManager[959]: <info>  [1603095775.7828] dhcp4 (ens192): option dhcp_lease_time      => '86400'
Oct 19 04:22:55 rjacinto1_pri NetworkManager[959]: <info>  [1603095775.7829] dhcp4 (ens192): option domain_name_servers  => '10.102.100.22 10.101.100.42 10.101.100.41'
Oct 19 04:22:55 rjacinto1_pri NetworkManager[959]: <info>  [1603095775.7829] dhcp4 (ens192): option expiry               => '1603182175'
Oct 19 04:22:55 rjacinto1_pri NetworkManager[959]: <info>  [1603095775.7829] dhcp4 (ens192): option ip_address           => '172.16.13.3'
Oct 19 04:22:55 rjacinto1_pri NetworkManager[959]: <info>  [1603095775.7829] dhcp4 (ens192): option requested_broadcast_address => '1'
Oct 19 04:22:55 rjacinto1_pri NetworkManager[959]: <info>  [1603095775.7829] dhcp4 (ens192): option requested_domain_name => '1'
Oct 19 04:22:55 rjacinto1_pri NetworkManager[959]: <info>  [1603095775.7829] dhcp4 (ens192): option requested_domain_name_servers => '1'
Oct 19 04:22:55 rjacinto1_pri NetworkManager[959]: <info>  [1603095775.7829] dhcp4 (ens192): option requested_domain_search => '1'
Oct 19 04:22:55 rjacinto1_pri NetworkManager[959]: <info>  [1603095775.7829] dhcp4 (ens192): option requested_host_name  => '1'
Oct 19 04:22:55 rjacinto1_pri NetworkManager[959]: <info>  [1603095775.7829] dhcp4 (ens192): option requested_interface_mtu => '1'
Oct 19 04:22:55 rjacinto1_pri NetworkManager[959]: <info>  [1603095775.7829] dhcp4 (ens192): option requested_ms_classless_static_routes => '1'
Oct 19 04:22:55 rjacinto1_pri NetworkManager[959]: <info>  [1603095775.7830] dhcp4 (ens192): option requested_nis_domain => '1'
Oct 19 04:22:55 rjacinto1_pri NetworkManager[959]: <info>  [1603095775.7830] dhcp4 (ens192): option requested_nis_servers => '1'
Oct 19 04:22:55 rjacinto1_pri NetworkManager[959]: <info>  [1603095775.7830] dhcp4 (ens192): option requested_ntp_servers => '1'
Oct 19 04:22:55 rjacinto1_pri NetworkManager[959]: <info>  [1603095775.7830] dhcp4 (ens192): option requested_rfc3442_classless_static_routes => '1'
Oct 19 04:22:55 rjacinto1_pri NetworkManager[959]: <info>  [1603095775.7830] dhcp4 (ens192): option requested_root_path  => '1'
Oct 19 04:22:55 rjacinto1_pri NetworkManager[959]: <info>  [1603095775.7830] dhcp4 (ens192): option requested_routers    => '1'
Oct 19 04:22:55 rjacinto1_pri NetworkManager[959]: <info>  [1603095775.7830] dhcp4 (ens192): option requested_static_routes => '1'
Oct 19 04:22:55 rjacinto1_pri NetworkManager[959]: <info>  [1603095775.7830] dhcp4 (ens192): option requested_subnet_mask => '1'
Oct 19 04:22:55 rjacinto1_pri NetworkManager[959]: <info>  [1603095775.7830] dhcp4 (ens192): option requested_time_offset => '1'
Oct 19 04:22:55 rjacinto1_pri NetworkManager[959]: <info>  [1603095775.7830] dhcp4 (ens192): option requested_wpad       => '1'
Oct 19 04:22:55 rjacinto1_pri NetworkManager[959]: <info>  [1603095775.7830] dhcp4 (ens192): option routers              => '172.16.255.1'
Oct 19 04:22:55 rjacinto1_pri NetworkManager[959]: <info>  [1603095775.7830] dhcp4 (ens192): option subnet_mask          => '255.255.0.0'
Oct 19 04:22:55 rjacinto1_pri NetworkManager[959]: <info>  [1603095775.7831] dhcp4 (ens192): state changed unknown -> bound
Oct 19 04:22:55 rjacinto1_pri NetworkManager[959]: <info>  [1603095775.7840] device (ens192): state change: ip-config -> ip-check (reason 'none', sys-iface-state: 'managed')
Oct 19 04:22:55 rjacinto1_pri NetworkManager[959]: <info>  [1603095775.7937] device (ens192): state change: ip-check -> secondaries (reason 'none', sys-iface-state: 'managed')
Oct 19 04:22:55 rjacinto1_pri NetworkManager[959]: <info>  [1603095775.7939] device (ens192): state change: secondaries -> activated (reason 'none', sys-iface-state: 'managed')
Oct 19 04:22:55 rjacinto1_pri NetworkManager[959]: <info>  [1603095775.7943] manager: NetworkManager state is now CONNECTED_LOCAL
Oct 19 04:22:55 rjacinto1_pri NetworkManager[959]: <info>  [1603095775.7951] manager: NetworkManager state is now CONNECTED_SITE
Oct 19 04:22:55 rjacinto1_pri NetworkManager[959]: <info>  [1603095775.7952] policy: set 'ens192' (ens192) as default for IPv4 routing and DNS
Oct 19 04:22:55 rjacinto1_pri NetworkManager[959]: <info>  [1603095775.7983] device (ens192): Activation: successful, device activated.
Oct 19 04:22:55 rjacinto1_pri NetworkManager[959]: <info>  [1603095775.7988] manager: NetworkManager state is now CONNECTED_GLOBAL
Oct 19 04:45:17 rjacinto1_pri systemd[1]: Starting dnf makecache...
Oct 19 04:45:17 rjacinto1_pri dnf[4505]: Metadata cache refreshed recently.
Oct 19 04:45:17 rjacinto1_pri systemd[1]: Started dnf makecache.
Oct 19 05:45:57 rjacinto1_pri systemd[1]: Starting dnf makecache...
Oct 19 05:45:58 rjacinto1_pri dnf[4528]: CentOS-8 - AppStream                             10 kB/s | 4.3 kB     00:00
Oct 19 05:45:58 rjacinto1_pri dnf[4528]: CentOS-8 - Base                                  11 kB/s | 3.9 kB     00:00
Oct 19 05:45:58 rjacinto1_pri dnf[4528]: CentOS-8 - Extras                                14 kB/s | 1.5 kB     00:00
Oct 19 05:45:59 rjacinto1_pri dnf[4528]: Metadata cache created.
Oct 19 05:45:59 rjacinto1_pri systemd[1]: Started dnf makecache.
Oct 19 06:46:17 rjacinto1_pri systemd[1]: Starting dnf makecache...
Oct 19 06:46:17 rjacinto1_pri dnf[4558]: Metadata cache refreshed recently.
Oct 19 06:46:17 rjacinto1_pri systemd[1]: Started dnf makecache.
Oct 19 07:47:17 rjacinto1_pri systemd[1]: Starting dnf makecache...
Oct 19 07:47:17 rjacinto1_pri dnf[4581]: Metadata cache refreshed recently.
Oct 19 07:47:17 rjacinto1_pri systemd[1]: Started dnf makecache.
Oct 19 08:48:17 rjacinto1_pri systemd[1]: Starting dnf makecache...
Oct 19 08:48:17 rjacinto1_pri dnf[4604]: CentOS-8 - AppStream                             43 kB/s | 4.3 kB     00:00
Oct 19 08:48:18 rjacinto1_pri dnf[4604]: CentOS-8 - Base                                  11 kB/s | 3.9 kB     00:00
Oct 19 08:48:18 rjacinto1_pri dnf[4604]: CentOS-8 - Extras                               7.7 kB/s | 1.5 kB     00:00
Oct 19 08:48:18 rjacinto1_pri dnf[4604]: Metadata cache created.
Oct 19 08:48:18 rjacinto1_pri systemd[1]: Started dnf makecache.
Oct 19 09:48:57 rjacinto1_pri systemd[1]: Starting dnf makecache...
Oct 19 09:48:57 rjacinto1_pri dnf[4634]: Metadata cache refreshed recently.
Oct 19 09:48:57 rjacinto1_pri systemd[1]: Started dnf makecache.
Oct 19 10:49:17 rjacinto1_pri systemd[1]: Starting dnf makecache...
Oct 19 10:49:17 rjacinto1_pri dnf[4657]: Metadata cache refreshed recently.
Oct 19 10:49:17 rjacinto1_pri systemd[1]: Started dnf makecache.
Oct 19 11:50:17 rjacinto1_pri systemd[1]: Starting dnf makecache...
Oct 19 11:50:18 rjacinto1_pri dnf[4680]: CentOS-8 - AppStream                             14 kB/s | 4.3 kB     00:00
Oct 19 11:50:18 rjacinto1_pri dnf[4680]: CentOS-8 - Base                                  26 kB/s | 3.9 kB     00:00
Oct 19 11:50:18 rjacinto1_pri dnf[4680]: CentOS-8 - Extras                                11 kB/s | 1.5 kB     00:00
Oct 19 11:50:18 rjacinto1_pri dnf[4680]: Metadata cache created.
Oct 19 11:50:18 rjacinto1_pri systemd[1]: Started dnf makecache.
Oct 19 12:51:17 rjacinto1_pri systemd[1]: Starting dnf makecache...
Oct 19 12:51:17 rjacinto1_pri dnf[4710]: Metadata cache refreshed recently.
Oct 19 12:51:17 rjacinto1_pri systemd[1]: Started dnf makecache.
Oct 19 13:51:57 rjacinto1_pri systemd[1]: Starting dnf makecache...
Oct 19 13:51:57 rjacinto1_pri dnf[4733]: Metadata cache refreshed recently.
Oct 19 13:51:57 rjacinto1_pri systemd[1]: Started dnf makecache.
Oct 19 14:52:17 rjacinto1_pri systemd[1]: Starting dnf makecache...
Oct 19 14:52:18 rjacinto1_pri dnf[4757]: CentOS-8 - AppStream                             14 kB/s | 4.3 kB     00:00
Oct 19 14:52:18 rjacinto1_pri dnf[4757]: CentOS-8 - Base                                  12 kB/s | 3.9 kB     00:00
Oct 19 14:52:18 rjacinto1_pri dnf[4757]: CentOS-8 - Extras                               4.5 kB/s | 1.5 kB     00:00
Oct 19 14:52:19 rjacinto1_pri dnf[4757]: Metadata cache created.
Oct 19 14:52:19 rjacinto1_pri systemd[1]: Started dnf makecache.
Oct 19 15:53:17 rjacinto1_pri systemd[1]: Starting dnf makecache...
Oct 19 15:53:17 rjacinto1_pri dnf[4786]: Metadata cache refreshed recently.
Oct 19 15:53:17 rjacinto1_pri systemd[1]: Started dnf makecache.
Oct 19 16:22:55 rjacinto1_pri NetworkManager[959]: <error> [1603138975.7744] dhcp4 (ens192): error -113 dispatching events
Oct 19 16:22:55 rjacinto1_pri NetworkManager[959]: <info>  [1603138975.7749] dhcp4 (ens192): state changed bound -> fail
Oct 19 16:22:55 rjacinto1_pri NetworkManager[959]: <info>  [1603138975.7752] device (ens192): DHCPv4: trying to acquire a new lease within 90 seconds
Oct 19 16:24:25 rjacinto1_pri NetworkManager[959]: <info>  [1603139065.7221] device (ens192): DHCPv4: grace period expired
Oct 19 16:24:25 rjacinto1_pri NetworkManager[959]: <info>  [1603139065.7223] device (ens192): state change: activated -> failed (reason 'ip-config-unavailable', sys-iface-state: 'managed')
Oct 19 16:24:25 rjacinto1_pri NetworkManager[959]: <warn>  [1603139065.7238] device (ens192): Activation: failed for connection 'ens192'
Oct 19 16:24:25 rjacinto1_pri NetworkManager[959]: <info>  [1603139065.7245] manager: NetworkManager state is now CONNECTED_LOCAL
Oct 19 16:24:25 rjacinto1_pri NetworkManager[959]: <info>  [1603139065.7250] device (ens192): state change: failed -> disconnected (reason 'none', sys-iface-state: 'managed')
Oct 19 16:24:25 rjacinto1_pri NetworkManager[959]: <info>  [1603139065.7262] dhcp4 (ens192): canceled DHCP transaction
Oct 19 16:24:25 rjacinto1_pri NetworkManager[959]: <info>  [1603139065.7263] dhcp4 (ens192): state changed fail -> done
Oct 19 16:24:25 rjacinto1_pri dbus-daemon[958]: [system] Activating via systemd: service name='org.freedesktop.nm_dispatcher' unit='dbus-org.freedesktop.nm-dispatcher.service' requested by ':1.4' (uid=0 pid=959 comm="/usr/sbin/NetworkManager --no-daemon " label="system_u:system_r:NetworkManager_t:s0")
Oct 19 16:24:25 rjacinto1_pri systemd[1]: Starting Network Manager Script Dispatcher Service...
Oct 19 16:24:25 rjacinto1_pri NetworkManager[959]: <info>  [1603139065.7514] policy: auto-activating connection 'ens192' (29b6e258-0ffd-4ee3-8f2d-2126105eee4f)
Oct 19 16:24:25 rjacinto1_pri NetworkManager[959]: <info>  [1603139065.7523] device (ens192): Activation: starting connection 'ens192' (29b6e258-0ffd-4ee3-8f2d-2126105eee4f)
Oct 19 16:24:25 rjacinto1_pri NetworkManager[959]: <info>  [1603139065.7524] device (ens192): state change: disconnected -> prepare (reason 'none', sys-iface-state: 'managed')
Oct 19 16:24:25 rjacinto1_pri NetworkManager[959]: <info>  [1603139065.7527] manager: NetworkManager state is now CONNECTING
Oct 19 16:24:25 rjacinto1_pri NetworkManager[959]: <info>  [1603139065.7529] device (ens192): state change: prepare -> config (reason 'none', sys-iface-state: 'managed')
Oct 19 16:24:25 rjacinto1_pri NetworkManager[959]: <info>  [1603139065.7534] device (ens192): state change: config -> ip-config (reason 'none', sys-iface-state: 'managed')
Oct 19 16:24:25 rjacinto1_pri NetworkManager[959]: <warn>  [1603139065.7536] dhcp4: hostname 'rjacinto1_pri' is invalid, will be ignored
Oct 19 16:24:25 rjacinto1_pri NetworkManager[959]: <info>  [1603139065.7536] dhcp4 (ens192): activation: beginning transaction (timeout in 45 seconds)
Oct 19 16:24:25 rjacinto1_pri NetworkManager[959]: <info>  [1603139065.7635] dhcp4 (ens192): option dhcp_lease_time      => '86400'
Oct 19 16:24:25 rjacinto1_pri NetworkManager[959]: <info>  [1603139065.7635] dhcp4 (ens192): option domain_name_servers  => '10.102.100.22 10.101.100.42 10.101.100.41'
Oct 19 16:24:25 rjacinto1_pri NetworkManager[959]: <info>  [1603139065.7635] dhcp4 (ens192): option expiry               => '1603225465'
Oct 19 16:24:25 rjacinto1_pri NetworkManager[959]: <info>  [1603139065.7635] dhcp4 (ens192): option ip_address           => '172.16.13.3'
Oct 19 16:24:25 rjacinto1_pri NetworkManager[959]: <info>  [1603139065.7635] dhcp4 (ens192): option requested_broadcast_address => '1'
Oct 19 16:24:25 rjacinto1_pri NetworkManager[959]: <info>  [1603139065.7635] dhcp4 (ens192): option requested_domain_name => '1'
Oct 19 16:24:25 rjacinto1_pri NetworkManager[959]: <info>  [1603139065.7635] dhcp4 (ens192): option requested_domain_name_servers => '1'
Oct 19 16:24:25 rjacinto1_pri NetworkManager[959]: <info>  [1603139065.7635] dhcp4 (ens192): option requested_domain_search => '1'
Oct 19 16:24:25 rjacinto1_pri NetworkManager[959]: <info>  [1603139065.7636] dhcp4 (ens192): option requested_host_name  => '1'
Oct 19 16:24:25 rjacinto1_pri NetworkManager[959]: <info>  [1603139065.7636] dhcp4 (ens192): option requested_interface_mtu => '1'
Oct 19 16:24:25 rjacinto1_pri NetworkManager[959]: <info>  [1603139065.7636] dhcp4 (ens192): option requested_ms_classless_static_routes => '1'
Oct 19 16:24:25 rjacinto1_pri NetworkManager[959]: <info>  [1603139065.7636] dhcp4 (ens192): option requested_nis_domain => '1'
Oct 19 16:24:25 rjacinto1_pri NetworkManager[959]: <info>  [1603139065.7636] dhcp4 (ens192): option requested_nis_servers => '1'
Oct 19 16:24:25 rjacinto1_pri NetworkManager[959]: <info>  [1603139065.7636] dhcp4 (ens192): option requested_ntp_servers => '1'
Oct 19 16:24:25 rjacinto1_pri NetworkManager[959]: <info>  [1603139065.7636] dhcp4 (ens192): option requested_rfc3442_classless_static_routes => '1'
Oct 19 16:24:25 rjacinto1_pri NetworkManager[959]: <info>  [1603139065.7636] dhcp4 (ens192): option requested_root_path  => '1'
Oct 19 16:24:25 rjacinto1_pri NetworkManager[959]: <info>  [1603139065.7636] dhcp4 (ens192): option requested_routers    => '1'
Oct 19 16:24:25 rjacinto1_pri NetworkManager[959]: <info>  [1603139065.7636] dhcp4 (ens192): option requested_static_routes => '1'
Oct 19 16:24:25 rjacinto1_pri NetworkManager[959]: <info>  [1603139065.7636] dhcp4 (ens192): option requested_subnet_mask => '1'
Oct 19 16:24:25 rjacinto1_pri NetworkManager[959]: <info>  [1603139065.7637] dhcp4 (ens192): option requested_time_offset => '1'
Oct 19 16:24:25 rjacinto1_pri NetworkManager[959]: <info>  [1603139065.7637] dhcp4 (ens192): option requested_wpad       => '1'
Oct 19 16:24:25 rjacinto1_pri NetworkManager[959]: <info>  [1603139065.7637] dhcp4 (ens192): option routers              => '172.16.255.1'
Oct 19 16:24:25 rjacinto1_pri NetworkManager[959]: <info>  [1603139065.7637] dhcp4 (ens192): option subnet_mask          => '255.255.0.0'
Oct 19 16:24:25 rjacinto1_pri NetworkManager[959]: <info>  [1603139065.7637] dhcp4 (ens192): state changed unknown -> bound
Oct 19 16:24:25 rjacinto1_pri NetworkManager[959]: <info>  [1603139065.7647] device (ens192): state change: ip-config -> ip-check (reason 'none', sys-iface-state: 'managed')
Oct 19 16:24:25 rjacinto1_pri dbus-daemon[958]: [system] Successfully activated service 'org.freedesktop.nm_dispatcher'
Oct 19 16:24:25 rjacinto1_pri systemd[1]: Started Network Manager Script Dispatcher Service.
Oct 19 16:24:25 rjacinto1_pri NetworkManager[959]: <info>  [1603139065.7746] device (ens192): state change: ip-check -> secondaries (reason 'none', sys-iface-state: 'managed')
Oct 19 16:24:25 rjacinto1_pri NetworkManager[959]: <info>  [1603139065.7749] device (ens192): state change: secondaries -> activated (reason 'none', sys-iface-state: 'managed')
Oct 19 16:24:25 rjacinto1_pri NetworkManager[959]: <info>  [1603139065.7753] manager: NetworkManager state is now CONNECTED_LOCAL
Oct 19 16:24:25 rjacinto1_pri NetworkManager[959]: <info>  [1603139065.7761] manager: NetworkManager state is now CONNECTED_SITE
Oct 19 16:24:25 rjacinto1_pri NetworkManager[959]: <info>  [1603139065.7762] policy: set 'ens192' (ens192) as default for IPv4 routing and DNS
Oct 19 16:24:25 rjacinto1_pri NetworkManager[959]: <info>  [1603139065.7796] device (ens192): Activation: successful, device activated.
Oct 19 16:24:25 rjacinto1_pri NetworkManager[959]: <info>  [1603139065.7801] manager: NetworkManager state is now CONNECTED_GLOBAL
Oct 19 16:27:47 rjacinto1_pri systemd[1]: Starting Cleanup of Temporary Directories...
Oct 19 16:27:47 rjacinto1_pri systemd[1]: Started Cleanup of Temporary Directories.
Oct 19 16:54:17 rjacinto1_pri systemd[1]: Starting dnf makecache...
Oct 19 16:54:17 rjacinto1_pri dnf[4819]: Metadata cache refreshed recently.
Oct 19 16:54:17 rjacinto1_pri systemd[1]: Started dnf makecache.
Oct 19 17:54:57 rjacinto1_pri systemd[1]: Starting dnf makecache...
Oct 19 17:54:58 rjacinto1_pri dnf[4843]: CentOS-8 - AppStream                             11 kB/s | 4.3 kB     00:00
Oct 19 17:54:58 rjacinto1_pri dnf[4843]: CentOS-8 - Base                                  18 kB/s | 3.9 kB     00:00
Oct 19 17:54:58 rjacinto1_pri dnf[4843]: CentOS-8 - Extras                               9.3 kB/s | 1.5 kB     00:00
Oct 19 17:54:58 rjacinto1_pri dnf[4843]: Metadata cache created.
Oct 19 17:54:59 rjacinto1_pri systemd[1]: Started dnf makecache.
Oct 19 18:55:17 rjacinto1_pri systemd[1]: Starting dnf makecache...
Oct 19 18:55:17 rjacinto1_pri dnf[4872]: Metadata cache refreshed recently.
Oct 19 18:55:17 rjacinto1_pri systemd[1]: Started dnf makecache.
Oct 19 19:56:17 rjacinto1_pri systemd[1]: Starting dnf makecache...
Oct 19 19:56:17 rjacinto1_pri dnf[4896]: Metadata cache refreshed recently.
Oct 19 19:56:17 rjacinto1_pri systemd[1]: Started dnf makecache.
Oct 19 20:57:17 rjacinto1_pri systemd[1]: Starting dnf makecache...
Oct 19 20:57:18 rjacinto1_pri dnf[4920]: CentOS-8 - AppStream                             17 kB/s | 4.3 kB     00:00
Oct 19 20:57:18 rjacinto1_pri dnf[4920]: CentOS-8 - Base                                  11 kB/s | 3.9 kB     00:00
Oct 19 20:57:18 rjacinto1_pri dnf[4920]: CentOS-8 - Extras                               6.4 kB/s | 1.5 kB     00:00
Oct 19 20:57:19 rjacinto1_pri dnf[4920]: Metadata cache created.
Oct 19 20:57:19 rjacinto1_pri systemd[1]: Started dnf makecache.
Oct 19 21:57:57 rjacinto1_pri systemd[1]: Starting dnf makecache...
Oct 19 21:57:57 rjacinto1_pri dnf[4949]: Metadata cache refreshed recently.
Oct 19 21:57:57 rjacinto1_pri systemd[1]: Started dnf makecache.
Oct 19 22:58:17 rjacinto1_pri systemd[1]: Starting dnf makecache...
Oct 19 22:58:17 rjacinto1_pri dnf[4972]: Metadata cache refreshed recently.
Oct 19 22:58:17 rjacinto1_pri systemd[1]: Started dnf makecache.
Oct 19 23:59:17 rjacinto1_pri systemd[1]: Starting dnf makecache...
Oct 19 23:59:18 rjacinto1_pri dnf[4995]: CentOS-8 - AppStream                             20 kB/s | 4.3 kB     00:00
Oct 19 23:59:18 rjacinto1_pri dnf[4995]: CentOS-8 - Base                                  18 kB/s | 3.9 kB     00:00
Oct 19 23:59:18 rjacinto1_pri dnf[4995]: CentOS-8 - Extras                               5.4 kB/s | 1.5 kB     00:00
Oct 19 23:59:18 rjacinto1_pri dnf[4995]: Metadata cache created.
Oct 19 23:59:18 rjacinto1_pri systemd[1]: Started dnf makecache.
Oct 20 00:00:57 rjacinto1_pri systemd[1]: Starting update of the root trust anchor for DNSSEC validation in unbound...
Oct 20 00:00:57 rjacinto1_pri systemd[1]: Started update of the root trust anchor for DNSSEC validation in unbound.
Oct 20 01:00:17 rjacinto1_pri systemd[1]: Starting dnf makecache...
Oct 20 01:00:17 rjacinto1_pri dnf[5029]: Metadata cache refreshed recently.
Oct 20 01:00:17 rjacinto1_pri systemd[1]: Started dnf makecache.
Oct 20 02:00:57 rjacinto1_pri systemd[1]: Starting dnf makecache...
Oct 20 02:00:57 rjacinto1_pri dnf[5055]: Metadata cache refreshed recently.
Oct 20 02:00:57 rjacinto1_pri systemd[1]: Started dnf makecache.
Oct 20 03:01:01 rjacinto1_pri systemd[1]: Starting dnf makecache...
Oct 20 03:01:01 rjacinto1_pri dnf[5081]: CentOS-8 - AppStream                             30 kB/s | 4.3 kB     00:00
Oct 20 03:01:01 rjacinto1_pri dnf[5081]: CentOS-8 - Base                                  15 kB/s | 3.9 kB     00:00
Oct 20 03:01:02 rjacinto1_pri dnf[5081]: CentOS-8 - Extras                               7.4 kB/s | 1.5 kB     00:00
Oct 20 03:01:02 rjacinto1_pri dnf[5081]: Metadata cache created.
Oct 20 03:01:02 rjacinto1_pri systemd[1]: Started dnf makecache.
Oct 20 04:01:17 rjacinto1_pri systemd[1]: Starting dnf makecache...
Oct 20 04:01:17 rjacinto1_pri dnf[5131]: Metadata cache refreshed recently.
Oct 20 04:01:17 rjacinto1_pri systemd[1]: Started dnf makecache.
Oct 20 04:24:25 rjacinto1_pri NetworkManager[959]: <error> [1603182265.7627] dhcp4 (ens192): error -113 dispatching events
Oct 20 04:24:25 rjacinto1_pri NetworkManager[959]: <info>  [1603182265.7633] dhcp4 (ens192): state changed bound -> fail
Oct 20 04:24:25 rjacinto1_pri NetworkManager[959]: <info>  [1603182265.7634] device (ens192): DHCPv4: trying to acquire a new lease within 90 seconds
Oct 20 04:25:55 rjacinto1_pri NetworkManager[959]: <info>  [1603182355.8100] device (ens192): DHCPv4: grace period expired
Oct 20 04:25:55 rjacinto1_pri NetworkManager[959]: <info>  [1603182355.8101] device (ens192): state change: activated -> failed (reason 'ip-config-unavailable', sys-iface-state: 'managed')
Oct 20 04:25:55 rjacinto1_pri NetworkManager[959]: <warn>  [1603182355.8116] device (ens192): Activation: failed for connection 'ens192'
Oct 20 04:25:55 rjacinto1_pri NetworkManager[959]: <info>  [1603182355.8123] manager: NetworkManager state is now CONNECTED_LOCAL
Oct 20 04:25:55 rjacinto1_pri NetworkManager[959]: <info>  [1603182355.8127] device (ens192): state change: failed -> disconnected (reason 'none', sys-iface-state: 'managed')
Oct 20 04:25:55 rjacinto1_pri NetworkManager[959]: <info>  [1603182355.8140] dhcp4 (ens192): canceled DHCP transaction
Oct 20 04:25:55 rjacinto1_pri NetworkManager[959]: <info>  [1603182355.8141] dhcp4 (ens192): state changed fail -> done
Oct 20 04:25:55 rjacinto1_pri dbus-daemon[958]: [system] Activating via systemd: service name='org.freedesktop.nm_dispatcher' unit='dbus-org.freedesktop.nm-dispatcher.service' requested by ':1.4' (uid=0 pid=959 comm="/usr/sbin/NetworkManager --no-daemon " label="system_u:system_r:NetworkManager_t:s0")
Oct 20 04:25:55 rjacinto1_pri systemd[1]: Starting Network Manager Script Dispatcher Service...
Oct 20 04:25:55 rjacinto1_pri NetworkManager[959]: <info>  [1603182355.8378] policy: auto-activating connection 'ens192' (29b6e258-0ffd-4ee3-8f2d-2126105eee4f)
Oct 20 04:25:55 rjacinto1_pri NetworkManager[959]: <info>  [1603182355.8388] device (ens192): Activation: starting connection 'ens192' (29b6e258-0ffd-4ee3-8f2d-2126105eee4f)
Oct 20 04:25:55 rjacinto1_pri NetworkManager[959]: <info>  [1603182355.8389] device (ens192): state change: disconnected -> prepare (reason 'none', sys-iface-state: 'managed')
Oct 20 04:25:55 rjacinto1_pri NetworkManager[959]: <info>  [1603182355.8391] manager: NetworkManager state is now CONNECTING
Oct 20 04:25:55 rjacinto1_pri NetworkManager[959]: <info>  [1603182355.8393] device (ens192): state change: prepare -> config (reason 'none', sys-iface-state: 'managed')
Oct 20 04:25:55 rjacinto1_pri NetworkManager[959]: <info>  [1603182355.8397] device (ens192): state change: config -> ip-config (reason 'none', sys-iface-state: 'managed')
Oct 20 04:25:55 rjacinto1_pri NetworkManager[959]: <warn>  [1603182355.8400] dhcp4: hostname 'rjacinto1_pri' is invalid, will be ignored
Oct 20 04:25:55 rjacinto1_pri NetworkManager[959]: <info>  [1603182355.8400] dhcp4 (ens192): activation: beginning transaction (timeout in 45 seconds)
Oct 20 04:25:55 rjacinto1_pri dbus-daemon[958]: [system] Successfully activated service 'org.freedesktop.nm_dispatcher'
Oct 20 04:25:55 rjacinto1_pri NetworkManager[959]: <info>  [1603182355.8482] dhcp4 (ens192): option dhcp_lease_time      => '86400'
Oct 20 04:25:55 rjacinto1_pri NetworkManager[959]: <info>  [1603182355.8482] dhcp4 (ens192): option domain_name_servers  => '10.102.100.22 10.101.100.42 10.101.100.41'
Oct 20 04:25:55 rjacinto1_pri NetworkManager[959]: <info>  [1603182355.8482] dhcp4 (ens192): option expiry               => '1603268755'
Oct 20 04:25:55 rjacinto1_pri NetworkManager[959]: <info>  [1603182355.8482] dhcp4 (ens192): option ip_address           => '172.16.13.3'
Oct 20 04:25:55 rjacinto1_pri NetworkManager[959]: <info>  [1603182355.8482] dhcp4 (ens192): option requested_broadcast_address => '1'
Oct 20 04:25:55 rjacinto1_pri NetworkManager[959]: <info>  [1603182355.8482] dhcp4 (ens192): option requested_domain_name => '1'
Oct 20 04:25:55 rjacinto1_pri NetworkManager[959]: <info>  [1603182355.8482] dhcp4 (ens192): option requested_domain_name_servers => '1'
Oct 20 04:25:55 rjacinto1_pri NetworkManager[959]: <info>  [1603182355.8483] dhcp4 (ens192): option requested_domain_search => '1'
Oct 20 04:25:55 rjacinto1_pri NetworkManager[959]: <info>  [1603182355.8483] dhcp4 (ens192): option requested_host_name  => '1'
Oct 20 04:25:55 rjacinto1_pri NetworkManager[959]: <info>  [1603182355.8483] dhcp4 (ens192): option requested_interface_mtu => '1'
Oct 20 04:25:55 rjacinto1_pri NetworkManager[959]: <info>  [1603182355.8483] dhcp4 (ens192): option requested_ms_classless_static_routes => '1'
Oct 20 04:25:55 rjacinto1_pri NetworkManager[959]: <info>  [1603182355.8483] dhcp4 (ens192): option requested_nis_domain => '1'
Oct 20 04:25:55 rjacinto1_pri NetworkManager[959]: <info>  [1603182355.8483] dhcp4 (ens192): option requested_nis_servers => '1'
Oct 20 04:25:55 rjacinto1_pri NetworkManager[959]: <info>  [1603182355.8483] dhcp4 (ens192): option requested_ntp_servers => '1'
Oct 20 04:25:55 rjacinto1_pri NetworkManager[959]: <info>  [1603182355.8483] dhcp4 (ens192): option requested_rfc3442_classless_static_routes => '1'
Oct 20 04:25:55 rjacinto1_pri NetworkManager[959]: <info>  [1603182355.8483] dhcp4 (ens192): option requested_root_path  => '1'
Oct 20 04:25:55 rjacinto1_pri NetworkManager[959]: <info>  [1603182355.8483] dhcp4 (ens192): option requested_routers    => '1'
Oct 20 04:25:55 rjacinto1_pri NetworkManager[959]: <info>  [1603182355.8483] dhcp4 (ens192): option requested_static_routes => '1'
Oct 20 04:25:55 rjacinto1_pri NetworkManager[959]: <info>  [1603182355.8483] dhcp4 (ens192): option requested_subnet_mask => '1'
Oct 20 04:25:55 rjacinto1_pri NetworkManager[959]: <info>  [1603182355.8484] dhcp4 (ens192): option requested_time_offset => '1'
Oct 20 04:25:55 rjacinto1_pri NetworkManager[959]: <info>  [1603182355.8484] dhcp4 (ens192): option requested_wpad       => '1'
Oct 20 04:25:55 rjacinto1_pri NetworkManager[959]: <info>  [1603182355.8484] dhcp4 (ens192): option routers              => '172.16.255.1'
Oct 20 04:25:55 rjacinto1_pri NetworkManager[959]: <info>  [1603182355.8484] dhcp4 (ens192): option subnet_mask          => '255.255.0.0'
Oct 20 04:25:55 rjacinto1_pri NetworkManager[959]: <info>  [1603182355.8484] dhcp4 (ens192): state changed unknown -> bound
Oct 20 04:25:55 rjacinto1_pri NetworkManager[959]: <info>  [1603182355.8494] device (ens192): state change: ip-config -> ip-check (reason 'none', sys-iface-state: 'managed')
Oct 20 04:25:55 rjacinto1_pri systemd[1]: Started Network Manager Script Dispatcher Service.
Oct 20 04:25:55 rjacinto1_pri NetworkManager[959]: <info>  [1603182355.8606] device (ens192): state change: ip-check -> secondaries (reason 'none', sys-iface-state: 'managed')
Oct 20 04:25:55 rjacinto1_pri NetworkManager[959]: <info>  [1603182355.8608] device (ens192): state change: secondaries -> activated (reason 'none', sys-iface-state: 'managed')
Oct 20 04:25:55 rjacinto1_pri NetworkManager[959]: <info>  [1603182355.8612] manager: NetworkManager state is now CONNECTED_LOCAL
Oct 20 04:25:55 rjacinto1_pri NetworkManager[959]: <info>  [1603182355.8620] manager: NetworkManager state is now CONNECTED_SITE
Oct 20 04:25:55 rjacinto1_pri NetworkManager[959]: <info>  [1603182355.8621] policy: set 'ens192' (ens192) as default for IPv4 routing and DNS
Oct 20 04:25:55 rjacinto1_pri NetworkManager[959]: <info>  [1603182355.8653] device (ens192): Activation: successful, device activated.
Oct 20 04:25:55 rjacinto1_pri NetworkManager[959]: <info>  [1603182355.8658] manager: NetworkManager state is now CONNECTED_GLOBAL
Oct 20 05:02:17 rjacinto1_pri systemd[1]: Starting dnf makecache...
Oct 20 05:02:17 rjacinto1_pri dnf[5163]: Metadata cache refreshed recently.
Oct 20 05:02:17 rjacinto1_pri systemd[1]: Started dnf makecache.
Oct 20 06:03:17 rjacinto1_pri systemd[1]: Starting dnf makecache...
Oct 20 06:03:18 rjacinto1_pri dnf[5186]: CentOS-8 - AppStream                            7.8 kB/s | 4.3 kB     00:00
Oct 20 06:03:18 rjacinto1_pri dnf[5186]: CentOS-8 - Base                                  12 kB/s | 3.9 kB     00:00
Oct 20 06:03:18 rjacinto1_pri dnf[5186]: CentOS-8 - Extras                                15 kB/s | 1.5 kB     00:00
Oct 20 06:03:19 rjacinto1_pri dnf[5186]: Metadata cache created.
Oct 20 06:03:19 rjacinto1_pri systemd[1]: Started dnf makecache.
Oct 20 07:03:57 rjacinto1_pri systemd[1]: Starting dnf makecache...
Oct 20 07:03:57 rjacinto1_pri dnf[5216]: Metadata cache refreshed recently.
Oct 20 07:03:57 rjacinto1_pri systemd[1]: Started dnf makecache.
Oct 20 08:04:17 rjacinto1_pri systemd[1]: Starting dnf makecache...
Oct 20 08:04:17 rjacinto1_pri dnf[5239]: Metadata cache refreshed recently.
Oct 20 08:04:17 rjacinto1_pri systemd[1]: Started dnf makecache.
Oct 20 09:05:17 rjacinto1_pri systemd[1]: Starting dnf makecache...
Oct 20 09:05:18 rjacinto1_pri dnf[5262]: CentOS-8 - AppStream                             14 kB/s | 4.3 kB     00:00
Oct 20 09:05:18 rjacinto1_pri dnf[5262]: CentOS-8 - Base                                  14 kB/s | 3.9 kB     00:00
Oct 20 09:05:18 rjacinto1_pri dnf[5262]: CentOS-8 - Extras                               4.2 kB/s | 1.5 kB     00:00
Oct 20 09:05:19 rjacinto1_pri dnf[5262]: Metadata cache created.
Oct 20 09:05:19 rjacinto1_pri systemd[1]: Started dnf makecache.
Oct 20 10:06:17 rjacinto1_pri systemd[1]: Starting dnf makecache...
Oct 20 10:06:17 rjacinto1_pri dnf[5292]: Metadata cache refreshed recently.
Oct 20 10:06:17 rjacinto1_pri systemd[1]: Started dnf makecache.
Oct 20 11:06:57 rjacinto1_pri systemd[1]: Starting dnf makecache...
Oct 20 11:06:57 rjacinto1_pri dnf[5316]: Metadata cache refreshed recently.
Oct 20 11:06:57 rjacinto1_pri systemd[1]: Started dnf makecache.
Oct 20 12:07:17 rjacinto1_pri systemd[1]: Starting dnf makecache...
Oct 20 12:07:17 rjacinto1_pri dnf[5340]: CentOS-8 - AppStream                             34 kB/s | 4.3 kB     00:00
Oct 20 12:07:18 rjacinto1_pri dnf[5340]: CentOS-8 - Base                                 9.9 kB/s | 3.9 kB     00:00
Oct 20 12:07:18 rjacinto1_pri dnf[5340]: CentOS-8 - Extras                               7.7 kB/s | 1.5 kB     00:00
Oct 20 12:07:18 rjacinto1_pri dnf[5340]: Metadata cache created.
Oct 20 12:07:18 rjacinto1_pri systemd[1]: Started dnf makecache.
Oct 20 13:08:17 rjacinto1_pri systemd[1]: Starting dnf makecache...
Oct 20 13:08:17 rjacinto1_pri dnf[5369]: Metadata cache refreshed recently.
Oct 20 13:08:17 rjacinto1_pri systemd[1]: Started dnf makecache.
Oct 20 14:09:17 rjacinto1_pri systemd[1]: Starting dnf makecache...
Oct 20 14:09:17 rjacinto1_pri dnf[5392]: Metadata cache refreshed recently.
Oct 20 14:09:17 rjacinto1_pri systemd[1]: Started dnf makecache.
Oct 20 15:09:57 rjacinto1_pri systemd[1]: Starting dnf makecache...
Oct 20 15:09:58 rjacinto1_pri dnf[5416]: CentOS-8 - AppStream                             17 kB/s | 4.3 kB     00:00
Oct 20 15:09:58 rjacinto1_pri dnf[5416]: CentOS-8 - Base                                  23 kB/s | 3.9 kB     00:00
Oct 20 15:09:58 rjacinto1_pri dnf[5416]: CentOS-8 - Extras                               4.6 kB/s | 1.5 kB     00:00
Oct 20 15:09:58 rjacinto1_pri dnf[5416]: Metadata cache created.
Oct 20 15:09:58 rjacinto1_pri systemd[1]: Started dnf makecache.
Oct 20 16:10:17 rjacinto1_pri systemd[1]: Starting dnf makecache...
Oct 20 16:10:17 rjacinto1_pri dnf[5445]: Metadata cache refreshed recently.
Oct 20 16:10:17 rjacinto1_pri systemd[1]: Started dnf makecache.
Oct 20 16:25:55 rjacinto1_pri NetworkManager[959]: <error> [1603225555.8448] dhcp4 (ens192): error -113 dispatching events
Oct 20 16:25:55 rjacinto1_pri NetworkManager[959]: <info>  [1603225555.8449] dhcp4 (ens192): state changed bound -> fail
Oct 20 16:25:55 rjacinto1_pri NetworkManager[959]: <info>  [1603225555.8450] device (ens192): DHCPv4: trying to acquire a new lease within 90 seconds
Oct 20 16:27:25 rjacinto1_pri NetworkManager[959]: <info>  [1603225645.7760] device (ens192): DHCPv4: grace period expired
Oct 20 16:27:25 rjacinto1_pri NetworkManager[959]: <info>  [1603225645.7761] device (ens192): state change: activated -> failed (reason 'ip-config-unavailable', sys-iface-state: 'managed')
Oct 20 16:27:25 rjacinto1_pri NetworkManager[959]: <warn>  [1603225645.7774] device (ens192): Activation: failed for connection 'ens192'
Oct 20 16:27:25 rjacinto1_pri NetworkManager[959]: <info>  [1603225645.7781] manager: NetworkManager state is now CONNECTED_LOCAL
Oct 20 16:27:25 rjacinto1_pri NetworkManager[959]: <info>  [1603225645.7784] device (ens192): state change: failed -> disconnected (reason 'none', sys-iface-state: 'managed')
Oct 20 16:27:25 rjacinto1_pri NetworkManager[959]: <info>  [1603225645.7801] dhcp4 (ens192): canceled DHCP transaction
Oct 20 16:27:25 rjacinto1_pri NetworkManager[959]: <info>  [1603225645.7801] dhcp4 (ens192): state changed fail -> done
Oct 20 16:27:25 rjacinto1_pri dbus-daemon[958]: [system] Activating via systemd: service name='org.freedesktop.nm_dispatcher' unit='dbus-org.freedesktop.nm-dispatcher.service' requested by ':1.4' (uid=0 pid=959 comm="/usr/sbin/NetworkManager --no-daemon " label="system_u:system_r:NetworkManager_t:s0")
Oct 20 16:27:25 rjacinto1_pri systemd[1]: Starting Network Manager Script Dispatcher Service...
Oct 20 16:27:25 rjacinto1_pri NetworkManager[959]: <info>  [1603225645.8036] policy: auto-activating connection 'ens192' (29b6e258-0ffd-4ee3-8f2d-2126105eee4f)
Oct 20 16:27:25 rjacinto1_pri NetworkManager[959]: <info>  [1603225645.8045] device (ens192): Activation: starting connection 'ens192' (29b6e258-0ffd-4ee3-8f2d-2126105eee4f)
Oct 20 16:27:25 rjacinto1_pri NetworkManager[959]: <info>  [1603225645.8046] device (ens192): state change: disconnected -> prepare (reason 'none', sys-iface-state: 'managed')
Oct 20 16:27:25 rjacinto1_pri NetworkManager[959]: <info>  [1603225645.8049] manager: NetworkManager state is now CONNECTING
Oct 20 16:27:25 rjacinto1_pri NetworkManager[959]: <info>  [1603225645.8050] device (ens192): state change: prepare -> config (reason 'none', sys-iface-state: 'managed')
Oct 20 16:27:25 rjacinto1_pri NetworkManager[959]: <info>  [1603225645.8055] device (ens192): state change: config -> ip-config (reason 'none', sys-iface-state: 'managed')
Oct 20 16:27:25 rjacinto1_pri NetworkManager[959]: <warn>  [1603225645.8057] dhcp4: hostname 'rjacinto1_pri' is invalid, will be ignored
Oct 20 16:27:25 rjacinto1_pri NetworkManager[959]: <info>  [1603225645.8057] dhcp4 (ens192): activation: beginning transaction (timeout in 45 seconds)
Oct 20 16:27:25 rjacinto1_pri dbus-daemon[958]: [system] Successfully activated service 'org.freedesktop.nm_dispatcher'
Oct 20 16:27:25 rjacinto1_pri NetworkManager[959]: <info>  [1603225645.8140] dhcp4 (ens192): option dhcp_lease_time      => '86400'
Oct 20 16:27:25 rjacinto1_pri NetworkManager[959]: <info>  [1603225645.8141] dhcp4 (ens192): option domain_name_servers  => '10.102.100.22 10.101.100.42 10.101.100.41'
Oct 20 16:27:25 rjacinto1_pri NetworkManager[959]: <info>  [1603225645.8141] dhcp4 (ens192): option expiry               => '1603312045'
Oct 20 16:27:25 rjacinto1_pri NetworkManager[959]: <info>  [1603225645.8141] dhcp4 (ens192): option ip_address           => '172.16.13.3'
Oct 20 16:27:25 rjacinto1_pri NetworkManager[959]: <info>  [1603225645.8141] dhcp4 (ens192): option requested_broadcast_address => '1'
Oct 20 16:27:25 rjacinto1_pri NetworkManager[959]: <info>  [1603225645.8141] dhcp4 (ens192): option requested_domain_name => '1'
Oct 20 16:27:25 rjacinto1_pri NetworkManager[959]: <info>  [1603225645.8141] dhcp4 (ens192): option requested_domain_name_servers => '1'
Oct 20 16:27:25 rjacinto1_pri NetworkManager[959]: <info>  [1603225645.8141] dhcp4 (ens192): option requested_domain_search => '1'
Oct 20 16:27:25 rjacinto1_pri NetworkManager[959]: <info>  [1603225645.8141] dhcp4 (ens192): option requested_host_name  => '1'
Oct 20 16:27:25 rjacinto1_pri NetworkManager[959]: <info>  [1603225645.8141] dhcp4 (ens192): option requested_interface_mtu => '1'
Oct 20 16:27:25 rjacinto1_pri NetworkManager[959]: <info>  [1603225645.8141] dhcp4 (ens192): option requested_ms_classless_static_routes => '1'
Oct 20 16:27:25 rjacinto1_pri NetworkManager[959]: <info>  [1603225645.8141] dhcp4 (ens192): option requested_nis_domain => '1'
Oct 20 16:27:25 rjacinto1_pri NetworkManager[959]: <info>  [1603225645.8142] dhcp4 (ens192): option requested_nis_servers => '1'
Oct 20 16:27:25 rjacinto1_pri NetworkManager[959]: <info>  [1603225645.8142] dhcp4 (ens192): option requested_ntp_servers => '1'
Oct 20 16:27:25 rjacinto1_pri NetworkManager[959]: <info>  [1603225645.8142] dhcp4 (ens192): option requested_rfc3442_classless_static_routes => '1'
Oct 20 16:27:25 rjacinto1_pri NetworkManager[959]: <info>  [1603225645.8142] dhcp4 (ens192): option requested_root_path  => '1'
Oct 20 16:27:25 rjacinto1_pri NetworkManager[959]: <info>  [1603225645.8142] dhcp4 (ens192): option requested_routers    => '1'
Oct 20 16:27:25 rjacinto1_pri NetworkManager[959]: <info>  [1603225645.8142] dhcp4 (ens192): option requested_static_routes => '1'
Oct 20 16:27:25 rjacinto1_pri NetworkManager[959]: <info>  [1603225645.8142] dhcp4 (ens192): option requested_subnet_mask => '1'
Oct 20 16:27:25 rjacinto1_pri NetworkManager[959]: <info>  [1603225645.8142] dhcp4 (ens192): option requested_time_offset => '1'
Oct 20 16:27:25 rjacinto1_pri NetworkManager[959]: <info>  [1603225645.8142] dhcp4 (ens192): option requested_wpad       => '1'
Oct 20 16:27:25 rjacinto1_pri NetworkManager[959]: <info>  [1603225645.8142] dhcp4 (ens192): option routers              => '172.16.255.1'
Oct 20 16:27:25 rjacinto1_pri NetworkManager[959]: <info>  [1603225645.8142] dhcp4 (ens192): option subnet_mask          => '255.255.0.0'
Oct 20 16:27:25 rjacinto1_pri NetworkManager[959]: <info>  [1603225645.8142] dhcp4 (ens192): state changed unknown -> bound
Oct 20 16:27:25 rjacinto1_pri NetworkManager[959]: <info>  [1603225645.8153] device (ens192): state change: ip-config -> ip-check (reason 'none', sys-iface-state: 'managed')
Oct 20 16:27:25 rjacinto1_pri systemd[1]: Started Network Manager Script Dispatcher Service.
Oct 20 16:27:25 rjacinto1_pri NetworkManager[959]: <info>  [1603225645.8246] device (ens192): state change: ip-check -> secondaries (reason 'none', sys-iface-state: 'managed')
Oct 20 16:27:25 rjacinto1_pri NetworkManager[959]: <info>  [1603225645.8248] device (ens192): state change: secondaries -> activated (reason 'none', sys-iface-state: 'managed')
Oct 20 16:27:25 rjacinto1_pri NetworkManager[959]: <info>  [1603225645.8252] manager: NetworkManager state is now CONNECTED_LOCAL
Oct 20 16:27:25 rjacinto1_pri NetworkManager[959]: <info>  [1603225645.8259] manager: NetworkManager state is now CONNECTED_SITE
Oct 20 16:27:25 rjacinto1_pri NetworkManager[959]: <info>  [1603225645.8260] policy: set 'ens192' (ens192) as default for IPv4 routing and DNS
Oct 20 16:27:25 rjacinto1_pri NetworkManager[959]: <info>  [1603225645.8297] device (ens192): Activation: successful, device activated.
Oct 20 16:27:25 rjacinto1_pri NetworkManager[959]: <info>  [1603225645.8302] manager: NetworkManager state is now CONNECTED_GLOBAL
Oct 20 16:28:17 rjacinto1_pri systemd[1]: Starting Cleanup of Temporary Directories...
Oct 20 16:28:17 rjacinto1_pri systemd[1]: Started Cleanup of Temporary Directories.
Oct 20 17:11:17 rjacinto1_pri systemd[1]: Starting dnf makecache...
Oct 20 17:11:17 rjacinto1_pri dnf[5479]: Metadata cache refreshed recently.
Oct 20 17:11:17 rjacinto1_pri systemd[1]: Started dnf makecache.
Oct 20 18:12:17 rjacinto1_pri systemd[1]: Starting dnf makecache...
Oct 20 18:12:17 rjacinto1_pri dnf[5502]: CentOS-8 - AppStream                             31 kB/s | 4.3 kB     00:00
Oct 20 18:12:18 rjacinto1_pri dnf[5502]: CentOS-8 - Base                                 9.5 kB/s | 3.9 kB     00:00
Oct 20 18:12:18 rjacinto1_pri dnf[5502]: CentOS-8 - Extras                               6.9 kB/s | 1.5 kB     00:00
Oct 20 18:12:18 rjacinto1_pri dnf[5502]: Metadata cache created.
Oct 20 18:12:18 rjacinto1_pri systemd[1]: Started dnf makecache.
Oct 20 19:12:57 rjacinto1_pri systemd[1]: Starting dnf makecache...
Oct 20 19:12:57 rjacinto1_pri dnf[5532]: Metadata cache refreshed recently.
Oct 20 19:12:57 rjacinto1_pri systemd[1]: Started dnf makecache.
Oct 20 20:13:17 rjacinto1_pri systemd[1]: Starting dnf makecache...
Oct 20 20:13:17 rjacinto1_pri dnf[5555]: Metadata cache refreshed recently.
Oct 20 20:13:17 rjacinto1_pri systemd[1]: Started dnf makecache.
Oct 20 21:14:17 rjacinto1_pri systemd[1]: Starting dnf makecache...
Oct 20 21:14:18 rjacinto1_pri dnf[5578]: CentOS-8 - AppStream                             17 kB/s | 4.3 kB     00:00
Oct 20 21:14:18 rjacinto1_pri dnf[5578]: CentOS-8 - Base                                  13 kB/s | 3.9 kB     00:00
Oct 20 21:14:18 rjacinto1_pri dnf[5578]: CentOS-8 - Extras                                11 kB/s | 1.5 kB     00:00
Oct 20 21:14:18 rjacinto1_pri dnf[5578]: Metadata cache created.
Oct 20 21:14:18 rjacinto1_pri systemd[1]: Started dnf makecache.
Oct 20 22:15:17 rjacinto1_pri systemd[1]: Starting dnf makecache...
Oct 20 22:15:17 rjacinto1_pri dnf[5608]: Metadata cache refreshed recently.
Oct 20 22:15:17 rjacinto1_pri systemd[1]: Started dnf makecache.
Oct 20 23:15:57 rjacinto1_pri systemd[1]: Starting dnf makecache...
Oct 20 23:15:57 rjacinto1_pri dnf[5632]: Metadata cache refreshed recently.
Oct 20 23:15:57 rjacinto1_pri systemd[1]: Started dnf makecache.
Oct 21 00:00:57 rjacinto1_pri systemd[1]: Starting update of the root trust anchor for DNSSEC validation in unbound...
Oct 21 00:00:57 rjacinto1_pri systemd[1]: Started update of the root trust anchor for DNSSEC validation in unbound.
Oct 21 00:16:17 rjacinto1_pri systemd[1]: Starting dnf makecache...
Oct 21 00:16:18 rjacinto1_pri dnf[5659]: CentOS-8 - AppStream                             31 kB/s | 4.3 kB     00:00
Oct 21 00:16:18 rjacinto1_pri dnf[5659]: CentOS-8 - Base                                  13 kB/s | 3.9 kB     00:00
Oct 21 00:16:18 rjacinto1_pri dnf[5659]: CentOS-8 - Extras                               9.3 kB/s | 1.5 kB     00:00
Oct 21 00:16:18 rjacinto1_pri dnf[5659]: Metadata cache created.
Oct 21 00:16:18 rjacinto1_pri systemd[1]: Started dnf makecache.
Oct 21 01:17:17 rjacinto1_pri systemd[1]: Starting dnf makecache...
Oct 21 01:17:17 rjacinto1_pri dnf[5690]: Metadata cache refreshed recently.
Oct 21 01:17:17 rjacinto1_pri systemd[1]: Started dnf makecache.
Oct 21 02:18:17 rjacinto1_pri systemd[1]: Starting dnf makecache...
Oct 21 02:18:17 rjacinto1_pri dnf[5716]: Metadata cache refreshed recently.
Oct 21 02:18:17 rjacinto1_pri systemd[1]: Started dnf makecache.
Oct 21 03:18:57 rjacinto1_pri systemd[1]: Starting dnf makecache...
Oct 21 03:18:58 rjacinto1_pri dnf[5743]: CentOS-8 - AppStream                             11 kB/s | 4.3 kB     00:00
Oct 21 03:18:58 rjacinto1_pri dnf[5743]: CentOS-8 - Base                                  15 kB/s | 3.9 kB     00:00
Oct 21 03:18:58 rjacinto1_pri dnf[5743]: CentOS-8 - Extras                                11 kB/s | 1.5 kB     00:00
Oct 21 03:18:58 rjacinto1_pri dnf[5743]: Metadata cache created.
Oct 21 03:18:58 rjacinto1_pri systemd[1]: Started dnf makecache.
Oct 21 04:19:17 rjacinto1_pri systemd[1]: Starting dnf makecache...
Oct 21 04:19:17 rjacinto1_pri dnf[5781]: Metadata cache refreshed recently.
Oct 21 04:19:17 rjacinto1_pri systemd[1]: Started dnf makecache.
Oct 21 04:27:25 rjacinto1_pri NetworkManager[959]: <error> [1603268845.8094] dhcp4 (ens192): error -113 dispatching events
Oct 21 04:27:25 rjacinto1_pri NetworkManager[959]: <info>  [1603268845.8105] dhcp4 (ens192): state changed bound -> fail
Oct 21 04:27:25 rjacinto1_pri NetworkManager[959]: <info>  [1603268845.8106] device (ens192): DHCPv4: trying to acquire a new lease within 90 seconds
Oct 21 04:28:55 rjacinto1_pri NetworkManager[959]: <info>  [1603268935.8069] device (ens192): DHCPv4: grace period expired
Oct 21 04:28:55 rjacinto1_pri NetworkManager[959]: <info>  [1603268935.8069] device (ens192): state change: activated -> failed (reason 'ip-config-unavailable', sys-iface-state: 'managed')
Oct 21 04:28:55 rjacinto1_pri NetworkManager[959]: <warn>  [1603268935.8086] device (ens192): Activation: failed for connection 'ens192'
Oct 21 04:28:55 rjacinto1_pri NetworkManager[959]: <info>  [1603268935.8093] manager: NetworkManager state is now CONNECTED_LOCAL
Oct 21 04:28:55 rjacinto1_pri NetworkManager[959]: <info>  [1603268935.8097] device (ens192): state change: failed -> disconnected (reason 'none', sys-iface-state: 'managed')
Oct 21 04:28:55 rjacinto1_pri NetworkManager[959]: <info>  [1603268935.8112] dhcp4 (ens192): canceled DHCP transaction
Oct 21 04:28:55 rjacinto1_pri NetworkManager[959]: <info>  [1603268935.8112] dhcp4 (ens192): state changed fail -> done
Oct 21 04:28:55 rjacinto1_pri dbus-daemon[958]: [system] Activating via systemd: service name='org.freedesktop.nm_dispatcher' unit='dbus-org.freedesktop.nm-dispatcher.service' requested by ':1.4' (uid=0 pid=959 comm="/usr/sbin/NetworkManager --no-daemon " label="system_u:system_r:NetworkManager_t:s0")
Oct 21 04:28:55 rjacinto1_pri systemd[1]: Starting Network Manager Script Dispatcher Service...
Oct 21 04:28:55 rjacinto1_pri NetworkManager[959]: <info>  [1603268935.8350] policy: auto-activating connection 'ens192' (29b6e258-0ffd-4ee3-8f2d-2126105eee4f)
Oct 21 04:28:55 rjacinto1_pri NetworkManager[959]: <info>  [1603268935.8359] device (ens192): Activation: starting connection 'ens192' (29b6e258-0ffd-4ee3-8f2d-2126105eee4f)
Oct 21 04:28:55 rjacinto1_pri NetworkManager[959]: <info>  [1603268935.8360] device (ens192): state change: disconnected -> prepare (reason 'none', sys-iface-state: 'managed')
Oct 21 04:28:55 rjacinto1_pri NetworkManager[959]: <info>  [1603268935.8363] manager: NetworkManager state is now CONNECTING
Oct 21 04:28:55 rjacinto1_pri NetworkManager[959]: <info>  [1603268935.8364] device (ens192): state change: prepare -> config (reason 'none', sys-iface-state: 'managed')
Oct 21 04:28:55 rjacinto1_pri NetworkManager[959]: <info>  [1603268935.8368] device (ens192): state change: config -> ip-config (reason 'none', sys-iface-state: 'managed')
Oct 21 04:28:55 rjacinto1_pri NetworkManager[959]: <warn>  [1603268935.8371] dhcp4: hostname 'rjacinto1_pri' is invalid, will be ignored
Oct 21 04:28:55 rjacinto1_pri NetworkManager[959]: <info>  [1603268935.8371] dhcp4 (ens192): activation: beginning transaction (timeout in 45 seconds)
Oct 21 04:28:55 rjacinto1_pri dbus-daemon[958]: [system] Successfully activated service 'org.freedesktop.nm_dispatcher'
Oct 21 04:28:55 rjacinto1_pri systemd[1]: Started Network Manager Script Dispatcher Service.
Oct 21 04:28:55 rjacinto1_pri NetworkManager[959]: <info>  [1603268935.8508] dhcp4 (ens192): option dhcp_lease_time      => '86400'
Oct 21 04:28:55 rjacinto1_pri NetworkManager[959]: <info>  [1603268935.8508] dhcp4 (ens192): option domain_name_servers  => '10.102.100.22 10.101.100.42 10.101.100.41'
Oct 21 04:28:55 rjacinto1_pri NetworkManager[959]: <info>  [1603268935.8508] dhcp4 (ens192): option expiry               => '1603355335'
Oct 21 04:28:55 rjacinto1_pri NetworkManager[959]: <info>  [1603268935.8508] dhcp4 (ens192): option ip_address           => '172.16.13.3'
Oct 21 04:28:55 rjacinto1_pri NetworkManager[959]: <info>  [1603268935.8509] dhcp4 (ens192): option requested_broadcast_address => '1'
Oct 21 04:28:55 rjacinto1_pri NetworkManager[959]: <info>  [1603268935.8509] dhcp4 (ens192): option requested_domain_name => '1'
Oct 21 04:28:55 rjacinto1_pri NetworkManager[959]: <info>  [1603268935.8509] dhcp4 (ens192): option requested_domain_name_servers => '1'
Oct 21 04:28:55 rjacinto1_pri NetworkManager[959]: <info>  [1603268935.8509] dhcp4 (ens192): option requested_domain_search => '1'
Oct 21 04:28:55 rjacinto1_pri NetworkManager[959]: <info>  [1603268935.8509] dhcp4 (ens192): option requested_host_name  => '1'
Oct 21 04:28:55 rjacinto1_pri NetworkManager[959]: <info>  [1603268935.8509] dhcp4 (ens192): option requested_interface_mtu => '1'
Oct 21 04:28:55 rjacinto1_pri NetworkManager[959]: <info>  [1603268935.8509] dhcp4 (ens192): option requested_ms_classless_static_routes => '1'
Oct 21 04:28:55 rjacinto1_pri NetworkManager[959]: <info>  [1603268935.8509] dhcp4 (ens192): option requested_nis_domain => '1'
Oct 21 04:28:55 rjacinto1_pri NetworkManager[959]: <info>  [1603268935.8509] dhcp4 (ens192): option requested_nis_servers => '1'
Oct 21 04:28:55 rjacinto1_pri NetworkManager[959]: <info>  [1603268935.8509] dhcp4 (ens192): option requested_ntp_servers => '1'
Oct 21 04:28:55 rjacinto1_pri NetworkManager[959]: <info>  [1603268935.8509] dhcp4 (ens192): option requested_rfc3442_classless_static_routes => '1'
Oct 21 04:28:55 rjacinto1_pri NetworkManager[959]: <info>  [1603268935.8509] dhcp4 (ens192): option requested_root_path  => '1'
Oct 21 04:28:55 rjacinto1_pri NetworkManager[959]: <info>  [1603268935.8509] dhcp4 (ens192): option requested_routers    => '1'
Oct 21 04:28:55 rjacinto1_pri NetworkManager[959]: <info>  [1603268935.8510] dhcp4 (ens192): option requested_static_routes => '1'
Oct 21 04:28:55 rjacinto1_pri NetworkManager[959]: <info>  [1603268935.8510] dhcp4 (ens192): option requested_subnet_mask => '1'
Oct 21 04:28:55 rjacinto1_pri NetworkManager[959]: <info>  [1603268935.8510] dhcp4 (ens192): option requested_time_offset => '1'
Oct 21 04:28:55 rjacinto1_pri NetworkManager[959]: <info>  [1603268935.8510] dhcp4 (ens192): option requested_wpad       => '1'
Oct 21 04:28:55 rjacinto1_pri NetworkManager[959]: <info>  [1603268935.8510] dhcp4 (ens192): option routers              => '172.16.255.1'
Oct 21 04:28:55 rjacinto1_pri NetworkManager[959]: <info>  [1603268935.8510] dhcp4 (ens192): option subnet_mask          => '255.255.0.0'
Oct 21 04:28:55 rjacinto1_pri NetworkManager[959]: <info>  [1603268935.8510] dhcp4 (ens192): state changed unknown -> bound
Oct 21 04:28:55 rjacinto1_pri NetworkManager[959]: <info>  [1603268935.8519] device (ens192): state change: ip-config -> ip-check (reason 'none', sys-iface-state: 'managed')
Oct 21 04:28:55 rjacinto1_pri NetworkManager[959]: <info>  [1603268935.8571] device (ens192): state change: ip-check -> secondaries (reason 'none', sys-iface-state: 'managed')
Oct 21 04:28:55 rjacinto1_pri NetworkManager[959]: <info>  [1603268935.8573] device (ens192): state change: secondaries -> activated (reason 'none', sys-iface-state: 'managed')
Oct 21 04:28:55 rjacinto1_pri NetworkManager[959]: <info>  [1603268935.8577] manager: NetworkManager state is now CONNECTED_LOCAL
Oct 21 04:28:55 rjacinto1_pri NetworkManager[959]: <info>  [1603268935.8585] manager: NetworkManager state is now CONNECTED_SITE
Oct 21 04:28:55 rjacinto1_pri NetworkManager[959]: <info>  [1603268935.8586] policy: set 'ens192' (ens192) as default for IPv4 routing and DNS
Oct 21 04:28:55 rjacinto1_pri NetworkManager[959]: <info>  [1603268935.8625] device (ens192): Activation: successful, device activated.
Oct 21 04:28:55 rjacinto1_pri NetworkManager[959]: <info>  [1603268935.8630] manager: NetworkManager state is now CONNECTED_GLOBAL
Oct 21 05:20:17 rjacinto1_pri systemd[1]: Starting dnf makecache...
Oct 21 05:20:17 rjacinto1_pri dnf[5813]: Metadata cache refreshed recently.
Oct 21 05:20:17 rjacinto1_pri systemd[1]: Started dnf makecache.
Oct 21 06:21:17 rjacinto1_pri systemd[1]: Starting dnf makecache...
Oct 21 06:21:18 rjacinto1_pri dnf[5837]: CentOS-8 - AppStream                             25 kB/s | 4.3 kB     00:00
Oct 21 06:21:18 rjacinto1_pri dnf[5837]: CentOS-8 - Base                                  11 kB/s | 3.9 kB     00:00
Oct 21 06:21:18 rjacinto1_pri dnf[5837]: CentOS-8 - Extras                               4.8 kB/s | 1.5 kB     00:00
Oct 21 06:21:19 rjacinto1_pri dnf[5837]: Metadata cache created.
Oct 21 06:21:19 rjacinto1_pri systemd[1]: Started dnf makecache.
Oct 21 07:21:57 rjacinto1_pri systemd[1]: Starting dnf makecache...
Oct 21 07:21:57 rjacinto1_pri dnf[5866]: Metadata cache refreshed recently.
Oct 21 07:21:57 rjacinto1_pri systemd[1]: Started dnf makecache.
Oct 21 08:22:17 rjacinto1_pri systemd[1]: Starting dnf makecache...
Oct 21 08:22:17 rjacinto1_pri dnf[5889]: Metadata cache refreshed recently.
Oct 21 08:22:17 rjacinto1_pri systemd[1]: Started dnf makecache.
Oct 21 09:23:17 rjacinto1_pri systemd[1]: Starting dnf makecache...
Oct 21 09:23:18 rjacinto1_pri dnf[5913]: CentOS-8 - AppStream                             15 kB/s | 4.3 kB     00:00
Oct 21 09:23:18 rjacinto1_pri dnf[5913]: CentOS-8 - Base                                  16 kB/s | 3.9 kB     00:00
Oct 21 09:23:18 rjacinto1_pri dnf[5913]: CentOS-8 - Extras                               8.4 kB/s | 1.5 kB     00:00
Oct 21 09:23:18 rjacinto1_pri dnf[5913]: Metadata cache created.
Oct 21 09:23:18 rjacinto1_pri systemd[1]: Started dnf makecache.
Oct 21 10:24:17 rjacinto1_pri systemd[1]: Starting dnf makecache...
Oct 21 10:24:17 rjacinto1_pri dnf[5942]: Metadata cache refreshed recently.
Oct 21 10:24:17 rjacinto1_pri systemd[1]: Started dnf makecache.
Oct 21 11:24:57 rjacinto1_pri systemd[1]: Starting dnf makecache...
Oct 21 11:24:57 rjacinto1_pri dnf[5966]: Metadata cache refreshed recently.
Oct 21 11:24:57 rjacinto1_pri systemd[1]: Started dnf makecache.
Oct 21 12:25:17 rjacinto1_pri systemd[1]: Starting dnf makecache...
Oct 21 12:25:18 rjacinto1_pri dnf[5989]: CentOS-8 - AppStream                             10 kB/s | 4.3 kB     00:00
Oct 21 12:25:18 rjacinto1_pri dnf[5989]: CentOS-8 - Base                                  20 kB/s | 3.9 kB     00:00
Oct 21 12:25:18 rjacinto1_pri dnf[5989]: CentOS-8 - Extras                               8.6 kB/s | 1.5 kB     00:00
Oct 21 12:25:18 rjacinto1_pri dnf[5989]: Metadata cache created.
Oct 21 12:25:18 rjacinto1_pri systemd[1]: Started dnf makecache.
Oct 21 13:26:17 rjacinto1_pri systemd[1]: Starting dnf makecache...
Oct 21 13:26:17 rjacinto1_pri dnf[6019]: Metadata cache refreshed recently.
Oct 21 13:26:17 rjacinto1_pri systemd[1]: Started dnf makecache.
Oct 21 14:27:17 rjacinto1_pri systemd[1]: Starting dnf makecache...
Oct 21 14:27:17 rjacinto1_pri dnf[6043]: Metadata cache refreshed recently.
Oct 21 14:27:17 rjacinto1_pri systemd[1]: Started dnf makecache.
Oct 21 15:27:57 rjacinto1_pri systemd[1]: Starting dnf makecache...
Oct 21 15:27:58 rjacinto1_pri dnf[6066]: CentOS-8 - AppStream                             18 kB/s | 4.3 kB     00:00
Oct 21 15:27:58 rjacinto1_pri dnf[6066]: CentOS-8 - Base                                  21 kB/s | 3.9 kB     00:00
Oct 21 15:27:58 rjacinto1_pri dnf[6066]: CentOS-8 - Extras                               5.8 kB/s | 1.5 kB     00:00
Oct 21 15:27:58 rjacinto1_pri dnf[6066]: Metadata cache created.
Oct 21 15:27:58 rjacinto1_pri systemd[1]: Started dnf makecache.
Oct 21 16:17:07 rjacinto1-pri kernel: Command line: BOOT_IMAGE=(hd0,msdos1)/vmlinuz-4.18.0-193.el8.x86_64 root=/dev/mapper/cl-root ro crashkernel=auto resume=/dev/mapper/cl-swap rd.lvm.lv=cl/root rd.lvm.lv=cl/swap rhgb quiet
Oct 21 16:17:07 rjacinto1-pri kernel: Disabled fast string operations
Oct 21 16:17:07 rjacinto1-pri kernel: x86/fpu: Supporting XSAVE feature 0x001: 'x87 floating point registers'
Oct 21 16:17:07 rjacinto1-pri kernel: x86/fpu: Supporting XSAVE feature 0x002: 'SSE registers'
Oct 21 16:17:07 rjacinto1-pri kernel: x86/fpu: Supporting XSAVE feature 0x004: 'AVX registers'
Oct 21 16:17:07 rjacinto1-pri kernel: x86/fpu: xstate_offset[2]:  576, xstate_sizes[2]:  256
Oct 21 16:17:07 rjacinto1-pri kernel: x86/fpu: Enabled xstate features 0x7, context size is 832 bytes, using 'standard' format.
Oct 21 16:17:07 rjacinto1-pri kernel: BIOS-provided physical RAM map:
Oct 21 16:17:07 rjacinto1-pri kernel: BIOS-e820: [mem 0x0000000000000000-0x000000000009f3ff] usable
Oct 21 16:17:07 rjacinto1-pri kernel: BIOS-e820: [mem 0x000000000009f400-0x000000000009ffff] reserved
Oct 21 16:17:07 rjacinto1-pri kernel: BIOS-e820: [mem 0x00000000000dc000-0x00000000000fffff] reserved
Oct 21 16:17:07 rjacinto1-pri kernel: BIOS-e820: [mem 0x0000000000100000-0x000000007fedffff] usable
Oct 21 16:17:07 rjacinto1-pri kernel: BIOS-e820: [mem 0x000000007fee0000-0x000000007fefefff] ACPI data
Oct 21 16:17:07 rjacinto1-pri kernel: BIOS-e820: [mem 0x000000007feff000-0x000000007fefffff] ACPI NVS
Oct 21 16:17:07 rjacinto1-pri kernel: BIOS-e820: [mem 0x000000007ff00000-0x000000007fffffff] usable
Oct 21 16:17:07 rjacinto1-pri kernel: BIOS-e820: [mem 0x00000000f0000000-0x00000000f7ffffff] reserved
Oct 21 16:17:07 rjacinto1-pri kernel: BIOS-e820: [mem 0x00000000fec00000-0x00000000fec0ffff] reserved
Oct 21 16:17:07 rjacinto1-pri kernel: BIOS-e820: [mem 0x00000000fee00000-0x00000000fee00fff] reserved
Oct 21 16:17:07 rjacinto1-pri kernel: BIOS-e820: [mem 0x00000000fffe0000-0x00000000ffffffff] reserved
Oct 21 16:17:07 rjacinto1-pri kernel: NX (Execute Disable) protection: active
Oct 21 16:17:07 rjacinto1-pri kernel: SMBIOS 2.7 present.
Oct 21 16:17:07 rjacinto1-pri kernel: DMI: VMware, Inc. VMware Virtual Platform/440BX Desktop Reference Platform, BIOS 6.00 12/09/2019
Oct 21 16:17:07 rjacinto1-pri kernel: Hypervisor detected: VMware
Oct 21 16:17:07 rjacinto1-pri kernel: vmware: TSC freq read from hypervisor : 2700.000 MHz
Oct 21 16:17:07 rjacinto1-pri kernel: vmware: Host bus clock speed read from hypervisor : 66000000 Hz
Oct 21 16:17:07 rjacinto1-pri kernel: vmware: using sched offset of 4585704958 ns
Oct 21 16:17:07 rjacinto1-pri kernel: tsc: Detected 2700.000 MHz processor
Oct 21 16:17:07 rjacinto1-pri kernel: last_pfn = 0x80000 max_arch_pfn = 0x400000000
Oct 21 16:17:07 rjacinto1-pri kernel: x86/PAT: Configuration [0-7]: WB  WC  UC- UC  WB  WP  UC- WT  
Oct 21 16:17:07 rjacinto1-pri kernel: total RAM covered: 2048M
Oct 21 16:17:07 rjacinto1-pri kernel: Found optimal setting for mtrr clean up
Oct 21 16:17:07 rjacinto1-pri kernel: gran_size: 64K #011chunk_size: 64K #011num_reg: 1  #011lose cover RAM: 0G
Oct 21 16:17:07 rjacinto1-pri kernel: found SMP MP-table at [mem 0x000f6a70-0x000f6a7f]
Oct 21 16:17:07 rjacinto1-pri kernel: kexec: Reserving the low 1M of memory for crashkernel
Oct 21 16:17:07 rjacinto1-pri kernel: RAMDISK: [mem 0x346de000-0x36366fff]
Oct 21 16:17:07 rjacinto1-pri kernel: ACPI: Early table checksum verification disabled
Oct 21 16:17:07 rjacinto1-pri kernel: ACPI: RSDP 0x00000000000F6A00 000024 (v02 PTLTD )
Oct 21 16:17:07 rjacinto1-pri kernel: ACPI: XSDT 0x000000007FEEEAC0 00005C (v01 INTEL  440BX    06040000 VMW  01324272)
Oct 21 16:17:07 rjacinto1-pri kernel: ACPI: FACP 0x000000007FEFEE73 0000F4 (v04 INTEL  440BX    06040000 PTL  000F4240)
Oct 21 16:17:07 rjacinto1-pri kernel: ACPI: DSDT 0x000000007FEEED00 010173 (v01 PTLTD  Custom   06040000 MSFT 03000001)
Oct 21 16:17:07 rjacinto1-pri kernel: ACPI: FACS 0x000000007FEFFFC0 000040
Oct 21 16:17:07 rjacinto1-pri kernel: ACPI: FACS 0x000000007FEFFFC0 000040
Oct 21 16:17:07 rjacinto1-pri kernel: ACPI: BOOT 0x000000007FEEECD8 000028 (v01 PTLTD  $SBFTBL$ 06040000  LTP 00000001)
Oct 21 16:17:07 rjacinto1-pri kernel: ACPI: APIC 0x000000007FEEEC88 000050 (v01 PTLTD  ? APIC   06040000  LTP 00000000)
Oct 21 16:17:07 rjacinto1-pri kernel: ACPI: MCFG 0x000000007FEEEC4C 00003C (v01 PTLTD  $PCITBL$ 06040000  LTP 00000001)
Oct 21 16:17:07 rjacinto1-pri kernel: ACPI: SRAT 0x000000007FEEEBBC 000090 (v02 VMWARE MEMPLUG  06040000 VMW  00000001)
Oct 21 16:17:07 rjacinto1-pri kernel: ACPI: HPET 0x000000007FEEEB84 000038 (v01 VMWARE VMW HPET 06040000 VMW  00000001)
Oct 21 16:17:07 rjacinto1-pri kernel: ACPI: WAET 0x000000007FEEEB5C 000028 (v01 VMWARE VMW WAET 06040000 VMW  00000001)
Oct 21 16:17:07 rjacinto1-pri kernel: SRAT: PXM 0 -> APIC 0x00 -> Node 0
Oct 21 16:17:07 rjacinto1-pri kernel: ACPI: SRAT: Node 0 PXM 0 [mem 0x00000000-0x0009ffff]
Oct 21 16:17:07 rjacinto1-pri kernel: ACPI: SRAT: Node 0 PXM 0 [mem 0x00100000-0x7fffffff]
Oct 21 16:17:07 rjacinto1-pri kernel: NUMA: Node 0 [mem 0x00000000-0x0009ffff] + [mem 0x00100000-0x7fffffff] -> [mem 0x00000000-0x7fffffff]
Oct 21 16:17:07 rjacinto1-pri kernel: NODE_DATA(0) allocated [mem 0x7ffd6000-0x7fffffff]
Oct 21 16:17:07 rjacinto1-pri kernel: Using crashkernel=auto, the size chosen is a best effort estimation.
Oct 21 16:17:07 rjacinto1-pri kernel: Reserving 160MB of memory at 1872MB for crashkernel (System RAM: 2047MB)
Oct 21 16:17:07 rjacinto1-pri kernel: Zone ranges:
Oct 21 16:17:07 rjacinto1-pri kernel:  DMA      [mem 0x0000000000001000-0x0000000000ffffff]
Oct 21 16:17:07 rjacinto1-pri kernel:  DMA32    [mem 0x0000000001000000-0x000000007fffffff]
Oct 21 16:17:07 rjacinto1-pri kernel:  Normal   empty
Oct 21 16:17:07 rjacinto1-pri kernel:  Device   empty
Oct 21 16:17:07 rjacinto1-pri kernel: Movable zone start for each node
Oct 21 16:17:07 rjacinto1-pri kernel: Early memory node ranges
Oct 21 16:17:07 rjacinto1-pri kernel:  node   0: [mem 0x0000000000001000-0x000000000009efff]
Oct 21 16:17:07 rjacinto1-pri kernel:  node   0: [mem 0x0000000000100000-0x000000007fedffff]
Oct 21 16:17:07 rjacinto1-pri kernel:  node   0: [mem 0x000000007ff00000-0x000000007fffffff]
Oct 21 16:17:07 rjacinto1-pri kernel: Zeroed struct page in unavailable ranges: 130 pages
Oct 21 16:17:07 rjacinto1-pri kernel: Initmem setup node 0 [mem 0x0000000000001000-0x000000007fffffff]
Oct 21 16:17:07 rjacinto1-pri kernel: ACPI: PM-Timer IO Port: 0x1008
Oct 21 16:17:07 rjacinto1-pri kernel: ACPI: LAPIC_NMI (acpi_id[0x00] high edge lint[0x1])
Oct 21 16:17:07 rjacinto1-pri kernel: IOAPIC[0]: apic_id 1, version 17, address 0xfec00000, GSI 0-23
Oct 21 16:17:07 rjacinto1-pri kernel: ACPI: INT_SRC_OVR (bus 0 bus_irq 0 global_irq 2 high edge)
Oct 21 16:17:07 rjacinto1-pri kernel: Using ACPI (MADT) for SMP configuration information
Oct 21 16:17:07 rjacinto1-pri kernel: ACPI: HPET id: 0x8086af01 base: 0xfed00000
Oct 21 16:17:07 rjacinto1-pri kernel: smpboot: Allowing 1 CPUs, 0 hotplug CPUs
Oct 21 16:17:07 rjacinto1-pri kernel: PM: Registered nosave memory: [mem 0x00000000-0x00000fff]
Oct 21 16:17:07 rjacinto1-pri kernel: PM: Registered nosave memory: [mem 0x0009f000-0x0009ffff]
Oct 21 16:17:07 rjacinto1-pri kernel: PM: Registered nosave memory: [mem 0x000a0000-0x000dbfff]
Oct 21 16:17:07 rjacinto1-pri kernel: PM: Registered nosave memory: [mem 0x000dc000-0x000fffff]
Oct 21 16:17:07 rjacinto1-pri kernel: PM: Registered nosave memory: [mem 0x7fee0000-0x7fefefff]
Oct 21 16:17:07 rjacinto1-pri kernel: PM: Registered nosave memory: [mem 0x7feff000-0x7fefffff]
Oct 21 16:17:07 rjacinto1-pri kernel: [mem 0x80000000-0xefffffff] available for PCI devices
Oct 21 16:17:07 rjacinto1-pri kernel: Booting paravirtualized kernel on VMware hypervisor
Oct 21 16:17:07 rjacinto1-pri kernel: clocksource: refined-jiffies: mask: 0xffffffff max_cycles: 0xffffffff, max_idle_ns: 1910969940391419 ns
Oct 21 16:17:07 rjacinto1-pri kernel: setup_percpu: NR_CPUS:8192 nr_cpumask_bits:1 nr_cpu_ids:1 nr_node_ids:1
Oct 21 16:17:07 rjacinto1-pri kernel: percpu: Embedded 53 pages/cpu s180224 r8192 d28672 u2097152
Oct 21 16:17:07 rjacinto1-pri kernel: Built 1 zonelists, mobility grouping on.  Total pages: 515808
Oct 21 16:17:07 rjacinto1-pri kernel: Policy zone: DMA32
Oct 21 16:17:07 rjacinto1-pri kernel: Kernel command line: BOOT_IMAGE=(hd0,msdos1)/vmlinuz-4.18.0-193.el8.x86_64 root=/dev/mapper/cl-root ro crashkernel=auto resume=/dev/mapper/cl-swap rd.lvm.lv=cl/root rd.lvm.lv=cl/swap rhgb quiet
Oct 21 16:17:07 rjacinto1-pri kernel: Specific versions of hardware are certified with Red Hat Enterprise Linux 8. Please see the list of hardware certified with Red Hat Enterprise Linux 8 at https://access.redhat.com/ecosystem.
Oct 21 16:17:07 rjacinto1-pri kernel: Memory: 261120K/2096632K available (12292K kernel code, 2151K rwdata, 3848K rodata, 2404K init, 6476K bss, 261764K reserved, 0K cma-reserved)
Oct 21 16:17:07 rjacinto1-pri kernel: random: get_random_u64 called from cache_random_seq_create+0x7c/0x140 with crng_init=0
Oct 21 16:17:07 rjacinto1-pri kernel: SLUB: HWalign=64, Order=0-3, MinObjects=0, CPUs=1, Nodes=1
Oct 21 16:17:07 rjacinto1-pri kernel: Kernel/User page tables isolation: enabled
Oct 21 16:17:07 rjacinto1-pri kernel: ftrace: allocating 36334 entries in 142 pages
Oct 21 16:17:07 rjacinto1-pri kernel: rcu: Hierarchical RCU implementation.
Oct 21 16:17:07 rjacinto1-pri kernel: rcu: #011RCU restricting CPUs from NR_CPUS=8192 to nr_cpu_ids=1.
Oct 21 16:17:07 rjacinto1-pri kernel: rcu: RCU calculated value of scheduler-enlistment delay is 100 jiffies.
Oct 21 16:17:07 rjacinto1-pri kernel: rcu: Adjusting geometry for rcu_fanout_leaf=16, nr_cpu_ids=1
Oct 21 16:17:07 rjacinto1-pri kernel: NR_IRQS: 524544, nr_irqs: 256, preallocated irqs: 16
Oct 21 16:17:07 rjacinto1-pri kernel: Console: colour VGA+ 80x25
Oct 21 16:17:07 rjacinto1-pri kernel: printk: console [tty0] enabled
Oct 21 16:17:07 rjacinto1-pri kernel: ACPI: Core revision 20190703
Oct 21 16:17:07 rjacinto1-pri kernel: clocksource: hpet: mask: 0xffffffff max_cycles: 0xffffffff, max_idle_ns: 133484882848 ns
Oct 21 16:17:07 rjacinto1-pri kernel: APIC: Switch to symmetric I/O mode setup
Oct 21 16:17:07 rjacinto1-pri kernel: x2apic enabled
Oct 21 16:17:07 rjacinto1-pri kernel: Switched APIC routing to physical x2apic.
Oct 21 16:17:07 rjacinto1-pri kernel: ..TIMER: vector=0x30 apic1=0 pin1=2 apic2=-1 pin2=-1
Oct 21 16:17:07 rjacinto1-pri kernel: clocksource: tsc-early: mask: 0xffffffffffffffff max_cycles: 0x26eb3e3cc63, max_idle_ns: 440795236593 ns
Oct 21 16:17:07 rjacinto1-pri kernel: Calibrating delay loop (skipped) preset value.. 5400.00 BogoMIPS (lpj=2700000)
Oct 21 16:17:07 rjacinto1-pri kernel: pid_max: default: 32768 minimum: 301
Oct 21 16:17:07 rjacinto1-pri kernel: Security Framework initialized
Oct 21 16:17:07 rjacinto1-pri kernel: Yama: becoming mindful.
Oct 21 16:17:07 rjacinto1-pri kernel: SELinux:  Initializing.
Oct 21 16:17:07 rjacinto1-pri kernel: Dentry cache hash table entries: 262144 (order: 9, 2097152 bytes)
Oct 21 16:17:07 rjacinto1-pri kernel: Inode-cache hash table entries: 131072 (order: 8, 1048576 bytes)
Oct 21 16:17:07 rjacinto1-pri kernel: Mount-cache hash table entries: 4096 (order: 3, 32768 bytes)
Oct 21 16:17:07 rjacinto1-pri kernel: Mountpoint-cache hash table entries: 4096 (order: 3, 32768 bytes)
Oct 21 16:17:07 rjacinto1-pri kernel: Disabled fast string operations
Oct 21 16:17:07 rjacinto1-pri kernel: Last level iTLB entries: 4KB 512, 2MB 8, 4MB 8
Oct 21 16:17:07 rjacinto1-pri kernel: Last level dTLB entries: 4KB 512, 2MB 32, 4MB 32, 1GB 0
Oct 21 16:17:07 rjacinto1-pri kernel: FEATURE SPEC_CTRL Present
Oct 21 16:17:07 rjacinto1-pri kernel: FEATURE IBPB_SUPPORT Present
Oct 21 16:17:07 rjacinto1-pri kernel: Spectre V1 : Mitigation: usercopy/swapgs barriers and __user pointer sanitization
Oct 21 16:17:07 rjacinto1-pri kernel: Spectre V2 : Mitigation: Full generic retpoline
Oct 21 16:17:07 rjacinto1-pri kernel: Spectre V2 : Spectre v2 / SpectreRSB mitigation: Filling RSB on context switch
Oct 21 16:17:07 rjacinto1-pri kernel: Spectre V2 : Enabling Restricted Speculation for firmware calls
Oct 21 16:17:07 rjacinto1-pri kernel: Spectre V2 : mitigation: Enabling conditional Indirect Branch Prediction Barrier
Oct 21 16:17:07 rjacinto1-pri kernel: Speculative Store Bypass: Mitigation: Speculative Store Bypass disabled via prctl and seccomp
Oct 21 16:17:07 rjacinto1-pri kernel: MDS: Mitigation: Clear CPU buffers
Oct 21 16:17:07 rjacinto1-pri kernel: Freeing SMP alternatives memory: 32K
Oct 21 16:17:07 rjacinto1-pri kernel: smpboot: CPU0: Intel(R) Xeon(R) CPU E5-2680 0 @ 2.70GHz (family: 0x6, model: 0x2d, stepping: 0x7)
Oct 21 16:17:07 rjacinto1-pri kernel: Performance Events: SandyBridge events, core PMU driver.
Oct 21 16:17:07 rjacinto1-pri kernel: core: CPUID marked event: 'cpu cycles' unavailable
Oct 21 16:17:07 rjacinto1-pri kernel: core: CPUID marked event: 'instructions' unavailable
Oct 21 16:17:07 rjacinto1-pri kernel: core: CPUID marked event: 'bus cycles' unavailable
Oct 21 16:17:07 rjacinto1-pri kernel: core: CPUID marked event: 'cache references' unavailable
Oct 21 16:17:07 rjacinto1-pri kernel: core: CPUID marked event: 'cache misses' unavailable
Oct 21 16:17:07 rjacinto1-pri kernel: core: CPUID marked event: 'branch instructions' unavailable
Oct 21 16:17:07 rjacinto1-pri kernel: core: CPUID marked event: 'branch misses' unavailable
Oct 21 16:17:07 rjacinto1-pri kernel: ... version:                1
Oct 21 16:17:07 rjacinto1-pri kernel: ... bit width:              48
Oct 21 16:17:07 rjacinto1-pri kernel: ... generic registers:      4
Oct 21 16:17:07 rjacinto1-pri kernel: ... value mask:             0000ffffffffffff
Oct 21 16:17:07 rjacinto1-pri kernel: ... max period:             000000007fffffff
Oct 21 16:17:07 rjacinto1-pri kernel: ... fixed-purpose events:   0
Oct 21 16:17:07 rjacinto1-pri kernel: ... event mask:             000000000000000f
Oct 21 16:17:07 rjacinto1-pri kernel: rcu: Hierarchical SRCU implementation.
Oct 21 16:17:07 rjacinto1-pri kernel: NMI watchdog: Perf NMI watchdog permanently disabled
Oct 21 16:17:07 rjacinto1-pri kernel: smp: Bringing up secondary CPUs ...
Oct 21 16:17:07 rjacinto1-pri kernel: smp: Brought up 1 node, 1 CPU
Oct 21 16:17:07 rjacinto1-pri kernel: smpboot: Max logical packages: 1
Oct 21 16:17:07 rjacinto1-pri kernel: smpboot: Total of 1 processors activated (5400.00 BogoMIPS)
Oct 21 16:17:07 rjacinto1-pri kernel: node 0 initialised, 393437 pages in 1ms
Oct 21 16:17:07 rjacinto1-pri kernel: devtmpfs: initialized
Oct 21 16:17:07 rjacinto1-pri kernel: x86/mm: Memory block size: 128MB
Oct 21 16:17:07 rjacinto1-pri kernel: PM: Registering ACPI NVS region [mem 0x7feff000-0x7fefffff] (4096 bytes)
Oct 21 16:17:07 rjacinto1-pri kernel: clocksource: jiffies: mask: 0xffffffff max_cycles: 0xffffffff, max_idle_ns: 1911260446275000 ns
Oct 21 16:17:07 rjacinto1-pri kernel: futex hash table entries: 256 (order: 2, 16384 bytes)
Oct 21 16:17:07 rjacinto1-pri kernel: pinctrl core: initialized pinctrl subsystem
Oct 21 16:17:07 rjacinto1-pri kernel: NET: Registered protocol family 16
Oct 21 16:17:07 rjacinto1-pri kernel: audit: initializing netlink subsys (disabled)
Oct 21 16:17:07 rjacinto1-pri kernel: cpuidle: using governor menu
Oct 21 16:17:07 rjacinto1-pri kernel: Simple Boot Flag at 0x36 set to 0x80
Oct 21 16:17:07 rjacinto1-pri kernel: ACPI: bus type PCI registered
Oct 21 16:17:07 rjacinto1-pri kernel: acpiphp: ACPI Hot Plug PCI Controller Driver version: 0.5
Oct 21 16:17:07 rjacinto1-pri kernel: PCI: MMCONFIG for domain 0000 [bus 00-7f] at [mem 0xf0000000-0xf7ffffff] (base 0xf0000000)
Oct 21 16:17:07 rjacinto1-pri kernel: PCI: MMCONFIG at [mem 0xf0000000-0xf7ffffff] reserved in E820
Oct 21 16:17:07 rjacinto1-pri kernel: PCI: Using configuration type 1 for base access
Oct 21 16:17:07 rjacinto1-pri kernel: core: PMU erratum BJ122, BV98, HSD29 workaround disabled, HT off
Oct 21 16:17:07 rjacinto1-pri kernel: audit: type=2000 audit(1603311425.013:1): state=initialized audit_enabled=0 res=1
Oct 21 16:17:07 rjacinto1-pri kernel: HugeTLB registered 2.00 MiB page size, pre-allocated 0 pages
Oct 21 16:17:07 rjacinto1-pri kernel: cryptd: max_cpu_qlen set to 1000
Oct 21 16:17:07 rjacinto1-pri kernel: ACPI: Added _OSI(Module Device)
Oct 21 16:17:07 rjacinto1-pri kernel: ACPI: Added _OSI(Processor Device)
Oct 21 16:17:07 rjacinto1-pri kernel: ACPI: Added _OSI(3.0 _SCP Extensions)
Oct 21 16:17:07 rjacinto1-pri kernel: ACPI: Added _OSI(Processor Aggregator Device)
Oct 21 16:17:07 rjacinto1-pri kernel: ACPI: Added _OSI(Linux-Dell-Video)
Oct 21 16:17:07 rjacinto1-pri kernel: ACPI: Added _OSI(Linux-Lenovo-NV-HDMI-Audio)
Oct 21 16:17:07 rjacinto1-pri kernel: ACPI: Added _OSI(Linux-HPI-Hybrid-Graphics)
Oct 21 16:17:07 rjacinto1-pri kernel: ACPI: 1 ACPI AML tables successfully acquired and loaded
Oct 21 16:17:07 rjacinto1-pri kernel: ACPI: [Firmware Bug]: BIOS _OSI(Linux) query ignored
