Nov  8 03:30:02 rjacinto1-pri kernel: Logged Traffic: IN=lo OUT= MAC=00:00:00:00:00:00:00:00:00:00:00:00:08:00 SRC=127.0.0.1 DST=127.0.0.1 LEN=60 TOS=0x00 PREC=0x00 TTL=64 ID=10509 DF PROTO=TCP SPT=57093 DPT=953 WINDOW=43690 RES=0x00 SYN URGP=0 
Nov  8 03:30:02 rjacinto1-pri systemd[1]: Reloaded Berkeley Internet Name Domain (DNS).
Nov  8 03:30:02 rjacinto1-pri named[4267]: received SIGHUP signal to reload zones
Nov  8 03:30:02 rjacinto1-pri named[4267]: loading configuration from '/etc/named.conf'
Nov  8 03:30:02 rjacinto1-pri named[4267]: /etc/named.conf:10: both "recursion no;" and "allow-recursion" active
Nov  8 03:30:02 rjacinto1-pri named[4267]: unable to open '/etc/bind.keys'; using built-in keys instead
Nov  8 03:30:02 rjacinto1-pri named[4267]: looking for GeoIP2 databases in '/usr/share/GeoIP'
Nov  8 03:30:02 rjacinto1-pri named[4267]: opened GeoIP2 database '/usr/share/GeoIP/GeoLite2-Country.mmdb'
Nov  8 03:30:02 rjacinto1-pri named[4267]: opened GeoIP2 database '/usr/share/GeoIP/GeoLite2-City.mmdb'
Nov  8 03:30:02 rjacinto1-pri named[4267]: using default UDP/IPv4 port range: [32768, 60999]
Nov  8 03:30:02 rjacinto1-pri named[4267]: using default UDP/IPv6 port range: [32768, 60999]
Nov  8 03:30:02 rjacinto1-pri named[4267]: sizing zone task pool based on 3 zones
Nov  8 03:30:02 rjacinto1-pri named[4267]: none:104: 'max-cache-size 90%' - setting to 1643MB (out of 1825MB)
Nov  8 03:30:02 rjacinto1-pri named[4267]: none:104: 'max-cache-size 90%' - setting to 1643MB (out of 1825MB)
Nov  8 03:30:02 rjacinto1-pri named[4267]: configuring command channel from '/etc/rndc.key'
Nov  8 03:30:02 rjacinto1-pri named[4267]: configuring command channel from '/etc/rndc.key'
Nov  8 03:30:02 rjacinto1-pri named[4267]: reloading configuration succeeded
Nov  8 03:30:02 rjacinto1-pri named[4267]: reloading zones succeeded
Nov  8 03:30:02 rjacinto1-pri named[4267]: all zones loaded
Nov  8 03:30:02 rjacinto1-pri named[4267]: running
Nov  8 03:30:02 rjacinto1-pri rsyslogd[1046]: [origin software="rsyslogd" swVersion="8.1911.0-3.el8" x-pid="1046" x-info="https://www.rsyslog.com"] rsyslogd was HUPed
Nov  8 03:36:10 rjacinto1-pri kernel: Logged Traffic: IN=ens192 OUT= MAC=ff:ff:ff:ff:ff:ff:00:50:56:00:00:2b:08:00 SRC=0.0.0.0 DST=255.255.255.255 LEN=310 TOS=0x00 PREC=0xC0 TTL=64 ID=0 DF PROTO=UDP SPT=68 DPT=67 LEN=290 
Nov  8 04:10:40 rjacinto1-pri kernel: Logged Traffic: IN=ens192 OUT= MAC=ff:ff:ff:ff:ff:ff:00:50:56:00:00:2d:08:00 SRC=0.0.0.0 DST=255.255.255.255 LEN=310 TOS=0x00 PREC=0xC0 TTL=64 ID=0 DF PROTO=UDP SPT=68 DPT=67 LEN=290 
Nov  8 04:12:02 rjacinto1-pri kernel: Logged Traffic: IN=ens192 OUT= MAC=ff:ff:ff:ff:ff:ff:00:50:56:00:00:58:08:00 SRC=0.0.0.0 DST=255.255.255.255 LEN=324 TOS=0x00 PREC=0xC0 TTL=64 ID=0 DF PROTO=UDP SPT=68 DPT=67 LEN=304 
Nov  8 04:12:58 rjacinto1-pri kernel: Logged Traffic: IN=ens192 OUT= MAC=ff:ff:ff:ff:ff:ff:00:50:56:00:00:64:08:00 SRC=0.0.0.0 DST=255.255.255.255 LEN=310 TOS=0x00 PREC=0xC0 TTL=64 ID=0 DF PROTO=UDP SPT=68 DPT=67 LEN=290 
Nov  8 04:14:20 rjacinto1-pri kernel: Logged Traffic: IN=ens192 OUT= MAC=ff:ff:ff:ff:ff:ff:00:50:56:00:00:3d:08:00 SRC=0.0.0.0 DST=255.255.255.255 LEN=310 TOS=0x00 PREC=0xC0 TTL=64 ID=0 DF PROTO=UDP SPT=68 DPT=67 LEN=290 
Nov  8 04:18:57 rjacinto1-pri systemd[1]: Starting dnf makecache...
Nov  8 04:18:57 rjacinto1-pri dnf[14968]: Metadata cache refreshed recently.
Nov  8 04:18:58 rjacinto1-pri systemd[1]: Started dnf makecache.
Nov  8 04:42:41 rjacinto1-pri kernel: Logged Traffic: IN=ens192 OUT= MAC=ff:ff:ff:ff:ff:ff:00:50:56:00:00:4c:08:00 SRC=0.0.0.0 DST=255.255.255.255 LEN=321 TOS=0x00 PREC=0xC0 TTL=64 ID=0 DF PROTO=UDP SPT=68 DPT=67 LEN=301 
Nov  8 05:08:45 rjacinto1-pri kernel: Logged Traffic: IN=ens192 OUT= MAC=ff:ff:ff:ff:ff:ff:00:50:56:00:00:24:08:00 SRC=0.0.0.0 DST=255.255.255.255 LEN=325 TOS=0x00 PREC=0xC0 TTL=64 ID=0 DF PROTO=UDP SPT=68 DPT=67 LEN=305 
Nov  8 05:15:16 rjacinto1-pri kernel: Logged Traffic: IN=ens192 OUT= MAC=ff:ff:ff:ff:ff:ff:00:50:56:00:00:50:08:00 SRC=0.0.0.0 DST=255.255.255.255 LEN=327 TOS=0x00 PREC=0xC0 TTL=64 ID=0 DF PROTO=UDP SPT=68 DPT=67 LEN=307 
Nov  8 05:19:57 rjacinto1-pri systemd[1]: Starting dnf makecache...
Nov  8 05:19:58 rjacinto1-pri dnf[14991]: CentOS-8 - AppStream                             18 kB/s | 4.3 kB     00:00
Nov  8 05:19:58 rjacinto1-pri dnf[14991]: CentOS-8 - Base                                  16 kB/s | 3.9 kB     00:00
Nov  8 05:19:58 rjacinto1-pri dnf[14991]: CentOS-8 - Extras                               6.0 kB/s | 1.5 kB     00:00
Nov  8 05:19:59 rjacinto1-pri dnf[14991]: Metadata cache created.
Nov  8 05:19:59 rjacinto1-pri systemd[1]: Started dnf makecache.
Nov  8 05:20:17 rjacinto1-pri kernel: Logged Traffic: IN=ens192 OUT= MAC=ff:ff:ff:ff:ff:ff:00:50:56:00:00:55:08:00 SRC=0.0.0.0 DST=255.255.255.255 LEN=310 TOS=0x00 PREC=0xC0 TTL=64 ID=0 DF PROTO=UDP SPT=68 DPT=67 LEN=290 
Nov  8 05:28:53 rjacinto1-pri kernel: Logged Traffic: IN=ens192 OUT= MAC=ff:ff:ff:ff:ff:ff:00:50:56:00:00:3f:08:00 SRC=0.0.0.0 DST=255.255.255.255 LEN=323 TOS=0x00 PREC=0xC0 TTL=64 ID=0 DF PROTO=UDP SPT=68 DPT=67 LEN=303 
Nov  8 05:31:13 rjacinto1-pri kernel: Logged Traffic: IN=ens192 OUT= MAC=ff:ff:ff:ff:ff:ff:00:50:56:00:00:25:08:00 SRC=0.0.0.0 DST=255.255.255.255 LEN=310 TOS=0x00 PREC=0xC0 TTL=64 ID=0 DF PROTO=UDP SPT=68 DPT=67 LEN=290 
Nov  8 05:42:44 rjacinto1-pri kernel: Logged Traffic: IN=ens192 OUT= MAC=ff:ff:ff:ff:ff:ff:00:50:56:00:00:23:08:00 SRC=0.0.0.0 DST=255.255.255.255 LEN=325 TOS=0x00 PREC=0xC0 TTL=64 ID=0 DF PROTO=UDP SPT=68 DPT=67 LEN=305 
Nov  8 05:52:39 rjacinto1-pri kernel: Logged Traffic: IN=ens192 OUT= MAC=ff:ff:ff:ff:ff:ff:00:50:56:00:00:1c:08:00 SRC=0.0.0.0 DST=255.255.255.255 LEN=320 TOS=0x00 PREC=0xC0 TTL=64 ID=0 DF PROTO=UDP SPT=68 DPT=67 LEN=300 
Nov  8 05:54:51 rjacinto1-pri kernel: Logged Traffic: IN=ens192 OUT= MAC=ff:ff:ff:ff:ff:ff:00:50:56:00:00:28:08:00 SRC=0.0.0.0 DST=255.255.255.255 LEN=325 TOS=0x00 PREC=0xC0 TTL=64 ID=0 DF PROTO=UDP SPT=68 DPT=67 LEN=305 
Nov  8 05:56:33 rjacinto1-pri kernel: Logged Traffic: IN=ens192 OUT= MAC=ff:ff:ff:ff:ff:ff:00:50:56:00:00:1b:08:00 SRC=0.0.0.0 DST=255.255.255.255 LEN=320 TOS=0x00 PREC=0xC0 TTL=64 ID=0 DF PROTO=UDP SPT=68 DPT=67 LEN=300 
Nov  8 05:58:55 rjacinto1-pri kernel: Logged Traffic: IN=ens192 OUT= MAC=ff:ff:ff:ff:ff:ff:00:50:56:00:00:27:08:00 SRC=0.0.0.0 DST=255.255.255.255 LEN=325 TOS=0x00 PREC=0xC0 TTL=64 ID=0 DF PROTO=UDP SPT=68 DPT=67 LEN=305 
Nov  8 05:59:56 rjacinto1-pri kernel: Logged Traffic: IN=ens192 OUT= MAC=ff:ff:ff:ff:ff:ff:00:50:56:00:00:41:08:00 SRC=0.0.0.0 DST=255.255.255.255 LEN=326 TOS=0x00 PREC=0xC0 TTL=64 ID=0 DF PROTO=UDP SPT=68 DPT=67 LEN=306 
Nov  8 06:20:47 rjacinto1-pri systemd[1]: Starting dnf makecache...
Nov  8 06:20:47 rjacinto1-pri dnf[15021]: Metadata cache refreshed recently.
Nov  8 06:20:48 rjacinto1-pri systemd[1]: Started dnf makecache.
Nov  8 06:44:37 rjacinto1-pri kernel: Logged Traffic: IN=ens192 OUT= MAC=ff:ff:ff:ff:ff:ff:00:50:56:00:00:53:08:00 SRC=0.0.0.0 DST=255.255.255.255 LEN=325 TOS=0x00 PREC=0xC0 TTL=64 ID=0 DF PROTO=UDP SPT=68 DPT=67 LEN=305 
Nov  8 06:45:33 rjacinto1-pri kernel: Logged Traffic: IN=ens192 OUT= MAC=ff:ff:ff:ff:ff:ff:00:50:56:00:00:54:08:00 SRC=0.0.0.0 DST=255.255.255.255 LEN=325 TOS=0x00 PREC=0xC0 TTL=64 ID=0 DF PROTO=UDP SPT=68 DPT=67 LEN=305 
Nov  8 06:45:48 rjacinto1-pri kernel: Logged Traffic: IN=ens192 OUT= MAC=ff:ff:ff:ff:ff:ff:00:50:56:00:00:39:08:00 SRC=0.0.0.0 DST=255.255.255.255 LEN=310 TOS=0x00 PREC=0xC0 TTL=64 ID=0 DF PROTO=UDP SPT=68 DPT=67 LEN=290 
Nov  8 06:56:54 rjacinto1-pri kernel: Logged Traffic: IN=ens192 OUT= MAC=ff:ff:ff:ff:ff:ff:00:50:56:00:00:1f:08:00 SRC=0.0.0.0 DST=255.255.255.255 LEN=322 TOS=0x00 PREC=0xC0 TTL=64 ID=0 DF PROTO=UDP SPT=68 DPT=67 LEN=302 
Nov  8 06:59:53 rjacinto1-pri kernel: Logged Traffic: IN=ens192 OUT= MAC=ff:ff:ff:ff:ff:ff:00:50:56:00:00:30:08:00 SRC=0.0.0.0 DST=255.255.255.255 LEN=310 TOS=0x00 PREC=0xC0 TTL=64 ID=0 DF PROTO=UDP SPT=68 DPT=67 LEN=290 
Nov  8 07:00:05 rjacinto1-pri kernel: Logged Traffic: IN=ens192 OUT= MAC=ff:ff:ff:ff:ff:ff:00:50:56:00:00:2f:08:00 SRC=0.0.0.0 DST=255.255.255.255 LEN=310 TOS=0x00 PREC=0xC0 TTL=64 ID=0 DF PROTO=UDP SPT=68 DPT=67 LEN=290 
Nov  8 07:03:44 rjacinto1-pri kernel: Logged Traffic: IN=ens192 OUT= MAC=ff:ff:ff:ff:ff:ff:00:50:56:00:00:43:08:00 SRC=0.0.0.0 DST=255.255.255.255 LEN=322 TOS=0x00 PREC=0xC0 TTL=64 ID=0 DF PROTO=UDP SPT=68 DPT=67 LEN=302 
Nov  8 07:15:45 rjacinto1-pri kernel: Logged Traffic: IN=ens192 OUT= MAC=ff:ff:ff:ff:ff:ff:00:50:56:00:00:19:08:00 SRC=0.0.0.0 DST=255.255.255.255 LEN=310 TOS=0x00 PREC=0xC0 TTL=64 ID=0 DF PROTO=UDP SPT=68 DPT=67 LEN=290 
Nov  8 07:20:57 rjacinto1-pri systemd[1]: Starting dnf makecache...
Nov  8 07:20:57 rjacinto1-pri dnf[15044]: Metadata cache refreshed recently.
Nov  8 07:20:57 rjacinto1-pri systemd[1]: Started dnf makecache.
Nov  8 07:42:45 rjacinto1-pri kernel: Logged Traffic: IN=ens192 OUT= MAC=ff:ff:ff:ff:ff:ff:00:50:56:00:00:08:08:00 SRC=0.0.0.0 DST=255.255.255.255 LEN=328 TOS=0x00 PREC=0xC0 TTL=64 ID=0 DF PROTO=UDP SPT=68 DPT=67 LEN=308 
Nov  8 07:49:51 rjacinto1-pri kernel: Logged Traffic: IN=ens192 OUT= MAC=ff:ff:ff:ff:ff:ff:00:50:56:00:00:07:08:00 SRC=0.0.0.0 DST=255.255.255.255 LEN=328 TOS=0x00 PREC=0xC0 TTL=64 ID=0 DF PROTO=UDP SPT=68 DPT=67 LEN=308 
Nov  8 07:52:44 rjacinto1-pri kernel: Logged Traffic: IN=ens192 OUT= MAC=ff:ff:ff:ff:ff:ff:00:50:56:00:00:57:08:00 SRC=0.0.0.0 DST=255.255.255.255 LEN=324 TOS=0x00 PREC=0xC0 TTL=64 ID=0 DF PROTO=UDP SPT=68 DPT=67 LEN=304 
Nov  8 07:55:57 rjacinto1-pri kernel: Logged Traffic: IN=ens192 OUT= MAC=ff:ff:ff:ff:ff:ff:00:50:56:00:00:34:08:00 SRC=0.0.0.0 DST=255.255.255.255 LEN=325 TOS=0x00 PREC=0xC0 TTL=64 ID=0 DF PROTO=UDP SPT=68 DPT=67 LEN=305 
Nov  8 07:58:03 rjacinto1-pri kernel: Logged Traffic: IN=ens192 OUT= MAC=ff:ff:ff:ff:ff:ff:00:50:56:00:00:05:08:00 SRC=0.0.0.0 DST=255.255.255.255 LEN=310 TOS=0x00 PREC=0xC0 TTL=64 ID=0 DF PROTO=UDP SPT=68 DPT=67 LEN=290 
Nov  8 08:09:41 rjacinto1-pri kernel: Logged Traffic: IN=ens192 OUT= MAC=ff:ff:ff:ff:ff:ff:00:50:56:00:00:3b:08:00 SRC=0.0.0.0 DST=255.255.255.255 LEN=322 TOS=0x00 PREC=0xC0 TTL=64 ID=0 DF PROTO=UDP SPT=68 DPT=67 LEN=302 
Nov  8 08:11:09 rjacinto1-pri kernel: Logged Traffic: IN=ens192 OUT= MAC=ff:ff:ff:ff:ff:ff:00:50:56:00:00:21:08:00 SRC=0.0.0.0 DST=255.255.255.255 LEN=310 TOS=0x00 PREC=0xC0 TTL=64 ID=0 DF PROTO=UDP SPT=68 DPT=67 LEN=290 
Nov  8 08:19:57 rjacinto1-pri kernel: Logged Traffic: IN=ens192 OUT= MAC=ff:ff:ff:ff:ff:ff:00:50:56:00:00:6f:08:00 SRC=0.0.0.0 DST=255.255.255.255 LEN=325 TOS=0x00 PREC=0xC0 TTL=64 ID=0 DF PROTO=UDP SPT=68 DPT=67 LEN=305 
Nov  8 08:21:57 rjacinto1-pri systemd[1]: Starting dnf makecache...
Nov  8 08:21:58 rjacinto1-pri dnf[15068]: CentOS-8 - AppStream                             17 kB/s | 4.3 kB     00:00
Nov  8 08:21:58 rjacinto1-pri dnf[15068]: CentOS-8 - Base                                  12 kB/s | 3.9 kB     00:00
Nov  8 08:21:58 rjacinto1-pri dnf[15068]: CentOS-8 - Extras                               5.6 kB/s | 1.5 kB     00:00
Nov  8 08:21:59 rjacinto1-pri dnf[15068]: Metadata cache created.
Nov  8 08:21:59 rjacinto1-pri systemd[1]: Started dnf makecache.
Nov  8 08:25:36 rjacinto1-pri kernel: Logged Traffic: IN=ens192 OUT= MAC=ff:ff:ff:ff:ff:ff:00:50:56:00:00:59:08:00 SRC=0.0.0.0 DST=255.255.255.255 LEN=327 TOS=0x00 PREC=0xC0 TTL=64 ID=0 DF PROTO=UDP SPT=68 DPT=67 LEN=307 
Nov  8 08:28:23 rjacinto1-pri kernel: Logged Traffic: IN=ens192 OUT= MAC=ff:ff:ff:ff:ff:ff:00:50:56:00:00:5a:08:00 SRC=0.0.0.0 DST=255.255.255.255 LEN=327 TOS=0x00 PREC=0xC0 TTL=64 ID=0 DF PROTO=UDP SPT=68 DPT=67 LEN=307 
Nov  8 08:33:19 rjacinto1-pri kernel: Logged Traffic: IN=ens192 OUT= MAC=ff:ff:ff:ff:ff:ff:00:50:56:00:00:5b:08:00 SRC=0.0.0.0 DST=255.255.255.255 LEN=310 TOS=0x00 PREC=0xC0 TTL=64 ID=0 DF PROTO=UDP SPT=68 DPT=67 LEN=290 
Nov  8 08:39:40 rjacinto1-pri kernel: Logged Traffic: IN=ens192 OUT= MAC=ff:ff:ff:ff:ff:ff:00:50:56:00:00:3c:08:00 SRC=0.0.0.0 DST=255.255.255.255 LEN=322 TOS=0x00 PREC=0xC0 TTL=64 ID=0 DF PROTO=UDP SPT=68 DPT=67 LEN=302 
Nov  8 08:41:43 rjacinto1-pri NetworkManager[950]: <error> [1604842903.8352] dhcp4 (ens192): error -113 dispatching events
Nov  8 08:41:43 rjacinto1-pri NetworkManager[950]: <info>  [1604842903.8358] dhcp4 (ens192): state changed bound -> fail
Nov  8 08:41:43 rjacinto1-pri NetworkManager[950]: <info>  [1604842903.8359] device (ens192): DHCPv4: trying to acquire a new lease within 90 seconds
Nov  8 08:43:13 rjacinto1-pri NetworkManager[950]: <info>  [1604842993.7227] device (ens192): DHCPv4: grace period expired
Nov  8 08:43:13 rjacinto1-pri NetworkManager[950]: <info>  [1604842993.7228] device (ens192): state change: activated -> failed (reason 'ip-config-unavailable', sys-iface-state: 'managed')
Nov  8 08:43:13 rjacinto1-pri NetworkManager[950]: <warn>  [1604842993.7242] device (ens192): Activation: failed for connection 'ens192'
Nov  8 08:43:13 rjacinto1-pri NetworkManager[950]: <info>  [1604842993.7249] manager: NetworkManager state is now CONNECTED_LOCAL
Nov  8 08:43:13 rjacinto1-pri NetworkManager[950]: <info>  [1604842993.7253] device (ens192): state change: failed -> disconnected (reason 'none', sys-iface-state: 'managed')
Nov  8 08:43:13 rjacinto1-pri NetworkManager[950]: <info>  [1604842993.7270] dhcp4 (ens192): canceled DHCP transaction
Nov  8 08:43:13 rjacinto1-pri NetworkManager[950]: <info>  [1604842993.7272] dhcp4 (ens192): state changed fail -> done
Nov  8 08:43:13 rjacinto1-pri dbus-daemon[949]: [system] Activating via systemd: service name='org.freedesktop.nm_dispatcher' unit='dbus-org.freedesktop.nm-dispatcher.service' requested by ':1.4' (uid=0 pid=950 comm="/usr/sbin/NetworkManager --no-daemon " label="system_u:system_r:NetworkManager_t:s0")
Nov  8 08:43:13 rjacinto1-pri systemd[1]: Starting Network Manager Script Dispatcher Service...
Nov  8 08:43:13 rjacinto1-pri named[4267]: no longer listening on 172.16.13.3#53
Nov  8 08:43:13 rjacinto1-pri NetworkManager[950]: <info>  [1604842993.7537] policy: auto-activating connection 'ens192' (29b6e258-0ffd-4ee3-8f2d-2126105eee4f)
Nov  8 08:43:13 rjacinto1-pri NetworkManager[950]: <info>  [1604842993.7547] device (ens192): Activation: starting connection 'ens192' (29b6e258-0ffd-4ee3-8f2d-2126105eee4f)
Nov  8 08:43:13 rjacinto1-pri NetworkManager[950]: <info>  [1604842993.7548] device (ens192): state change: disconnected -> prepare (reason 'none', sys-iface-state: 'managed')
Nov  8 08:43:13 rjacinto1-pri NetworkManager[950]: <info>  [1604842993.7551] manager: NetworkManager state is now CONNECTING
Nov  8 08:43:13 rjacinto1-pri NetworkManager[950]: <info>  [1604842993.7552] device (ens192): state change: prepare -> config (reason 'none', sys-iface-state: 'managed')
Nov  8 08:43:13 rjacinto1-pri NetworkManager[950]: <info>  [1604842993.7557] device (ens192): state change: config -> ip-config (reason 'none', sys-iface-state: 'managed')
Nov  8 08:43:13 rjacinto1-pri NetworkManager[950]: <info>  [1604842993.7560] dhcp4 (ens192): activation: beginning transaction (timeout in 45 seconds)
Nov  8 08:43:13 rjacinto1-pri dbus-daemon[949]: [system] Successfully activated service 'org.freedesktop.nm_dispatcher'
Nov  8 08:43:13 rjacinto1-pri NetworkManager[950]: <info>  [1604842993.7647] dhcp4 (ens192): option dhcp_lease_time      => '86400'
Nov  8 08:43:13 rjacinto1-pri named[4267]: listening on IPv4 interface ens192, 172.16.13.3#53
Nov  8 08:43:13 rjacinto1-pri NetworkManager[950]: <info>  [1604842993.7647] dhcp4 (ens192): option domain_name_servers  => '10.102.100.22 10.101.100.42 10.101.100.41'
Nov  8 08:43:13 rjacinto1-pri NetworkManager[950]: <info>  [1604842993.7647] dhcp4 (ens192): option expiry               => '1604929393'
Nov  8 08:43:13 rjacinto1-pri NetworkManager[950]: <info>  [1604842993.7647] dhcp4 (ens192): option ip_address           => '172.16.13.3'
Nov  8 08:43:13 rjacinto1-pri NetworkManager[950]: <info>  [1604842993.7647] dhcp4 (ens192): option requested_broadcast_address => '1'
Nov  8 08:43:13 rjacinto1-pri NetworkManager[950]: <info>  [1604842993.7647] dhcp4 (ens192): option requested_domain_name => '1'
Nov  8 08:43:13 rjacinto1-pri NetworkManager[950]: <info>  [1604842993.7647] dhcp4 (ens192): option requested_domain_name_servers => '1'
Nov  8 08:43:13 rjacinto1-pri NetworkManager[950]: <info>  [1604842993.7647] dhcp4 (ens192): option requested_domain_search => '1'
Nov  8 08:43:13 rjacinto1-pri NetworkManager[950]: <info>  [1604842993.7647] dhcp4 (ens192): option requested_host_name  => '1'
Nov  8 08:43:13 rjacinto1-pri NetworkManager[950]: <info>  [1604842993.7648] dhcp4 (ens192): option requested_interface_mtu => '1'
Nov  8 08:43:13 rjacinto1-pri NetworkManager[950]: <info>  [1604842993.7648] dhcp4 (ens192): option requested_ms_classless_static_routes => '1'
Nov  8 08:43:13 rjacinto1-pri NetworkManager[950]: <info>  [1604842993.7648] dhcp4 (ens192): option requested_nis_domain => '1'
Nov  8 08:43:13 rjacinto1-pri NetworkManager[950]: <info>  [1604842993.7648] dhcp4 (ens192): option requested_nis_servers => '1'
Nov  8 08:43:13 rjacinto1-pri NetworkManager[950]: <info>  [1604842993.7648] dhcp4 (ens192): option requested_ntp_servers => '1'
Nov  8 08:43:13 rjacinto1-pri NetworkManager[950]: <info>  [1604842993.7648] dhcp4 (ens192): option requested_rfc3442_classless_static_routes => '1'
Nov  8 08:43:13 rjacinto1-pri NetworkManager[950]: <info>  [1604842993.7648] dhcp4 (ens192): option requested_root_path  => '1'
Nov  8 08:43:13 rjacinto1-pri NetworkManager[950]: <info>  [1604842993.7648] dhcp4 (ens192): option requested_routers    => '1'
Nov  8 08:43:13 rjacinto1-pri NetworkManager[950]: <info>  [1604842993.7648] dhcp4 (ens192): option requested_static_routes => '1'
Nov  8 08:43:13 rjacinto1-pri NetworkManager[950]: <info>  [1604842993.7648] dhcp4 (ens192): option requested_subnet_mask => '1'
Nov  8 08:43:13 rjacinto1-pri NetworkManager[950]: <info>  [1604842993.7648] dhcp4 (ens192): option requested_time_offset => '1'
Nov  8 08:43:13 rjacinto1-pri NetworkManager[950]: <info>  [1604842993.7648] dhcp4 (ens192): option requested_wpad       => '1'
Nov  8 08:43:13 rjacinto1-pri NetworkManager[950]: <info>  [1604842993.7649] dhcp4 (ens192): option routers              => '172.16.255.1'
Nov  8 08:43:13 rjacinto1-pri NetworkManager[950]: <info>  [1604842993.7649] dhcp4 (ens192): option subnet_mask          => '255.255.0.0'
Nov  8 08:43:13 rjacinto1-pri NetworkManager[950]: <info>  [1604842993.7649] dhcp4 (ens192): state changed unknown -> bound
Nov  8 08:43:13 rjacinto1-pri NetworkManager[950]: <info>  [1604842993.7659] device (ens192): state change: ip-config -> ip-check (reason 'none', sys-iface-state: 'managed')
Nov  8 08:43:13 rjacinto1-pri systemd[1]: Started Network Manager Script Dispatcher Service.
Nov  8 08:43:13 rjacinto1-pri NetworkManager[950]: <info>  [1604842993.7776] device (ens192): state change: ip-check -> secondaries (reason 'none', sys-iface-state: 'managed')
Nov  8 08:43:13 rjacinto1-pri NetworkManager[950]: <info>  [1604842993.7778] device (ens192): state change: secondaries -> activated (reason 'none', sys-iface-state: 'managed')
Nov  8 08:43:13 rjacinto1-pri NetworkManager[950]: <info>  [1604842993.7782] manager: NetworkManager state is now CONNECTED_LOCAL
Nov  8 08:43:13 rjacinto1-pri NetworkManager[950]: <info>  [1604842993.7790] manager: NetworkManager state is now CONNECTED_SITE
Nov  8 08:43:13 rjacinto1-pri NetworkManager[950]: <info>  [1604842993.7791] policy: set 'ens192' (ens192) as default for IPv4 routing and DNS
Nov  8 08:43:13 rjacinto1-pri NetworkManager[950]: <info>  [1604842993.7825] device (ens192): Activation: successful, device activated.
Nov  8 08:43:13 rjacinto1-pri NetworkManager[950]: <info>  [1604842993.7829] manager: NetworkManager state is now CONNECTED_GLOBAL
Nov  8 08:50:49 rjacinto1-pri kernel: Logged Traffic: IN=ens192 OUT= MAC=ff:ff:ff:ff:ff:ff:00:50:56:00:00:14:08:00 SRC=0.0.0.0 DST=255.255.255.255 LEN=325 TOS=0x00 PREC=0xC0 TTL=64 ID=0 DF PROTO=UDP SPT=68 DPT=67 LEN=305 
Nov  8 09:10:37 rjacinto1-pri kernel: Logged Traffic: IN=ens192 OUT= MAC=ff:ff:ff:ff:ff:ff:00:50:56:00:00:0c:08:00 SRC=0.0.0.0 DST=255.255.255.255 LEN=310 TOS=0x00 PREC=0xC0 TTL=64 ID=0 DF PROTO=UDP SPT=68 DPT=67 LEN=290 
Nov  8 09:13:46 rjacinto1-pri kernel: Logged Traffic: IN=ens192 OUT= MAC=ff:ff:ff:ff:ff:ff:00:50:56:00:00:6b:08:00 SRC=0.0.0.0 DST=255.255.255.255 LEN=310 TOS=0x00 PREC=0xC0 TTL=64 ID=0 DF PROTO=UDP SPT=68 DPT=67 LEN=290 
Nov  8 09:18:10 rjacinto1-pri kernel: Logged Traffic: IN=ens192 OUT= MAC=ff:ff:ff:ff:ff:ff:00:50:56:00:00:01:08:00 SRC=0.0.0.0 DST=255.255.255.255 LEN=310 TOS=0x00 PREC=0xC0 TTL=64 ID=0 DF PROTO=UDP SPT=68 DPT=67 LEN=290 
Nov  8 09:20:42 rjacinto1-pri kernel: Logged Traffic: IN=ens192 OUT= MAC=ff:ff:ff:ff:ff:ff:00:50:56:00:00:44:08:00 SRC=0.0.0.0 DST=255.255.255.255 LEN=322 TOS=0x00 PREC=0xC0 TTL=64 ID=0 DF PROTO=UDP SPT=68 DPT=67 LEN=302 
Nov  8 09:22:45 rjacinto1-pri kernel: Logged Traffic: IN=ens192 OUT= MAC=ff:ff:ff:ff:ff:ff:00:50:56:00:00:09:08:00 SRC=0.0.0.0 DST=255.255.255.255 LEN=310 TOS=0x00 PREC=0xC0 TTL=64 ID=0 DF PROTO=UDP SPT=68 DPT=67 LEN=290 
Nov  8 09:22:57 rjacinto1-pri systemd[1]: Starting dnf makecache...
Nov  8 09:22:57 rjacinto1-pri dnf[15106]: Metadata cache refreshed recently.
Nov  8 09:22:58 rjacinto1-pri systemd[1]: Started dnf makecache.
Nov  8 09:28:33 rjacinto1-pri kernel: Logged Traffic: IN=ens192 OUT= MAC=ff:ff:ff:ff:ff:ff:00:50:56:00:00:3e:08:00 SRC=0.0.0.0 DST=255.255.255.255 LEN=317 TOS=0x00 PREC=0xC0 TTL=64 ID=0 DF PROTO=UDP SPT=68 DPT=67 LEN=297 
Nov  8 09:43:36 rjacinto1-pri kernel: Logged Traffic: IN=ens192 OUT= MAC=ff:ff:ff:ff:ff:ff:00:50:56:00:00:47:08:00 SRC=0.0.0.0 DST=255.255.255.255 LEN=320 TOS=0x00 PREC=0xC0 TTL=64 ID=0 DF PROTO=UDP SPT=68 DPT=67 LEN=300 
Nov  8 10:13:45 rjacinto1-pri kernel: Logged Traffic: IN=ens192 OUT= MAC=ff:ff:ff:ff:ff:ff:00:50:56:00:00:02:08:00 SRC=0.0.0.0 DST=255.255.255.255 LEN=310 TOS=0x00 PREC=0xC0 TTL=64 ID=0 DF PROTO=UDP SPT=68 DPT=67 LEN=290 
Nov  8 10:14:53 rjacinto1-pri kernel: Logged Traffic: IN=ens192 OUT= MAC=ff:ff:ff:ff:ff:ff:00:50:56:00:00:03:08:00 SRC=0.0.0.0 DST=255.255.255.255 LEN=310 TOS=0x00 PREC=0xC0 TTL=64 ID=0 DF PROTO=UDP SPT=68 DPT=67 LEN=290 
Nov  8 10:17:19 rjacinto1-pri kernel: Logged Traffic: IN=ens192 OUT= MAC=ff:ff:ff:ff:ff:ff:00:50:56:00:00:04:08:00 SRC=0.0.0.0 DST=255.255.255.255 LEN=310 TOS=0x00 PREC=0xC0 TTL=64 ID=0 DF PROTO=UDP SPT=68 DPT=67 LEN=290 
Nov  8 10:23:47 rjacinto1-pri systemd[1]: Starting dnf makecache...
Nov  8 10:23:47 rjacinto1-pri dnf[15129]: Metadata cache refreshed recently.
Nov  8 10:23:47 rjacinto1-pri systemd[1]: Started dnf makecache.
Nov  8 10:25:55 rjacinto1-pri kernel: Logged Traffic: IN=ens192 OUT= MAC=ff:ff:ff:ff:ff:ff:00:50:56:00:00:75:08:00 SRC=0.0.0.0 DST=255.255.255.255 LEN=310 TOS=0x00 PREC=0xC0 TTL=64 ID=0 DF PROTO=UDP SPT=68 DPT=67 LEN=290 
Nov  8 10:27:01 rjacinto1-pri kernel: Logged Traffic: IN=ens192 OUT= MAC=ff:ff:ff:ff:ff:ff:00:50:56:00:00:0e:08:00 SRC=0.0.0.0 DST=255.255.255.255 LEN=318 TOS=0x00 PREC=0xC0 TTL=64 ID=0 DF PROTO=UDP SPT=68 DPT=67 LEN=298 
Nov  8 10:28:02 rjacinto1-pri kernel: Logged Traffic: IN=ens192 OUT= MAC=ff:ff:ff:ff:ff:ff:00:50:56:00:00:0e:08:00 SRC=0.0.0.0 DST=255.255.255.255 LEN=318 TOS=0x00 PREC=0xC0 TTL=64 ID=0 DF PROTO=UDP SPT=68 DPT=67 LEN=298 
Nov  8 10:29:02 rjacinto1-pri kernel: Logged Traffic: IN=ens192 OUT= MAC=ff:ff:ff:ff:ff:ff:00:50:56:00:00:0e:08:00 SRC=0.0.0.0 DST=255.255.255.255 LEN=318 TOS=0x00 PREC=0xC0 TTL=64 ID=0 DF PROTO=UDP SPT=68 DPT=67 LEN=298 
Nov  8 10:30:03 rjacinto1-pri kernel: Logged Traffic: IN=ens192 OUT= MAC=ff:ff:ff:ff:ff:ff:00:50:56:00:00:0e:08:00 SRC=0.0.0.0 DST=255.255.255.255 LEN=318 TOS=0x00 PREC=0xC0 TTL=64 ID=0 DF PROTO=UDP SPT=68 DPT=67 LEN=298 
Nov  8 10:31:03 rjacinto1-pri kernel: Logged Traffic: IN=ens192 OUT= MAC=ff:ff:ff:ff:ff:ff:00:50:56:00:00:0e:08:00 SRC=0.0.0.0 DST=255.255.255.255 LEN=318 TOS=0x00 PREC=0xC0 TTL=64 ID=0 DF PROTO=UDP SPT=68 DPT=67 LEN=298 
Nov  8 10:31:04 rjacinto1-pri kernel: Logged Traffic: IN=ens192 OUT= MAC=ff:ff:ff:ff:ff:ff:00:50:56:00:00:2c:08:00 SRC=0.0.0.0 DST=255.255.255.255 LEN=324 TOS=0x00 PREC=0xC0 TTL=64 ID=0 DF PROTO=UDP SPT=68 DPT=67 LEN=304 
Nov  8 10:32:04 rjacinto1-pri kernel: Logged Traffic: IN=ens192 OUT= MAC=ff:ff:ff:ff:ff:ff:00:50:56:00:00:0e:08:00 SRC=0.0.0.0 DST=255.255.255.255 LEN=318 TOS=0x00 PREC=0xC0 TTL=64 ID=0 DF PROTO=UDP SPT=68 DPT=67 LEN=298 
Nov  8 10:33:05 rjacinto1-pri kernel: Logged Traffic: IN=ens192 OUT= MAC=ff:ff:ff:ff:ff:ff:00:50:56:00:00:0e:08:00 SRC=0.0.0.0 DST=255.255.255.255 LEN=318 TOS=0x00 PREC=0xC0 TTL=64 ID=0 DF PROTO=UDP SPT=68 DPT=67 LEN=298 
Nov  8 10:34:05 rjacinto1-pri kernel: Logged Traffic: IN=ens192 OUT= MAC=ff:ff:ff:ff:ff:ff:00:50:56:00:00:0e:08:00 SRC=0.0.0.0 DST=255.255.255.255 LEN=318 TOS=0x00 PREC=0xC0 TTL=64 ID=0 DF PROTO=UDP SPT=68 DPT=67 LEN=298 
Nov  8 10:35:06 rjacinto1-pri kernel: Logged Traffic: IN=ens192 OUT= MAC=ff:ff:ff:ff:ff:ff:00:50:56:00:00:0e:08:00 SRC=0.0.0.0 DST=255.255.255.255 LEN=318 TOS=0x00 PREC=0xC0 TTL=64 ID=0 DF PROTO=UDP SPT=68 DPT=67 LEN=298 
Nov  8 10:35:14 rjacinto1-pri kernel: Logged Traffic: IN=ens192 OUT= MAC=ff:ff:ff:ff:ff:ff:00:50:56:00:00:11:08:00 SRC=0.0.0.0 DST=255.255.255.255 LEN=310 TOS=0x00 PREC=0xC0 TTL=64 ID=0 DF PROTO=UDP SPT=68 DPT=67 LEN=290 
Nov  8 10:36:06 rjacinto1-pri kernel: Logged Traffic: IN=ens192 OUT= MAC=ff:ff:ff:ff:ff:ff:00:50:56:00:00:0e:08:00 SRC=0.0.0.0 DST=255.255.255.255 LEN=318 TOS=0x00 PREC=0xC0 TTL=64 ID=0 DF PROTO=UDP SPT=68 DPT=67 LEN=298 
Nov  8 10:37:06 rjacinto1-pri kernel: Logged Traffic: IN=ens192 OUT= MAC=ff:ff:ff:ff:ff:ff:00:50:56:00:00:0e:08:00 SRC=0.0.0.0 DST=255.255.255.255 LEN=318 TOS=0x00 PREC=0xC0 TTL=64 ID=0 DF PROTO=UDP SPT=68 DPT=67 LEN=298 
Nov  8 10:38:06 rjacinto1-pri kernel: Logged Traffic: IN=ens192 OUT= MAC=ff:ff:ff:ff:ff:ff:00:50:56:00:00:0e:08:00 SRC=0.0.0.0 DST=255.255.255.255 LEN=318 TOS=0x00 PREC=0xC0 TTL=64 ID=0 DF PROTO=UDP SPT=68 DPT=67 LEN=298 
Nov  8 10:38:43 rjacinto1-pri kernel: Logged Traffic: IN=ens192 OUT= MAC=ff:ff:ff:ff:ff:ff:00:50:56:00:00:1d:08:00 SRC=0.0.0.0 DST=255.255.255.255 LEN=310 TOS=0x00 PREC=0xC0 TTL=64 ID=0 DF PROTO=UDP SPT=68 DPT=67 LEN=290 
Nov  8 10:39:07 rjacinto1-pri kernel: Logged Traffic: IN=ens192 OUT= MAC=ff:ff:ff:ff:ff:ff:00:50:56:00:00:0e:08:00 SRC=0.0.0.0 DST=255.255.255.255 LEN=318 TOS=0x00 PREC=0xC0 TTL=64 ID=0 DF PROTO=UDP SPT=68 DPT=67 LEN=298 
Nov  8 10:40:08 rjacinto1-pri kernel: Logged Traffic: IN=ens192 OUT= MAC=ff:ff:ff:ff:ff:ff:00:50:56:00:00:0e:08:00 SRC=0.0.0.0 DST=255.255.255.255 LEN=318 TOS=0x00 PREC=0xC0 TTL=64 ID=0 DF PROTO=UDP SPT=68 DPT=67 LEN=298 
Nov  8 10:41:08 rjacinto1-pri kernel: Logged Traffic: IN=ens192 OUT= MAC=ff:ff:ff:ff:ff:ff:00:50:56:00:00:0e:08:00 SRC=0.0.0.0 DST=255.255.255.255 LEN=318 TOS=0x00 PREC=0xC0 TTL=64 ID=0 DF PROTO=UDP SPT=68 DPT=67 LEN=298 
Nov  8 10:42:09 rjacinto1-pri kernel: Logged Traffic: IN=ens192 OUT= MAC=ff:ff:ff:ff:ff:ff:00:50:56:00:00:0e:08:00 SRC=0.0.0.0 DST=255.255.255.255 LEN=318 TOS=0x00 PREC=0xC0 TTL=64 ID=0 DF PROTO=UDP SPT=68 DPT=67 LEN=298 
Nov  8 10:43:10 rjacinto1-pri kernel: Logged Traffic: IN=ens192 OUT= MAC=ff:ff:ff:ff:ff:ff:00:50:56:00:00:0e:08:00 SRC=0.0.0.0 DST=255.255.255.255 LEN=318 TOS=0x00 PREC=0xC0 TTL=64 ID=0 DF PROTO=UDP SPT=68 DPT=67 LEN=298 
Nov  8 10:44:10 rjacinto1-pri kernel: Logged Traffic: IN=ens192 OUT= MAC=ff:ff:ff:ff:ff:ff:00:50:56:00:00:0e:08:00 SRC=0.0.0.0 DST=255.255.255.255 LEN=318 TOS=0x00 PREC=0xC0 TTL=64 ID=0 DF PROTO=UDP SPT=68 DPT=67 LEN=298 
Nov  8 10:45:11 rjacinto1-pri kernel: Logged Traffic: IN=ens192 OUT= MAC=ff:ff:ff:ff:ff:ff:00:50:56:00:00:0e:08:00 SRC=0.0.0.0 DST=255.255.255.255 LEN=318 TOS=0x00 PREC=0xC0 TTL=64 ID=0 DF PROTO=UDP SPT=68 DPT=67 LEN=298 
Nov  8 10:46:11 rjacinto1-pri kernel: Logged Traffic: IN=ens192 OUT= MAC=ff:ff:ff:ff:ff:ff:00:50:56:00:00:0e:08:00 SRC=0.0.0.0 DST=255.255.255.255 LEN=318 TOS=0x00 PREC=0xC0 TTL=64 ID=0 DF PROTO=UDP SPT=68 DPT=67 LEN=298 
Nov  8 10:46:39 rjacinto1-pri kernel: Logged Traffic: IN=ens192 OUT= MAC=ff:ff:ff:ff:ff:ff:00:50:56:00:00:49:08:00 SRC=0.0.0.0 DST=255.255.255.255 LEN=310 TOS=0x00 PREC=0xC0 TTL=64 ID=0 DF PROTO=UDP SPT=68 DPT=67 LEN=290 
Nov  8 10:46:46 rjacinto1-pri kernel: Logged Traffic: IN=ens192 OUT= MAC=ff:ff:ff:ff:ff:ff:00:50:56:00:00:60:08:00 SRC=0.0.0.0 DST=255.255.255.255 LEN=325 TOS=0x00 PREC=0xC0 TTL=64 ID=0 DF PROTO=UDP SPT=68 DPT=67 LEN=305 
Nov  8 10:47:12 rjacinto1-pri kernel: Logged Traffic: IN=ens192 OUT= MAC=ff:ff:ff:ff:ff:ff:00:50:56:00:00:0e:08:00 SRC=0.0.0.0 DST=255.255.255.255 LEN=318 TOS=0x00 PREC=0xC0 TTL=64 ID=0 DF PROTO=UDP SPT=68 DPT=67 LEN=298 
Nov  8 10:48:09 rjacinto1-pri kernel: Logged Traffic: IN=ens192 OUT= MAC=ff:ff:ff:ff:ff:ff:00:50:56:00:00:5c:08:00 SRC=0.0.0.0 DST=255.255.255.255 LEN=310 TOS=0x00 PREC=0xC0 TTL=64 ID=0 DF PROTO=UDP SPT=68 DPT=67 LEN=290 
Nov  8 10:48:13 rjacinto1-pri kernel: Logged Traffic: IN=ens192 OUT= MAC=ff:ff:ff:ff:ff:ff:00:50:56:00:00:0e:08:00 SRC=0.0.0.0 DST=255.255.255.255 LEN=318 TOS=0x00 PREC=0xC0 TTL=64 ID=0 DF PROTO=UDP SPT=68 DPT=67 LEN=298 
Nov  8 10:49:13 rjacinto1-pri kernel: Logged Traffic: IN=ens192 OUT= MAC=ff:ff:ff:ff:ff:ff:00:50:56:00:00:0e:08:00 SRC=0.0.0.0 DST=255.255.255.255 LEN=318 TOS=0x00 PREC=0xC0 TTL=64 ID=0 DF PROTO=UDP SPT=68 DPT=67 LEN=298 
Nov  8 10:49:36 rjacinto1-pri kernel: Logged Traffic: IN=ens192 OUT= MAC=ff:ff:ff:ff:ff:ff:00:50:56:00:00:67:08:00 SRC=0.0.0.0 DST=255.255.255.255 LEN=324 TOS=0x00 PREC=0xC0 TTL=64 ID=0 DF PROTO=UDP SPT=68 DPT=67 LEN=304 
Nov  8 10:49:42 rjacinto1-pri kernel: Logged Traffic: IN=ens192 OUT= MAC=ff:ff:ff:ff:ff:ff:00:50:56:00:00:66:08:00 SRC=0.0.0.0 DST=255.255.255.255 LEN=324 TOS=0x00 PREC=0xC0 TTL=64 ID=0 DF PROTO=UDP SPT=68 DPT=67 LEN=304 
Nov  8 10:50:13 rjacinto1-pri kernel: Logged Traffic: IN=ens192 OUT= MAC=ff:ff:ff:ff:ff:ff:00:50:56:00:00:0e:08:00 SRC=0.0.0.0 DST=255.255.255.255 LEN=318 TOS=0x00 PREC=0xC0 TTL=64 ID=0 DF PROTO=UDP SPT=68 DPT=67 LEN=298 
Nov  8 10:51:14 rjacinto1-pri kernel: Logged Traffic: IN=ens192 OUT= MAC=ff:ff:ff:ff:ff:ff:00:50:56:00:00:0e:08:00 SRC=0.0.0.0 DST=255.255.255.255 LEN=318 TOS=0x00 PREC=0xC0 TTL=64 ID=0 DF PROTO=UDP SPT=68 DPT=67 LEN=298 
Nov  8 10:52:14 rjacinto1-pri kernel: Logged Traffic: IN=ens192 OUT= MAC=ff:ff:ff:ff:ff:ff:00:50:56:00:00:0e:08:00 SRC=0.0.0.0 DST=255.255.255.255 LEN=318 TOS=0x00 PREC=0xC0 TTL=64 ID=0 DF PROTO=UDP SPT=68 DPT=67 LEN=298 
Nov  8 10:53:15 rjacinto1-pri kernel: Logged Traffic: IN=ens192 OUT= MAC=ff:ff:ff:ff:ff:ff:00:50:56:00:00:0e:08:00 SRC=0.0.0.0 DST=255.255.255.255 LEN=318 TOS=0x00 PREC=0xC0 TTL=64 ID=0 DF PROTO=UDP SPT=68 DPT=67 LEN=298 
Nov  8 10:53:46 rjacinto1-pri kernel: Logged Traffic: IN=ens192 OUT= MAC=ff:ff:ff:ff:ff:ff:00:50:56:00:00:40:08:00 SRC=0.0.0.0 DST=255.255.255.255 LEN=317 TOS=0x00 PREC=0xC0 TTL=64 ID=0 DF PROTO=UDP SPT=68 DPT=67 LEN=297 
Nov  8 10:54:15 rjacinto1-pri kernel: Logged Traffic: IN=ens192 OUT= MAC=ff:ff:ff:ff:ff:ff:00:50:56:00:00:0e:08:00 SRC=0.0.0.0 DST=255.255.255.255 LEN=318 TOS=0x00 PREC=0xC0 TTL=64 ID=0 DF PROTO=UDP SPT=68 DPT=67 LEN=298 
Nov  8 10:55:15 rjacinto1-pri kernel: Logged Traffic: IN=ens192 OUT= MAC=ff:ff:ff:ff:ff:ff:00:50:56:00:00:0e:08:00 SRC=0.0.0.0 DST=255.255.255.255 LEN=318 TOS=0x00 PREC=0xC0 TTL=64 ID=0 DF PROTO=UDP SPT=68 DPT=67 LEN=298 
Nov  8 10:56:16 rjacinto1-pri kernel: Logged Traffic: IN=ens192 OUT= MAC=ff:ff:ff:ff:ff:ff:00:50:56:00:00:0e:08:00 SRC=0.0.0.0 DST=255.255.255.255 LEN=318 TOS=0x00 PREC=0xC0 TTL=64 ID=0 DF PROTO=UDP SPT=68 DPT=67 LEN=298 
Nov  8 10:57:16 rjacinto1-pri kernel: Logged Traffic: IN=ens192 OUT= MAC=ff:ff:ff:ff:ff:ff:00:50:56:00:00:0e:08:00 SRC=0.0.0.0 DST=255.255.255.255 LEN=318 TOS=0x00 PREC=0xC0 TTL=64 ID=0 DF PROTO=UDP SPT=68 DPT=67 LEN=298 
Nov  8 10:58:16 rjacinto1-pri kernel: Logged Traffic: IN=ens192 OUT= MAC=ff:ff:ff:ff:ff:ff:00:50:56:00:00:0e:08:00 SRC=0.0.0.0 DST=255.255.255.255 LEN=318 TOS=0x00 PREC=0xC0 TTL=64 ID=0 DF PROTO=UDP SPT=68 DPT=67 LEN=298 
Nov  8 10:59:17 rjacinto1-pri kernel: Logged Traffic: IN=ens192 OUT= MAC=ff:ff:ff:ff:ff:ff:00:50:56:00:00:0e:08:00 SRC=0.0.0.0 DST=255.255.255.255 LEN=318 TOS=0x00 PREC=0xC0 TTL=64 ID=0 DF PROTO=UDP SPT=68 DPT=67 LEN=298 
Nov  8 11:00:17 rjacinto1-pri kernel: Logged Traffic: IN=ens192 OUT= MAC=ff:ff:ff:ff:ff:ff:00:50:56:00:00:0e:08:00 SRC=0.0.0.0 DST=255.255.255.255 LEN=318 TOS=0x00 PREC=0xC0 TTL=64 ID=0 DF PROTO=UDP SPT=68 DPT=67 LEN=298 
Nov  8 11:01:17 rjacinto1-pri kernel: Logged Traffic: IN=ens192 OUT= MAC=ff:ff:ff:ff:ff:ff:00:50:56:00:00:0e:08:00 SRC=0.0.0.0 DST=255.255.255.255 LEN=318 TOS=0x00 PREC=0xC0 TTL=64 ID=0 DF PROTO=UDP SPT=68 DPT=67 LEN=298 
Nov  8 11:02:18 rjacinto1-pri kernel: Logged Traffic: IN=ens192 OUT= MAC=ff:ff:ff:ff:ff:ff:00:50:56:00:00:0e:08:00 SRC=0.0.0.0 DST=255.255.255.255 LEN=318 TOS=0x00 PREC=0xC0 TTL=64 ID=0 DF PROTO=UDP SPT=68 DPT=67 LEN=298 
Nov  8 11:03:19 rjacinto1-pri kernel: Logged Traffic: IN=ens192 OUT= MAC=ff:ff:ff:ff:ff:ff:00:50:56:00:00:0e:08:00 SRC=0.0.0.0 DST=255.255.255.255 LEN=318 TOS=0x00 PREC=0xC0 TTL=64 ID=0 DF PROTO=UDP SPT=68 DPT=67 LEN=298 
Nov  8 11:04:20 rjacinto1-pri kernel: Logged Traffic: IN=ens192 OUT= MAC=ff:ff:ff:ff:ff:ff:00:50:56:00:00:0e:08:00 SRC=0.0.0.0 DST=255.255.255.255 LEN=318 TOS=0x00 PREC=0xC0 TTL=64 ID=0 DF PROTO=UDP SPT=68 DPT=67 LEN=298 
Nov  8 11:05:20 rjacinto1-pri kernel: Logged Traffic: IN=ens192 OUT= MAC=ff:ff:ff:ff:ff:ff:00:50:56:00:00:0e:08:00 SRC=0.0.0.0 DST=255.255.255.255 LEN=318 TOS=0x00 PREC=0xC0 TTL=64 ID=0 DF PROTO=UDP SPT=68 DPT=67 LEN=298 
Nov  8 11:06:21 rjacinto1-pri kernel: Logged Traffic: IN=ens192 OUT= MAC=ff:ff:ff:ff:ff:ff:00:50:56:00:00:0e:08:00 SRC=0.0.0.0 DST=255.255.255.255 LEN=318 TOS=0x00 PREC=0xC0 TTL=64 ID=0 DF PROTO=UDP SPT=68 DPT=67 LEN=298 
Nov  8 11:07:21 rjacinto1-pri kernel: Logged Traffic: IN=ens192 OUT= MAC=ff:ff:ff:ff:ff:ff:00:50:56:00:00:0e:08:00 SRC=0.0.0.0 DST=255.255.255.255 LEN=318 TOS=0x00 PREC=0xC0 TTL=64 ID=0 DF PROTO=UDP SPT=68 DPT=67 LEN=298 
Nov  8 11:08:22 rjacinto1-pri kernel: Logged Traffic: IN=ens192 OUT= MAC=ff:ff:ff:ff:ff:ff:00:50:56:00:00:0e:08:00 SRC=0.0.0.0 DST=255.255.255.255 LEN=318 TOS=0x00 PREC=0xC0 TTL=64 ID=0 DF PROTO=UDP SPT=68 DPT=67 LEN=298 
Nov  8 11:09:22 rjacinto1-pri kernel: Logged Traffic: IN=ens192 OUT= MAC=ff:ff:ff:ff:ff:ff:00:50:56:00:00:0e:08:00 SRC=0.0.0.0 DST=255.255.255.255 LEN=318 TOS=0x00 PREC=0xC0 TTL=64 ID=0 DF PROTO=UDP SPT=68 DPT=67 LEN=298 
Nov  8 11:10:22 rjacinto1-pri kernel: Logged Traffic: IN=ens192 OUT= MAC=ff:ff:ff:ff:ff:ff:00:50:56:00:00:0e:08:00 SRC=0.0.0.0 DST=255.255.255.255 LEN=318 TOS=0x00 PREC=0xC0 TTL=64 ID=0 DF PROTO=UDP SPT=68 DPT=67 LEN=298 
Nov  8 11:11:22 rjacinto1-pri kernel: Logged Traffic: IN=ens192 OUT= MAC=ff:ff:ff:ff:ff:ff:00:50:56:00:00:0e:08:00 SRC=0.0.0.0 DST=255.255.255.255 LEN=318 TOS=0x00 PREC=0xC0 TTL=64 ID=0 DF PROTO=UDP SPT=68 DPT=67 LEN=298 
Nov  8 11:12:22 rjacinto1-pri kernel: Logged Traffic: IN=ens192 OUT= MAC=ff:ff:ff:ff:ff:ff:00:50:56:00:00:0e:08:00 SRC=0.0.0.0 DST=255.255.255.255 LEN=318 TOS=0x00 PREC=0xC0 TTL=64 ID=0 DF PROTO=UDP SPT=68 DPT=67 LEN=298 
Nov  8 11:13:23 rjacinto1-pri kernel: Logged Traffic: IN=ens192 OUT= MAC=ff:ff:ff:ff:ff:ff:00:50:56:00:00:0e:08:00 SRC=0.0.0.0 DST=255.255.255.255 LEN=318 TOS=0x00 PREC=0xC0 TTL=64 ID=0 DF PROTO=UDP SPT=68 DPT=67 LEN=298 
Nov  8 11:14:24 rjacinto1-pri kernel: Logged Traffic: IN=ens192 OUT= MAC=ff:ff:ff:ff:ff:ff:00:50:56:00:00:0e:08:00 SRC=0.0.0.0 DST=255.255.255.255 LEN=318 TOS=0x00 PREC=0xC0 TTL=64 ID=0 DF PROTO=UDP SPT=68 DPT=67 LEN=298 
Nov  8 11:15:24 rjacinto1-pri kernel: Logged Traffic: IN=ens192 OUT= MAC=ff:ff:ff:ff:ff:ff:00:50:56:00:00:0e:08:00 SRC=0.0.0.0 DST=255.255.255.255 LEN=318 TOS=0x00 PREC=0xC0 TTL=64 ID=0 DF PROTO=UDP SPT=68 DPT=67 LEN=298 
Nov  8 11:16:25 rjacinto1-pri kernel: Logged Traffic: IN=ens192 OUT= MAC=ff:ff:ff:ff:ff:ff:00:50:56:00:00:0e:08:00 SRC=0.0.0.0 DST=255.255.255.255 LEN=318 TOS=0x00 PREC=0xC0 TTL=64 ID=0 DF PROTO=UDP SPT=68 DPT=67 LEN=298 
Nov  8 11:16:40 rjacinto1-pri kernel: Logged Traffic: IN=ens192 OUT= MAC=ff:ff:ff:ff:ff:ff:00:50:56:00:00:69:08:00 SRC=0.0.0.0 DST=255.255.255.255 LEN=310 TOS=0x00 PREC=0xC0 TTL=64 ID=0 DF PROTO=UDP SPT=68 DPT=67 LEN=290 
Nov  8 11:17:26 rjacinto1-pri kernel: Logged Traffic: IN=ens192 OUT= MAC=ff:ff:ff:ff:ff:ff:00:50:56:00:00:0e:08:00 SRC=0.0.0.0 DST=255.255.255.255 LEN=318 TOS=0x00 PREC=0xC0 TTL=64 ID=0 DF PROTO=UDP SPT=68 DPT=67 LEN=298 
Nov  8 11:18:26 rjacinto1-pri kernel: Logged Traffic: IN=ens192 OUT= MAC=ff:ff:ff:ff:ff:ff:00:50:56:00:00:0e:08:00 SRC=0.0.0.0 DST=255.255.255.255 LEN=318 TOS=0x00 PREC=0xC0 TTL=64 ID=0 DF PROTO=UDP SPT=68 DPT=67 LEN=298 
Nov  8 11:19:26 rjacinto1-pri kernel: Logged Traffic: IN=ens192 OUT= MAC=ff:ff:ff:ff:ff:ff:00:50:56:00:00:0e:08:00 SRC=0.0.0.0 DST=255.255.255.255 LEN=318 TOS=0x00 PREC=0xC0 TTL=64 ID=0 DF PROTO=UDP SPT=68 DPT=67 LEN=298 
Nov  8 11:20:27 rjacinto1-pri kernel: Logged Traffic: IN=ens192 OUT= MAC=ff:ff:ff:ff:ff:ff:00:50:56:00:00:0e:08:00 SRC=0.0.0.0 DST=255.255.255.255 LEN=318 TOS=0x00 PREC=0xC0 TTL=64 ID=0 DF PROTO=UDP SPT=68 DPT=67 LEN=298 
Nov  8 11:20:42 rjacinto1-pri kernel: Logged Traffic: IN=ens192 OUT= MAC=ff:ff:ff:ff:ff:ff:00:50:56:00:00:65:08:00 SRC=0.0.0.0 DST=255.255.255.255 LEN=319 TOS=0x00 PREC=0xC0 TTL=64 ID=0 DF PROTO=UDP SPT=68 DPT=67 LEN=299 
Nov  8 11:21:27 rjacinto1-pri kernel: Logged Traffic: IN=ens192 OUT= MAC=ff:ff:ff:ff:ff:ff:00:50:56:00:00:0e:08:00 SRC=0.0.0.0 DST=255.255.255.255 LEN=318 TOS=0x00 PREC=0xC0 TTL=64 ID=0 DF PROTO=UDP SPT=68 DPT=67 LEN=298 
Nov  8 11:22:27 rjacinto1-pri kernel: Logged Traffic: IN=ens192 OUT= MAC=ff:ff:ff:ff:ff:ff:00:50:56:00:00:0e:08:00 SRC=0.0.0.0 DST=255.255.255.255 LEN=318 TOS=0x00 PREC=0xC0 TTL=64 ID=0 DF PROTO=UDP SPT=68 DPT=67 LEN=298 
Nov  8 11:23:28 rjacinto1-pri kernel: Logged Traffic: IN=ens192 OUT= MAC=ff:ff:ff:ff:ff:ff:00:50:56:00:00:0e:08:00 SRC=0.0.0.0 DST=255.255.255.255 LEN=318 TOS=0x00 PREC=0xC0 TTL=64 ID=0 DF PROTO=UDP SPT=68 DPT=67 LEN=298 
Nov  8 11:23:57 rjacinto1-pri systemd[1]: Starting dnf makecache...
Nov  8 11:23:58 rjacinto1-pri dnf[15154]: CentOS-8 - AppStream                             33 kB/s | 4.3 kB     00:00
Nov  8 11:23:58 rjacinto1-pri dnf[15154]: CentOS-8 - Base                                  10 kB/s | 3.9 kB     00:00
Nov  8 11:23:58 rjacinto1-pri dnf[15154]: CentOS-8 - Extras                                17 kB/s | 1.5 kB     00:00
Nov  8 11:23:58 rjacinto1-pri dnf[15154]: Metadata cache created.
Nov  8 11:23:58 rjacinto1-pri systemd[1]: Started dnf makecache.
Nov  8 11:24:28 rjacinto1-pri kernel: Logged Traffic: IN=ens192 OUT= MAC=ff:ff:ff:ff:ff:ff:00:50:56:00:00:0e:08:00 SRC=0.0.0.0 DST=255.255.255.255 LEN=318 TOS=0x00 PREC=0xC0 TTL=64 ID=0 DF PROTO=UDP SPT=68 DPT=67 LEN=298 
Nov  8 11:25:28 rjacinto1-pri kernel: Logged Traffic: IN=ens192 OUT= MAC=ff:ff:ff:ff:ff:ff:00:50:56:00:00:0e:08:00 SRC=0.0.0.0 DST=255.255.255.255 LEN=318 TOS=0x00 PREC=0xC0 TTL=64 ID=0 DF PROTO=UDP SPT=68 DPT=67 LEN=298 
Nov  8 11:26:29 rjacinto1-pri kernel: Logged Traffic: IN=ens192 OUT= MAC=ff:ff:ff:ff:ff:ff:00:50:56:00:00:0e:08:00 SRC=0.0.0.0 DST=255.255.255.255 LEN=318 TOS=0x00 PREC=0xC0 TTL=64 ID=0 DF PROTO=UDP SPT=68 DPT=67 LEN=298 
Nov  8 11:27:29 rjacinto1-pri kernel: Logged Traffic: IN=ens192 OUT= MAC=ff:ff:ff:ff:ff:ff:00:50:56:00:00:0e:08:00 SRC=0.0.0.0 DST=255.255.255.255 LEN=318 TOS=0x00 PREC=0xC0 TTL=64 ID=0 DF PROTO=UDP SPT=68 DPT=67 LEN=298 
Nov  8 11:28:29 rjacinto1-pri kernel: Logged Traffic: IN=ens192 OUT= MAC=ff:ff:ff:ff:ff:ff:00:50:56:00:00:0e:08:00 SRC=0.0.0.0 DST=255.255.255.255 LEN=318 TOS=0x00 PREC=0xC0 TTL=64 ID=0 DF PROTO=UDP SPT=68 DPT=67 LEN=298 
Nov  8 11:29:30 rjacinto1-pri kernel: Logged Traffic: IN=ens192 OUT= MAC=ff:ff:ff:ff:ff:ff:00:50:56:00:00:0e:08:00 SRC=0.0.0.0 DST=255.255.255.255 LEN=318 TOS=0x00 PREC=0xC0 TTL=64 ID=0 DF PROTO=UDP SPT=68 DPT=67 LEN=298 
Nov  8 11:30:30 rjacinto1-pri kernel: Logged Traffic: IN=ens192 OUT= MAC=ff:ff:ff:ff:ff:ff:00:50:56:00:00:0e:08:00 SRC=0.0.0.0 DST=255.255.255.255 LEN=318 TOS=0x00 PREC=0xC0 TTL=64 ID=0 DF PROTO=UDP SPT=68 DPT=67 LEN=298 
Nov  8 11:31:31 rjacinto1-pri kernel: Logged Traffic: IN=ens192 OUT= MAC=ff:ff:ff:ff:ff:ff:00:50:56:00:00:0e:08:00 SRC=0.0.0.0 DST=255.255.255.255 LEN=318 TOS=0x00 PREC=0xC0 TTL=64 ID=0 DF PROTO=UDP SPT=68 DPT=67 LEN=298 
Nov  8 11:32:31 rjacinto1-pri kernel: Logged Traffic: IN=ens192 OUT= MAC=ff:ff:ff:ff:ff:ff:00:50:56:00:00:0e:08:00 SRC=0.0.0.0 DST=255.255.255.255 LEN=318 TOS=0x00 PREC=0xC0 TTL=64 ID=0 DF PROTO=UDP SPT=68 DPT=67 LEN=298 
Nov  8 11:33:32 rjacinto1-pri kernel: Logged Traffic: IN=ens192 OUT= MAC=ff:ff:ff:ff:ff:ff:00:50:56:00:00:0e:08:00 SRC=0.0.0.0 DST=255.255.255.255 LEN=318 TOS=0x00 PREC=0xC0 TTL=64 ID=0 DF PROTO=UDP SPT=68 DPT=67 LEN=298 
Nov  8 11:34:32 rjacinto1-pri kernel: Logged Traffic: IN=ens192 OUT= MAC=ff:ff:ff:ff:ff:ff:00:50:56:00:00:0e:08:00 SRC=0.0.0.0 DST=255.255.255.255 LEN=318 TOS=0x00 PREC=0xC0 TTL=64 ID=0 DF PROTO=UDP SPT=68 DPT=67 LEN=298 
Nov  8 11:35:33 rjacinto1-pri kernel: Logged Traffic: IN=ens192 OUT= MAC=ff:ff:ff:ff:ff:ff:00:50:56:00:00:0e:08:00 SRC=0.0.0.0 DST=255.255.255.255 LEN=318 TOS=0x00 PREC=0xC0 TTL=64 ID=0 DF PROTO=UDP SPT=68 DPT=67 LEN=298 
Nov  8 11:36:33 rjacinto1-pri kernel: Logged Traffic: IN=ens192 OUT= MAC=ff:ff:ff:ff:ff:ff:00:50:56:00:00:77:08:00 SRC=0.0.0.0 DST=255.255.255.255 LEN=325 TOS=0x00 PREC=0xC0 TTL=64 ID=0 DF PROTO=UDP SPT=68 DPT=67 LEN=305 
Nov  8 11:36:34 rjacinto1-pri kernel: Logged Traffic: IN=ens192 OUT= MAC=ff:ff:ff:ff:ff:ff:00:50:56:00:00:0e:08:00 SRC=0.0.0.0 DST=255.255.255.255 LEN=318 TOS=0x00 PREC=0xC0 TTL=64 ID=0 DF PROTO=UDP SPT=68 DPT=67 LEN=298 
Nov  8 11:36:42 rjacinto1-pri kernel: Logged Traffic: IN=ens192 OUT= MAC=ff:ff:ff:ff:ff:ff:00:50:56:00:00:45:08:00 SRC=0.0.0.0 DST=255.255.255.255 LEN=315 TOS=0x00 PREC=0xC0 TTL=64 ID=0 DF PROTO=UDP SPT=68 DPT=67 LEN=295 
Nov  8 11:36:53 rjacinto1-pri kernel: Logged Traffic: IN=ens192 OUT= MAC=ff:ff:ff:ff:ff:ff:00:50:56:00:00:13:08:00 SRC=0.0.0.0 DST=255.255.255.255 LEN=325 TOS=0x00 PREC=0xC0 TTL=64 ID=0 DF PROTO=UDP SPT=68 DPT=67 LEN=305 
Nov  8 11:37:34 rjacinto1-pri kernel: Logged Traffic: IN=ens192 OUT= MAC=ff:ff:ff:ff:ff:ff:00:50:56:00:00:0e:08:00 SRC=0.0.0.0 DST=255.255.255.255 LEN=318 TOS=0x00 PREC=0xC0 TTL=64 ID=0 DF PROTO=UDP SPT=68 DPT=67 LEN=298 
Nov  8 11:38:34 rjacinto1-pri kernel: Logged Traffic: IN=ens192 OUT= MAC=ff:ff:ff:ff:ff:ff:00:50:56:00:00:0e:08:00 SRC=0.0.0.0 DST=255.255.255.255 LEN=318 TOS=0x00 PREC=0xC0 TTL=64 ID=0 DF PROTO=UDP SPT=68 DPT=67 LEN=298 
Nov  8 11:39:34 rjacinto1-pri kernel: Logged Traffic: IN=ens192 OUT= MAC=ff:ff:ff:ff:ff:ff:00:50:56:00:00:0e:08:00 SRC=0.0.0.0 DST=255.255.255.255 LEN=318 TOS=0x00 PREC=0xC0 TTL=64 ID=0 DF PROTO=UDP SPT=68 DPT=67 LEN=298 
Nov  8 11:40:35 rjacinto1-pri kernel: Logged Traffic: IN=ens192 OUT= MAC=ff:ff:ff:ff:ff:ff:00:50:56:00:00:0e:08:00 SRC=0.0.0.0 DST=255.255.255.255 LEN=318 TOS=0x00 PREC=0xC0 TTL=64 ID=0 DF PROTO=UDP SPT=68 DPT=67 LEN=298 
Nov  8 11:41:35 rjacinto1-pri kernel: Logged Traffic: IN=ens192 OUT= MAC=ff:ff:ff:ff:ff:ff:00:50:56:00:00:0e:08:00 SRC=0.0.0.0 DST=255.255.255.255 LEN=318 TOS=0x00 PREC=0xC0 TTL=64 ID=0 DF PROTO=UDP SPT=68 DPT=67 LEN=298 
Nov  8 11:42:35 rjacinto1-pri kernel: Logged Traffic: IN=ens192 OUT= MAC=ff:ff:ff:ff:ff:ff:00:50:56:00:00:0e:08:00 SRC=0.0.0.0 DST=255.255.255.255 LEN=318 TOS=0x00 PREC=0xC0 TTL=64 ID=0 DF PROTO=UDP SPT=68 DPT=67 LEN=298 
Nov  8 11:43:36 rjacinto1-pri kernel: Logged Traffic: IN=ens192 OUT= MAC=ff:ff:ff:ff:ff:ff:00:50:56:00:00:0e:08:00 SRC=0.0.0.0 DST=255.255.255.255 LEN=318 TOS=0x00 PREC=0xC0 TTL=64 ID=0 DF PROTO=UDP SPT=68 DPT=67 LEN=298 
Nov  8 11:44:37 rjacinto1-pri kernel: Logged Traffic: IN=ens192 OUT= MAC=ff:ff:ff:ff:ff:ff:00:50:56:00:00:0e:08:00 SRC=0.0.0.0 DST=255.255.255.255 LEN=318 TOS=0x00 PREC=0xC0 TTL=64 ID=0 DF PROTO=UDP SPT=68 DPT=67 LEN=298 
Nov  8 11:45:37 rjacinto1-pri kernel: Logged Traffic: IN=ens192 OUT= MAC=ff:ff:ff:ff:ff:ff:00:50:56:00:00:0e:08:00 SRC=0.0.0.0 DST=255.255.255.255 LEN=318 TOS=0x00 PREC=0xC0 TTL=64 ID=0 DF PROTO=UDP SPT=68 DPT=67 LEN=298 
Nov  8 11:46:14 rjacinto1-pri kernel: Logged Traffic: IN=ens192 OUT= MAC=ff:ff:ff:ff:ff:ff:00:50:56:00:00:5d:08:00 SRC=0.0.0.0 DST=255.255.255.255 LEN=315 TOS=0x00 PREC=0xC0 TTL=64 ID=0 DF PROTO=UDP SPT=68 DPT=67 LEN=295 
Nov  8 11:46:37 rjacinto1-pri kernel: Logged Traffic: IN=ens192 OUT= MAC=ff:ff:ff:ff:ff:ff:00:50:56:00:00:0e:08:00 SRC=0.0.0.0 DST=255.255.255.255 LEN=318 TOS=0x00 PREC=0xC0 TTL=64 ID=0 DF PROTO=UDP SPT=68 DPT=67 LEN=298 
Nov  8 11:47:38 rjacinto1-pri kernel: Logged Traffic: IN=ens192 OUT= MAC=ff:ff:ff:ff:ff:ff:00:50:56:00:00:0e:08:00 SRC=0.0.0.0 DST=255.255.255.255 LEN=318 TOS=0x00 PREC=0xC0 TTL=64 ID=0 DF PROTO=UDP SPT=68 DPT=67 LEN=298 
Nov  8 11:48:38 rjacinto1-pri kernel: Logged Traffic: IN=ens192 OUT= MAC=ff:ff:ff:ff:ff:ff:00:50:56:00:00:0e:08:00 SRC=0.0.0.0 DST=255.255.255.255 LEN=318 TOS=0x00 PREC=0xC0 TTL=64 ID=0 DF PROTO=UDP SPT=68 DPT=67 LEN=298 
Nov  8 11:49:39 rjacinto1-pri kernel: Logged Traffic: IN=ens192 OUT= MAC=ff:ff:ff:ff:ff:ff:00:50:56:00:00:0e:08:00 SRC=0.0.0.0 DST=255.255.255.255 LEN=318 TOS=0x00 PREC=0xC0 TTL=64 ID=0 DF PROTO=UDP SPT=68 DPT=67 LEN=298 
Nov  8 11:50:40 rjacinto1-pri kernel: Logged Traffic: IN=ens192 OUT= MAC=ff:ff:ff:ff:ff:ff:00:50:56:00:00:0e:08:00 SRC=0.0.0.0 DST=255.255.255.255 LEN=318 TOS=0x00 PREC=0xC0 TTL=64 ID=0 DF PROTO=UDP SPT=68 DPT=67 LEN=298 
Nov  8 11:51:40 rjacinto1-pri kernel: Logged Traffic: IN=ens192 OUT= MAC=ff:ff:ff:ff:ff:ff:00:50:56:00:00:0e:08:00 SRC=0.0.0.0 DST=255.255.255.255 LEN=318 TOS=0x00 PREC=0xC0 TTL=64 ID=0 DF PROTO=UDP SPT=68 DPT=67 LEN=298 
Nov  8 11:52:41 rjacinto1-pri kernel: Logged Traffic: IN=ens192 OUT= MAC=ff:ff:ff:ff:ff:ff:00:50:56:00:00:0e:08:00 SRC=0.0.0.0 DST=255.255.255.255 LEN=318 TOS=0x00 PREC=0xC0 TTL=64 ID=0 DF PROTO=UDP SPT=68 DPT=67 LEN=298 
Nov  8 11:53:42 rjacinto1-pri kernel: Logged Traffic: IN=ens192 OUT= MAC=ff:ff:ff:ff:ff:ff:00:50:56:00:00:0e:08:00 SRC=0.0.0.0 DST=255.255.255.255 LEN=318 TOS=0x00 PREC=0xC0 TTL=64 ID=0 DF PROTO=UDP SPT=68 DPT=67 LEN=298 
Nov  8 11:54:42 rjacinto1-pri kernel: Logged Traffic: IN=ens192 OUT= MAC=ff:ff:ff:ff:ff:ff:00:50:56:00:00:0e:08:00 SRC=0.0.0.0 DST=255.255.255.255 LEN=318 TOS=0x00 PREC=0xC0 TTL=64 ID=0 DF PROTO=UDP SPT=68 DPT=67 LEN=298 
Nov  8 11:55:43 rjacinto1-pri kernel: Logged Traffic: IN=ens192 OUT= MAC=ff:ff:ff:ff:ff:ff:00:50:56:00:00:0e:08:00 SRC=0.0.0.0 DST=255.255.255.255 LEN=318 TOS=0x00 PREC=0xC0 TTL=64 ID=0 DF PROTO=UDP SPT=68 DPT=67 LEN=298 
Nov  8 11:56:43 rjacinto1-pri kernel: Logged Traffic: IN=ens192 OUT= MAC=ff:ff:ff:ff:ff:ff:00:50:56:00:00:0e:08:00 SRC=0.0.0.0 DST=255.255.255.255 LEN=318 TOS=0x00 PREC=0xC0 TTL=64 ID=0 DF PROTO=UDP SPT=68 DPT=67 LEN=298 
Nov  8 11:57:43 rjacinto1-pri kernel: Logged Traffic: IN=ens192 OUT= MAC=ff:ff:ff:ff:ff:ff:00:50:56:00:00:0e:08:00 SRC=0.0.0.0 DST=255.255.255.255 LEN=318 TOS=0x00 PREC=0xC0 TTL=64 ID=0 DF PROTO=UDP SPT=68 DPT=67 LEN=298 
Nov  8 11:58:44 rjacinto1-pri kernel: Logged Traffic: IN=ens192 OUT= MAC=ff:ff:ff:ff:ff:ff:00:50:56:00:00:0e:08:00 SRC=0.0.0.0 DST=255.255.255.255 LEN=318 TOS=0x00 PREC=0xC0 TTL=64 ID=0 DF PROTO=UDP SPT=68 DPT=67 LEN=298 
Nov  8 11:59:44 rjacinto1-pri kernel: Logged Traffic: IN=ens192 OUT= MAC=ff:ff:ff:ff:ff:ff:00:50:56:00:00:0e:08:00 SRC=0.0.0.0 DST=255.255.255.255 LEN=318 TOS=0x00 PREC=0xC0 TTL=64 ID=0 DF PROTO=UDP SPT=68 DPT=67 LEN=298 
Nov  8 12:00:45 rjacinto1-pri kernel: Logged Traffic: IN=ens192 OUT= MAC=ff:ff:ff:ff:ff:ff:00:50:56:00:00:0e:08:00 SRC=0.0.0.0 DST=255.255.255.255 LEN=318 TOS=0x00 PREC=0xC0 TTL=64 ID=0 DF PROTO=UDP SPT=68 DPT=67 LEN=298 
Nov  8 12:01:45 rjacinto1-pri kernel: Logged Traffic: IN=ens192 OUT= MAC=ff:ff:ff:ff:ff:ff:00:50:56:00:00:0e:08:00 SRC=0.0.0.0 DST=255.255.255.255 LEN=318 TOS=0x00 PREC=0xC0 TTL=64 ID=0 DF PROTO=UDP SPT=68 DPT=67 LEN=298 
Nov  8 12:02:45 rjacinto1-pri kernel: Logged Traffic: IN=ens192 OUT= MAC=ff:ff:ff:ff:ff:ff:00:50:56:00:00:0e:08:00 SRC=0.0.0.0 DST=255.255.255.255 LEN=318 TOS=0x00 PREC=0xC0 TTL=64 ID=0 DF PROTO=UDP SPT=68 DPT=67 LEN=298 
Nov  8 12:03:46 rjacinto1-pri kernel: Logged Traffic: IN=ens192 OUT= MAC=ff:ff:ff:ff:ff:ff:00:50:56:00:00:0e:08:00 SRC=0.0.0.0 DST=255.255.255.255 LEN=318 TOS=0x00 PREC=0xC0 TTL=64 ID=0 DF PROTO=UDP SPT=68 DPT=67 LEN=298 
Nov  8 12:04:46 rjacinto1-pri kernel: Logged Traffic: IN=ens192 OUT= MAC=ff:ff:ff:ff:ff:ff:00:50:56:00:00:0e:08:00 SRC=0.0.0.0 DST=255.255.255.255 LEN=318 TOS=0x00 PREC=0xC0 TTL=64 ID=0 DF PROTO=UDP SPT=68 DPT=67 LEN=298 
Nov  8 12:05:47 rjacinto1-pri kernel: Logged Traffic: IN=ens192 OUT= MAC=ff:ff:ff:ff:ff:ff:00:50:56:00:00:0e:08:00 SRC=0.0.0.0 DST=255.255.255.255 LEN=318 TOS=0x00 PREC=0xC0 TTL=64 ID=0 DF PROTO=UDP SPT=68 DPT=67 LEN=298 
Nov  8 12:06:48 rjacinto1-pri kernel: Logged Traffic: IN=ens192 OUT= MAC=ff:ff:ff:ff:ff:ff:00:50:56:00:00:0e:08:00 SRC=0.0.0.0 DST=255.255.255.255 LEN=318 TOS=0x00 PREC=0xC0 TTL=64 ID=0 DF PROTO=UDP SPT=68 DPT=67 LEN=298 
Nov  8 12:07:48 rjacinto1-pri kernel: Logged Traffic: IN=ens192 OUT= MAC=ff:ff:ff:ff:ff:ff:00:50:56:00:00:0e:08:00 SRC=0.0.0.0 DST=255.255.255.255 LEN=318 TOS=0x00 PREC=0xC0 TTL=64 ID=0 DF PROTO=UDP SPT=68 DPT=67 LEN=298 
Nov  8 12:08:48 rjacinto1-pri kernel: Logged Traffic: IN=ens192 OUT= MAC=ff:ff:ff:ff:ff:ff:00:50:56:00:00:0e:08:00 SRC=0.0.0.0 DST=255.255.255.255 LEN=318 TOS=0x00 PREC=0xC0 TTL=64 ID=0 DF PROTO=UDP SPT=68 DPT=67 LEN=298 
Nov  8 12:09:10 rjacinto1-pri kernel: Logged Traffic: IN=ens192 OUT= MAC=ff:ff:ff:ff:ff:ff:00:50:56:00:00:00:08:00 SRC=0.0.0.0 DST=255.255.255.255 LEN=310 TOS=0x00 PREC=0xC0 TTL=64 ID=0 DF PROTO=UDP SPT=68 DPT=67 LEN=290 
Nov  8 12:09:49 rjacinto1-pri kernel: Logged Traffic: IN=ens192 OUT= MAC=ff:ff:ff:ff:ff:ff:00:50:56:00:00:0e:08:00 SRC=0.0.0.0 DST=255.255.255.255 LEN=318 TOS=0x00 PREC=0xC0 TTL=64 ID=0 DF PROTO=UDP SPT=68 DPT=67 LEN=298 
Nov  8 12:10:50 rjacinto1-pri kernel: Logged Traffic: IN=ens192 OUT= MAC=ff:ff:ff:ff:ff:ff:00:50:56:00:00:0e:08:00 SRC=0.0.0.0 DST=255.255.255.255 LEN=318 TOS=0x00 PREC=0xC0 TTL=64 ID=0 DF PROTO=UDP SPT=68 DPT=67 LEN=298 
Nov  8 12:11:03 rjacinto1-pri kernel: Logged Traffic: IN=ens192 OUT= MAC=ff:ff:ff:ff:ff:ff:00:50:56:00:00:68:08:00 SRC=0.0.0.0 DST=255.255.255.255 LEN=318 TOS=0x00 PREC=0xC0 TTL=64 ID=0 DF PROTO=UDP SPT=68 DPT=67 LEN=298 
Nov  8 12:11:50 rjacinto1-pri kernel: Logged Traffic: IN=ens192 OUT= MAC=ff:ff:ff:ff:ff:ff:00:50:56:00:00:0e:08:00 SRC=0.0.0.0 DST=255.255.255.255 LEN=318 TOS=0x00 PREC=0xC0 TTL=64 ID=0 DF PROTO=UDP SPT=68 DPT=67 LEN=298 
Nov  8 12:12:50 rjacinto1-pri kernel: Logged Traffic: IN=ens192 OUT= MAC=ff:ff:ff:ff:ff:ff:00:50:56:00:00:0e:08:00 SRC=0.0.0.0 DST=255.255.255.255 LEN=318 TOS=0x00 PREC=0xC0 TTL=64 ID=0 DF PROTO=UDP SPT=68 DPT=67 LEN=298 
Nov  8 12:13:50 rjacinto1-pri kernel: Logged Traffic: IN=ens192 OUT= MAC=ff:ff:ff:ff:ff:ff:00:50:56:00:00:0e:08:00 SRC=0.0.0.0 DST=255.255.255.255 LEN=318 TOS=0x00 PREC=0xC0 TTL=64 ID=0 DF PROTO=UDP SPT=68 DPT=67 LEN=298 
Nov  8 12:14:50 rjacinto1-pri kernel: Logged Traffic: IN=ens192 OUT= MAC=ff:ff:ff:ff:ff:ff:00:50:56:00:00:0e:08:00 SRC=0.0.0.0 DST=255.255.255.255 LEN=318 TOS=0x00 PREC=0xC0 TTL=64 ID=0 DF PROTO=UDP SPT=68 DPT=67 LEN=298 
Nov  8 12:15:51 rjacinto1-pri kernel: Logged Traffic: IN=ens192 OUT= MAC=ff:ff:ff:ff:ff:ff:00:50:56:00:00:0e:08:00 SRC=0.0.0.0 DST=255.255.255.255 LEN=318 TOS=0x00 PREC=0xC0 TTL=64 ID=0 DF PROTO=UDP SPT=68 DPT=67 LEN=298 
Nov  8 12:16:51 rjacinto1-pri kernel: Logged Traffic: IN=ens192 OUT= MAC=ff:ff:ff:ff:ff:ff:00:50:56:00:00:0e:08:00 SRC=0.0.0.0 DST=255.255.255.255 LEN=318 TOS=0x00 PREC=0xC0 TTL=64 ID=0 DF PROTO=UDP SPT=68 DPT=67 LEN=298 
Nov  8 12:17:52 rjacinto1-pri kernel: Logged Traffic: IN=ens192 OUT= MAC=ff:ff:ff:ff:ff:ff:00:50:56:00:00:0e:08:00 SRC=0.0.0.0 DST=255.255.255.255 LEN=318 TOS=0x00 PREC=0xC0 TTL=64 ID=0 DF PROTO=UDP SPT=68 DPT=67 LEN=298 
Nov  8 12:18:53 rjacinto1-pri kernel: Logged Traffic: IN=ens192 OUT= MAC=ff:ff:ff:ff:ff:ff:00:50:56:00:00:0e:08:00 SRC=0.0.0.0 DST=255.255.255.255 LEN=318 TOS=0x00 PREC=0xC0 TTL=64 ID=0 DF PROTO=UDP SPT=68 DPT=67 LEN=298 
Nov  8 12:19:53 rjacinto1-pri kernel: Logged Traffic: IN=ens192 OUT= MAC=ff:ff:ff:ff:ff:ff:00:50:56:00:00:0e:08:00 SRC=0.0.0.0 DST=255.255.255.255 LEN=318 TOS=0x00 PREC=0xC0 TTL=64 ID=0 DF PROTO=UDP SPT=68 DPT=67 LEN=298 
Nov  8 12:20:54 rjacinto1-pri kernel: Logged Traffic: IN=ens192 OUT= MAC=ff:ff:ff:ff:ff:ff:00:50:56:00:00:0e:08:00 SRC=0.0.0.0 DST=255.255.255.255 LEN=318 TOS=0x00 PREC=0xC0 TTL=64 ID=0 DF PROTO=UDP SPT=68 DPT=67 LEN=298 
Nov  8 12:21:54 rjacinto1-pri kernel: Logged Traffic: IN=ens192 OUT= MAC=ff:ff:ff:ff:ff:ff:00:50:56:00:00:0e:08:00 SRC=0.0.0.0 DST=255.255.255.255 LEN=318 TOS=0x00 PREC=0xC0 TTL=64 ID=0 DF PROTO=UDP SPT=68 DPT=67 LEN=298 
Nov  8 12:22:55 rjacinto1-pri kernel: Logged Traffic: IN=ens192 OUT= MAC=ff:ff:ff:ff:ff:ff:00:50:56:00:00:0e:08:00 SRC=0.0.0.0 DST=255.255.255.255 LEN=318 TOS=0x00 PREC=0xC0 TTL=64 ID=0 DF PROTO=UDP SPT=68 DPT=67 LEN=298 
Nov  8 12:23:55 rjacinto1-pri kernel: Logged Traffic: IN=ens192 OUT= MAC=ff:ff:ff:ff:ff:ff:00:50:56:00:00:0e:08:00 SRC=0.0.0.0 DST=255.255.255.255 LEN=318 TOS=0x00 PREC=0xC0 TTL=64 ID=0 DF PROTO=UDP SPT=68 DPT=67 LEN=298 
Nov  8 12:24:47 rjacinto1-pri systemd[1]: Starting dnf makecache...
Nov  8 12:24:47 rjacinto1-pri dnf[15185]: Metadata cache refreshed recently.
Nov  8 12:24:47 rjacinto1-pri systemd[1]: Started dnf makecache.
Nov  8 12:24:56 rjacinto1-pri kernel: Logged Traffic: IN=ens192 OUT= MAC=ff:ff:ff:ff:ff:ff:00:50:56:00:00:0e:08:00 SRC=0.0.0.0 DST=255.255.255.255 LEN=318 TOS=0x00 PREC=0xC0 TTL=64 ID=0 DF PROTO=UDP SPT=68 DPT=67 LEN=298 
Nov  8 12:25:56 rjacinto1-pri kernel: Logged Traffic: IN=ens192 OUT= MAC=ff:ff:ff:ff:ff:ff:00:50:56:00:00:0e:08:00 SRC=0.0.0.0 DST=255.255.255.255 LEN=318 TOS=0x00 PREC=0xC0 TTL=64 ID=0 DF PROTO=UDP SPT=68 DPT=67 LEN=298 
Nov  8 12:26:56 rjacinto1-pri kernel: Logged Traffic: IN=ens192 OUT= MAC=ff:ff:ff:ff:ff:ff:00:50:56:00:00:0e:08:00 SRC=0.0.0.0 DST=255.255.255.255 LEN=318 TOS=0x00 PREC=0xC0 TTL=64 ID=0 DF PROTO=UDP SPT=68 DPT=67 LEN=298 
Nov  8 12:27:41 rjacinto1-pri kernel: Logged Traffic: IN=ens192 OUT= MAC=ff:ff:ff:ff:ff:ff:00:50:56:00:00:4d:08:00 SRC=0.0.0.0 DST=255.255.255.255 LEN=315 TOS=0x00 PREC=0xC0 TTL=64 ID=0 DF PROTO=UDP SPT=68 DPT=67 LEN=295 
Nov  8 12:27:56 rjacinto1-pri kernel: Logged Traffic: IN=ens192 OUT= MAC=ff:ff:ff:ff:ff:ff:00:50:56:00:00:0e:08:00 SRC=0.0.0.0 DST=255.255.255.255 LEN=318 TOS=0x00 PREC=0xC0 TTL=64 ID=0 DF PROTO=UDP SPT=68 DPT=67 LEN=298 
Nov  8 12:28:56 rjacinto1-pri kernel: Logged Traffic: IN=ens192 OUT= MAC=ff:ff:ff:ff:ff:ff:00:50:56:00:00:0e:08:00 SRC=0.0.0.0 DST=255.255.255.255 LEN=318 TOS=0x00 PREC=0xC0 TTL=64 ID=0 DF PROTO=UDP SPT=68 DPT=67 LEN=298 
Nov  8 12:29:57 rjacinto1-pri kernel: Logged Traffic: IN=ens192 OUT= MAC=ff:ff:ff:ff:ff:ff:00:50:56:00:00:0e:08:00 SRC=0.0.0.0 DST=255.255.255.255 LEN=318 TOS=0x00 PREC=0xC0 TTL=64 ID=0 DF PROTO=UDP SPT=68 DPT=67 LEN=298 
Nov  8 12:30:57 rjacinto1-pri kernel: Logged Traffic: IN=ens192 OUT= MAC=ff:ff:ff:ff:ff:ff:00:50:56:00:00:0e:08:00 SRC=0.0.0.0 DST=255.255.255.255 LEN=318 TOS=0x00 PREC=0xC0 TTL=64 ID=0 DF PROTO=UDP SPT=68 DPT=67 LEN=298 
Nov  8 12:31:57 rjacinto1-pri kernel: Logged Traffic: IN=ens192 OUT= MAC=ff:ff:ff:ff:ff:ff:00:50:56:00:00:0e:08:00 SRC=0.0.0.0 DST=255.255.255.255 LEN=318 TOS=0x00 PREC=0xC0 TTL=64 ID=0 DF PROTO=UDP SPT=68 DPT=67 LEN=298 
Nov  8 12:32:58 rjacinto1-pri kernel: Logged Traffic: IN=ens192 OUT= MAC=ff:ff:ff:ff:ff:ff:00:50:56:00:00:0e:08:00 SRC=0.0.0.0 DST=255.255.255.255 LEN=318 TOS=0x00 PREC=0xC0 TTL=64 ID=0 DF PROTO=UDP SPT=68 DPT=67 LEN=298 
Nov  8 12:33:58 rjacinto1-pri kernel: Logged Traffic: IN=ens192 OUT= MAC=ff:ff:ff:ff:ff:ff:00:50:56:00:00:0e:08:00 SRC=0.0.0.0 DST=255.255.255.255 LEN=318 TOS=0x00 PREC=0xC0 TTL=64 ID=0 DF PROTO=UDP SPT=68 DPT=67 LEN=298 
Nov  8 12:34:59 rjacinto1-pri kernel: Logged Traffic: IN=ens192 OUT= MAC=ff:ff:ff:ff:ff:ff:00:50:56:00:00:0e:08:00 SRC=0.0.0.0 DST=255.255.255.255 LEN=318 TOS=0x00 PREC=0xC0 TTL=64 ID=0 DF PROTO=UDP SPT=68 DPT=67 LEN=298 
Nov  8 12:35:59 rjacinto1-pri kernel: Logged Traffic: IN=ens192 OUT= MAC=ff:ff:ff:ff:ff:ff:00:50:56:00:00:0e:08:00 SRC=0.0.0.0 DST=255.255.255.255 LEN=318 TOS=0x00 PREC=0xC0 TTL=64 ID=0 DF PROTO=UDP SPT=68 DPT=67 LEN=298 
Nov  8 12:37:00 rjacinto1-pri kernel: Logged Traffic: IN=ens192 OUT= MAC=ff:ff:ff:ff:ff:ff:00:50:56:00:00:0e:08:00 SRC=0.0.0.0 DST=255.255.255.255 LEN=318 TOS=0x00 PREC=0xC0 TTL=64 ID=0 DF PROTO=UDP SPT=68 DPT=67 LEN=298 
Nov  8 12:38:00 rjacinto1-pri kernel: Logged Traffic: IN=ens192 OUT= MAC=ff:ff:ff:ff:ff:ff:00:50:56:00:00:0e:08:00 SRC=0.0.0.0 DST=255.255.255.255 LEN=318 TOS=0x00 PREC=0xC0 TTL=64 ID=0 DF PROTO=UDP SPT=68 DPT=67 LEN=298 
Nov  8 12:39:01 rjacinto1-pri kernel: Logged Traffic: IN=ens192 OUT= MAC=ff:ff:ff:ff:ff:ff:00:50:56:00:00:0e:08:00 SRC=0.0.0.0 DST=255.255.255.255 LEN=318 TOS=0x00 PREC=0xC0 TTL=64 ID=0 DF PROTO=UDP SPT=68 DPT=67 LEN=298 
Nov  8 12:39:06 rjacinto1-pri kernel: Logged Traffic: IN=ens192 OUT= MAC=ff:ff:ff:ff:ff:ff:00:50:56:00:00:73:08:00 SRC=0.0.0.0 DST=255.255.255.255 LEN=323 TOS=0x00 PREC=0xC0 TTL=64 ID=0 DF PROTO=UDP SPT=68 DPT=67 LEN=303 
Nov  8 12:39:21 rjacinto1-pri kernel: Logged Traffic: IN=ens192 OUT= MAC=ff:ff:ff:ff:ff:ff:00:50:56:00:00:74:08:00 SRC=0.0.0.0 DST=255.255.255.255 LEN=323 TOS=0x00 PREC=0xC0 TTL=64 ID=0 DF PROTO=UDP SPT=68 DPT=67 LEN=303 
Nov  8 12:40:01 rjacinto1-pri kernel: Logged Traffic: IN=ens192 OUT= MAC=ff:ff:ff:ff:ff:ff:00:50:56:00:00:0e:08:00 SRC=0.0.0.0 DST=255.255.255.255 LEN=318 TOS=0x00 PREC=0xC0 TTL=64 ID=0 DF PROTO=UDP SPT=68 DPT=67 LEN=298 
Nov  8 12:41:02 rjacinto1-pri kernel: Logged Traffic: IN=ens192 OUT= MAC=ff:ff:ff:ff:ff:ff:00:50:56:00:00:0e:08:00 SRC=0.0.0.0 DST=255.255.255.255 LEN=318 TOS=0x00 PREC=0xC0 TTL=64 ID=0 DF PROTO=UDP SPT=68 DPT=67 LEN=298 
Nov  8 12:42:02 rjacinto1-pri kernel: Logged Traffic: IN=ens192 OUT= MAC=ff:ff:ff:ff:ff:ff:00:50:56:00:00:0e:08:00 SRC=0.0.0.0 DST=255.255.255.255 LEN=318 TOS=0x00 PREC=0xC0 TTL=64 ID=0 DF PROTO=UDP SPT=68 DPT=67 LEN=298 
Nov  8 12:43:03 rjacinto1-pri kernel: Logged Traffic: IN=ens192 OUT= MAC=ff:ff:ff:ff:ff:ff:00:50:56:00:00:0e:08:00 SRC=0.0.0.0 DST=255.255.255.255 LEN=318 TOS=0x00 PREC=0xC0 TTL=64 ID=0 DF PROTO=UDP SPT=68 DPT=67 LEN=298 
Nov  8 12:44:04 rjacinto1-pri kernel: Logged Traffic: IN=ens192 OUT= MAC=ff:ff:ff:ff:ff:ff:00:50:56:00:00:0e:08:00 SRC=0.0.0.0 DST=255.255.255.255 LEN=318 TOS=0x00 PREC=0xC0 TTL=64 ID=0 DF PROTO=UDP SPT=68 DPT=67 LEN=298 
Nov  8 12:45:04 rjacinto1-pri kernel: Logged Traffic: IN=ens192 OUT= MAC=ff:ff:ff:ff:ff:ff:00:50:56:00:00:0e:08:00 SRC=0.0.0.0 DST=255.255.255.255 LEN=318 TOS=0x00 PREC=0xC0 TTL=64 ID=0 DF PROTO=UDP SPT=68 DPT=67 LEN=298 
Nov  8 12:46:04 rjacinto1-pri kernel: Logged Traffic: IN=ens192 OUT= MAC=ff:ff:ff:ff:ff:ff:00:50:56:00:00:0e:08:00 SRC=0.0.0.0 DST=255.255.255.255 LEN=318 TOS=0x00 PREC=0xC0 TTL=64 ID=0 DF PROTO=UDP SPT=68 DPT=67 LEN=298 
Nov  8 12:47:05 rjacinto1-pri kernel: Logged Traffic: IN=ens192 OUT= MAC=ff:ff:ff:ff:ff:ff:00:50:56:00:00:0e:08:00 SRC=0.0.0.0 DST=255.255.255.255 LEN=318 TOS=0x00 PREC=0xC0 TTL=64 ID=0 DF PROTO=UDP SPT=68 DPT=67 LEN=298 
Nov  8 12:48:05 rjacinto1-pri kernel: Logged Traffic: IN=ens192 OUT= MAC=ff:ff:ff:ff:ff:ff:00:50:56:00:00:0e:08:00 SRC=0.0.0.0 DST=255.255.255.255 LEN=318 TOS=0x00 PREC=0xC0 TTL=64 ID=0 DF PROTO=UDP SPT=68 DPT=67 LEN=298 
Nov  8 12:49:06 rjacinto1-pri kernel: Logged Traffic: IN=ens192 OUT= MAC=ff:ff:ff:ff:ff:ff:00:50:56:00:00:0e:08:00 SRC=0.0.0.0 DST=255.255.255.255 LEN=318 TOS=0x00 PREC=0xC0 TTL=64 ID=0 DF PROTO=UDP SPT=68 DPT=67 LEN=298 
Nov  8 12:50:06 rjacinto1-pri kernel: Logged Traffic: IN=ens192 OUT= MAC=ff:ff:ff:ff:ff:ff:00:50:56:00:00:0e:08:00 SRC=0.0.0.0 DST=255.255.255.255 LEN=318 TOS=0x00 PREC=0xC0 TTL=64 ID=0 DF PROTO=UDP SPT=68 DPT=67 LEN=298 
Nov  8 12:51:00 rjacinto1-pri kernel: Logged Traffic: IN=ens192 OUT= MAC=ff:ff:ff:ff:ff:ff:00:50:56:00:00:5f:08:00 SRC=0.0.0.0 DST=255.255.255.255 LEN=325 TOS=0x00 PREC=0xC0 TTL=64 ID=0 DF PROTO=UDP SPT=68 DPT=67 LEN=305 
Nov  8 12:51:06 rjacinto1-pri kernel: Logged Traffic: IN=ens192 OUT= MAC=ff:ff:ff:ff:ff:ff:00:50:56:00:00:0e:08:00 SRC=0.0.0.0 DST=255.255.255.255 LEN=318 TOS=0x00 PREC=0xC0 TTL=64 ID=0 DF PROTO=UDP SPT=68 DPT=67 LEN=298 
Nov  8 12:52:07 rjacinto1-pri kernel: Logged Traffic: IN=ens192 OUT= MAC=ff:ff:ff:ff:ff:ff:00:50:56:00:00:0e:08:00 SRC=0.0.0.0 DST=255.255.255.255 LEN=318 TOS=0x00 PREC=0xC0 TTL=64 ID=0 DF PROTO=UDP SPT=68 DPT=67 LEN=298 
Nov  8 12:53:07 rjacinto1-pri kernel: Logged Traffic: IN=ens192 OUT= MAC=ff:ff:ff:ff:ff:ff:00:50:56:00:00:0e:08:00 SRC=0.0.0.0 DST=255.255.255.255 LEN=318 TOS=0x00 PREC=0xC0 TTL=64 ID=0 DF PROTO=UDP SPT=68 DPT=67 LEN=298 
Nov  8 12:54:07 rjacinto1-pri kernel: Logged Traffic: IN=ens192 OUT= MAC=ff:ff:ff:ff:ff:ff:00:50:56:00:00:0e:08:00 SRC=0.0.0.0 DST=255.255.255.255 LEN=318 TOS=0x00 PREC=0xC0 TTL=64 ID=0 DF PROTO=UDP SPT=68 DPT=67 LEN=298 
Nov  8 12:55:08 rjacinto1-pri kernel: Logged Traffic: IN=ens192 OUT= MAC=ff:ff:ff:ff:ff:ff:00:50:56:00:00:0e:08:00 SRC=0.0.0.0 DST=255.255.255.255 LEN=318 TOS=0x00 PREC=0xC0 TTL=64 ID=0 DF PROTO=UDP SPT=68 DPT=67 LEN=298 
Nov  8 12:56:09 rjacinto1-pri kernel: Logged Traffic: IN=ens192 OUT= MAC=ff:ff:ff:ff:ff:ff:00:50:56:00:00:0e:08:00 SRC=0.0.0.0 DST=255.255.255.255 LEN=318 TOS=0x00 PREC=0xC0 TTL=64 ID=0 DF PROTO=UDP SPT=68 DPT=67 LEN=298 
Nov  8 12:56:40 rjacinto1-pri kernel: Logged Traffic: IN=ens192 OUT= MAC=ff:ff:ff:ff:ff:ff:00:50:56:00:00:71:08:00 SRC=0.0.0.0 DST=255.255.255.255 LEN=310 TOS=0x00 PREC=0xC0 TTL=64 ID=0 DF PROTO=UDP SPT=68 DPT=67 LEN=290 
Nov  8 12:57:09 rjacinto1-pri kernel: Logged Traffic: IN=ens192 OUT= MAC=ff:ff:ff:ff:ff:ff:00:50:56:00:00:0e:08:00 SRC=0.0.0.0 DST=255.255.255.255 LEN=318 TOS=0x00 PREC=0xC0 TTL=64 ID=0 DF PROTO=UDP SPT=68 DPT=67 LEN=298 
Nov  8 12:58:10 rjacinto1-pri kernel: Logged Traffic: IN=ens192 OUT= MAC=ff:ff:ff:ff:ff:ff:00:50:56:00:00:0e:08:00 SRC=0.0.0.0 DST=255.255.255.255 LEN=318 TOS=0x00 PREC=0xC0 TTL=64 ID=0 DF PROTO=UDP SPT=68 DPT=67 LEN=298 
Nov  8 12:59:10 rjacinto1-pri kernel: Logged Traffic: IN=ens192 OUT= MAC=ff:ff:ff:ff:ff:ff:00:50:56:00:00:0e:08:00 SRC=0.0.0.0 DST=255.255.255.255 LEN=318 TOS=0x00 PREC=0xC0 TTL=64 ID=0 DF PROTO=UDP SPT=68 DPT=67 LEN=298 
Nov  8 13:00:10 rjacinto1-pri kernel: Logged Traffic: IN=ens192 OUT= MAC=ff:ff:ff:ff:ff:ff:00:50:56:00:00:0e:08:00 SRC=0.0.0.0 DST=255.255.255.255 LEN=318 TOS=0x00 PREC=0xC0 TTL=64 ID=0 DF PROTO=UDP SPT=68 DPT=67 LEN=298 
Nov  8 13:01:11 rjacinto1-pri kernel: Logged Traffic: IN=ens192 OUT= MAC=ff:ff:ff:ff:ff:ff:00:50:56:00:00:0e:08:00 SRC=0.0.0.0 DST=255.255.255.255 LEN=318 TOS=0x00 PREC=0xC0 TTL=64 ID=0 DF PROTO=UDP SPT=68 DPT=67 LEN=298 
Nov  8 13:02:11 rjacinto1-pri kernel: Logged Traffic: IN=ens192 OUT= MAC=ff:ff:ff:ff:ff:ff:00:50:56:00:00:0e:08:00 SRC=0.0.0.0 DST=255.255.255.255 LEN=318 TOS=0x00 PREC=0xC0 TTL=64 ID=0 DF PROTO=UDP SPT=68 DPT=67 LEN=298 
Nov  8 13:03:11 rjacinto1-pri kernel: Logged Traffic: IN=ens192 OUT= MAC=ff:ff:ff:ff:ff:ff:00:50:56:00:00:0e:08:00 SRC=0.0.0.0 DST=255.255.255.255 LEN=318 TOS=0x00 PREC=0xC0 TTL=64 ID=0 DF PROTO=UDP SPT=68 DPT=67 LEN=298 
Nov  8 13:04:11 rjacinto1-pri kernel: Logged Traffic: IN=ens192 OUT= MAC=ff:ff:ff:ff:ff:ff:00:50:56:00:00:0e:08:00 SRC=0.0.0.0 DST=255.255.255.255 LEN=318 TOS=0x00 PREC=0xC0 TTL=64 ID=0 DF PROTO=UDP SPT=68 DPT=67 LEN=298 
Nov  8 13:05:12 rjacinto1-pri kernel: Logged Traffic: IN=ens192 OUT= MAC=ff:ff:ff:ff:ff:ff:00:50:56:00:00:0e:08:00 SRC=0.0.0.0 DST=255.255.255.255 LEN=318 TOS=0x00 PREC=0xC0 TTL=64 ID=0 DF PROTO=UDP SPT=68 DPT=67 LEN=298 
Nov  8 13:06:12 rjacinto1-pri kernel: Logged Traffic: IN=ens192 OUT= MAC=ff:ff:ff:ff:ff:ff:00:50:56:00:00:0e:08:00 SRC=0.0.0.0 DST=255.255.255.255 LEN=318 TOS=0x00 PREC=0xC0 TTL=64 ID=0 DF PROTO=UDP SPT=68 DPT=67 LEN=298 
Nov  8 13:06:17 rjacinto1-pri kernel: Logged Traffic: IN=ens192 OUT= MAC=ff:ff:ff:ff:ff:ff:00:50:56:00:00:0b:08:00 SRC=0.0.0.0 DST=255.255.255.255 LEN=310 TOS=0x00 PREC=0xC0 TTL=64 ID=0 DF PROTO=UDP SPT=68 DPT=67 LEN=290 
Nov  8 13:06:18 rjacinto1-pri kernel: Logged Traffic: IN=ens192 OUT= MAC=ff:ff:ff:ff:ff:ff:00:50:56:00:00:63:08:00 SRC=0.0.0.0 DST=255.255.255.255 LEN=326 TOS=0x00 PREC=0xC0 TTL=64 ID=0 DF PROTO=UDP SPT=68 DPT=67 LEN=306 
Nov  8 13:07:13 rjacinto1-pri kernel: Logged Traffic: IN=ens192 OUT= MAC=ff:ff:ff:ff:ff:ff:00:50:56:00:00:0e:08:00 SRC=0.0.0.0 DST=255.255.255.255 LEN=318 TOS=0x00 PREC=0xC0 TTL=64 ID=0 DF PROTO=UDP SPT=68 DPT=67 LEN=298 
Nov  8 13:08:14 rjacinto1-pri kernel: Logged Traffic: IN=ens192 OUT= MAC=ff:ff:ff:ff:ff:ff:00:50:56:00:00:0e:08:00 SRC=0.0.0.0 DST=255.255.255.255 LEN=318 TOS=0x00 PREC=0xC0 TTL=64 ID=0 DF PROTO=UDP SPT=68 DPT=67 LEN=298 
Nov  8 13:09:02 rjacinto1-pri kernel: Logged Traffic: IN=ens192 OUT= MAC=ff:ff:ff:ff:ff:ff:00:50:56:00:00:35:08:00 SRC=0.0.0.0 DST=255.255.255.255 LEN=310 TOS=0x00 PREC=0xC0 TTL=64 ID=0 DF PROTO=UDP SPT=68 DPT=67 LEN=290 
Nov  8 13:09:14 rjacinto1-pri kernel: Logged Traffic: IN=ens192 OUT= MAC=ff:ff:ff:ff:ff:ff:00:50:56:00:00:0e:08:00 SRC=0.0.0.0 DST=255.255.255.255 LEN=318 TOS=0x00 PREC=0xC0 TTL=64 ID=0 DF PROTO=UDP SPT=68 DPT=67 LEN=298 
Nov  8 13:10:14 rjacinto1-pri kernel: Logged Traffic: IN=ens192 OUT= MAC=ff:ff:ff:ff:ff:ff:00:50:56:00:00:0e:08:00 SRC=0.0.0.0 DST=255.255.255.255 LEN=318 TOS=0x00 PREC=0xC0 TTL=64 ID=0 DF PROTO=UDP SPT=68 DPT=67 LEN=298 
Nov  8 13:11:15 rjacinto1-pri kernel: Logged Traffic: IN=ens192 OUT= MAC=ff:ff:ff:ff:ff:ff:00:50:56:00:00:0e:08:00 SRC=0.0.0.0 DST=255.255.255.255 LEN=318 TOS=0x00 PREC=0xC0 TTL=64 ID=0 DF PROTO=UDP SPT=68 DPT=67 LEN=298 
Nov  8 13:12:15 rjacinto1-pri kernel: Logged Traffic: IN=ens192 OUT= MAC=ff:ff:ff:ff:ff:ff:00:50:56:00:00:0e:08:00 SRC=0.0.0.0 DST=255.255.255.255 LEN=318 TOS=0x00 PREC=0xC0 TTL=64 ID=0 DF PROTO=UDP SPT=68 DPT=67 LEN=298 
Nov  8 13:12:15 rjacinto1-pri kernel: Logged Traffic: IN=ens192 OUT= MAC=ff:ff:ff:ff:ff:ff:00:50:56:00:00:38:08:00 SRC=0.0.0.0 DST=255.255.255.255 LEN=324 TOS=0x00 PREC=0xC0 TTL=64 ID=0 DF PROTO=UDP SPT=68 DPT=67 LEN=304 
Nov  8 13:13:16 rjacinto1-pri kernel: Logged Traffic: IN=ens192 OUT= MAC=ff:ff:ff:ff:ff:ff:00:50:56:00:00:0e:08:00 SRC=0.0.0.0 DST=255.255.255.255 LEN=318 TOS=0x00 PREC=0xC0 TTL=64 ID=0 DF PROTO=UDP SPT=68 DPT=67 LEN=298 
Nov  8 13:14:16 rjacinto1-pri kernel: Logged Traffic: IN=ens192 OUT= MAC=ff:ff:ff:ff:ff:ff:00:50:56:00:00:0e:08:00 SRC=0.0.0.0 DST=255.255.255.255 LEN=318 TOS=0x00 PREC=0xC0 TTL=64 ID=0 DF PROTO=UDP SPT=68 DPT=67 LEN=298 
Nov  8 13:15:17 rjacinto1-pri kernel: Logged Traffic: IN=ens192 OUT= MAC=ff:ff:ff:ff:ff:ff:00:50:56:00:00:0e:08:00 SRC=0.0.0.0 DST=255.255.255.255 LEN=318 TOS=0x00 PREC=0xC0 TTL=64 ID=0 DF PROTO=UDP SPT=68 DPT=67 LEN=298 
Nov  8 13:16:17 rjacinto1-pri kernel: Logged Traffic: IN=ens192 OUT= MAC=ff:ff:ff:ff:ff:ff:00:50:56:00:00:0e:08:00 SRC=0.0.0.0 DST=255.255.255.255 LEN=318 TOS=0x00 PREC=0xC0 TTL=64 ID=0 DF PROTO=UDP SPT=68 DPT=67 LEN=298 
Nov  8 13:17:18 rjacinto1-pri kernel: Logged Traffic: IN=ens192 OUT= MAC=ff:ff:ff:ff:ff:ff:00:50:56:00:00:0e:08:00 SRC=0.0.0.0 DST=255.255.255.255 LEN=318 TOS=0x00 PREC=0xC0 TTL=64 ID=0 DF PROTO=UDP SPT=68 DPT=67 LEN=298 
Nov  8 13:18:18 rjacinto1-pri kernel: Logged Traffic: IN=ens192 OUT= MAC=ff:ff:ff:ff:ff:ff:00:50:56:00:00:0e:08:00 SRC=0.0.0.0 DST=255.255.255.255 LEN=318 TOS=0x00 PREC=0xC0 TTL=64 ID=0 DF PROTO=UDP SPT=68 DPT=67 LEN=298 
Nov  8 13:19:18 rjacinto1-pri kernel: Logged Traffic: IN=ens192 OUT= MAC=ff:ff:ff:ff:ff:ff:00:50:56:00:00:0e:08:00 SRC=0.0.0.0 DST=255.255.255.255 LEN=318 TOS=0x00 PREC=0xC0 TTL=64 ID=0 DF PROTO=UDP SPT=68 DPT=67 LEN=298 
Nov  8 13:20:19 rjacinto1-pri kernel: Logged Traffic: IN=ens192 OUT= MAC=ff:ff:ff:ff:ff:ff:00:50:56:00:00:0e:08:00 SRC=0.0.0.0 DST=255.255.255.255 LEN=318 TOS=0x00 PREC=0xC0 TTL=64 ID=0 DF PROTO=UDP SPT=68 DPT=67 LEN=298 
Nov  8 13:21:19 rjacinto1-pri kernel: Logged Traffic: IN=ens192 OUT= MAC=ff:ff:ff:ff:ff:ff:00:50:56:00:00:0e:08:00 SRC=0.0.0.0 DST=255.255.255.255 LEN=318 TOS=0x00 PREC=0xC0 TTL=64 ID=0 DF PROTO=UDP SPT=68 DPT=67 LEN=298 
Nov  8 13:22:19 rjacinto1-pri kernel: Logged Traffic: IN=ens192 OUT= MAC=ff:ff:ff:ff:ff:ff:00:50:56:00:00:0e:08:00 SRC=0.0.0.0 DST=255.255.255.255 LEN=318 TOS=0x00 PREC=0xC0 TTL=64 ID=0 DF PROTO=UDP SPT=68 DPT=67 LEN=298 
Nov  8 13:23:19 rjacinto1-pri kernel: Logged Traffic: IN=ens192 OUT= MAC=ff:ff:ff:ff:ff:ff:00:50:56:00:00:0e:08:00 SRC=0.0.0.0 DST=255.255.255.255 LEN=318 TOS=0x00 PREC=0xC0 TTL=64 ID=0 DF PROTO=UDP SPT=68 DPT=67 LEN=298 
Nov  8 13:24:20 rjacinto1-pri kernel: Logged Traffic: IN=ens192 OUT= MAC=ff:ff:ff:ff:ff:ff:00:50:56:00:00:0e:08:00 SRC=0.0.0.0 DST=255.255.255.255 LEN=318 TOS=0x00 PREC=0xC0 TTL=64 ID=0 DF PROTO=UDP SPT=68 DPT=67 LEN=298 
Nov  8 13:24:57 rjacinto1-pri systemd[1]: Starting dnf makecache...
Nov  8 13:24:57 rjacinto1-pri dnf[15210]: Metadata cache refreshed recently.
Nov  8 13:24:58 rjacinto1-pri systemd[1]: Started dnf makecache.
Nov  8 13:25:21 rjacinto1-pri kernel: Logged Traffic: IN=ens192 OUT= MAC=ff:ff:ff:ff:ff:ff:00:50:56:00:00:0e:08:00 SRC=0.0.0.0 DST=255.255.255.255 LEN=318 TOS=0x00 PREC=0xC0 TTL=64 ID=0 DF PROTO=UDP SPT=68 DPT=67 LEN=298 
Nov  8 13:26:21 rjacinto1-pri kernel: Logged Traffic: IN=ens192 OUT= MAC=ff:ff:ff:ff:ff:ff:00:50:56:00:00:0e:08:00 SRC=0.0.0.0 DST=255.255.255.255 LEN=318 TOS=0x00 PREC=0xC0 TTL=64 ID=0 DF PROTO=UDP SPT=68 DPT=67 LEN=298 
Nov  8 13:27:01 rjacinto1-pri kernel: Logged Traffic: IN=ens192 OUT= MAC=ff:ff:ff:ff:ff:ff:00:50:56:00:00:0e:08:00 SRC=0.0.0.0 DST=255.255.255.255 LEN=324 TOS=0x00 PREC=0xC0 TTL=64 ID=0 DF PROTO=UDP SPT=68 DPT=67 LEN=304 
Nov  8 13:27:01 rjacinto1-pri kernel: Logged Traffic: IN=ens192 OUT= MAC=ff:ff:ff:ff:ff:ff:00:50:56:00:00:0e:08:00 SRC=0.0.0.0 DST=255.255.255.255 LEN=330 TOS=0x00 PREC=0xC0 TTL=64 ID=0 DF PROTO=UDP SPT=68 DPT=67 LEN=310 
Nov  8 13:37:18 rjacinto1-pri kernel: Logged Traffic: IN=ens192 OUT= MAC=ff:ff:ff:ff:ff:ff:00:50:56:00:00:31:08:00 SRC=0.0.0.0 DST=255.255.255.255 LEN=315 TOS=0x00 PREC=0xC0 TTL=64 ID=0 DF PROTO=UDP SPT=68 DPT=67 LEN=295 
Nov  8 13:37:33 rjacinto1-pri kernel: Logged Traffic: IN=ens192 OUT= MAC=ff:ff:ff:ff:ff:ff:00:50:56:00:00:37:08:00 SRC=0.0.0.0 DST=255.255.255.255 LEN=324 TOS=0x00 PREC=0xC0 TTL=64 ID=0 DF PROTO=UDP SPT=68 DPT=67 LEN=304 
Nov  8 14:18:23 rjacinto1-pri kernel: Logged Traffic: IN=ens192 OUT= MAC=ff:ff:ff:ff:ff:ff:00:50:56:00:00:4b:08:00 SRC=0.0.0.0 DST=255.255.255.255 LEN=321 TOS=0x00 PREC=0xC0 TTL=64 ID=0 DF PROTO=UDP SPT=68 DPT=67 LEN=301 
Nov  8 14:25:57 rjacinto1-pri systemd[1]: Starting dnf makecache...
Nov  8 14:25:58 rjacinto1-pri dnf[15234]: CentOS-8 - AppStream                             14 kB/s | 4.3 kB     00:00
Nov  8 14:25:58 rjacinto1-pri dnf[15234]: CentOS-8 - Base                                  15 kB/s | 3.9 kB     00:00
Nov  8 14:25:58 rjacinto1-pri dnf[15234]: CentOS-8 - Extras                                10 kB/s | 1.5 kB     00:00
Nov  8 14:25:59 rjacinto1-pri dnf[15234]: Metadata cache created.
Nov  8 14:25:59 rjacinto1-pri systemd[1]: Started dnf makecache.
Nov  8 14:56:56 rjacinto1-pri kernel: Logged Traffic: IN=ens192 OUT= MAC=ff:ff:ff:ff:ff:ff:00:50:56:00:00:20:08:00 SRC=0.0.0.0 DST=255.255.255.255 LEN=310 TOS=0x00 PREC=0xC0 TTL=64 ID=0 DF PROTO=UDP SPT=68 DPT=67 LEN=290 
Nov  8 15:03:42 rjacinto1-pri kernel: Logged Traffic: IN=ens192 OUT= MAC=ff:ff:ff:ff:ff:ff:00:50:56:00:00:78:08:00 SRC=0.0.0.0 DST=255.255.255.255 LEN=325 TOS=0x00 PREC=0xC0 TTL=64 ID=0 DF PROTO=UDP SPT=68 DPT=67 LEN=305 
Nov  8 15:10:27 rjacinto1-pri kernel: Logged Traffic: IN=ens192 OUT= MAC=ff:ff:ff:ff:ff:ff:00:50:56:00:00:0f:08:00 SRC=0.0.0.0 DST=255.255.255.255 LEN=324 TOS=0x00 PREC=0xC0 TTL=64 ID=0 DF PROTO=UDP SPT=68 DPT=67 LEN=304 
Nov  8 15:12:14 rjacinto1-pri kernel: Logged Traffic: IN=ens192 OUT= MAC=ff:ff:ff:ff:ff:ff:00:50:56:00:00:0f:08:00 SRC=0.0.0.0 DST=255.255.255.255 LEN=324 TOS=0x00 PREC=0xC0 TTL=64 ID=0 DF PROTO=UDP SPT=68 DPT=67 LEN=304 
Nov  8 15:14:14 rjacinto1-pri kernel: Logged Traffic: IN=ens192 OUT= MAC=ff:ff:ff:ff:ff:ff:00:50:56:00:00:29:08:00 SRC=0.0.0.0 DST=255.255.255.255 LEN=310 TOS=0x00 PREC=0xC0 TTL=64 ID=0 DF PROTO=UDP SPT=68 DPT=67 LEN=290 
Nov  8 15:26:47 rjacinto1-pri systemd[1]: Starting dnf makecache...
Nov  8 15:26:47 rjacinto1-pri dnf[15263]: Metadata cache refreshed recently.
Nov  8 15:26:48 rjacinto1-pri systemd[1]: Started dnf makecache.
Nov  8 15:37:40 rjacinto1-pri kernel: Logged Traffic: IN=ens192 OUT= MAC=ff:ff:ff:ff:ff:ff:00:50:56:00:00:2b:08:00 SRC=0.0.0.0 DST=255.255.255.255 LEN=310 TOS=0x00 PREC=0xC0 TTL=64 ID=0 DF PROTO=UDP SPT=68 DPT=67 LEN=290 
Nov  8 15:51:49 rjacinto1-pri kernel: Logged Traffic: IN=ens192 OUT= MAC=ff:ff:ff:ff:ff:ff:00:50:56:00:00:40:08:00 SRC=0.0.0.0 DST=255.255.255.255 LEN=323 TOS=0x00 PREC=0xC0 TTL=64 ID=0 DF PROTO=UDP SPT=68 DPT=67 LEN=303 
Nov  8 15:52:24 rjacinto1-pri NetworkManager[950]: <info>  [1604868744.3139] audit: op="connection-update" uuid="ee91a26e-5196-3415-9e5c-78779354d0fa" name="Wired connection 1" args="ipv4.addresses,connection.timestamp" pid=15272 uid=1000 result="success"
Nov  8 15:52:35 rjacinto1-pri dbus-daemon[949]: [system] Rejected send message, 4 matched rules; type="method_call", sender=":1.1079" (uid=1000 pid=15312 comm="nmcli connection load /etc/sysconfig/network-scrip" label="unconfined_u:unconfined_r:unconfined_t:s0-s0:c0.c1023") interface="org.freedesktop.NetworkManager.Settings" member="LoadConnections" error name="(unset)" requested_reply="0" destination=":1.4" (uid=0 pid=950 comm="/usr/sbin/NetworkManager --no-daemon " label="system_u:system_r:NetworkManager_t:s0")
Nov  8 15:52:41 rjacinto1-pri su[15322]: (to root) student on tty1
Nov  8 15:52:45 rjacinto1-pri NetworkManager[950]: <info>  [1604868765.3228] audit: op="connections-load" args="/etc/sysconfig/network-scripts/ifcfg-ens224" pid=15342 uid=0 result="success"
Nov  8 15:52:47 rjacinto1-pri NetworkManager[950]: <info>  [1604868767.8184] audit: op="connections-load" args="/etc/sysconfig/network-scripts/ifcfg-ens224" pid=15350 uid=0 result="success"
Nov  8 15:52:48 rjacinto1-pri kernel: Command line: BOOT_IMAGE=(hd0,msdos1)/vmlinuz-4.18.0-193.el8.x86_64 root=/dev/mapper/cl-root ro crashkernel=auto resume=/dev/mapper/cl-swap rd.lvm.lv=cl/root rd.lvm.lv=cl/swap rhgb quiet
Nov  8 15:52:48 rjacinto1-pri kernel: Disabled fast string operations
Nov  8 15:52:48 rjacinto1-pri kernel: x86/fpu: Supporting XSAVE feature 0x001: 'x87 floating point registers'
Nov  8 15:52:48 rjacinto1-pri kernel: x86/fpu: Supporting XSAVE feature 0x002: 'SSE registers'
Nov  8 15:52:48 rjacinto1-pri kernel: x86/fpu: Supporting XSAVE feature 0x004: 'AVX registers'
Nov  8 15:52:48 rjacinto1-pri kernel: x86/fpu: xstate_offset[2]:  576, xstate_sizes[2]:  256
Nov  8 15:52:48 rjacinto1-pri kernel: x86/fpu: Enabled xstate features 0x7, context size is 832 bytes, using 'standard' format.
Nov  8 15:52:48 rjacinto1-pri kernel: BIOS-provided physical RAM map:
Nov  8 15:52:48 rjacinto1-pri kernel: BIOS-e820: [mem 0x0000000000000000-0x000000000009f3ff] usable
Nov  8 15:52:48 rjacinto1-pri kernel: BIOS-e820: [mem 0x000000000009f400-0x000000000009ffff] reserved
Nov  8 15:52:48 rjacinto1-pri kernel: BIOS-e820: [mem 0x00000000000dc000-0x00000000000fffff] reserved
Nov  8 15:52:48 rjacinto1-pri kernel: BIOS-e820: [mem 0x0000000000100000-0x000000007fedffff] usable
Nov  8 15:52:48 rjacinto1-pri kernel: BIOS-e820: [mem 0x000000007fee0000-0x000000007fefefff] ACPI data
Nov  8 15:52:48 rjacinto1-pri kernel: BIOS-e820: [mem 0x000000007feff000-0x000000007fefffff] ACPI NVS
Nov  8 15:52:48 rjacinto1-pri kernel: BIOS-e820: [mem 0x000000007ff00000-0x000000007fffffff] usable
Nov  8 15:52:48 rjacinto1-pri kernel: BIOS-e820: [mem 0x00000000f0000000-0x00000000f7ffffff] reserved
Nov  8 15:52:48 rjacinto1-pri kernel: BIOS-e820: [mem 0x00000000fec00000-0x00000000fec0ffff] reserved
Nov  8 15:52:48 rjacinto1-pri kernel: BIOS-e820: [mem 0x00000000fee00000-0x00000000fee00fff] reserved
Nov  8 15:52:48 rjacinto1-pri kernel: BIOS-e820: [mem 0x00000000fffe0000-0x00000000ffffffff] reserved
Nov  8 15:52:48 rjacinto1-pri kernel: NX (Execute Disable) protection: active
Nov  8 15:52:48 rjacinto1-pri kernel: SMBIOS 2.7 present.
Nov  8 15:52:48 rjacinto1-pri kernel: DMI: VMware, Inc. VMware Virtual Platform/440BX Desktop Reference Platform, BIOS 6.00 12/09/2019
Nov  8 15:52:48 rjacinto1-pri kernel: Hypervisor detected: VMware
Nov  8 15:52:48 rjacinto1-pri kernel: vmware: TSC freq read from hypervisor : 2700.000 MHz
Nov  8 15:52:48 rjacinto1-pri kernel: vmware: Host bus clock speed read from hypervisor : 66000000 Hz
Nov  8 15:52:48 rjacinto1-pri kernel: vmware: using sched offset of 4165667907 ns
Nov  8 15:52:48 rjacinto1-pri kernel: tsc: Detected 2700.000 MHz processor
Nov  8 15:52:48 rjacinto1-pri kernel: last_pfn = 0x80000 max_arch_pfn = 0x400000000
Nov  8 15:52:48 rjacinto1-pri kernel: x86/PAT: Configuration [0-7]: WB  WC  UC- UC  WB  WP  UC- WT  
Nov  8 15:52:48 rjacinto1-pri kernel: total RAM covered: 2048M
Nov  8 15:52:48 rjacinto1-pri kernel: Found optimal setting for mtrr clean up
Nov  8 15:52:48 rjacinto1-pri kernel: gran_size: 64K #011chunk_size: 64K #011num_reg: 1  #011lose cover RAM: 0G
Nov  8 15:52:48 rjacinto1-pri kernel: found SMP MP-table at [mem 0x000f6a70-0x000f6a7f]
Nov  8 15:52:48 rjacinto1-pri kernel: kexec: Reserving the low 1M of memory for crashkernel
Nov  8 15:52:48 rjacinto1-pri kernel: RAMDISK: [mem 0x346de000-0x36366fff]
Nov  8 15:52:48 rjacinto1-pri kernel: ACPI: Early table checksum verification disabled
Nov  8 15:52:48 rjacinto1-pri kernel: ACPI: RSDP 0x00000000000F6A00 000024 (v02 PTLTD )
Nov  8 15:52:48 rjacinto1-pri kernel: ACPI: XSDT 0x000000007FEEEAC0 00005C (v01 INTEL  440BX    06040000 VMW  01324272)
Nov  8 15:52:48 rjacinto1-pri kernel: ACPI: FACP 0x000000007FEFEE73 0000F4 (v04 INTEL  440BX    06040000 PTL  000F4240)
Nov  8 15:52:48 rjacinto1-pri kernel: ACPI: DSDT 0x000000007FEEED00 010173 (v01 PTLTD  Custom   06040000 MSFT 03000001)
Nov  8 15:52:48 rjacinto1-pri kernel: ACPI: FACS 0x000000007FEFFFC0 000040
Nov  8 15:52:48 rjacinto1-pri kernel: ACPI: FACS 0x000000007FEFFFC0 000040
Nov  8 15:52:48 rjacinto1-pri kernel: ACPI: BOOT 0x000000007FEEECD8 000028 (v01 PTLTD  $SBFTBL$ 06040000  LTP 00000001)
Nov  8 15:52:48 rjacinto1-pri kernel: ACPI: APIC 0x000000007FEEEC88 000050 (v01 PTLTD  ? APIC   06040000  LTP 00000000)
Nov  8 15:52:48 rjacinto1-pri kernel: ACPI: MCFG 0x000000007FEEEC4C 00003C (v01 PTLTD  $PCITBL$ 06040000  LTP 00000001)
Nov  8 15:52:48 rjacinto1-pri kernel: ACPI: SRAT 0x000000007FEEEBBC 000090 (v02 VMWARE MEMPLUG  06040000 VMW  00000001)
Nov  8 15:52:48 rjacinto1-pri kernel: ACPI: HPET 0x000000007FEEEB84 000038 (v01 VMWARE VMW HPET 06040000 VMW  00000001)
Nov  8 15:52:48 rjacinto1-pri kernel: ACPI: WAET 0x000000007FEEEB5C 000028 (v01 VMWARE VMW WAET 06040000 VMW  00000001)
Nov  8 15:52:48 rjacinto1-pri kernel: SRAT: PXM 0 -> APIC 0x00 -> Node 0
Nov  8 15:52:48 rjacinto1-pri kernel: ACPI: SRAT: Node 0 PXM 0 [mem 0x00000000-0x0009ffff]
Nov  8 15:52:48 rjacinto1-pri kernel: ACPI: SRAT: Node 0 PXM 0 [mem 0x00100000-0x7fffffff]
Nov  8 15:52:48 rjacinto1-pri kernel: NUMA: Node 0 [mem 0x00000000-0x0009ffff] + [mem 0x00100000-0x7fffffff] -> [mem 0x00000000-0x7fffffff]
Nov  8 15:52:48 rjacinto1-pri kernel: NODE_DATA(0) allocated [mem 0x7ffd6000-0x7fffffff]
Nov  8 15:52:48 rjacinto1-pri kernel: Using crashkernel=auto, the size chosen is a best effort estimation.
Nov  8 15:52:48 rjacinto1-pri kernel: Reserving 160MB of memory at 1872MB for crashkernel (System RAM: 2047MB)
Nov  8 15:52:48 rjacinto1-pri kernel: Zone ranges:
Nov  8 15:52:48 rjacinto1-pri kernel:  DMA      [mem 0x0000000000001000-0x0000000000ffffff]
Nov  8 15:52:48 rjacinto1-pri kernel:  DMA32    [mem 0x0000000001000000-0x000000007fffffff]
Nov  8 15:52:48 rjacinto1-pri kernel:  Normal   empty
Nov  8 15:52:48 rjacinto1-pri kernel:  Device   empty
Nov  8 15:52:48 rjacinto1-pri kernel: Movable zone start for each node
Nov  8 15:52:48 rjacinto1-pri kernel: Early memory node ranges
Nov  8 15:52:48 rjacinto1-pri kernel:  node   0: [mem 0x0000000000001000-0x000000000009efff]
Nov  8 15:52:48 rjacinto1-pri kernel:  node   0: [mem 0x0000000000100000-0x000000007fedffff]
Nov  8 15:52:48 rjacinto1-pri kernel:  node   0: [mem 0x000000007ff00000-0x000000007fffffff]
Nov  8 15:52:48 rjacinto1-pri kernel: Zeroed struct page in unavailable ranges: 130 pages
Nov  8 15:52:48 rjacinto1-pri kernel: Initmem setup node 0 [mem 0x0000000000001000-0x000000007fffffff]
Nov  8 15:52:48 rjacinto1-pri kernel: ACPI: PM-Timer IO Port: 0x1008
Nov  8 15:52:48 rjacinto1-pri kernel: ACPI: LAPIC_NMI (acpi_id[0x00] high edge lint[0x1])
Nov  8 15:52:48 rjacinto1-pri kernel: IOAPIC[0]: apic_id 1, version 17, address 0xfec00000, GSI 0-23
Nov  8 15:52:48 rjacinto1-pri kernel: ACPI: INT_SRC_OVR (bus 0 bus_irq 0 global_irq 2 high edge)
Nov  8 15:52:48 rjacinto1-pri kernel: Using ACPI (MADT) for SMP configuration information
Nov  8 15:52:48 rjacinto1-pri kernel: ACPI: HPET id: 0x8086af01 base: 0xfed00000
Nov  8 15:52:48 rjacinto1-pri kernel: smpboot: Allowing 1 CPUs, 0 hotplug CPUs
Nov  8 15:52:48 rjacinto1-pri kernel: PM: Registered nosave memory: [mem 0x00000000-0x00000fff]
Nov  8 15:52:48 rjacinto1-pri kernel: PM: Registered nosave memory: [mem 0x0009f000-0x0009ffff]
Nov  8 15:52:48 rjacinto1-pri kernel: PM: Registered nosave memory: [mem 0x000a0000-0x000dbfff]
Nov  8 15:52:48 rjacinto1-pri kernel: PM: Registered nosave memory: [mem 0x000dc000-0x000fffff]
Nov  8 15:52:48 rjacinto1-pri kernel: PM: Registered nosave memory: [mem 0x7fee0000-0x7fefefff]
Nov  8 15:52:48 rjacinto1-pri kernel: PM: Registered nosave memory: [mem 0x7feff000-0x7fefffff]
Nov  8 15:52:48 rjacinto1-pri kernel: [mem 0x80000000-0xefffffff] available for PCI devices
Nov  8 15:52:48 rjacinto1-pri kernel: Booting paravirtualized kernel on VMware hypervisor
Nov  8 15:52:48 rjacinto1-pri kernel: clocksource: refined-jiffies: mask: 0xffffffff max_cycles: 0xffffffff, max_idle_ns: 1910969940391419 ns
Nov  8 15:52:48 rjacinto1-pri kernel: setup_percpu: NR_CPUS:8192 nr_cpumask_bits:1 nr_cpu_ids:1 nr_node_ids:1
Nov  8 15:52:48 rjacinto1-pri kernel: percpu: Embedded 53 pages/cpu s180224 r8192 d28672 u2097152
Nov  8 15:52:48 rjacinto1-pri kernel: Built 1 zonelists, mobility grouping on.  Total pages: 515808
Nov  8 15:52:48 rjacinto1-pri kernel: Policy zone: DMA32
Nov  8 15:52:48 rjacinto1-pri kernel: Kernel command line: BOOT_IMAGE=(hd0,msdos1)/vmlinuz-4.18.0-193.el8.x86_64 root=/dev/mapper/cl-root ro crashkernel=auto resume=/dev/mapper/cl-swap rd.lvm.lv=cl/root rd.lvm.lv=cl/swap rhgb quiet
Nov  8 15:52:48 rjacinto1-pri kernel: Specific versions of hardware are certified with Red Hat Enterprise Linux 8. Please see the list of hardware certified with Red Hat Enterprise Linux 8 at https://access.redhat.com/ecosystem.
Nov  8 15:52:48 rjacinto1-pri kernel: Memory: 261120K/2096632K available (12292K kernel code, 2151K rwdata, 3848K rodata, 2404K init, 6476K bss, 261764K reserved, 0K cma-reserved)
Nov  8 15:52:48 rjacinto1-pri kernel: random: get_random_u64 called from cache_random_seq_create+0x7c/0x140 with crng_init=0
Nov  8 15:52:48 rjacinto1-pri kernel: SLUB: HWalign=64, Order=0-3, MinObjects=0, CPUs=1, Nodes=1
Nov  8 15:52:48 rjacinto1-pri kernel: Kernel/User page tables isolation: enabled
Nov  8 15:52:48 rjacinto1-pri kernel: ftrace: allocating 36334 entries in 142 pages
Nov  8 15:52:48 rjacinto1-pri kernel: rcu: Hierarchical RCU implementation.
Nov  8 15:52:48 rjacinto1-pri kernel: rcu: #011RCU restricting CPUs from NR_CPUS=8192 to nr_cpu_ids=1.
Nov  8 15:52:48 rjacinto1-pri kernel: rcu: RCU calculated value of scheduler-enlistment delay is 100 jiffies.
Nov  8 15:52:48 rjacinto1-pri kernel: rcu: Adjusting geometry for rcu_fanout_leaf=16, nr_cpu_ids=1
Nov  8 15:52:48 rjacinto1-pri kernel: NR_IRQS: 524544, nr_irqs: 256, preallocated irqs: 16
Nov  8 15:52:48 rjacinto1-pri kernel: Console: colour VGA+ 80x25
Nov  8 15:52:48 rjacinto1-pri kernel: printk: console [tty0] enabled
Nov  8 15:52:48 rjacinto1-pri kernel: ACPI: Core revision 20190703
Nov  8 15:52:48 rjacinto1-pri kernel: clocksource: hpet: mask: 0xffffffff max_cycles: 0xffffffff, max_idle_ns: 133484882848 ns
Nov  8 15:52:48 rjacinto1-pri kernel: APIC: Switch to symmetric I/O mode setup
Nov  8 15:52:48 rjacinto1-pri kernel: x2apic enabled
Nov  8 15:52:48 rjacinto1-pri kernel: Switched APIC routing to physical x2apic.
Nov  8 15:52:48 rjacinto1-pri kernel: ..TIMER: vector=0x30 apic1=0 pin1=2 apic2=-1 pin2=-1
Nov  8 15:52:48 rjacinto1-pri kernel: clocksource: tsc-early: mask: 0xffffffffffffffff max_cycles: 0x26eb3e3cc63, max_idle_ns: 440795236593 ns
Nov  8 15:52:48 rjacinto1-pri kernel: Calibrating delay loop (skipped) preset value.. 5400.00 BogoMIPS (lpj=2700000)
Nov  8 15:52:48 rjacinto1-pri kernel: pid_max: default: 32768 minimum: 301
Nov  8 15:52:48 rjacinto1-pri kernel: Security Framework initialized
Nov  8 15:52:48 rjacinto1-pri kernel: Yama: becoming mindful.
Nov  8 15:52:48 rjacinto1-pri kernel: SELinux:  Initializing.
Nov  8 15:52:48 rjacinto1-pri kernel: Dentry cache hash table entries: 262144 (order: 9, 2097152 bytes)
Nov  8 15:52:48 rjacinto1-pri kernel: Inode-cache hash table entries: 131072 (order: 8, 1048576 bytes)
Nov  8 15:52:48 rjacinto1-pri kernel: Mount-cache hash table entries: 4096 (order: 3, 32768 bytes)
Nov  8 15:52:48 rjacinto1-pri kernel: Mountpoint-cache hash table entries: 4096 (order: 3, 32768 bytes)
Nov  8 15:52:48 rjacinto1-pri kernel: Disabled fast string operations
Nov  8 15:52:48 rjacinto1-pri kernel: Last level iTLB entries: 4KB 512, 2MB 8, 4MB 8
Nov  8 15:52:48 rjacinto1-pri kernel: Last level dTLB entries: 4KB 512, 2MB 32, 4MB 32, 1GB 0
Nov  8 15:52:48 rjacinto1-pri kernel: FEATURE SPEC_CTRL Present
Nov  8 15:52:48 rjacinto1-pri kernel: FEATURE IBPB_SUPPORT Present
Nov  8 15:52:48 rjacinto1-pri kernel: Spectre V1 : Mitigation: usercopy/swapgs barriers and __user pointer sanitization
Nov  8 15:52:48 rjacinto1-pri kernel: Spectre V2 : Mitigation: Full generic retpoline
Nov  8 15:52:48 rjacinto1-pri kernel: Spectre V2 : Spectre v2 / SpectreRSB mitigation: Filling RSB on context switch
Nov  8 15:52:48 rjacinto1-pri kernel: Spectre V2 : Enabling Restricted Speculation for firmware calls
Nov  8 15:52:48 rjacinto1-pri kernel: Spectre V2 : mitigation: Enabling conditional Indirect Branch Prediction Barrier
Nov  8 15:52:48 rjacinto1-pri kernel: Speculative Store Bypass: Mitigation: Speculative Store Bypass disabled via prctl and seccomp
Nov  8 15:52:48 rjacinto1-pri kernel: MDS: Mitigation: Clear CPU buffers
Nov  8 15:52:48 rjacinto1-pri kernel: Freeing SMP alternatives memory: 32K
Nov  8 15:52:48 rjacinto1-pri kernel: smpboot: CPU0: Intel(R) Xeon(R) CPU E5-2680 0 @ 2.70GHz (family: 0x6, model: 0x2d, stepping: 0x7)
Nov  8 15:52:48 rjacinto1-pri kernel: Performance Events: SandyBridge events, core PMU driver.
Nov  8 15:52:48 rjacinto1-pri kernel: core: CPUID marked event: 'cpu cycles' unavailable
Nov  8 15:52:48 rjacinto1-pri kernel: core: CPUID marked event: 'instructions' unavailable
Nov  8 15:52:48 rjacinto1-pri kernel: core: CPUID marked event: 'bus cycles' unavailable
Nov  8 15:52:48 rjacinto1-pri kernel: core: CPUID marked event: 'cache references' unavailable
Nov  8 15:52:48 rjacinto1-pri kernel: core: CPUID marked event: 'cache misses' unavailable
Nov  8 15:52:48 rjacinto1-pri kernel: core: CPUID marked event: 'branch instructions' unavailable
Nov  8 15:52:48 rjacinto1-pri kernel: core: CPUID marked event: 'branch misses' unavailable
Nov  8 15:52:48 rjacinto1-pri kernel: ... version:                1
Nov  8 15:52:48 rjacinto1-pri kernel: ... bit width:              48
Nov  8 15:52:48 rjacinto1-pri kernel: ... generic registers:      4
Nov  8 15:52:48 rjacinto1-pri kernel: ... value mask:             0000ffffffffffff
Nov  8 15:52:48 rjacinto1-pri kernel: ... max period:             000000007fffffff
Nov  8 15:52:48 rjacinto1-pri kernel: ... fixed-purpose events:   0
Nov  8 15:52:48 rjacinto1-pri kernel: ... event mask:             000000000000000f
Nov  8 15:52:48 rjacinto1-pri kernel: rcu: Hierarchical SRCU implementation.
Nov  8 15:52:48 rjacinto1-pri kernel: NMI watchdog: Perf NMI watchdog permanently disabled
Nov  8 15:52:48 rjacinto1-pri kernel: smp: Bringing up secondary CPUs ...
Nov  8 15:52:48 rjacinto1-pri kernel: smp: Brought up 1 node, 1 CPU
Nov  8 15:52:48 rjacinto1-pri kernel: smpboot: Max logical packages: 1
Nov  8 15:52:48 rjacinto1-pri kernel: smpboot: Total of 1 processors activated (5400.00 BogoMIPS)
Nov  8 15:52:48 rjacinto1-pri kernel: node 0 initialised, 393437 pages in 1ms
Nov  8 15:52:48 rjacinto1-pri kernel: devtmpfs: initialized
Nov  8 15:52:48 rjacinto1-pri kernel: x86/mm: Memory block size: 128MB
Nov  8 15:52:48 rjacinto1-pri kernel: PM: Registering ACPI NVS region [mem 0x7feff000-0x7fefffff] (4096 bytes)
Nov  8 15:52:48 rjacinto1-pri kernel: clocksource: jiffies: mask: 0xffffffff max_cycles: 0xffffffff, max_idle_ns: 1911260446275000 ns
Nov  8 15:52:48 rjacinto1-pri kernel: futex hash table entries: 256 (order: 2, 16384 bytes)
Nov  8 15:52:48 rjacinto1-pri kernel: pinctrl core: initialized pinctrl subsystem
Nov  8 15:52:48 rjacinto1-pri kernel: NET: Registered protocol family 16
Nov  8 15:52:48 rjacinto1-pri kernel: audit: initializing netlink subsys (disabled)
Nov  8 15:52:48 rjacinto1-pri kernel: cpuidle: using governor menu
Nov  8 15:52:48 rjacinto1-pri kernel: Simple Boot Flag at 0x36 set to 0x80
Nov  8 15:52:48 rjacinto1-pri kernel: ACPI: bus type PCI registered
Nov  8 15:52:48 rjacinto1-pri kernel: acpiphp: ACPI Hot Plug PCI Controller Driver version: 0.5
Nov  8 15:52:48 rjacinto1-pri kernel: PCI: MMCONFIG for domain 0000 [bus 00-7f] at [mem 0xf0000000-0xf7ffffff] (base 0xf0000000)
Nov  8 15:52:48 rjacinto1-pri kernel: PCI: MMCONFIG at [mem 0xf0000000-0xf7ffffff] reserved in E820
Nov  8 15:52:48 rjacinto1-pri kernel: PCI: Using configuration type 1 for base access
Nov  8 15:52:48 rjacinto1-pri kernel: core: PMU erratum BJ122, BV98, HSD29 workaround disabled, HT off
Nov  8 15:52:48 rjacinto1-pri kernel: audit: type=2000 audit(1604868767.013:1): state=initialized audit_enabled=0 res=1
Nov  8 15:52:48 rjacinto1-pri kernel: HugeTLB registered 2.00 MiB page size, pre-allocated 0 pages
Nov  8 15:52:48 rjacinto1-pri kernel: cryptd: max_cpu_qlen set to 1000
Nov  8 15:52:48 rjacinto1-pri kernel: ACPI: Added _OSI(Module Device)
Nov  8 15:52:48 rjacinto1-pri kernel: ACPI: Added _OSI(Processor Device)
Nov  8 15:52:48 rjacinto1-pri kernel: ACPI: Added _OSI(3.0 _SCP Extensions)
Nov  8 15:52:48 rjacinto1-pri kernel: ACPI: Added _OSI(Processor Aggregator Device)
Nov  8 15:52:48 rjacinto1-pri kernel: ACPI: Added _OSI(Linux-Dell-Video)
Nov  8 15:52:48 rjacinto1-pri kernel: ACPI: Added _OSI(Linux-Lenovo-NV-HDMI-Audio)
Nov  8 15:52:48 rjacinto1-pri kernel: ACPI: Added _OSI(Linux-HPI-Hybrid-Graphics)
Nov  8 15:52:48 rjacinto1-pri kernel: ACPI: 1 ACPI AML tables successfully acquired and loaded
Nov  8 15:52:48 rjacinto1-pri kernel: ACPI: [Firmware Bug]: BIOS _OSI(Linux) query ignored
Nov  8 15:52:48 rjacinto1-pri kernel: ACPI: Interpreter enabled
Nov  8 15:52:48 rjacinto1-pri kernel: ACPI: (supports S0 S1 S4 S5)
Nov  8 15:52:48 rjacinto1-pri kernel: ACPI: Using IOAPIC for interrupt routing
Nov  8 15:52:48 rjacinto1-pri kernel: PCI: Using host bridge windows from ACPI; if necessary, use "pci=nocrs" and report a bug
Nov  8 15:52:48 rjacinto1-pri kernel: ACPI: Enabled 4 GPEs in block 00 to 0F
Nov  8 15:52:48 rjacinto1-pri kernel: ACPI: PCI Root Bridge [PCI0] (domain 0000 [bus 00-7f])
Nov  8 15:52:48 rjacinto1-pri kernel: acpi PNP0A03:00: _OSC: OS supports [ExtendedConfig ASPM ClockPM Segments MSI HPX-Type3]
Nov  8 15:52:48 rjacinto1-pri kernel: acpi PNP0A03:00: _OSC: platform does not support [AER LTR]
Nov  8 15:52:48 rjacinto1-pri kernel: acpi PNP0A03:00: _OSC: OS now controls [PCIeHotplug SHPCHotplug PME PCIeCapability]
Nov  8 15:52:48 rjacinto1-pri kernel: PCI host bridge to bus 0000:00
Nov  8 15:52:48 rjacinto1-pri kernel: pci_bus 0000:00: root bus resource [mem 0x000a0000-0x000bffff window]
Nov  8 15:52:48 rjacinto1-pri kernel: pci_bus 0000:00: root bus resource [mem 0x000d0000-0x000d3fff window]
Nov  8 15:52:48 rjacinto1-pri kernel: pci_bus 0000:00: root bus resource [mem 0x000d4000-0x000d7fff window]
Nov  8 15:52:48 rjacinto1-pri kernel: pci_bus 0000:00: root bus resource [mem 0x000d8000-0x000dbfff window]
Nov  8 15:52:48 rjacinto1-pri kernel: pci_bus 0000:00: root bus resource [mem 0x80000000-0xfebfffff window]
Nov  8 15:52:48 rjacinto1-pri kernel: pci_bus 0000:00: root bus resource [io  0x0000-0x0cf7 window]
Nov  8 15:52:48 rjacinto1-pri kernel: pci_bus 0000:00: root bus resource [io  0x0d00-0xfeff window]
Nov  8 15:52:48 rjacinto1-pri kernel: pci_bus 0000:00: root bus resource [bus 00-7f]
Nov  8 15:52:48 rjacinto1-pri kernel: pci 0000:00:00.0: [8086:7190] type 00 class 0x060000
Nov  8 15:52:48 rjacinto1-pri kernel: pci 0000:00:01.0: [8086:7191] type 01 class 0x060400
Nov  8 15:52:48 rjacinto1-pri kernel: pci 0000:00:07.0: [8086:7110] type 00 class 0x060100
Nov  8 15:52:48 rjacinto1-pri kernel: pci 0000:00:07.1: [8086:7111] type 00 class 0x01018a
Nov  8 15:52:48 rjacinto1-pri kernel: pci 0000:00:07.1: reg 0x20: [io  0x1060-0x106f]
Nov  8 15:52:48 rjacinto1-pri kernel: pci 0000:00:07.1: legacy IDE quirk: reg 0x10: [io  0x01f0-0x01f7]
Nov  8 15:52:48 rjacinto1-pri kernel: pci 0000:00:07.1: legacy IDE quirk: reg 0x14: [io  0x03f6]
Nov  8 15:52:48 rjacinto1-pri kernel: pci 0000:00:07.1: legacy IDE quirk: reg 0x18: [io  0x0170-0x0177]
Nov  8 15:52:48 rjacinto1-pri kernel: pci 0000:00:07.1: legacy IDE quirk: reg 0x1c: [io  0x0376]
Nov  8 15:52:48 rjacinto1-pri kernel: pci 0000:00:07.3: [8086:7113] type 00 class 0x068000
Nov  8 15:52:48 rjacinto1-pri kernel: pci 0000:00:07.3: quirk: [io  0x1000-0x103f] claimed by PIIX4 ACPI
Nov  8 15:52:48 rjacinto1-pri kernel: pci 0000:00:07.3: quirk: [io  0x1040-0x104f] claimed by PIIX4 SMB
Nov  8 15:52:48 rjacinto1-pri kernel: pci 0000:00:07.7: [15ad:0740] type 00 class 0x088000
Nov  8 15:52:48 rjacinto1-pri kernel: pci 0000:00:07.7: reg 0x10: [io  0x1080-0x10bf]
Nov  8 15:52:48 rjacinto1-pri kernel: pci 0000:00:07.7: reg 0x14: [mem 0xfebfe000-0xfebfffff 64bit]
Nov  8 15:52:48 rjacinto1-pri kernel: pci 0000:00:0f.0: [15ad:0405] type 00 class 0x030000
Nov  8 15:52:48 rjacinto1-pri kernel: pci 0000:00:0f.0: reg 0x10: [io  0x1070-0x107f]
Nov  8 15:52:48 rjacinto1-pri kernel: pci 0000:00:0f.0: reg 0x14: [mem 0xe8000000-0xefffffff pref]
Nov  8 15:52:48 rjacinto1-pri kernel: pci 0000:00:0f.0: reg 0x18: [mem 0xfe000000-0xfe7fffff]
Nov  8 15:52:48 rjacinto1-pri kernel: pci 0000:00:0f.0: reg 0x30: [mem 0x00000000-0x00007fff pref]
Nov  8 15:52:48 rjacinto1-pri kernel: pci 0000:00:11.0: [15ad:0790] type 01 class 0x060401
Nov  8 15:52:48 rjacinto1-pri kernel: pci 0000:00:15.0: [15ad:07a0] type 01 class 0x060400
Nov  8 15:52:48 rjacinto1-pri kernel: pci 0000:00:15.0: PME# supported from D0 D3hot D3cold
Nov  8 15:52:48 rjacinto1-pri kernel: pci 0000:00:15.1: [15ad:07a0] type 01 class 0x060400
Nov  8 15:52:48 rjacinto1-pri kernel: pci 0000:00:15.1: PME# supported from D0 D3hot D3cold
Nov  8 15:52:48 rjacinto1-pri kernel: pci 0000:00:15.2: [15ad:07a0] type 01 class 0x060400
Nov  8 15:52:48 rjacinto1-pri kernel: pci 0000:00:15.2: PME# supported from D0 D3hot D3cold
Nov  8 15:52:48 rjacinto1-pri kernel: pci 0000:00:15.3: [15ad:07a0] type 01 class 0x060400
Nov  8 15:52:48 rjacinto1-pri kernel: pci 0000:00:15.3: PME# supported from D0 D3hot D3cold
Nov  8 15:52:48 rjacinto1-pri kernel: pci 0000:00:15.4: [15ad:07a0] type 01 class 0x060400
Nov  8 15:52:48 rjacinto1-pri kernel: pci 0000:00:15.4: PME# supported from D0 D3hot D3cold
Nov  8 15:52:48 rjacinto1-pri kernel: pci 0000:00:15.5: [15ad:07a0] type 01 class 0x060400
Nov  8 15:52:48 rjacinto1-pri kernel: pci 0000:00:15.5: PME# supported from D0 D3hot D3cold
Nov  8 15:52:48 rjacinto1-pri kernel: pci 0000:00:15.6: [15ad:07a0] type 01 class 0x060400
Nov  8 15:52:48 rjacinto1-pri kernel: pci 0000:00:15.6: PME# supported from D0 D3hot D3cold
Nov  8 15:52:48 rjacinto1-pri kernel: pci 0000:00:15.7: [15ad:07a0] type 01 class 0x060400
Nov  8 15:52:48 rjacinto1-pri kernel: pci 0000:00:15.7: PME# supported from D0 D3hot D3cold
Nov  8 15:52:48 rjacinto1-pri kernel: pci 0000:00:16.0: [15ad:07a0] type 01 class 0x060400
Nov  8 15:52:48 rjacinto1-pri kernel: pci 0000:00:16.0: PME# supported from D0 D3hot D3cold
Nov  8 15:52:48 rjacinto1-pri kernel: pci 0000:00:16.1: [15ad:07a0] type 01 class 0x060400
Nov  8 15:52:48 rjacinto1-pri kernel: pci 0000:00:16.1: PME# supported from D0 D3hot D3cold
Nov  8 15:52:48 rjacinto1-pri kernel: pci 0000:00:16.2: [15ad:07a0] type 01 class 0x060400
Nov  8 15:52:48 rjacinto1-pri kernel: pci 0000:00:16.2: PME# supported from D0 D3hot D3cold
Nov  8 15:52:48 rjacinto1-pri kernel: pci 0000:00:16.3: [15ad:07a0] type 01 class 0x060400
Nov  8 15:52:48 rjacinto1-pri kernel: pci 0000:00:16.3: PME# supported from D0 D3hot D3cold
Nov  8 15:52:48 rjacinto1-pri kernel: pci 0000:00:16.4: [15ad:07a0] type 01 class 0x060400
Nov  8 15:52:48 rjacinto1-pri kernel: pci 0000:00:16.4: PME# supported from D0 D3hot D3cold
Nov  8 15:52:48 rjacinto1-pri kernel: pci 0000:00:16.5: [15ad:07a0] type 01 class 0x060400
Nov  8 15:52:48 rjacinto1-pri kernel: pci 0000:00:16.5: PME# supported from D0 D3hot D3cold
Nov  8 15:52:48 rjacinto1-pri kernel: pci 0000:00:16.6: [15ad:07a0] type 01 class 0x060400
Nov  8 15:52:48 rjacinto1-pri kernel: pci 0000:00:16.6: PME# supported from D0 D3hot D3cold
Nov  8 15:52:48 rjacinto1-pri kernel: pci 0000:00:16.7: [15ad:07a0] type 01 class 0x060400
Nov  8 15:52:48 rjacinto1-pri kernel: pci 0000:00:16.7: PME# supported from D0 D3hot D3cold
Nov  8 15:52:48 rjacinto1-pri kernel: pci 0000:00:17.0: [15ad:07a0] type 01 class 0x060400
Nov  8 15:52:48 rjacinto1-pri kernel: pci 0000:00:17.0: PME# supported from D0 D3hot D3cold
Nov  8 15:52:48 rjacinto1-pri kernel: pci 0000:00:17.1: [15ad:07a0] type 01 class 0x060400
Nov  8 15:52:48 rjacinto1-pri kernel: pci 0000:00:17.1: PME# supported from D0 D3hot D3cold
Nov  8 15:52:48 rjacinto1-pri kernel: pci 0000:00:17.2: [15ad:07a0] type 01 class 0x060400
Nov  8 15:52:48 rjacinto1-pri kernel: pci 0000:00:17.2: PME# supported from D0 D3hot D3cold
Nov  8 15:52:48 rjacinto1-pri kernel: pci 0000:00:17.3: [15ad:07a0] type 01 class 0x060400
Nov  8 15:52:48 rjacinto1-pri kernel: pci 0000:00:17.3: PME# supported from D0 D3hot D3cold
Nov  8 15:52:48 rjacinto1-pri kernel: pci 0000:00:17.4: [15ad:07a0] type 01 class 0x060400
Nov  8 15:52:48 rjacinto1-pri kernel: pci 0000:00:17.4: PME# supported from D0 D3hot D3cold
Nov  8 15:52:48 rjacinto1-pri kernel: pci 0000:00:17.5: [15ad:07a0] type 01 class 0x060400
Nov  8 15:52:48 rjacinto1-pri kernel: pci 0000:00:17.5: PME# supported from D0 D3hot D3cold
Nov  8 15:52:48 rjacinto1-pri kernel: pci 0000:00:17.6: [15ad:07a0] type 01 class 0x060400
Nov  8 15:52:48 rjacinto1-pri kernel: pci 0000:00:17.6: PME# supported from D0 D3hot D3cold
Nov  8 15:52:48 rjacinto1-pri kernel: pci 0000:00:17.7: [15ad:07a0] type 01 class 0x060400
Nov  8 15:52:48 rjacinto1-pri kernel: pci 0000:00:17.7: PME# supported from D0 D3hot D3cold
Nov  8 15:52:48 rjacinto1-pri kernel: pci 0000:00:18.0: [15ad:07a0] type 01 class 0x060400
Nov  8 15:52:48 rjacinto1-pri kernel: pci 0000:00:18.0: PME# supported from D0 D3hot D3cold
Nov  8 15:52:48 rjacinto1-pri kernel: pci 0000:00:18.1: [15ad:07a0] type 01 class 0x060400
Nov  8 15:52:48 rjacinto1-pri kernel: pci 0000:00:18.1: PME# supported from D0 D3hot D3cold
Nov  8 15:52:48 rjacinto1-pri kernel: pci 0000:00:18.2: [15ad:07a0] type 01 class 0x060400
Nov  8 15:52:48 rjacinto1-pri kernel: pci 0000:00:18.2: PME# supported from D0 D3hot D3cold
Nov  8 15:52:48 rjacinto1-pri kernel: pci 0000:00:18.3: [15ad:07a0] type 01 class 0x060400
Nov  8 15:52:48 rjacinto1-pri kernel: pci 0000:00:18.3: PME# supported from D0 D3hot D3cold
Nov  8 15:52:48 rjacinto1-pri kernel: pci 0000:00:18.4: [15ad:07a0] type 01 class 0x060400
