Oct 11 03:40:01 localhost rsyslogd[1066]: [origin software="rsyslogd" swVersion="8.1911.0-3.el8" x-pid="1066" x-info="https://www.rsyslog.com"] rsyslogd was HUPed
Oct 11 04:33:47 localhost systemd[1]: Starting dnf makecache...
Oct 11 04:33:47 localhost dnf[4940]: Metadata cache refreshed recently.
Oct 11 04:33:47 localhost systemd[1]: Started dnf makecache.
Oct 11 05:12:46 localhost NetworkManager[985]: <error> [1602407566.8359] dhcp4 (ens192): error -113 dispatching events
Oct 11 05:12:46 localhost NetworkManager[985]: <info>  [1602407566.8365] dhcp4 (ens192): state changed bound -> fail
Oct 11 05:12:46 localhost NetworkManager[985]: <info>  [1602407566.8367] device (ens192): DHCPv4: trying to acquire a new lease within 90 seconds
Oct 11 05:14:16 localhost NetworkManager[985]: <info>  [1602407656.7413] device (ens192): DHCPv4: grace period expired
Oct 11 05:14:16 localhost NetworkManager[985]: <info>  [1602407656.7414] device (ens192): state change: activated -> failed (reason 'ip-config-unavailable', sys-iface-state: 'managed')
Oct 11 05:14:16 localhost NetworkManager[985]: <warn>  [1602407656.7431] device (ens192): Activation: failed for connection 'ens192'
Oct 11 05:14:16 localhost NetworkManager[985]: <info>  [1602407656.7438] manager: NetworkManager state is now CONNECTED_LOCAL
Oct 11 05:14:16 localhost NetworkManager[985]: <info>  [1602407656.7442] device (ens192): state change: failed -> disconnected (reason 'none', sys-iface-state: 'managed')
Oct 11 05:14:16 localhost NetworkManager[985]: <info>  [1602407656.7457] dhcp4 (ens192): canceled DHCP transaction
Oct 11 05:14:16 localhost NetworkManager[985]: <info>  [1602407656.7457] dhcp4 (ens192): state changed fail -> done
Oct 11 05:14:16 localhost dbus-daemon[984]: [system] Activating via systemd: service name='org.freedesktop.nm_dispatcher' unit='dbus-org.freedesktop.nm-dispatcher.service' requested by ':1.4' (uid=0 pid=985 comm="/usr/sbin/NetworkManager --no-daemon " label="system_u:system_r:NetworkManager_t:s0")
Oct 11 05:14:16 localhost systemd[1]: Starting Network Manager Script Dispatcher Service...
Oct 11 05:14:16 localhost NetworkManager[985]: <info>  [1602407656.7693] policy: auto-activating connection 'ens192' (29b6e258-0ffd-4ee3-8f2d-2126105eee4f)
Oct 11 05:14:16 localhost NetworkManager[985]: <info>  [1602407656.7702] device (ens192): Activation: starting connection 'ens192' (29b6e258-0ffd-4ee3-8f2d-2126105eee4f)
Oct 11 05:14:16 localhost NetworkManager[985]: <info>  [1602407656.7703] device (ens192): state change: disconnected -> prepare (reason 'none', sys-iface-state: 'managed')
Oct 11 05:14:16 localhost NetworkManager[985]: <info>  [1602407656.7706] manager: NetworkManager state is now CONNECTING
Oct 11 05:14:16 localhost NetworkManager[985]: <info>  [1602407656.7707] device (ens192): state change: prepare -> config (reason 'none', sys-iface-state: 'managed')
Oct 11 05:14:16 localhost NetworkManager[985]: <info>  [1602407656.7712] device (ens192): state change: config -> ip-config (reason 'none', sys-iface-state: 'managed')
Oct 11 05:14:16 localhost NetworkManager[985]: <info>  [1602407656.7715] dhcp4 (ens192): activation: beginning transaction (timeout in 45 seconds)
Oct 11 05:14:16 localhost dbus-daemon[984]: [system] Successfully activated service 'org.freedesktop.nm_dispatcher'
Oct 11 05:14:16 localhost systemd[1]: Started Network Manager Script Dispatcher Service.
Oct 11 05:14:16 localhost NetworkManager[985]: <info>  [1602407656.7806] dhcp4 (ens192): option dhcp_lease_time      => '86400'
Oct 11 05:14:16 localhost NetworkManager[985]: <info>  [1602407656.7807] dhcp4 (ens192): option domain_name_servers  => '10.102.100.22 10.101.100.42 10.101.100.41'
Oct 11 05:14:16 localhost NetworkManager[985]: <info>  [1602407656.7807] dhcp4 (ens192): option expiry               => '1602494056'
Oct 11 05:14:16 localhost NetworkManager[985]: <info>  [1602407656.7807] dhcp4 (ens192): option ip_address           => '172.16.13.3'
Oct 11 05:14:16 localhost NetworkManager[985]: <info>  [1602407656.7807] dhcp4 (ens192): option requested_broadcast_address => '1'
Oct 11 05:14:16 localhost NetworkManager[985]: <info>  [1602407656.7807] dhcp4 (ens192): option requested_domain_name => '1'
Oct 11 05:14:16 localhost NetworkManager[985]: <info>  [1602407656.7807] dhcp4 (ens192): option requested_domain_name_servers => '1'
Oct 11 05:14:16 localhost NetworkManager[985]: <info>  [1602407656.7807] dhcp4 (ens192): option requested_domain_search => '1'
Oct 11 05:14:16 localhost NetworkManager[985]: <info>  [1602407656.7807] dhcp4 (ens192): option requested_host_name  => '1'
Oct 11 05:14:16 localhost NetworkManager[985]: <info>  [1602407656.7807] dhcp4 (ens192): option requested_interface_mtu => '1'
Oct 11 05:14:16 localhost NetworkManager[985]: <info>  [1602407656.7807] dhcp4 (ens192): option requested_ms_classless_static_routes => '1'
Oct 11 05:14:16 localhost NetworkManager[985]: <info>  [1602407656.7807] dhcp4 (ens192): option requested_nis_domain => '1'
Oct 11 05:14:16 localhost NetworkManager[985]: <info>  [1602407656.7808] dhcp4 (ens192): option requested_nis_servers => '1'
Oct 11 05:14:16 localhost NetworkManager[985]: <info>  [1602407656.7808] dhcp4 (ens192): option requested_ntp_servers => '1'
Oct 11 05:14:16 localhost NetworkManager[985]: <info>  [1602407656.7808] dhcp4 (ens192): option requested_rfc3442_classless_static_routes => '1'
Oct 11 05:14:16 localhost NetworkManager[985]: <info>  [1602407656.7808] dhcp4 (ens192): option requested_root_path  => '1'
Oct 11 05:14:16 localhost NetworkManager[985]: <info>  [1602407656.7808] dhcp4 (ens192): option requested_routers    => '1'
Oct 11 05:14:16 localhost NetworkManager[985]: <info>  [1602407656.7808] dhcp4 (ens192): option requested_static_routes => '1'
Oct 11 05:14:16 localhost NetworkManager[985]: <info>  [1602407656.7808] dhcp4 (ens192): option requested_subnet_mask => '1'
Oct 11 05:14:16 localhost NetworkManager[985]: <info>  [1602407656.7808] dhcp4 (ens192): option requested_time_offset => '1'
Oct 11 05:14:16 localhost NetworkManager[985]: <info>  [1602407656.7808] dhcp4 (ens192): option requested_wpad       => '1'
Oct 11 05:14:16 localhost NetworkManager[985]: <info>  [1602407656.7808] dhcp4 (ens192): option routers              => '172.16.255.1'
Oct 11 05:14:16 localhost NetworkManager[985]: <info>  [1602407656.7808] dhcp4 (ens192): option subnet_mask          => '255.255.0.0'
Oct 11 05:14:16 localhost NetworkManager[985]: <info>  [1602407656.7808] dhcp4 (ens192): state changed unknown -> bound
Oct 11 05:14:16 localhost NetworkManager[985]: <info>  [1602407656.7818] device (ens192): state change: ip-config -> ip-check (reason 'none', sys-iface-state: 'managed')
Oct 11 05:14:16 localhost NetworkManager[985]: <info>  [1602407656.7912] device (ens192): state change: ip-check -> secondaries (reason 'none', sys-iface-state: 'managed')
Oct 11 05:14:16 localhost NetworkManager[985]: <info>  [1602407656.7914] device (ens192): state change: secondaries -> activated (reason 'none', sys-iface-state: 'managed')
Oct 11 05:14:16 localhost NetworkManager[985]: <info>  [1602407656.7918] manager: NetworkManager state is now CONNECTED_LOCAL
Oct 11 05:14:16 localhost NetworkManager[985]: <info>  [1602407656.7926] manager: NetworkManager state is now CONNECTED_SITE
Oct 11 05:14:16 localhost NetworkManager[985]: <info>  [1602407656.7927] policy: set 'ens192' (ens192) as default for IPv4 routing and DNS
Oct 11 05:14:16 localhost NetworkManager[985]: <info>  [1602407656.7963] device (ens192): Activation: successful, device activated.
Oct 11 05:14:16 localhost NetworkManager[985]: <info>  [1602407656.7968] manager: NetworkManager state is now CONNECTED_GLOBAL
Oct 11 05:34:47 localhost systemd[1]: Starting dnf makecache...
Oct 11 05:34:47 localhost dnf[4974]: CentOS-8 - AppStream                             22 kB/s | 4.3 kB     00:00
Oct 11 05:34:47 localhost dnf[4974]: CentOS-8 - Base                                  19 kB/s | 3.9 kB     00:00
Oct 11 05:34:48 localhost dnf[4974]: CentOS-8 - Extras                               5.4 kB/s | 1.5 kB     00:00
Oct 11 05:34:48 localhost dnf[4974]: Metadata cache created.
Oct 11 05:34:48 localhost systemd[1]: Started dnf makecache.
Oct 11 06:35:47 localhost systemd[1]: Starting dnf makecache...
Oct 11 06:35:47 localhost dnf[5003]: Metadata cache refreshed recently.
Oct 11 06:35:47 localhost systemd[1]: Started dnf makecache.
Oct 11 07:36:47 localhost systemd[1]: Starting dnf makecache...
Oct 11 07:36:47 localhost dnf[5026]: Metadata cache refreshed recently.
Oct 11 07:36:47 localhost systemd[1]: Started dnf makecache.
Oct 11 08:37:47 localhost systemd[1]: Starting dnf makecache...
Oct 11 08:37:47 localhost dnf[5050]: CentOS-8 - AppStream                             15 kB/s | 4.3 kB     00:00
Oct 11 08:37:47 localhost dnf[5050]: CentOS-8 - Base                                  21 kB/s | 3.9 kB     00:00
Oct 11 08:37:48 localhost dnf[5050]: CentOS-8 - Extras                               4.4 kB/s | 1.5 kB     00:00
Oct 11 08:37:48 localhost dnf[5050]: Metadata cache created.
Oct 11 08:37:48 localhost systemd[1]: Started dnf makecache.
Oct 11 09:38:47 localhost systemd[1]: Starting dnf makecache...
Oct 11 09:38:47 localhost dnf[5079]: Metadata cache refreshed recently.
Oct 11 09:38:47 localhost systemd[1]: Started dnf makecache.
Oct 11 10:39:47 localhost systemd[1]: Starting dnf makecache...
Oct 11 10:39:47 localhost dnf[5102]: Metadata cache refreshed recently.
Oct 11 10:39:47 localhost systemd[1]: Started dnf makecache.
Oct 11 11:40:47 localhost systemd[1]: Starting dnf makecache...
Oct 11 11:40:48 localhost dnf[5126]: CentOS-8 - AppStream                            7.3 kB/s | 4.3 kB     00:00
Oct 11 11:40:48 localhost dnf[5126]: CentOS-8 - Base                                  25 kB/s | 3.9 kB     00:00
Oct 11 11:40:48 localhost dnf[5126]: CentOS-8 - Extras                               5.8 kB/s | 1.5 kB     00:00
Oct 11 11:40:48 localhost dnf[5126]: Metadata cache created.
Oct 11 11:40:48 localhost systemd[1]: Started dnf makecache.
Oct 11 12:41:47 localhost systemd[1]: Starting dnf makecache...
Oct 11 12:41:47 localhost dnf[5155]: Metadata cache refreshed recently.
Oct 11 12:41:47 localhost systemd[1]: Started dnf makecache.
Oct 11 13:42:47 localhost systemd[1]: Starting dnf makecache...
Oct 11 13:42:47 localhost dnf[5178]: Metadata cache refreshed recently.
Oct 11 13:42:47 localhost systemd[1]: Started dnf makecache.
Oct 11 14:43:47 localhost systemd[1]: Starting dnf makecache...
Oct 11 14:43:47 localhost dnf[5201]: CentOS-8 - AppStream                             30 kB/s | 4.3 kB     00:00
Oct 11 14:43:47 localhost dnf[5201]: CentOS-8 - Base                                  15 kB/s | 3.9 kB     00:00
Oct 11 14:43:48 localhost dnf[5201]: CentOS-8 - Extras                               4.9 kB/s | 1.5 kB     00:00
Oct 11 14:43:48 localhost dnf[5201]: Metadata cache created.
Oct 11 14:43:48 localhost systemd[1]: Started dnf makecache.
Oct 11 15:44:47 localhost systemd[1]: Starting dnf makecache...
Oct 11 15:44:47 localhost dnf[5231]: Metadata cache refreshed recently.
Oct 11 15:44:47 localhost systemd[1]: Started dnf makecache.
Oct 11 16:45:47 localhost systemd[1]: Starting dnf makecache...
Oct 11 16:45:47 localhost dnf[5255]: Metadata cache refreshed recently.
Oct 11 16:45:47 localhost systemd[1]: Started dnf makecache.
Oct 11 17:14:16 localhost NetworkManager[985]: <error> [1602450856.7774] dhcp4 (ens192): error -113 dispatching events
Oct 11 17:14:16 localhost NetworkManager[985]: <info>  [1602450856.7775] dhcp4 (ens192): state changed bound -> fail
Oct 11 17:14:16 localhost NetworkManager[985]: <info>  [1602450856.7777] device (ens192): DHCPv4: trying to acquire a new lease within 90 seconds
Oct 11 17:15:46 localhost NetworkManager[985]: <info>  [1602450946.8003] device (ens192): DHCPv4: grace period expired
Oct 11 17:15:46 localhost NetworkManager[985]: <info>  [1602450946.8004] device (ens192): state change: activated -> failed (reason 'ip-config-unavailable', sys-iface-state: 'managed')
Oct 11 17:15:46 localhost NetworkManager[985]: <warn>  [1602450946.8020] device (ens192): Activation: failed for connection 'ens192'
Oct 11 17:15:46 localhost NetworkManager[985]: <info>  [1602450946.8027] manager: NetworkManager state is now CONNECTED_LOCAL
Oct 11 17:15:46 localhost NetworkManager[985]: <info>  [1602450946.8031] device (ens192): state change: failed -> disconnected (reason 'none', sys-iface-state: 'managed')
Oct 11 17:15:46 localhost NetworkManager[985]: <info>  [1602450946.8043] dhcp4 (ens192): canceled DHCP transaction
Oct 11 17:15:46 localhost NetworkManager[985]: <info>  [1602450946.8043] dhcp4 (ens192): state changed fail -> done
Oct 11 17:15:46 localhost dbus-daemon[984]: [system] Activating via systemd: service name='org.freedesktop.nm_dispatcher' unit='dbus-org.freedesktop.nm-dispatcher.service' requested by ':1.4' (uid=0 pid=985 comm="/usr/sbin/NetworkManager --no-daemon " label="system_u:system_r:NetworkManager_t:s0")
Oct 11 17:15:46 localhost systemd[1]: Starting Network Manager Script Dispatcher Service...
Oct 11 17:15:46 localhost NetworkManager[985]: <info>  [1602450946.8290] policy: auto-activating connection 'ens192' (29b6e258-0ffd-4ee3-8f2d-2126105eee4f)
Oct 11 17:15:46 localhost NetworkManager[985]: <info>  [1602450946.8300] device (ens192): Activation: starting connection 'ens192' (29b6e258-0ffd-4ee3-8f2d-2126105eee4f)
Oct 11 17:15:46 localhost NetworkManager[985]: <info>  [1602450946.8301] device (ens192): state change: disconnected -> prepare (reason 'none', sys-iface-state: 'managed')
Oct 11 17:15:46 localhost NetworkManager[985]: <info>  [1602450946.8307] manager: NetworkManager state is now CONNECTING
Oct 11 17:15:46 localhost NetworkManager[985]: <info>  [1602450946.8308] device (ens192): state change: prepare -> config (reason 'none', sys-iface-state: 'managed')
Oct 11 17:15:46 localhost NetworkManager[985]: <info>  [1602450946.8313] device (ens192): state change: config -> ip-config (reason 'none', sys-iface-state: 'managed')
Oct 11 17:15:46 localhost NetworkManager[985]: <info>  [1602450946.8316] dhcp4 (ens192): activation: beginning transaction (timeout in 45 seconds)
Oct 11 17:15:46 localhost dbus-daemon[984]: [system] Successfully activated service 'org.freedesktop.nm_dispatcher'
Oct 11 17:15:46 localhost systemd[1]: Started Network Manager Script Dispatcher Service.
Oct 11 17:15:46 localhost NetworkManager[985]: <info>  [1602450946.8408] dhcp4 (ens192): option dhcp_lease_time      => '86400'
Oct 11 17:15:46 localhost NetworkManager[985]: <info>  [1602450946.8408] dhcp4 (ens192): option domain_name_servers  => '10.102.100.22 10.101.100.42 10.101.100.41'
Oct 11 17:15:46 localhost NetworkManager[985]: <info>  [1602450946.8408] dhcp4 (ens192): option expiry               => '1602537346'
Oct 11 17:15:46 localhost NetworkManager[985]: <info>  [1602450946.8408] dhcp4 (ens192): option ip_address           => '172.16.13.3'
Oct 11 17:15:46 localhost NetworkManager[985]: <info>  [1602450946.8408] dhcp4 (ens192): option requested_broadcast_address => '1'
Oct 11 17:15:46 localhost NetworkManager[985]: <info>  [1602450946.8408] dhcp4 (ens192): option requested_domain_name => '1'
Oct 11 17:15:46 localhost NetworkManager[985]: <info>  [1602450946.8409] dhcp4 (ens192): option requested_domain_name_servers => '1'
Oct 11 17:15:46 localhost NetworkManager[985]: <info>  [1602450946.8409] dhcp4 (ens192): option requested_domain_search => '1'
Oct 11 17:15:46 localhost NetworkManager[985]: <info>  [1602450946.8409] dhcp4 (ens192): option requested_host_name  => '1'
Oct 11 17:15:46 localhost NetworkManager[985]: <info>  [1602450946.8409] dhcp4 (ens192): option requested_interface_mtu => '1'
Oct 11 17:15:46 localhost NetworkManager[985]: <info>  [1602450946.8409] dhcp4 (ens192): option requested_ms_classless_static_routes => '1'
Oct 11 17:15:46 localhost NetworkManager[985]: <info>  [1602450946.8409] dhcp4 (ens192): option requested_nis_domain => '1'
Oct 11 17:15:46 localhost NetworkManager[985]: <info>  [1602450946.8409] dhcp4 (ens192): option requested_nis_servers => '1'
Oct 11 17:15:46 localhost NetworkManager[985]: <info>  [1602450946.8409] dhcp4 (ens192): option requested_ntp_servers => '1'
Oct 11 17:15:46 localhost NetworkManager[985]: <info>  [1602450946.8409] dhcp4 (ens192): option requested_rfc3442_classless_static_routes => '1'
Oct 11 17:15:46 localhost NetworkManager[985]: <info>  [1602450946.8409] dhcp4 (ens192): option requested_root_path  => '1'
Oct 11 17:15:46 localhost NetworkManager[985]: <info>  [1602450946.8409] dhcp4 (ens192): option requested_routers    => '1'
Oct 11 17:15:46 localhost NetworkManager[985]: <info>  [1602450946.8410] dhcp4 (ens192): option requested_static_routes => '1'
Oct 11 17:15:46 localhost NetworkManager[985]: <info>  [1602450946.8410] dhcp4 (ens192): option requested_subnet_mask => '1'
Oct 11 17:15:46 localhost NetworkManager[985]: <info>  [1602450946.8410] dhcp4 (ens192): option requested_time_offset => '1'
Oct 11 17:15:46 localhost NetworkManager[985]: <info>  [1602450946.8410] dhcp4 (ens192): option requested_wpad       => '1'
Oct 11 17:15:46 localhost NetworkManager[985]: <info>  [1602450946.8410] dhcp4 (ens192): option routers              => '172.16.255.1'
Oct 11 17:15:46 localhost NetworkManager[985]: <info>  [1602450946.8410] dhcp4 (ens192): option subnet_mask          => '255.255.0.0'
Oct 11 17:15:46 localhost NetworkManager[985]: <info>  [1602450946.8410] dhcp4 (ens192): state changed unknown -> bound
Oct 11 17:15:46 localhost NetworkManager[985]: <info>  [1602450946.8421] device (ens192): state change: ip-config -> ip-check (reason 'none', sys-iface-state: 'managed')
Oct 11 17:15:46 localhost NetworkManager[985]: <info>  [1602450946.8507] device (ens192): state change: ip-check -> secondaries (reason 'none', sys-iface-state: 'managed')
Oct 11 17:15:46 localhost NetworkManager[985]: <info>  [1602450946.8509] device (ens192): state change: secondaries -> activated (reason 'none', sys-iface-state: 'managed')
Oct 11 17:15:46 localhost NetworkManager[985]: <info>  [1602450946.8513] manager: NetworkManager state is now CONNECTED_LOCAL
Oct 11 17:15:46 localhost NetworkManager[985]: <info>  [1602450946.8521] manager: NetworkManager state is now CONNECTED_SITE
Oct 11 17:15:46 localhost NetworkManager[985]: <info>  [1602450946.8522] policy: set 'ens192' (ens192) as default for IPv4 routing and DNS
Oct 11 17:15:46 localhost NetworkManager[985]: <info>  [1602450946.8564] device (ens192): Activation: successful, device activated.
Oct 11 17:15:46 localhost NetworkManager[985]: <info>  [1602450946.8569] manager: NetworkManager state is now CONNECTED_GLOBAL
Oct 11 17:22:47 localhost systemd[1]: Starting Cleanup of Temporary Directories...
Oct 11 17:22:47 localhost systemd[1]: Started Cleanup of Temporary Directories.
Oct 11 17:46:47 localhost systemd[1]: Starting dnf makecache...
Oct 11 17:46:47 localhost dnf[5290]: CentOS-8 - AppStream                             19 kB/s | 4.3 kB     00:00
Oct 11 17:46:47 localhost dnf[5290]: CentOS-8 - Base                                  21 kB/s | 3.9 kB     00:00
Oct 11 17:46:48 localhost dnf[5290]: CentOS-8 - Extras                                12 kB/s | 1.5 kB     00:00
Oct 11 17:46:48 localhost dnf[5290]: Metadata cache created.
Oct 11 17:46:48 localhost systemd[1]: Started dnf makecache.
Oct 11 18:47:47 localhost systemd[1]: Starting dnf makecache...
Oct 11 18:47:47 localhost dnf[5320]: Metadata cache refreshed recently.
Oct 11 18:47:47 localhost systemd[1]: Started dnf makecache.
Oct 11 19:48:47 localhost systemd[1]: Starting dnf makecache...
Oct 11 19:48:47 localhost dnf[5343]: Metadata cache refreshed recently.
Oct 11 19:48:47 localhost systemd[1]: Started dnf makecache.
Oct 11 20:49:47 localhost systemd[1]: Starting dnf makecache...
Oct 11 20:49:47 localhost dnf[5366]: CentOS-8 - AppStream                            9.8 kB/s | 4.3 kB     00:00
Oct 11 20:49:48 localhost dnf[5366]: CentOS-8 - Base                                  22 kB/s | 3.9 kB     00:00
Oct 11 20:49:48 localhost dnf[5366]: CentOS-8 - Extras                               7.2 kB/s | 1.5 kB     00:00
Oct 11 20:49:48 localhost dnf[5366]: Metadata cache created.
Oct 11 20:49:48 localhost systemd[1]: Started dnf makecache.
Oct 11 21:50:47 localhost systemd[1]: Starting dnf makecache...
Oct 11 21:50:47 localhost dnf[5396]: Metadata cache refreshed recently.
Oct 11 21:50:47 localhost systemd[1]: Started dnf makecache.
Oct 11 22:51:47 localhost systemd[1]: Starting dnf makecache...
Oct 11 22:51:47 localhost dnf[5419]: Metadata cache refreshed recently.
Oct 11 22:51:47 localhost systemd[1]: Started dnf makecache.
Oct 11 23:52:47 localhost systemd[1]: Starting dnf makecache...
Oct 11 23:52:47 localhost dnf[5443]: CentOS-8 - AppStream                             13 kB/s | 4.3 kB     00:00
Oct 11 23:52:48 localhost dnf[5443]: CentOS-8 - Base                                  19 kB/s | 3.9 kB     00:00
Oct 11 23:52:48 localhost dnf[5443]: CentOS-8 - Extras                               5.4 kB/s | 1.5 kB     00:00
Oct 11 23:52:48 localhost dnf[5443]: Metadata cache created.
Oct 11 23:52:48 localhost systemd[1]: Started dnf makecache.
Oct 12 00:00:47 localhost systemd[1]: Starting update of the root trust anchor for DNSSEC validation in unbound...
Oct 12 00:00:47 localhost systemd[1]: Started update of the root trust anchor for DNSSEC validation in unbound.
Oct 12 00:53:47 localhost systemd[1]: Starting dnf makecache...
Oct 12 00:53:47 localhost dnf[5477]: Metadata cache refreshed recently.
Oct 12 00:53:47 localhost systemd[1]: Started dnf makecache.
Oct 12 01:54:47 localhost systemd[1]: Starting dnf makecache...
Oct 12 01:54:47 localhost dnf[5503]: Metadata cache refreshed recently.
Oct 12 01:54:47 localhost systemd[1]: Started dnf makecache.
Oct 12 02:55:47 localhost systemd[1]: Starting dnf makecache...
Oct 12 02:55:47 localhost dnf[5528]: CentOS-8 - AppStream                             17 kB/s | 4.3 kB     00:00
Oct 12 02:55:47 localhost dnf[5528]: CentOS-8 - Base                                  33 kB/s | 3.9 kB     00:00
Oct 12 02:55:48 localhost dnf[5528]: CentOS-8 - Extras                               4.9 kB/s | 1.5 kB     00:00
Oct 12 02:55:48 localhost dnf[5528]: Metadata cache created.
Oct 12 02:55:48 localhost systemd[1]: Started dnf makecache.
Oct 12 03:56:47 localhost systemd[1]: Starting dnf makecache...
Oct 12 03:56:47 localhost dnf[5569]: Metadata cache refreshed recently.
Oct 12 03:56:47 localhost systemd[1]: Started dnf makecache.
Oct 12 04:57:47 localhost systemd[1]: Starting dnf makecache...
Oct 12 04:57:47 localhost dnf[5592]: Metadata cache refreshed recently.
Oct 12 04:57:47 localhost systemd[1]: Started dnf makecache.
Oct 12 05:15:46 localhost NetworkManager[985]: <error> [1602494146.8370] dhcp4 (ens192): error -113 dispatching events
Oct 12 05:15:46 localhost NetworkManager[985]: <info>  [1602494146.8376] dhcp4 (ens192): state changed bound -> fail
Oct 12 05:15:46 localhost NetworkManager[985]: <info>  [1602494146.8378] device (ens192): DHCPv4: trying to acquire a new lease within 90 seconds
Oct 12 05:17:16 localhost NetworkManager[985]: <info>  [1602494236.8004] device (ens192): DHCPv4: grace period expired
Oct 12 05:17:16 localhost NetworkManager[985]: <info>  [1602494236.8005] device (ens192): state change: activated -> failed (reason 'ip-config-unavailable', sys-iface-state: 'managed')
Oct 12 05:17:16 localhost NetworkManager[985]: <warn>  [1602494236.8019] device (ens192): Activation: failed for connection 'ens192'
Oct 12 05:17:16 localhost NetworkManager[985]: <info>  [1602494236.8027] manager: NetworkManager state is now CONNECTED_LOCAL
Oct 12 05:17:16 localhost NetworkManager[985]: <info>  [1602494236.8030] device (ens192): state change: failed -> disconnected (reason 'none', sys-iface-state: 'managed')
Oct 12 05:17:16 localhost NetworkManager[985]: <info>  [1602494236.8044] dhcp4 (ens192): canceled DHCP transaction
Oct 12 05:17:16 localhost NetworkManager[985]: <info>  [1602494236.8044] dhcp4 (ens192): state changed fail -> done
Oct 12 05:17:16 localhost dbus-daemon[984]: [system] Activating via systemd: service name='org.freedesktop.nm_dispatcher' unit='dbus-org.freedesktop.nm-dispatcher.service' requested by ':1.4' (uid=0 pid=985 comm="/usr/sbin/NetworkManager --no-daemon " label="system_u:system_r:NetworkManager_t:s0")
Oct 12 05:17:16 localhost systemd[1]: Starting Network Manager Script Dispatcher Service...
Oct 12 05:17:16 localhost NetworkManager[985]: <info>  [1602494236.8276] policy: auto-activating connection 'ens192' (29b6e258-0ffd-4ee3-8f2d-2126105eee4f)
Oct 12 05:17:16 localhost NetworkManager[985]: <info>  [1602494236.8285] device (ens192): Activation: starting connection 'ens192' (29b6e258-0ffd-4ee3-8f2d-2126105eee4f)
Oct 12 05:17:16 localhost NetworkManager[985]: <info>  [1602494236.8286] device (ens192): state change: disconnected -> prepare (reason 'none', sys-iface-state: 'managed')
Oct 12 05:17:16 localhost NetworkManager[985]: <info>  [1602494236.8289] manager: NetworkManager state is now CONNECTING
Oct 12 05:17:16 localhost NetworkManager[985]: <info>  [1602494236.8290] device (ens192): state change: prepare -> config (reason 'none', sys-iface-state: 'managed')
Oct 12 05:17:16 localhost NetworkManager[985]: <info>  [1602494236.8295] device (ens192): state change: config -> ip-config (reason 'none', sys-iface-state: 'managed')
Oct 12 05:17:16 localhost NetworkManager[985]: <info>  [1602494236.8297] dhcp4 (ens192): activation: beginning transaction (timeout in 45 seconds)
Oct 12 05:17:16 localhost NetworkManager[985]: <info>  [1602494236.8381] dhcp4 (ens192): option dhcp_lease_time      => '86400'
Oct 12 05:17:16 localhost NetworkManager[985]: <info>  [1602494236.8381] dhcp4 (ens192): option domain_name_servers  => '10.102.100.22 10.101.100.42 10.101.100.41'
Oct 12 05:17:16 localhost NetworkManager[985]: <info>  [1602494236.8381] dhcp4 (ens192): option expiry               => '1602580636'
Oct 12 05:17:16 localhost NetworkManager[985]: <info>  [1602494236.8381] dhcp4 (ens192): option ip_address           => '172.16.13.3'
Oct 12 05:17:16 localhost NetworkManager[985]: <info>  [1602494236.8382] dhcp4 (ens192): option requested_broadcast_address => '1'
Oct 12 05:17:16 localhost NetworkManager[985]: <info>  [1602494236.8382] dhcp4 (ens192): option requested_domain_name => '1'
Oct 12 05:17:16 localhost NetworkManager[985]: <info>  [1602494236.8382] dhcp4 (ens192): option requested_domain_name_servers => '1'
Oct 12 05:17:16 localhost NetworkManager[985]: <info>  [1602494236.8382] dhcp4 (ens192): option requested_domain_search => '1'
Oct 12 05:17:16 localhost NetworkManager[985]: <info>  [1602494236.8382] dhcp4 (ens192): option requested_host_name  => '1'
Oct 12 05:17:16 localhost NetworkManager[985]: <info>  [1602494236.8382] dhcp4 (ens192): option requested_interface_mtu => '1'
Oct 12 05:17:16 localhost NetworkManager[985]: <info>  [1602494236.8382] dhcp4 (ens192): option requested_ms_classless_static_routes => '1'
Oct 12 05:17:16 localhost NetworkManager[985]: <info>  [1602494236.8382] dhcp4 (ens192): option requested_nis_domain => '1'
Oct 12 05:17:16 localhost NetworkManager[985]: <info>  [1602494236.8382] dhcp4 (ens192): option requested_nis_servers => '1'
Oct 12 05:17:16 localhost NetworkManager[985]: <info>  [1602494236.8382] dhcp4 (ens192): option requested_ntp_servers => '1'
Oct 12 05:17:16 localhost NetworkManager[985]: <info>  [1602494236.8383] dhcp4 (ens192): option requested_rfc3442_classless_static_routes => '1'
Oct 12 05:17:16 localhost NetworkManager[985]: <info>  [1602494236.8383] dhcp4 (ens192): option requested_root_path  => '1'
Oct 12 05:17:16 localhost NetworkManager[985]: <info>  [1602494236.8383] dhcp4 (ens192): option requested_routers    => '1'
Oct 12 05:17:16 localhost NetworkManager[985]: <info>  [1602494236.8383] dhcp4 (ens192): option requested_static_routes => '1'
Oct 12 05:17:16 localhost NetworkManager[985]: <info>  [1602494236.8383] dhcp4 (ens192): option requested_subnet_mask => '1'
Oct 12 05:17:16 localhost NetworkManager[985]: <info>  [1602494236.8383] dhcp4 (ens192): option requested_time_offset => '1'
Oct 12 05:17:16 localhost NetworkManager[985]: <info>  [1602494236.8383] dhcp4 (ens192): option requested_wpad       => '1'
Oct 12 05:17:16 localhost NetworkManager[985]: <info>  [1602494236.8383] dhcp4 (ens192): option routers              => '172.16.255.1'
Oct 12 05:17:16 localhost NetworkManager[985]: <info>  [1602494236.8383] dhcp4 (ens192): option subnet_mask          => '255.255.0.0'
Oct 12 05:17:16 localhost NetworkManager[985]: <info>  [1602494236.8383] dhcp4 (ens192): state changed unknown -> bound
Oct 12 05:17:16 localhost NetworkManager[985]: <info>  [1602494236.8393] device (ens192): state change: ip-config -> ip-check (reason 'none', sys-iface-state: 'managed')
Oct 12 05:17:16 localhost dbus-daemon[984]: [system] Successfully activated service 'org.freedesktop.nm_dispatcher'
Oct 12 05:17:16 localhost systemd[1]: Started Network Manager Script Dispatcher Service.
Oct 12 05:17:16 localhost NetworkManager[985]: <info>  [1602494236.8505] device (ens192): state change: ip-check -> secondaries (reason 'none', sys-iface-state: 'managed')
Oct 12 05:17:16 localhost NetworkManager[985]: <info>  [1602494236.8508] device (ens192): state change: secondaries -> activated (reason 'none', sys-iface-state: 'managed')
Oct 12 05:17:16 localhost NetworkManager[985]: <info>  [1602494236.8512] manager: NetworkManager state is now CONNECTED_LOCAL
Oct 12 05:17:16 localhost NetworkManager[985]: <info>  [1602494236.8520] manager: NetworkManager state is now CONNECTED_SITE
Oct 12 05:17:16 localhost NetworkManager[985]: <info>  [1602494236.8521] policy: set 'ens192' (ens192) as default for IPv4 routing and DNS
Oct 12 05:17:16 localhost NetworkManager[985]: <info>  [1602494236.8557] device (ens192): Activation: successful, device activated.
Oct 12 05:17:16 localhost NetworkManager[985]: <info>  [1602494236.8562] manager: NetworkManager state is now CONNECTED_GLOBAL
Oct 12 05:58:47 localhost systemd[1]: Starting dnf makecache...
Oct 12 05:58:47 localhost dnf[5625]: CentOS-8 - AppStream                             11 kB/s | 4.3 kB     00:00
Oct 12 05:58:48 localhost dnf[5625]: CentOS-8 - Base                                  12 kB/s | 3.9 kB     00:00
Oct 12 05:58:48 localhost dnf[5625]: CentOS-8 - Extras                               8.1 kB/s | 1.5 kB     00:00
Oct 12 05:58:48 localhost dnf[5625]: Metadata cache created.
Oct 12 05:58:48 localhost systemd[1]: Started dnf makecache.
Oct 12 06:59:47 localhost systemd[1]: Starting dnf makecache...
Oct 12 06:59:47 localhost dnf[5655]: Metadata cache refreshed recently.
Oct 12 06:59:47 localhost systemd[1]: Started dnf makecache.
Oct 12 08:00:47 localhost systemd[1]: Starting dnf makecache...
Oct 12 08:00:47 localhost dnf[5679]: Metadata cache refreshed recently.
Oct 12 08:00:47 localhost systemd[1]: Started dnf makecache.
Oct 12 09:01:01 localhost systemd[1]: Starting dnf makecache...
Oct 12 09:01:02 localhost dnf[5703]: CentOS-8 - AppStream                             13 kB/s | 4.3 kB     00:00
Oct 12 09:01:02 localhost dnf[5703]: CentOS-8 - Base                                  28 kB/s | 3.9 kB     00:00
Oct 12 09:01:02 localhost dnf[5703]: CentOS-8 - Extras                               6.2 kB/s | 1.5 kB     00:00
Oct 12 09:01:03 localhost dnf[5703]: Metadata cache created.
Oct 12 09:01:03 localhost systemd[1]: Started dnf makecache.
Oct 12 10:01:47 localhost systemd[1]: Starting dnf makecache...
Oct 12 10:01:47 localhost dnf[5742]: Metadata cache refreshed recently.
Oct 12 10:01:47 localhost systemd[1]: Started dnf makecache.
Oct 12 11:02:47 localhost systemd[1]: Starting dnf makecache...
Oct 12 11:02:47 localhost dnf[5766]: Metadata cache refreshed recently.
Oct 12 11:02:47 localhost systemd[1]: Started dnf makecache.
Oct 12 12:03:47 localhost systemd[1]: Starting dnf makecache...
Oct 12 12:03:47 localhost dnf[5789]: CentOS-8 - AppStream                             14 kB/s | 4.3 kB     00:00
Oct 12 12:03:48 localhost dnf[5789]: CentOS-8 - Base                                  20 kB/s | 3.9 kB     00:00
Oct 12 12:03:48 localhost dnf[5789]: CentOS-8 - Extras                               5.2 kB/s | 1.5 kB     00:00
Oct 12 12:03:48 localhost dnf[5789]: Metadata cache created.
Oct 12 12:03:48 localhost systemd[1]: Started dnf makecache.
Oct 12 13:04:47 localhost systemd[1]: Starting dnf makecache...
Oct 12 13:04:47 localhost dnf[5819]: Metadata cache refreshed recently.
Oct 12 13:04:47 localhost systemd[1]: Started dnf makecache.
Oct 12 14:05:47 localhost systemd[1]: Starting dnf makecache...
Oct 12 14:05:47 localhost dnf[5842]: Metadata cache refreshed recently.
Oct 12 14:05:47 localhost systemd[1]: Started dnf makecache.
Oct 12 15:06:47 localhost systemd[1]: Starting dnf makecache...
Oct 12 15:06:47 localhost dnf[5866]: CentOS-8 - AppStream                             13 kB/s | 4.3 kB     00:00
Oct 12 15:06:48 localhost dnf[5866]: CentOS-8 - Base                                  12 kB/s | 3.9 kB     00:00
Oct 12 15:06:48 localhost dnf[5866]: CentOS-8 - Extras                               4.2 kB/s | 1.5 kB     00:00
Oct 12 15:06:48 localhost dnf[5866]: Metadata cache created.
Oct 12 15:06:48 localhost systemd[1]: Started dnf makecache.
Oct 12 16:07:47 localhost systemd[1]: Starting dnf makecache...
Oct 12 16:07:47 localhost dnf[5895]: Metadata cache refreshed recently.
Oct 12 16:07:47 localhost systemd[1]: Started dnf makecache.
Oct 12 17:08:47 localhost systemd[1]: Starting dnf makecache...
Oct 12 17:08:47 localhost dnf[5918]: Metadata cache refreshed recently.
Oct 12 17:08:47 localhost systemd[1]: Started dnf makecache.
Oct 12 17:17:16 localhost NetworkManager[985]: <error> [1602537436.8350] dhcp4 (ens192): error -113 dispatching events
Oct 12 17:17:16 localhost NetworkManager[985]: <info>  [1602537436.8351] dhcp4 (ens192): state changed bound -> fail
Oct 12 17:17:16 localhost NetworkManager[985]: <info>  [1602537436.8352] device (ens192): DHCPv4: trying to acquire a new lease within 90 seconds
Oct 12 17:18:46 localhost NetworkManager[985]: <info>  [1602537526.7309] device (ens192): DHCPv4: grace period expired
Oct 12 17:18:46 localhost NetworkManager[985]: <info>  [1602537526.7310] device (ens192): state change: activated -> failed (reason 'ip-config-unavailable', sys-iface-state: 'managed')
Oct 12 17:18:46 localhost NetworkManager[985]: <warn>  [1602537526.7325] device (ens192): Activation: failed for connection 'ens192'
Oct 12 17:18:46 localhost NetworkManager[985]: <info>  [1602537526.7332] manager: NetworkManager state is now CONNECTED_LOCAL
Oct 12 17:18:46 localhost NetworkManager[985]: <info>  [1602537526.7336] device (ens192): state change: failed -> disconnected (reason 'none', sys-iface-state: 'managed')
Oct 12 17:18:46 localhost NetworkManager[985]: <info>  [1602537526.7349] dhcp4 (ens192): canceled DHCP transaction
Oct 12 17:18:46 localhost NetworkManager[985]: <info>  [1602537526.7349] dhcp4 (ens192): state changed fail -> done
Oct 12 17:18:46 localhost dbus-daemon[984]: [system] Activating via systemd: service name='org.freedesktop.nm_dispatcher' unit='dbus-org.freedesktop.nm-dispatcher.service' requested by ':1.4' (uid=0 pid=985 comm="/usr/sbin/NetworkManager --no-daemon " label="system_u:system_r:NetworkManager_t:s0")
Oct 12 17:18:46 localhost systemd[1]: Starting Network Manager Script Dispatcher Service...
Oct 12 17:18:46 localhost NetworkManager[985]: <info>  [1602537526.7585] policy: auto-activating connection 'ens192' (29b6e258-0ffd-4ee3-8f2d-2126105eee4f)
Oct 12 17:18:46 localhost NetworkManager[985]: <info>  [1602537526.7594] device (ens192): Activation: starting connection 'ens192' (29b6e258-0ffd-4ee3-8f2d-2126105eee4f)
Oct 12 17:18:46 localhost NetworkManager[985]: <info>  [1602537526.7595] device (ens192): state change: disconnected -> prepare (reason 'none', sys-iface-state: 'managed')
Oct 12 17:18:46 localhost NetworkManager[985]: <info>  [1602537526.7598] manager: NetworkManager state is now CONNECTING
Oct 12 17:18:46 localhost NetworkManager[985]: <info>  [1602537526.7599] device (ens192): state change: prepare -> config (reason 'none', sys-iface-state: 'managed')
Oct 12 17:18:46 localhost NetworkManager[985]: <info>  [1602537526.7604] device (ens192): state change: config -> ip-config (reason 'none', sys-iface-state: 'managed')
Oct 12 17:18:46 localhost NetworkManager[985]: <info>  [1602537526.7607] dhcp4 (ens192): activation: beginning transaction (timeout in 45 seconds)
Oct 12 17:18:46 localhost dbus-daemon[984]: [system] Successfully activated service 'org.freedesktop.nm_dispatcher'
Oct 12 17:18:46 localhost systemd[1]: Started Network Manager Script Dispatcher Service.
Oct 12 17:18:46 localhost NetworkManager[985]: <info>  [1602537526.7700] dhcp4 (ens192): option dhcp_lease_time      => '86400'
Oct 12 17:18:46 localhost NetworkManager[985]: <info>  [1602537526.7701] dhcp4 (ens192): option domain_name_servers  => '10.102.100.22 10.101.100.42 10.101.100.41'
Oct 12 17:18:46 localhost NetworkManager[985]: <info>  [1602537526.7701] dhcp4 (ens192): option expiry               => '1602623926'
Oct 12 17:18:46 localhost NetworkManager[985]: <info>  [1602537526.7701] dhcp4 (ens192): option ip_address           => '172.16.13.3'
Oct 12 17:18:46 localhost NetworkManager[985]: <info>  [1602537526.7701] dhcp4 (ens192): option requested_broadcast_address => '1'
Oct 12 17:18:46 localhost NetworkManager[985]: <info>  [1602537526.7701] dhcp4 (ens192): option requested_domain_name => '1'
Oct 12 17:18:46 localhost NetworkManager[985]: <info>  [1602537526.7701] dhcp4 (ens192): option requested_domain_name_servers => '1'
Oct 12 17:18:46 localhost NetworkManager[985]: <info>  [1602537526.7701] dhcp4 (ens192): option requested_domain_search => '1'
Oct 12 17:18:46 localhost NetworkManager[985]: <info>  [1602537526.7701] dhcp4 (ens192): option requested_host_name  => '1'
Oct 12 17:18:46 localhost NetworkManager[985]: <info>  [1602537526.7701] dhcp4 (ens192): option requested_interface_mtu => '1'
Oct 12 17:18:46 localhost NetworkManager[985]: <info>  [1602537526.7702] dhcp4 (ens192): option requested_ms_classless_static_routes => '1'
Oct 12 17:18:46 localhost NetworkManager[985]: <info>  [1602537526.7702] dhcp4 (ens192): option requested_nis_domain => '1'
Oct 12 17:18:46 localhost NetworkManager[985]: <info>  [1602537526.7702] dhcp4 (ens192): option requested_nis_servers => '1'
Oct 12 17:18:46 localhost NetworkManager[985]: <info>  [1602537526.7702] dhcp4 (ens192): option requested_ntp_servers => '1'
Oct 12 17:18:46 localhost NetworkManager[985]: <info>  [1602537526.7702] dhcp4 (ens192): option requested_rfc3442_classless_static_routes => '1'
Oct 12 17:18:46 localhost NetworkManager[985]: <info>  [1602537526.7702] dhcp4 (ens192): option requested_root_path  => '1'
Oct 12 17:18:46 localhost NetworkManager[985]: <info>  [1602537526.7702] dhcp4 (ens192): option requested_routers    => '1'
Oct 12 17:18:46 localhost NetworkManager[985]: <info>  [1602537526.7702] dhcp4 (ens192): option requested_static_routes => '1'
Oct 12 17:18:46 localhost NetworkManager[985]: <info>  [1602537526.7702] dhcp4 (ens192): option requested_subnet_mask => '1'
Oct 12 17:18:46 localhost NetworkManager[985]: <info>  [1602537526.7703] dhcp4 (ens192): option requested_time_offset => '1'
Oct 12 17:18:46 localhost NetworkManager[985]: <info>  [1602537526.7703] dhcp4 (ens192): option requested_wpad       => '1'
Oct 12 17:18:46 localhost NetworkManager[985]: <info>  [1602537526.7703] dhcp4 (ens192): option routers              => '172.16.255.1'
Oct 12 17:18:46 localhost NetworkManager[985]: <info>  [1602537526.7703] dhcp4 (ens192): option subnet_mask          => '255.255.0.0'
Oct 12 17:18:46 localhost NetworkManager[985]: <info>  [1602537526.7703] dhcp4 (ens192): state changed unknown -> bound
Oct 12 17:18:46 localhost NetworkManager[985]: <info>  [1602537526.7712] device (ens192): state change: ip-config -> ip-check (reason 'none', sys-iface-state: 'managed')
Oct 12 17:18:46 localhost NetworkManager[985]: <info>  [1602537526.7802] device (ens192): state change: ip-check -> secondaries (reason 'none', sys-iface-state: 'managed')
Oct 12 17:18:46 localhost NetworkManager[985]: <info>  [1602537526.7805] device (ens192): state change: secondaries -> activated (reason 'none', sys-iface-state: 'managed')
Oct 12 17:18:46 localhost NetworkManager[985]: <info>  [1602537526.7809] manager: NetworkManager state is now CONNECTED_LOCAL
Oct 12 17:18:46 localhost NetworkManager[985]: <info>  [1602537526.7817] manager: NetworkManager state is now CONNECTED_SITE
Oct 12 17:18:46 localhost NetworkManager[985]: <info>  [1602537526.7817] policy: set 'ens192' (ens192) as default for IPv4 routing and DNS
Oct 12 17:18:46 localhost NetworkManager[985]: <info>  [1602537526.7852] device (ens192): Activation: successful, device activated.
Oct 12 17:18:46 localhost NetworkManager[985]: <info>  [1602537526.7857] manager: NetworkManager state is now CONNECTED_GLOBAL
Oct 12 17:23:47 localhost systemd[1]: Starting Cleanup of Temporary Directories...
Oct 12 17:23:47 localhost systemd[1]: Started Cleanup of Temporary Directories.
Oct 12 18:09:47 localhost systemd[1]: Starting dnf makecache...
Oct 12 18:09:47 localhost dnf[5954]: CentOS-8 - AppStream                             13 kB/s | 4.3 kB     00:00
Oct 12 18:09:47 localhost dnf[5954]: CentOS-8 - Base                                  24 kB/s | 3.9 kB     00:00
Oct 12 18:09:48 localhost dnf[5954]: CentOS-8 - Extras                               6.7 kB/s | 1.5 kB     00:00
Oct 12 18:09:48 localhost dnf[5954]: Metadata cache created.
Oct 12 18:09:48 localhost systemd[1]: Started dnf makecache.
Oct 12 19:10:47 localhost systemd[1]: Starting dnf makecache...
Oct 12 19:10:47 localhost dnf[5984]: Metadata cache refreshed recently.
Oct 12 19:10:47 localhost systemd[1]: Started dnf makecache.
Oct 12 20:11:47 localhost systemd[1]: Starting dnf makecache...
Oct 12 20:11:47 localhost dnf[6007]: Metadata cache refreshed recently.
Oct 12 20:11:47 localhost systemd[1]: Started dnf makecache.
Oct 12 21:12:47 localhost systemd[1]: Starting dnf makecache...
Oct 12 21:12:47 localhost dnf[6030]: CentOS-8 - AppStream                            8.9 kB/s | 4.3 kB     00:00
Oct 12 21:12:48 localhost dnf[6030]: CentOS-8 - Base                                  15 kB/s | 3.9 kB     00:00
Oct 12 21:12:48 localhost dnf[6030]: CentOS-8 - Extras                                12 kB/s | 1.5 kB     00:00
Oct 12 21:12:48 localhost dnf[6030]: Metadata cache created.
Oct 12 21:12:48 localhost systemd[1]: Started dnf makecache.
Oct 12 22:13:47 localhost systemd[1]: Starting dnf makecache...
Oct 12 22:13:47 localhost dnf[6060]: Metadata cache refreshed recently.
Oct 12 22:13:47 localhost systemd[1]: Started dnf makecache.
Oct 12 23:14:47 localhost systemd[1]: Starting dnf makecache...
Oct 12 23:14:47 localhost dnf[6083]: Metadata cache refreshed recently.
Oct 12 23:14:47 localhost systemd[1]: Started dnf makecache.
Oct 13 00:00:47 localhost systemd[1]: Starting update of the root trust anchor for DNSSEC validation in unbound...
Oct 13 00:00:47 localhost systemd[1]: Started update of the root trust anchor for DNSSEC validation in unbound.
Oct 13 00:15:47 localhost systemd[1]: Starting dnf makecache...
Oct 13 00:15:47 localhost dnf[6111]: CentOS-8 - AppStream                             19 kB/s | 4.3 kB     00:00
Oct 13 00:15:48 localhost dnf[6111]: CentOS-8 - Base                                  15 kB/s | 3.9 kB     00:00
Oct 13 00:15:48 localhost dnf[6111]: CentOS-8 - Extras                                12 kB/s | 1.5 kB     00:00
Oct 13 00:15:48 localhost dnf[6111]: Metadata cache created.
Oct 13 00:15:48 localhost systemd[1]: Started dnf makecache.
Oct 13 01:16:47 localhost systemd[1]: Starting dnf makecache...
Oct 13 01:16:47 localhost dnf[6142]: Metadata cache refreshed recently.
Oct 13 01:16:47 localhost systemd[1]: Started dnf makecache.
Oct 13 02:17:47 localhost systemd[1]: Starting dnf makecache...
Oct 13 02:17:47 localhost dnf[6168]: Metadata cache refreshed recently.
Oct 13 02:17:47 localhost systemd[1]: Started dnf makecache.
Oct 13 03:18:47 localhost systemd[1]: Starting dnf makecache...
Oct 13 03:18:47 localhost dnf[6202]: CentOS-8 - AppStream                             14 kB/s | 4.3 kB     00:00
Oct 13 03:18:48 localhost dnf[6202]: CentOS-8 - Base                                  22 kB/s | 3.9 kB     00:00
Oct 13 03:18:48 localhost dnf[6202]: CentOS-8 - Extras                               8.2 kB/s | 1.5 kB     00:00
Oct 13 03:18:48 localhost dnf[6202]: Metadata cache created.
Oct 13 03:18:48 localhost systemd[1]: Started dnf makecache.
Oct 13 04:19:47 localhost systemd[1]: Starting dnf makecache...
Oct 13 04:19:47 localhost dnf[6232]: Metadata cache refreshed recently.
Oct 13 04:19:47 localhost systemd[1]: Started dnf makecache.
Oct 13 05:18:46 localhost NetworkManager[985]: <error> [1602580726.7651] dhcp4 (ens192): error -113 dispatching events
Oct 13 05:18:46 localhost NetworkManager[985]: <info>  [1602580726.7656] dhcp4 (ens192): state changed bound -> fail
Oct 13 05:18:46 localhost NetworkManager[985]: <info>  [1602580726.7657] device (ens192): DHCPv4: trying to acquire a new lease within 90 seconds
Oct 13 05:20:16 localhost NetworkManager[985]: <info>  [1602580816.8004] device (ens192): DHCPv4: grace period expired
Oct 13 05:20:16 localhost NetworkManager[985]: <info>  [1602580816.8005] device (ens192): state change: activated -> failed (reason 'ip-config-unavailable', sys-iface-state: 'managed')
Oct 13 05:20:16 localhost NetworkManager[985]: <warn>  [1602580816.8019] device (ens192): Activation: failed for connection 'ens192'
Oct 13 05:20:16 localhost NetworkManager[985]: <info>  [1602580816.8026] manager: NetworkManager state is now CONNECTED_LOCAL
Oct 13 05:20:16 localhost NetworkManager[985]: <info>  [1602580816.8030] device (ens192): state change: failed -> disconnected (reason 'none', sys-iface-state: 'managed')
Oct 13 05:20:16 localhost NetworkManager[985]: <info>  [1602580816.8045] dhcp4 (ens192): canceled DHCP transaction
Oct 13 05:20:16 localhost NetworkManager[985]: <info>  [1602580816.8045] dhcp4 (ens192): state changed fail -> done
Oct 13 05:20:16 localhost systemd[1]: Starting dnf makecache...
Oct 13 05:20:16 localhost dbus-daemon[984]: [system] Activating via systemd: service name='org.freedesktop.nm_dispatcher' unit='dbus-org.freedesktop.nm-dispatcher.service' requested by ':1.4' (uid=0 pid=985 comm="/usr/sbin/NetworkManager --no-daemon " label="system_u:system_r:NetworkManager_t:s0")
Oct 13 05:20:16 localhost systemd[1]: Starting Network Manager Script Dispatcher Service...
Oct 13 05:20:16 localhost NetworkManager[985]: <info>  [1602580816.8226] policy: auto-activating connection 'ens192' (29b6e258-0ffd-4ee3-8f2d-2126105eee4f)
Oct 13 05:20:16 localhost NetworkManager[985]: <info>  [1602580816.8236] device (ens192): Activation: starting connection 'ens192' (29b6e258-0ffd-4ee3-8f2d-2126105eee4f)
Oct 13 05:20:16 localhost NetworkManager[985]: <info>  [1602580816.8237] device (ens192): state change: disconnected -> prepare (reason 'none', sys-iface-state: 'managed')
Oct 13 05:20:16 localhost NetworkManager[985]: <info>  [1602580816.8239] manager: NetworkManager state is now CONNECTING
Oct 13 05:20:16 localhost NetworkManager[985]: <info>  [1602580816.8241] device (ens192): state change: prepare -> config (reason 'none', sys-iface-state: 'managed')
Oct 13 05:20:16 localhost NetworkManager[985]: <info>  [1602580816.8245] device (ens192): state change: config -> ip-config (reason 'none', sys-iface-state: 'managed')
Oct 13 05:20:16 localhost NetworkManager[985]: <info>  [1602580816.8248] dhcp4 (ens192): activation: beginning transaction (timeout in 45 seconds)
Oct 13 05:20:16 localhost dbus-daemon[984]: [system] Successfully activated service 'org.freedesktop.nm_dispatcher'
Oct 13 05:20:16 localhost systemd[1]: Started Network Manager Script Dispatcher Service.
Oct 13 05:20:16 localhost NetworkManager[985]: <info>  [1602580816.8459] dhcp4 (ens192): option dhcp_lease_time      => '86400'
Oct 13 05:20:16 localhost NetworkManager[985]: <info>  [1602580816.8460] dhcp4 (ens192): option domain_name_servers  => '10.102.100.22 10.101.100.42 10.101.100.41'
Oct 13 05:20:16 localhost NetworkManager[985]: <info>  [1602580816.8460] dhcp4 (ens192): option expiry               => '1602667216'
Oct 13 05:20:16 localhost NetworkManager[985]: <info>  [1602580816.8460] dhcp4 (ens192): option ip_address           => '172.16.13.3'
Oct 13 05:20:16 localhost NetworkManager[985]: <info>  [1602580816.8460] dhcp4 (ens192): option requested_broadcast_address => '1'
Oct 13 05:20:16 localhost NetworkManager[985]: <info>  [1602580816.8460] dhcp4 (ens192): option requested_domain_name => '1'
Oct 13 05:20:16 localhost NetworkManager[985]: <info>  [1602580816.8460] dhcp4 (ens192): option requested_domain_name_servers => '1'
Oct 13 05:20:16 localhost NetworkManager[985]: <info>  [1602580816.8460] dhcp4 (ens192): option requested_domain_search => '1'
Oct 13 05:20:16 localhost NetworkManager[985]: <info>  [1602580816.8460] dhcp4 (ens192): option requested_host_name  => '1'
Oct 13 05:20:16 localhost NetworkManager[985]: <info>  [1602580816.8460] dhcp4 (ens192): option requested_interface_mtu => '1'
Oct 13 05:20:16 localhost NetworkManager[985]: <info>  [1602580816.8460] dhcp4 (ens192): option requested_ms_classless_static_routes => '1'
Oct 13 05:20:16 localhost NetworkManager[985]: <info>  [1602580816.8461] dhcp4 (ens192): option requested_nis_domain => '1'
Oct 13 05:20:16 localhost NetworkManager[985]: <info>  [1602580816.8461] dhcp4 (ens192): option requested_nis_servers => '1'
Oct 13 05:20:16 localhost NetworkManager[985]: <info>  [1602580816.8461] dhcp4 (ens192): option requested_ntp_servers => '1'
Oct 13 05:20:16 localhost NetworkManager[985]: <info>  [1602580816.8461] dhcp4 (ens192): option requested_rfc3442_classless_static_routes => '1'
Oct 13 05:20:16 localhost NetworkManager[985]: <info>  [1602580816.8461] dhcp4 (ens192): option requested_root_path  => '1'
Oct 13 05:20:16 localhost NetworkManager[985]: <info>  [1602580816.8461] dhcp4 (ens192): option requested_routers    => '1'
Oct 13 05:20:16 localhost NetworkManager[985]: <info>  [1602580816.8461] dhcp4 (ens192): option requested_static_routes => '1'
Oct 13 05:20:16 localhost NetworkManager[985]: <info>  [1602580816.8461] dhcp4 (ens192): option requested_subnet_mask => '1'
Oct 13 05:20:16 localhost NetworkManager[985]: <info>  [1602580816.8461] dhcp4 (ens192): option requested_time_offset => '1'
Oct 13 05:20:16 localhost NetworkManager[985]: <info>  [1602580816.8461] dhcp4 (ens192): option requested_wpad       => '1'
Oct 13 05:20:16 localhost NetworkManager[985]: <info>  [1602580816.8461] dhcp4 (ens192): option routers              => '172.16.255.1'
Oct 13 05:20:16 localhost NetworkManager[985]: <info>  [1602580816.8461] dhcp4 (ens192): option subnet_mask          => '255.255.0.0'
Oct 13 05:20:16 localhost NetworkManager[985]: <info>  [1602580816.8461] dhcp4 (ens192): state changed unknown -> bound
Oct 13 05:20:16 localhost NetworkManager[985]: <info>  [1602580816.8471] device (ens192): state change: ip-config -> ip-check (reason 'none', sys-iface-state: 'managed')
Oct 13 05:20:16 localhost NetworkManager[985]: <info>  [1602580816.8566] device (ens192): state change: ip-check -> secondaries (reason 'none', sys-iface-state: 'managed')
Oct 13 05:20:16 localhost NetworkManager[985]: <info>  [1602580816.8568] device (ens192): state change: secondaries -> activated (reason 'none', sys-iface-state: 'managed')
Oct 13 05:20:16 localhost NetworkManager[985]: <info>  [1602580816.8573] manager: NetworkManager state is now CONNECTED_LOCAL
Oct 13 05:20:16 localhost NetworkManager[985]: <info>  [1602580816.8580] manager: NetworkManager state is now CONNECTED_SITE
Oct 13 05:20:16 localhost NetworkManager[985]: <info>  [1602580816.8581] policy: set 'ens192' (ens192) as default for IPv4 routing and DNS
Oct 13 05:20:16 localhost NetworkManager[985]: <info>  [1602580816.8615] device (ens192): Activation: successful, device activated.
Oct 13 05:20:16 localhost NetworkManager[985]: <info>  [1602580816.8620] manager: NetworkManager state is now CONNECTED_GLOBAL
Oct 13 05:20:17 localhost dnf[6255]: Metadata cache refreshed recently.
Oct 13 05:20:17 localhost systemd[1]: Started dnf makecache.
Oct 13 06:20:47 localhost systemd[1]: Starting dnf makecache...
Oct 13 06:20:47 localhost dnf[6288]: CentOS-8 - AppStream                             13 kB/s | 4.3 kB     00:00
Oct 13 06:20:48 localhost dnf[6288]: CentOS-8 - Base                                  26 kB/s | 3.9 kB     00:00
Oct 13 06:20:48 localhost dnf[6288]: CentOS-8 - Extras                               5.3 kB/s | 1.5 kB     00:00
Oct 13 06:20:48 localhost dnf[6288]: Metadata cache created.
Oct 13 06:20:48 localhost systemd[1]: Started dnf makecache.
Oct 13 07:21:47 localhost systemd[1]: Starting dnf makecache...
Oct 13 07:21:47 localhost dnf[6318]: Metadata cache refreshed recently.
Oct 13 07:21:47 localhost systemd[1]: Started dnf makecache.
Oct 13 08:22:47 localhost systemd[1]: Starting dnf makecache...
Oct 13 08:22:47 localhost dnf[6341]: Metadata cache refreshed recently.
Oct 13 08:22:47 localhost systemd[1]: Started dnf makecache.
Oct 13 08:53:20 localhost systemd[1]: Created slice User Slice of UID 1001.
Oct 13 08:53:20 localhost systemd[1]: Started /run/user/1001 mount wrapper.
Oct 13 08:53:20 localhost systemd[1]: Starting User Manager for UID 1001...
Oct 13 08:53:20 localhost systemd[1]: Started Session 15 of user instructor.
Oct 13 08:53:20 localhost systemd-logind[1071]: New session 15 of user instructor.
Oct 13 08:53:20 localhost systemd[6353]: Reached target Paths.
Oct 13 08:53:20 localhost systemd[6353]: Starting D-Bus User Message Bus Socket.
Oct 13 08:53:20 localhost systemd[6353]: Started Mark boot as successful after the user session has run 2 minutes.
Oct 13 08:53:20 localhost systemd[6353]: Reached target Timers.
Oct 13 08:53:20 localhost systemd[6353]: Listening on D-Bus User Message Bus Socket.
Oct 13 08:53:20 localhost systemd[6353]: Reached target Sockets.
Oct 13 08:53:20 localhost systemd[6353]: Reached target Basic System.
Oct 13 08:53:20 localhost systemd[6353]: Reached target Default.
Oct 13 08:53:20 localhost systemd[6353]: Startup finished in 39ms.
Oct 13 08:53:20 localhost systemd[1]: Started User Manager for UID 1001.
Oct 13 08:53:20 localhost systemd-logind[1071]: Session 15 logged out. Waiting for processes to exit.
Oct 13 08:53:20 localhost systemd-logind[1071]: Removed session 15.
Oct 13 08:53:20 localhost systemd[1]: user-runtime-dir@1001.service: Unit not needed anymore. Stopping.
Oct 13 08:53:20 localhost systemd[1]: Stopping User Manager for UID 1001...
Oct 13 08:53:20 localhost systemd[6353]: Stopped target Default.
Oct 13 08:53:20 localhost systemd[6353]: Stopped target Basic System.
Oct 13 08:53:20 localhost systemd[6353]: Stopped target Sockets.
Oct 13 08:53:20 localhost systemd[6353]: Closed D-Bus User Message Bus Socket.
Oct 13 08:53:20 localhost systemd[6353]: Stopped target Paths.
Oct 13 08:53:20 localhost systemd[6353]: Stopped target Timers.
Oct 13 08:53:20 localhost systemd[6353]: Stopped Mark boot as successful after the user session has run 2 minutes.
Oct 13 08:53:20 localhost systemd[6353]: Reached target Shutdown.
Oct 13 08:53:20 localhost systemd[6353]: Starting Exit the Session...
Oct 13 08:53:20 localhost systemd[1]: user@1001.service: Killing process 6379 (systemctl) with signal SIGKILL.
Oct 13 08:53:20 localhost systemd[1]: user-runtime-dir@1001.service: Unit not needed anymore. Stopping.
Oct 13 08:53:20 localhost systemd[1]: Stopped User Manager for UID 1001.
Oct 13 08:53:20 localhost systemd[1]: user-runtime-dir@1001.service: Unit not needed anymore. Stopping.
Oct 13 08:53:20 localhost systemd[1]: Removed slice User Slice of UID 1001.
Oct 13 08:53:20 localhost systemd[1]: Stopping /run/user/1001 mount wrapper...
Oct 13 08:53:20 localhost systemd[1]: Stopped /run/user/1001 mount wrapper.
Oct 13 09:23:47 localhost systemd[1]: Starting dnf makecache...
Oct 13 09:23:47 localhost dnf[6404]: CentOS-8 - AppStream                             13 kB/s | 4.3 kB     00:00
Oct 13 09:23:48 localhost dnf[6404]: CentOS-8 - Base                                  14 kB/s | 3.9 kB     00:00
Oct 13 09:23:48 localhost dnf[6404]: CentOS-8 - Extras                               5.9 kB/s | 1.5 kB     00:00
Oct 13 09:23:48 localhost dnf[6404]: Metadata cache created.
Oct 13 09:23:48 localhost systemd[1]: Started dnf makecache.
Oct 13 10:24:47 localhost systemd[1]: Starting dnf makecache...
Oct 13 10:24:47 localhost dnf[6433]: Metadata cache refreshed recently.
Oct 13 10:24:47 localhost systemd[1]: Started dnf makecache.
Oct 13 11:25:47 localhost systemd[1]: Starting dnf makecache...
Oct 13 11:25:47 localhost dnf[6457]: Metadata cache refreshed recently.
Oct 13 11:25:47 localhost systemd[1]: Started dnf makecache.
Oct 13 12:26:47 localhost systemd[1]: Starting dnf makecache...
Oct 13 12:26:47 localhost dnf[6480]: CentOS-8 - AppStream                             37 kB/s | 4.3 kB     00:00
Oct 13 12:27:05 localhost dnf[6480]: CentOS-8 - Base                                 228  B/s | 3.9 kB     00:17
Oct 13 12:27:05 localhost dnf[6480]: CentOS-8 - Extras                               4.0 kB/s | 1.5 kB     00:00
Oct 13 12:27:05 localhost dnf[6480]: Metadata cache created.
Oct 13 12:27:05 localhost systemd[1]: Started dnf makecache.
Oct 13 13:27:47 localhost systemd[1]: Starting dnf makecache...
Oct 13 13:27:47 localhost dnf[6510]: Metadata cache refreshed recently.
Oct 13 13:27:47 localhost systemd[1]: Started dnf makecache.
Oct 13 14:28:47 localhost systemd[1]: Starting dnf makecache...
Oct 13 14:28:47 localhost dnf[6533]: Metadata cache refreshed recently.
Oct 13 14:28:47 localhost systemd[1]: Started dnf makecache.
Oct 13 15:29:47 localhost systemd[1]: Starting dnf makecache...
Oct 13 15:29:47 localhost dnf[6557]: CentOS-8 - AppStream                             11 kB/s | 4.3 kB     00:00
Oct 13 15:29:48 localhost dnf[6557]: CentOS-8 - Base                                  13 kB/s | 3.9 kB     00:00
Oct 13 15:29:48 localhost dnf[6557]: CentOS-8 - Extras                               8.6 kB/s | 1.5 kB     00:00
Oct 13 15:29:48 localhost dnf[6557]: Metadata cache created.
Oct 13 15:29:48 localhost systemd[1]: Started dnf makecache.
Oct 13 16:30:47 localhost systemd[1]: Starting dnf makecache...
Oct 13 16:30:47 localhost dnf[6586]: Metadata cache refreshed recently.
Oct 13 16:30:47 localhost systemd[1]: Started dnf makecache.
Oct 13 17:20:16 localhost NetworkManager[985]: <error> [1602624016.8334] dhcp4 (ens192): error -113 dispatching events
Oct 13 17:20:16 localhost NetworkManager[985]: <info>  [1602624016.8340] dhcp4 (ens192): state changed bound -> fail
Oct 13 17:20:16 localhost NetworkManager[985]: <info>  [1602624016.8341] device (ens192): DHCPv4: trying to acquire a new lease within 90 seconds
Oct 13 17:21:46 localhost NetworkManager[985]: <info>  [1602624106.8114] device (ens192): DHCPv4: grace period expired
Oct 13 17:21:46 localhost NetworkManager[985]: <info>  [1602624106.8115] device (ens192): state change: activated -> failed (reason 'ip-config-unavailable', sys-iface-state: 'managed')
Oct 13 17:21:46 localhost NetworkManager[985]: <warn>  [1602624106.8130] device (ens192): Activation: failed for connection 'ens192'
Oct 13 17:21:46 localhost NetworkManager[985]: <info>  [1602624106.8137] manager: NetworkManager state is now CONNECTED_LOCAL
Oct 13 17:21:46 localhost NetworkManager[985]: <info>  [1602624106.8141] device (ens192): state change: failed -> disconnected (reason 'none', sys-iface-state: 'managed')
Oct 13 17:21:46 localhost NetworkManager[985]: <info>  [1602624106.8158] dhcp4 (ens192): canceled DHCP transaction
Oct 13 17:21:46 localhost NetworkManager[985]: <info>  [1602624106.8158] dhcp4 (ens192): state changed fail -> done
Oct 13 17:21:46 localhost dbus-daemon[984]: [system] Activating via systemd: service name='org.freedesktop.nm_dispatcher' unit='dbus-org.freedesktop.nm-dispatcher.service' requested by ':1.4' (uid=0 pid=985 comm="/usr/sbin/NetworkManager --no-daemon " label="system_u:system_r:NetworkManager_t:s0")
Oct 13 17:21:46 localhost systemd[1]: Starting Network Manager Script Dispatcher Service...
Oct 13 17:21:46 localhost NetworkManager[985]: <info>  [1602624106.8401] policy: auto-activating connection 'ens192' (29b6e258-0ffd-4ee3-8f2d-2126105eee4f)
Oct 13 17:21:46 localhost NetworkManager[985]: <info>  [1602624106.8410] device (ens192): Activation: starting connection 'ens192' (29b6e258-0ffd-4ee3-8f2d-2126105eee4f)
Oct 13 17:21:46 localhost NetworkManager[985]: <info>  [1602624106.8411] device (ens192): state change: disconnected -> prepare (reason 'none', sys-iface-state: 'managed')
Oct 13 17:21:46 localhost NetworkManager[985]: <info>  [1602624106.8414] manager: NetworkManager state is now CONNECTING
Oct 13 17:21:46 localhost NetworkManager[985]: <info>  [1602624106.8415] device (ens192): state change: prepare -> config (reason 'none', sys-iface-state: 'managed')
Oct 13 17:21:46 localhost NetworkManager[985]: <info>  [1602624106.8420] device (ens192): state change: config -> ip-config (reason 'none', sys-iface-state: 'managed')
Oct 13 17:21:46 localhost NetworkManager[985]: <info>  [1602624106.8422] dhcp4 (ens192): activation: beginning transaction (timeout in 45 seconds)
Oct 13 17:21:46 localhost dbus-daemon[984]: [system] Successfully activated service 'org.freedesktop.nm_dispatcher'
Oct 13 17:21:46 localhost NetworkManager[985]: <info>  [1602624106.8506] dhcp4 (ens192): option dhcp_lease_time      => '86400'
Oct 13 17:21:46 localhost NetworkManager[985]: <info>  [1602624106.8506] dhcp4 (ens192): option domain_name_servers  => '10.102.100.22 10.101.100.42 10.101.100.41'
Oct 13 17:21:46 localhost NetworkManager[985]: <info>  [1602624106.8506] dhcp4 (ens192): option expiry               => '1602710506'
Oct 13 17:21:46 localhost NetworkManager[985]: <info>  [1602624106.8506] dhcp4 (ens192): option ip_address           => '172.16.13.3'
Oct 13 17:21:46 localhost NetworkManager[985]: <info>  [1602624106.8507] dhcp4 (ens192): option requested_broadcast_address => '1'
Oct 13 17:21:46 localhost NetworkManager[985]: <info>  [1602624106.8507] dhcp4 (ens192): option requested_domain_name => '1'
Oct 13 17:21:46 localhost NetworkManager[985]: <info>  [1602624106.8507] dhcp4 (ens192): option requested_domain_name_servers => '1'
Oct 13 17:21:46 localhost NetworkManager[985]: <info>  [1602624106.8507] dhcp4 (ens192): option requested_domain_search => '1'
Oct 13 17:21:46 localhost NetworkManager[985]: <info>  [1602624106.8507] dhcp4 (ens192): option requested_host_name  => '1'
Oct 13 17:21:46 localhost NetworkManager[985]: <info>  [1602624106.8507] dhcp4 (ens192): option requested_interface_mtu => '1'
Oct 13 17:21:46 localhost NetworkManager[985]: <info>  [1602624106.8507] dhcp4 (ens192): option requested_ms_classless_static_routes => '1'
Oct 13 17:21:46 localhost NetworkManager[985]: <info>  [1602624106.8507] dhcp4 (ens192): option requested_nis_domain => '1'
Oct 13 17:21:46 localhost NetworkManager[985]: <info>  [1602624106.8507] dhcp4 (ens192): option requested_nis_servers => '1'
Oct 13 17:21:46 localhost NetworkManager[985]: <info>  [1602624106.8507] dhcp4 (ens192): option requested_ntp_servers => '1'
Oct 13 17:21:46 localhost NetworkManager[985]: <info>  [1602624106.8508] dhcp4 (ens192): option requested_rfc3442_classless_static_routes => '1'
Oct 13 17:21:46 localhost NetworkManager[985]: <info>  [1602624106.8508] dhcp4 (ens192): option requested_root_path  => '1'
Oct 13 17:21:46 localhost NetworkManager[985]: <info>  [1602624106.8508] dhcp4 (ens192): option requested_routers    => '1'
Oct 13 17:21:46 localhost NetworkManager[985]: <info>  [1602624106.8508] dhcp4 (ens192): option requested_static_routes => '1'
Oct 13 17:21:46 localhost NetworkManager[985]: <info>  [1602624106.8508] dhcp4 (ens192): option requested_subnet_mask => '1'
Oct 13 17:21:46 localhost NetworkManager[985]: <info>  [1602624106.8508] dhcp4 (ens192): option requested_time_offset => '1'
Oct 13 17:21:46 localhost NetworkManager[985]: <info>  [1602624106.8508] dhcp4 (ens192): option requested_wpad       => '1'
Oct 13 17:21:46 localhost NetworkManager[985]: <info>  [1602624106.8508] dhcp4 (ens192): option routers              => '172.16.255.1'
Oct 13 17:21:46 localhost NetworkManager[985]: <info>  [1602624106.8508] dhcp4 (ens192): option subnet_mask          => '255.255.0.0'
Oct 13 17:21:46 localhost NetworkManager[985]: <info>  [1602624106.8508] dhcp4 (ens192): state changed unknown -> bound
Oct 13 17:21:46 localhost NetworkManager[985]: <info>  [1602624106.8517] device (ens192): state change: ip-config -> ip-check (reason 'none', sys-iface-state: 'managed')
Oct 13 17:21:46 localhost systemd[1]: Started Network Manager Script Dispatcher Service.
Oct 13 17:21:46 localhost NetworkManager[985]: <info>  [1602624106.8628] device (ens192): state change: ip-check -> secondaries (reason 'none', sys-iface-state: 'managed')
Oct 13 17:21:46 localhost NetworkManager[985]: <info>  [1602624106.8631] device (ens192): state change: secondaries -> activated (reason 'none', sys-iface-state: 'managed')
Oct 13 17:21:46 localhost NetworkManager[985]: <info>  [1602624106.8635] manager: NetworkManager state is now CONNECTED_LOCAL
Oct 13 17:21:46 localhost NetworkManager[985]: <info>  [1602624106.8643] manager: NetworkManager state is now CONNECTED_SITE
Oct 13 17:21:46 localhost NetworkManager[985]: <info>  [1602624106.8644] policy: set 'ens192' (ens192) as default for IPv4 routing and DNS
Oct 13 17:21:46 localhost NetworkManager[985]: <info>  [1602624106.8680] device (ens192): Activation: successful, device activated.
Oct 13 17:21:46 localhost NetworkManager[985]: <info>  [1602624106.8685] manager: NetworkManager state is now CONNECTED_GLOBAL
Oct 13 17:24:47 localhost systemd[1]: Starting Cleanup of Temporary Directories...
Oct 13 17:24:47 localhost systemd[1]: Started Cleanup of Temporary Directories.
Oct 13 17:31:47 localhost systemd[1]: Starting dnf makecache...
Oct 13 17:31:47 localhost dnf[6622]: Metadata cache refreshed recently.
Oct 13 17:31:47 localhost systemd[1]: Started dnf makecache.
Oct 13 18:32:47 localhost systemd[1]: Starting dnf makecache...
Oct 13 18:32:47 localhost dnf[6645]: CentOS-8 - AppStream                             34 kB/s | 4.3 kB     00:00
Oct 13 18:32:47 localhost dnf[6645]: CentOS-8 - Base                                  12 kB/s | 3.9 kB     00:00
Oct 13 18:32:48 localhost dnf[6645]: CentOS-8 - Extras                               5.3 kB/s | 1.5 kB     00:00
Oct 13 18:32:48 localhost dnf[6645]: Metadata cache created.
Oct 13 18:32:48 localhost systemd[1]: Started dnf makecache.
Oct 13 19:33:47 localhost systemd[1]: Starting dnf makecache...
Oct 13 19:33:47 localhost dnf[6674]: Metadata cache refreshed recently.
Oct 13 19:33:47 localhost systemd[1]: Started dnf makecache.
Oct 13 20:34:47 localhost systemd[1]: Starting dnf makecache...
Oct 13 20:34:47 localhost dnf[6698]: Metadata cache refreshed recently.
Oct 13 20:34:47 localhost systemd[1]: Started dnf makecache.
Oct 13 21:35:47 localhost systemd[1]: Starting dnf makecache...
Oct 13 21:36:07 localhost dnf[6722]: CentOS-8 - AppStream                            227  B/s | 4.3 kB     00:19
Oct 13 21:36:07 localhost dnf[6722]: CentOS-8 - Base                                  36 kB/s | 3.9 kB     00:00
Oct 13 21:36:07 localhost dnf[6722]: CentOS-8 - Extras                               5.7 kB/s | 1.5 kB     00:00
Oct 13 21:36:07 localhost dnf[6722]: Metadata cache created.
Oct 13 21:36:07 localhost systemd[1]: Started dnf makecache.
Oct 13 22:36:47 localhost systemd[1]: Starting dnf makecache...
Oct 13 22:36:47 localhost dnf[6751]: Metadata cache refreshed recently.
Oct 13 22:36:47 localhost systemd[1]: Started dnf makecache.
Oct 13 23:37:47 localhost systemd[1]: Starting dnf makecache...
Oct 13 23:37:47 localhost dnf[6774]: Metadata cache refreshed recently.
Oct 13 23:37:47 localhost systemd[1]: Started dnf makecache.
Oct 14 00:00:47 localhost systemd[1]: Starting update of the root trust anchor for DNSSEC validation in unbound...
Oct 14 00:00:47 localhost systemd[1]: Started update of the root trust anchor for DNSSEC validation in unbound.
Oct 14 00:38:47 localhost systemd[1]: Starting dnf makecache...
Oct 14 00:38:47 localhost dnf[6801]: CentOS-8 - AppStream                             15 kB/s | 4.3 kB     00:00
Oct 14 00:38:47 localhost dnf[6801]: CentOS-8 - Base                                  28 kB/s | 3.9 kB     00:00
Oct 14 00:38:48 localhost dnf[6801]: CentOS-8 - Extras                               4.2 kB/s | 1.5 kB     00:00
Oct 14 00:38:48 localhost dnf[6801]: Metadata cache created.
Oct 14 00:38:48 localhost systemd[1]: Started dnf makecache.
Oct 14 01:39:47 localhost systemd[1]: Starting dnf makecache...
Oct 14 01:39:47 localhost dnf[6833]: Metadata cache refreshed recently.
Oct 14 01:39:47 localhost systemd[1]: Started dnf makecache.
Oct 14 02:40:47 localhost systemd[1]: Starting dnf makecache...
Oct 14 02:40:47 localhost dnf[6859]: Metadata cache refreshed recently.
Oct 14 02:40:47 localhost systemd[1]: Started dnf makecache.
Oct 14 03:41:47 localhost systemd[1]: Starting dnf makecache...
Oct 14 03:41:47 localhost dnf[6895]: CentOS-8 - AppStream                             15 kB/s | 4.3 kB     00:00
Oct 14 03:41:48 localhost dnf[6895]: CentOS-8 - Base                                  16 kB/s | 3.9 kB     00:00
Oct 14 03:41:48 localhost dnf[6895]: CentOS-8 - Extras                               2.6 kB/s | 1.5 kB     00:00
Oct 14 03:41:48 localhost dnf[6895]: Metadata cache created.
Oct 14 03:41:48 localhost systemd[1]: Started dnf makecache.
Oct 14 04:42:47 localhost systemd[1]: Starting dnf makecache...
Oct 14 04:42:47 localhost dnf[6925]: Metadata cache refreshed recently.
Oct 14 04:42:47 localhost systemd[1]: Started dnf makecache.
Oct 14 05:21:46 localhost NetworkManager[985]: <error> [1602667306.8478] dhcp4 (ens192): error -113 dispatching events
Oct 14 05:21:46 localhost NetworkManager[985]: <info>  [1602667306.8485] dhcp4 (ens192): state changed bound -> fail
Oct 14 05:21:46 localhost NetworkManager[985]: <info>  [1602667306.8487] device (ens192): DHCPv4: trying to acquire a new lease within 90 seconds
Oct 14 05:23:16 localhost NetworkManager[985]: <info>  [1602667396.8003] device (ens192): DHCPv4: grace period expired
Oct 14 05:23:16 localhost NetworkManager[985]: <info>  [1602667396.8004] device (ens192): state change: activated -> failed (reason 'ip-config-unavailable', sys-iface-state: 'managed')
Oct 14 05:23:16 localhost NetworkManager[985]: <warn>  [1602667396.8022] device (ens192): Activation: failed for connection 'ens192'
Oct 14 05:23:16 localhost NetworkManager[985]: <info>  [1602667396.8029] manager: NetworkManager state is now CONNECTED_LOCAL
Oct 14 05:23:16 localhost NetworkManager[985]: <info>  [1602667396.8033] device (ens192): state change: failed -> disconnected (reason 'none', sys-iface-state: 'managed')
Oct 14 05:23:16 localhost NetworkManager[985]: <info>  [1602667396.8046] dhcp4 (ens192): canceled DHCP transaction
Oct 14 05:23:16 localhost NetworkManager[985]: <info>  [1602667396.8046] dhcp4 (ens192): state changed fail -> done
Oct 14 05:23:16 localhost dbus-daemon[984]: [system] Activating via systemd: service name='org.freedesktop.nm_dispatcher' unit='dbus-org.freedesktop.nm-dispatcher.service' requested by ':1.4' (uid=0 pid=985 comm="/usr/sbin/NetworkManager --no-daemon " label="system_u:system_r:NetworkManager_t:s0")
Oct 14 05:23:16 localhost systemd[1]: Starting Network Manager Script Dispatcher Service...
Oct 14 05:23:16 localhost NetworkManager[985]: <info>  [1602667396.8317] policy: auto-activating connection 'ens192' (29b6e258-0ffd-4ee3-8f2d-2126105eee4f)
Oct 14 05:23:16 localhost NetworkManager[985]: <info>  [1602667396.8327] device (ens192): Activation: starting connection 'ens192' (29b6e258-0ffd-4ee3-8f2d-2126105eee4f)
Oct 14 05:23:16 localhost NetworkManager[985]: <info>  [1602667396.8328] device (ens192): state change: disconnected -> prepare (reason 'none', sys-iface-state: 'managed')
Oct 14 05:23:16 localhost NetworkManager[985]: <info>  [1602667396.8331] manager: NetworkManager state is now CONNECTING
Oct 14 05:23:16 localhost NetworkManager[985]: <info>  [1602667396.8332] device (ens192): state change: prepare -> config (reason 'none', sys-iface-state: 'managed')
Oct 14 05:23:16 localhost NetworkManager[985]: <info>  [1602667396.8337] device (ens192): state change: config -> ip-config (reason 'none', sys-iface-state: 'managed')
Oct 14 05:23:16 localhost NetworkManager[985]: <info>  [1602667396.8340] dhcp4 (ens192): activation: beginning transaction (timeout in 45 seconds)
Oct 14 05:23:16 localhost dbus-daemon[984]: [system] Successfully activated service 'org.freedesktop.nm_dispatcher'
Oct 14 05:23:16 localhost NetworkManager[985]: <info>  [1602667396.8414] dhcp4 (ens192): option dhcp_lease_time      => '86400'
Oct 14 05:23:16 localhost NetworkManager[985]: <info>  [1602667396.8414] dhcp4 (ens192): option domain_name_servers  => '10.102.100.22 10.101.100.42 10.101.100.41'
Oct 14 05:23:16 localhost NetworkManager[985]: <info>  [1602667396.8414] dhcp4 (ens192): option expiry               => '1602753796'
Oct 14 05:23:16 localhost NetworkManager[985]: <info>  [1602667396.8414] dhcp4 (ens192): option ip_address           => '172.16.13.3'
Oct 14 05:23:16 localhost NetworkManager[985]: <info>  [1602667396.8414] dhcp4 (ens192): option requested_broadcast_address => '1'
Oct 14 05:23:16 localhost NetworkManager[985]: <info>  [1602667396.8414] dhcp4 (ens192): option requested_domain_name => '1'
Oct 14 05:23:16 localhost NetworkManager[985]: <info>  [1602667396.8414] dhcp4 (ens192): option requested_domain_name_servers => '1'
Oct 14 05:23:16 localhost NetworkManager[985]: <info>  [1602667396.8414] dhcp4 (ens192): option requested_domain_search => '1'
Oct 14 05:23:16 localhost NetworkManager[985]: <info>  [1602667396.8415] dhcp4 (ens192): option requested_host_name  => '1'
Oct 14 05:23:16 localhost NetworkManager[985]: <info>  [1602667396.8415] dhcp4 (ens192): option requested_interface_mtu => '1'
Oct 14 05:23:16 localhost NetworkManager[985]: <info>  [1602667396.8415] dhcp4 (ens192): option requested_ms_classless_static_routes => '1'
Oct 14 05:23:16 localhost NetworkManager[985]: <info>  [1602667396.8415] dhcp4 (ens192): option requested_nis_domain => '1'
Oct 14 05:23:16 localhost NetworkManager[985]: <info>  [1602667396.8415] dhcp4 (ens192): option requested_nis_servers => '1'
Oct 14 05:23:16 localhost NetworkManager[985]: <info>  [1602667396.8415] dhcp4 (ens192): option requested_ntp_servers => '1'
Oct 14 05:23:16 localhost NetworkManager[985]: <info>  [1602667396.8415] dhcp4 (ens192): option requested_rfc3442_classless_static_routes => '1'
Oct 14 05:23:16 localhost NetworkManager[985]: <info>  [1602667396.8415] dhcp4 (ens192): option requested_root_path  => '1'
Oct 14 05:23:16 localhost NetworkManager[985]: <info>  [1602667396.8415] dhcp4 (ens192): option requested_routers    => '1'
Oct 14 05:23:16 localhost NetworkManager[985]: <info>  [1602667396.8415] dhcp4 (ens192): option requested_static_routes => '1'
Oct 14 05:23:16 localhost NetworkManager[985]: <info>  [1602667396.8415] dhcp4 (ens192): option requested_subnet_mask => '1'
Oct 14 05:23:16 localhost NetworkManager[985]: <info>  [1602667396.8416] dhcp4 (ens192): option requested_time_offset => '1'
Oct 14 05:23:16 localhost NetworkManager[985]: <info>  [1602667396.8416] dhcp4 (ens192): option requested_wpad       => '1'
Oct 14 05:23:16 localhost NetworkManager[985]: <info>  [1602667396.8416] dhcp4 (ens192): option routers              => '172.16.255.1'
Oct 14 05:23:16 localhost NetworkManager[985]: <info>  [1602667396.8416] dhcp4 (ens192): option subnet_mask          => '255.255.0.0'
Oct 14 05:23:16 localhost NetworkManager[985]: <info>  [1602667396.8416] dhcp4 (ens192): state changed unknown -> bound
Oct 14 05:23:16 localhost NetworkManager[985]: <info>  [1602667396.8426] device (ens192): state change: ip-config -> ip-check (reason 'none', sys-iface-state: 'managed')
Oct 14 05:23:16 localhost systemd[1]: Started Network Manager Script Dispatcher Service.
Oct 14 05:23:16 localhost NetworkManager[985]: <info>  [1602667396.8544] device (ens192): state change: ip-check -> secondaries (reason 'none', sys-iface-state: 'managed')
Oct 14 05:23:16 localhost NetworkManager[985]: <info>  [1602667396.8547] device (ens192): state change: secondaries -> activated (reason 'none', sys-iface-state: 'managed')
Oct 14 05:23:16 localhost NetworkManager[985]: <info>  [1602667396.8551] manager: NetworkManager state is now CONNECTED_LOCAL
Oct 14 05:23:16 localhost NetworkManager[985]: <info>  [1602667396.8559] manager: NetworkManager state is now CONNECTED_SITE
Oct 14 05:23:16 localhost NetworkManager[985]: <info>  [1602667396.8560] policy: set 'ens192' (ens192) as default for IPv4 routing and DNS
Oct 14 05:23:16 localhost NetworkManager[985]: <info>  [1602667396.8599] device (ens192): Activation: successful, device activated.
Oct 14 05:23:16 localhost NetworkManager[985]: <info>  [1602667396.8603] manager: NetworkManager state is now CONNECTED_GLOBAL
Oct 14 05:43:47 localhost systemd[1]: Starting dnf makecache...
Oct 14 05:43:47 localhost dnf[6958]: Metadata cache refreshed recently.
Oct 14 05:43:47 localhost systemd[1]: Started dnf makecache.
Oct 14 06:44:47 localhost systemd[1]: Starting dnf makecache...
Oct 14 06:44:47 localhost dnf[6981]: CentOS-8 - AppStream                             16 kB/s | 4.3 kB     00:00
Oct 14 06:44:47 localhost dnf[6981]: CentOS-8 - Base                                  22 kB/s | 3.9 kB     00:00
Oct 14 06:44:48 localhost dnf[6981]: CentOS-8 - Extras                               8.4 kB/s | 1.5 kB     00:00
Oct 14 06:44:48 localhost dnf[6981]: Metadata cache created.
Oct 14 06:44:48 localhost systemd[1]: Started dnf makecache.
Oct 14 07:45:47 localhost systemd[1]: Starting dnf makecache...
Oct 14 07:45:47 localhost dnf[7011]: Metadata cache refreshed recently.
Oct 14 07:45:47 localhost systemd[1]: Started dnf makecache.
Oct 14 08:46:47 localhost systemd[1]: Starting dnf makecache...
Oct 14 08:46:47 localhost dnf[7035]: Metadata cache refreshed recently.
Oct 14 08:46:47 localhost systemd[1]: Started dnf makecache.
Oct 14 09:47:47 localhost systemd[1]: Starting dnf makecache...
Oct 14 09:47:47 localhost dnf[7058]: CentOS-8 - AppStream                             21 kB/s | 4.3 kB     00:00
Oct 14 09:47:48 localhost dnf[7058]: CentOS-8 - Base                                  11 kB/s | 3.9 kB     00:00
Oct 14 09:47:48 localhost dnf[7058]: CentOS-8 - Extras                               5.0 kB/s | 1.5 kB     00:00
Oct 14 09:47:48 localhost dnf[7058]: Metadata cache created.
Oct 14 09:47:48 localhost systemd[1]: Started dnf makecache.
Oct 14 10:48:47 localhost systemd[1]: Starting dnf makecache...
Oct 14 10:48:47 localhost dnf[7087]: Metadata cache refreshed recently.
Oct 14 10:48:47 localhost systemd[1]: Started dnf makecache.
Oct 14 11:49:47 localhost systemd[1]: Starting dnf makecache...
Oct 14 11:49:47 localhost dnf[7111]: Metadata cache refreshed recently.
Oct 14 11:49:47 localhost systemd[1]: Started dnf makecache.
Oct 14 12:50:47 localhost systemd[1]: Starting dnf makecache...
Oct 14 12:50:47 localhost dnf[7135]: CentOS-8 - AppStream                             14 kB/s | 4.3 kB     00:00
Oct 14 12:50:48 localhost dnf[7135]: CentOS-8 - Base                                  13 kB/s | 3.9 kB     00:00
Oct 14 12:50:48 localhost dnf[7135]: CentOS-8 - Extras                               5.3 kB/s | 1.5 kB     00:00
Oct 14 12:50:48 localhost dnf[7135]: Metadata cache created.
Oct 14 12:50:48 localhost systemd[1]: Started dnf makecache.
Oct 14 13:51:47 localhost systemd[1]: Starting dnf makecache...
Oct 14 13:51:47 localhost dnf[7164]: Metadata cache refreshed recently.
Oct 14 13:51:47 localhost systemd[1]: Started dnf makecache.
Oct 14 14:52:47 localhost systemd[1]: Starting dnf makecache...
Oct 14 14:52:47 localhost dnf[7187]: Metadata cache refreshed recently.
Oct 14 14:52:47 localhost systemd[1]: Started dnf makecache.
Oct 14 15:53:47 localhost systemd[1]: Starting dnf makecache...
Oct 14 15:53:47 localhost dnf[7214]: CentOS-8 - AppStream                             22 kB/s | 4.3 kB     00:00
Oct 14 15:53:48 localhost dnf[7214]: CentOS-8 - Base                                  10 kB/s | 3.9 kB     00:00
Oct 14 15:53:48 localhost dnf[7214]: CentOS-8 - Extras                               2.7 kB/s | 1.5 kB     00:00
Oct 14 15:53:49 localhost dnf[7214]: Metadata cache created.
Oct 14 15:53:49 localhost systemd[1]: Started dnf makecache.
Oct 14 16:04:20 localhost su[7240]: (to root) student on tty1
Oct 14 16:04:48 rjacinto1_pri kernel: Command line: BOOT_IMAGE=(hd0,msdos1)/vmlinuz-4.18.0-193.el8.x86_64 root=/dev/mapper/cl-root ro crashkernel=auto resume=/dev/mapper/cl-swap rd.lvm.lv=cl/root rd.lvm.lv=cl/swap rhgb quiet
Oct 14 16:04:48 rjacinto1_pri kernel: Disabled fast string operations
Oct 14 16:04:48 rjacinto1_pri kernel: x86/fpu: Supporting XSAVE feature 0x001: 'x87 floating point registers'
Oct 14 16:04:48 rjacinto1_pri kernel: x86/fpu: Supporting XSAVE feature 0x002: 'SSE registers'
Oct 14 16:04:48 rjacinto1_pri kernel: x86/fpu: Supporting XSAVE feature 0x004: 'AVX registers'
Oct 14 16:04:48 rjacinto1_pri kernel: x86/fpu: xstate_offset[2]:  576, xstate_sizes[2]:  256
Oct 14 16:04:48 rjacinto1_pri kernel: x86/fpu: Enabled xstate features 0x7, context size is 832 bytes, using 'standard' format.
Oct 14 16:04:48 rjacinto1_pri kernel: BIOS-provided physical RAM map:
Oct 14 16:04:48 rjacinto1_pri kernel: BIOS-e820: [mem 0x0000000000000000-0x000000000009f3ff] usable
Oct 14 16:04:48 rjacinto1_pri kernel: BIOS-e820: [mem 0x000000000009f400-0x000000000009ffff] reserved
Oct 14 16:04:48 rjacinto1_pri kernel: BIOS-e820: [mem 0x00000000000dc000-0x00000000000fffff] reserved
Oct 14 16:04:48 rjacinto1_pri kernel: BIOS-e820: [mem 0x0000000000100000-0x000000007fedffff] usable
Oct 14 16:04:48 rjacinto1_pri kernel: BIOS-e820: [mem 0x000000007fee0000-0x000000007fefefff] ACPI data
Oct 14 16:04:48 rjacinto1_pri kernel: BIOS-e820: [mem 0x000000007feff000-0x000000007fefffff] ACPI NVS
Oct 14 16:04:48 rjacinto1_pri kernel: BIOS-e820: [mem 0x000000007ff00000-0x000000007fffffff] usable
Oct 14 16:04:48 rjacinto1_pri kernel: BIOS-e820: [mem 0x00000000f0000000-0x00000000f7ffffff] reserved
Oct 14 16:04:48 rjacinto1_pri kernel: BIOS-e820: [mem 0x00000000fec00000-0x00000000fec0ffff] reserved
Oct 14 16:04:48 rjacinto1_pri kernel: BIOS-e820: [mem 0x00000000fee00000-0x00000000fee00fff] reserved
Oct 14 16:04:48 rjacinto1_pri kernel: BIOS-e820: [mem 0x00000000fffe0000-0x00000000ffffffff] reserved
Oct 14 16:04:48 rjacinto1_pri kernel: NX (Execute Disable) protection: active
Oct 14 16:04:48 rjacinto1_pri kernel: SMBIOS 2.7 present.
Oct 14 16:04:48 rjacinto1_pri kernel: DMI: VMware, Inc. VMware Virtual Platform/440BX Desktop Reference Platform, BIOS 6.00 12/09/2019
Oct 14 16:04:48 rjacinto1_pri kernel: Hypervisor detected: VMware
Oct 14 16:04:48 rjacinto1_pri kernel: vmware: TSC freq read from hypervisor : 2700.000 MHz
Oct 14 16:04:48 rjacinto1_pri kernel: vmware: Host bus clock speed read from hypervisor : 66000000 Hz
Oct 14 16:04:48 rjacinto1_pri kernel: vmware: using sched offset of 5475142011 ns
Oct 14 16:04:48 rjacinto1_pri kernel: tsc: Detected 2700.000 MHz processor
Oct 14 16:04:48 rjacinto1_pri kernel: last_pfn = 0x80000 max_arch_pfn = 0x400000000
Oct 14 16:04:48 rjacinto1_pri kernel: x86/PAT: Configuration [0-7]: WB  WC  UC- UC  WB  WP  UC- WT  
Oct 14 16:04:48 rjacinto1_pri kernel: total RAM covered: 2048M
Oct 14 16:04:48 rjacinto1_pri kernel: Found optimal setting for mtrr clean up
Oct 14 16:04:48 rjacinto1_pri kernel: gran_size: 64K #011chunk_size: 64K #011num_reg: 1  #011lose cover RAM: 0G
Oct 14 16:04:48 rjacinto1_pri kernel: found SMP MP-table at [mem 0x000f6a70-0x000f6a7f]
Oct 14 16:04:48 rjacinto1_pri kernel: kexec: Reserving the low 1M of memory for crashkernel
Oct 14 16:04:48 rjacinto1_pri kernel: RAMDISK: [mem 0x346de000-0x36366fff]
Oct 14 16:04:48 rjacinto1_pri kernel: ACPI: Early table checksum verification disabled
Oct 14 16:04:48 rjacinto1_pri kernel: ACPI: RSDP 0x00000000000F6A00 000024 (v02 PTLTD )
Oct 14 16:04:48 rjacinto1_pri kernel: ACPI: XSDT 0x000000007FEEEAC0 00005C (v01 INTEL  440BX    06040000 VMW  01324272)
Oct 14 16:04:48 rjacinto1_pri kernel: ACPI: FACP 0x000000007FEFEE73 0000F4 (v04 INTEL  440BX    06040000 PTL  000F4240)
Oct 14 16:04:48 rjacinto1_pri kernel: ACPI: DSDT 0x000000007FEEED00 010173 (v01 PTLTD  Custom   06040000 MSFT 03000001)
Oct 14 16:04:48 rjacinto1_pri kernel: ACPI: FACS 0x000000007FEFFFC0 000040
Oct 14 16:04:48 rjacinto1_pri kernel: ACPI: FACS 0x000000007FEFFFC0 000040
Oct 14 16:04:48 rjacinto1_pri kernel: ACPI: BOOT 0x000000007FEEECD8 000028 (v01 PTLTD  $SBFTBL$ 06040000  LTP 00000001)
Oct 14 16:04:48 rjacinto1_pri kernel: ACPI: APIC 0x000000007FEEEC88 000050 (v01 PTLTD  ? APIC   06040000  LTP 00000000)
Oct 14 16:04:48 rjacinto1_pri kernel: ACPI: MCFG 0x000000007FEEEC4C 00003C (v01 PTLTD  $PCITBL$ 06040000  LTP 00000001)
Oct 14 16:04:48 rjacinto1_pri kernel: ACPI: SRAT 0x000000007FEEEBBC 000090 (v02 VMWARE MEMPLUG  06040000 VMW  00000001)
Oct 14 16:04:48 rjacinto1_pri kernel: ACPI: HPET 0x000000007FEEEB84 000038 (v01 VMWARE VMW HPET 06040000 VMW  00000001)
Oct 14 16:04:48 rjacinto1_pri kernel: ACPI: WAET 0x000000007FEEEB5C 000028 (v01 VMWARE VMW WAET 06040000 VMW  00000001)
Oct 14 16:04:48 rjacinto1_pri kernel: SRAT: PXM 0 -> APIC 0x00 -> Node 0
Oct 14 16:04:48 rjacinto1_pri kernel: ACPI: SRAT: Node 0 PXM 0 [mem 0x00000000-0x0009ffff]
Oct 14 16:04:48 rjacinto1_pri kernel: ACPI: SRAT: Node 0 PXM 0 [mem 0x00100000-0x7fffffff]
Oct 14 16:04:48 rjacinto1_pri kernel: NUMA: Node 0 [mem 0x00000000-0x0009ffff] + [mem 0x00100000-0x7fffffff] -> [mem 0x00000000-0x7fffffff]
Oct 14 16:04:48 rjacinto1_pri kernel: NODE_DATA(0) allocated [mem 0x7ffd6000-0x7fffffff]
Oct 14 16:04:48 rjacinto1_pri kernel: Using crashkernel=auto, the size chosen is a best effort estimation.
Oct 14 16:04:48 rjacinto1_pri kernel: Reserving 160MB of memory at 1872MB for crashkernel (System RAM: 2047MB)
Oct 14 16:04:48 rjacinto1_pri kernel: Zone ranges:
Oct 14 16:04:48 rjacinto1_pri kernel:  DMA      [mem 0x0000000000001000-0x0000000000ffffff]
Oct 14 16:04:48 rjacinto1_pri kernel:  DMA32    [mem 0x0000000001000000-0x000000007fffffff]
Oct 14 16:04:48 rjacinto1_pri kernel:  Normal   empty
Oct 14 16:04:48 rjacinto1_pri kernel:  Device   empty
Oct 14 16:04:48 rjacinto1_pri kernel: Movable zone start for each node
Oct 14 16:04:48 rjacinto1_pri kernel: Early memory node ranges
Oct 14 16:04:48 rjacinto1_pri kernel:  node   0: [mem 0x0000000000001000-0x000000000009efff]
Oct 14 16:04:48 rjacinto1_pri kernel:  node   0: [mem 0x0000000000100000-0x000000007fedffff]
Oct 14 16:04:48 rjacinto1_pri kernel:  node   0: [mem 0x000000007ff00000-0x000000007fffffff]
Oct 14 16:04:48 rjacinto1_pri kernel: Zeroed struct page in unavailable ranges: 130 pages
Oct 14 16:04:48 rjacinto1_pri kernel: Initmem setup node 0 [mem 0x0000000000001000-0x000000007fffffff]
Oct 14 16:04:48 rjacinto1_pri kernel: ACPI: PM-Timer IO Port: 0x1008
Oct 14 16:04:48 rjacinto1_pri kernel: ACPI: LAPIC_NMI (acpi_id[0x00] high edge lint[0x1])
Oct 14 16:04:48 rjacinto1_pri kernel: IOAPIC[0]: apic_id 1, version 17, address 0xfec00000, GSI 0-23
Oct 14 16:04:48 rjacinto1_pri kernel: ACPI: INT_SRC_OVR (bus 0 bus_irq 0 global_irq 2 high edge)
Oct 14 16:04:48 rjacinto1_pri kernel: Using ACPI (MADT) for SMP configuration information
Oct 14 16:04:48 rjacinto1_pri kernel: ACPI: HPET id: 0x8086af01 base: 0xfed00000
Oct 14 16:04:48 rjacinto1_pri kernel: smpboot: Allowing 1 CPUs, 0 hotplug CPUs
Oct 14 16:04:48 rjacinto1_pri kernel: PM: Registered nosave memory: [mem 0x00000000-0x00000fff]
Oct 14 16:04:48 rjacinto1_pri kernel: PM: Registered nosave memory: [mem 0x0009f000-0x0009ffff]
Oct 14 16:04:48 rjacinto1_pri kernel: PM: Registered nosave memory: [mem 0x000a0000-0x000dbfff]
Oct 14 16:04:48 rjacinto1_pri kernel: PM: Registered nosave memory: [mem 0x000dc000-0x000fffff]
Oct 14 16:04:48 rjacinto1_pri kernel: PM: Registered nosave memory: [mem 0x7fee0000-0x7fefefff]
Oct 14 16:04:48 rjacinto1_pri kernel: PM: Registered nosave memory: [mem 0x7feff000-0x7fefffff]
Oct 14 16:04:48 rjacinto1_pri kernel: [mem 0x80000000-0xefffffff] available for PCI devices
Oct 14 16:04:48 rjacinto1_pri kernel: Booting paravirtualized kernel on VMware hypervisor
Oct 14 16:04:48 rjacinto1_pri kernel: clocksource: refined-jiffies: mask: 0xffffffff max_cycles: 0xffffffff, max_idle_ns: 1910969940391419 ns
Oct 14 16:04:48 rjacinto1_pri kernel: setup_percpu: NR_CPUS:8192 nr_cpumask_bits:1 nr_cpu_ids:1 nr_node_ids:1
Oct 14 16:04:48 rjacinto1_pri kernel: percpu: Embedded 53 pages/cpu s180224 r8192 d28672 u2097152
Oct 14 16:04:48 rjacinto1_pri kernel: Built 1 zonelists, mobility grouping on.  Total pages: 515808
Oct 14 16:04:48 rjacinto1_pri kernel: Policy zone: DMA32
Oct 14 16:04:48 rjacinto1_pri kernel: Kernel command line: BOOT_IMAGE=(hd0,msdos1)/vmlinuz-4.18.0-193.el8.x86_64 root=/dev/mapper/cl-root ro crashkernel=auto resume=/dev/mapper/cl-swap rd.lvm.lv=cl/root rd.lvm.lv=cl/swap rhgb quiet
Oct 14 16:04:48 rjacinto1_pri kernel: Specific versions of hardware are certified with Red Hat Enterprise Linux 8. Please see the list of hardware certified with Red Hat Enterprise Linux 8 at https://access.redhat.com/ecosystem.
Oct 14 16:04:48 rjacinto1_pri kernel: Memory: 261120K/2096632K available (12292K kernel code, 2151K rwdata, 3848K rodata, 2404K init, 6476K bss, 261764K reserved, 0K cma-reserved)
Oct 14 16:04:48 rjacinto1_pri kernel: random: get_random_u64 called from cache_random_seq_create+0x7c/0x140 with crng_init=0
Oct 14 16:04:48 rjacinto1_pri kernel: SLUB: HWalign=64, Order=0-3, MinObjects=0, CPUs=1, Nodes=1
Oct 14 16:04:48 rjacinto1_pri kernel: Kernel/User page tables isolation: enabled
Oct 14 16:04:48 rjacinto1_pri kernel: ftrace: allocating 36334 entries in 142 pages
Oct 14 16:04:48 rjacinto1_pri kernel: rcu: Hierarchical RCU implementation.
Oct 14 16:04:48 rjacinto1_pri kernel: rcu: #011RCU restricting CPUs from NR_CPUS=8192 to nr_cpu_ids=1.
Oct 14 16:04:48 rjacinto1_pri kernel: rcu: RCU calculated value of scheduler-enlistment delay is 100 jiffies.
Oct 14 16:04:48 rjacinto1_pri kernel: rcu: Adjusting geometry for rcu_fanout_leaf=16, nr_cpu_ids=1
Oct 14 16:04:48 rjacinto1_pri kernel: NR_IRQS: 524544, nr_irqs: 256, preallocated irqs: 16
Oct 14 16:04:48 rjacinto1_pri kernel: Console: colour VGA+ 80x25
Oct 14 16:04:48 rjacinto1_pri kernel: printk: console [tty0] enabled
Oct 14 16:04:48 rjacinto1_pri kernel: ACPI: Core revision 20190703
Oct 14 16:04:48 rjacinto1_pri kernel: clocksource: hpet: mask: 0xffffffff max_cycles: 0xffffffff, max_idle_ns: 133484882848 ns
Oct 14 16:04:48 rjacinto1_pri kernel: APIC: Switch to symmetric I/O mode setup
Oct 14 16:04:48 rjacinto1_pri kernel: x2apic enabled
Oct 14 16:04:48 rjacinto1_pri kernel: Switched APIC routing to physical x2apic.
Oct 14 16:04:48 rjacinto1_pri kernel: ..TIMER: vector=0x30 apic1=0 pin1=2 apic2=-1 pin2=-1
Oct 14 16:04:48 rjacinto1_pri kernel: clocksource: tsc-early: mask: 0xffffffffffffffff max_cycles: 0x26eb3e3cc63, max_idle_ns: 440795236593 ns
Oct 14 16:04:48 rjacinto1_pri kernel: Calibrating delay loop (skipped) preset value.. 5400.00 BogoMIPS (lpj=2700000)
Oct 14 16:04:48 rjacinto1_pri kernel: pid_max: default: 32768 minimum: 301
Oct 14 16:04:48 rjacinto1_pri kernel: Security Framework initialized
Oct 14 16:04:48 rjacinto1_pri kernel: Yama: becoming mindful.
Oct 14 16:04:48 rjacinto1_pri kernel: SELinux:  Initializing.
Oct 14 16:04:48 rjacinto1_pri kernel: Dentry cache hash table entries: 262144 (order: 9, 2097152 bytes)
Oct 14 16:04:48 rjacinto1_pri kernel: Inode-cache hash table entries: 131072 (order: 8, 1048576 bytes)
Oct 14 16:04:48 rjacinto1_pri kernel: Mount-cache hash table entries: 4096 (order: 3, 32768 bytes)
Oct 14 16:04:48 rjacinto1_pri kernel: Mountpoint-cache hash table entries: 4096 (order: 3, 32768 bytes)
Oct 14 16:04:48 rjacinto1_pri kernel: Disabled fast string operations
Oct 14 16:04:48 rjacinto1_pri kernel: Last level iTLB entries: 4KB 512, 2MB 8, 4MB 8
Oct 14 16:04:48 rjacinto1_pri kernel: Last level dTLB entries: 4KB 512, 2MB 32, 4MB 32, 1GB 0
Oct 14 16:04:48 rjacinto1_pri kernel: FEATURE SPEC_CTRL Present
Oct 14 16:04:48 rjacinto1_pri kernel: FEATURE IBPB_SUPPORT Present
Oct 14 16:04:48 rjacinto1_pri kernel: Spectre V1 : Mitigation: usercopy/swapgs barriers and __user pointer sanitization
Oct 14 16:04:48 rjacinto1_pri kernel: Spectre V2 : Mitigation: Full generic retpoline
Oct 14 16:04:48 rjacinto1_pri kernel: Spectre V2 : Spectre v2 / SpectreRSB mitigation: Filling RSB on context switch
Oct 14 16:04:48 rjacinto1_pri kernel: Spectre V2 : Enabling Restricted Speculation for firmware calls
Oct 14 16:04:48 rjacinto1_pri kernel: Spectre V2 : mitigation: Enabling conditional Indirect Branch Prediction Barrier
Oct 14 16:04:48 rjacinto1_pri kernel: Speculative Store Bypass: Mitigation: Speculative Store Bypass disabled via prctl and seccomp
Oct 14 16:04:48 rjacinto1_pri kernel: MDS: Mitigation: Clear CPU buffers
Oct 14 16:04:48 rjacinto1_pri kernel: Freeing SMP alternatives memory: 32K
Oct 14 16:04:48 rjacinto1_pri kernel: smpboot: CPU0: Intel(R) Xeon(R) CPU E5-2680 0 @ 2.70GHz (family: 0x6, model: 0x2d, stepping: 0x7)
Oct 14 16:04:48 rjacinto1_pri kernel: Performance Events: SandyBridge events, core PMU driver.
Oct 14 16:04:48 rjacinto1_pri kernel: core: CPUID marked event: 'cpu cycles' unavailable
Oct 14 16:04:48 rjacinto1_pri kernel: core: CPUID marked event: 'instructions' unavailable
Oct 14 16:04:48 rjacinto1_pri kernel: core: CPUID marked event: 'bus cycles' unavailable
Oct 14 16:04:48 rjacinto1_pri kernel: core: CPUID marked event: 'cache references' unavailable
Oct 14 16:04:48 rjacinto1_pri kernel: core: CPUID marked event: 'cache misses' unavailable
Oct 14 16:04:48 rjacinto1_pri kernel: core: CPUID marked event: 'branch instructions' unavailable
Oct 14 16:04:48 rjacinto1_pri kernel: core: CPUID marked event: 'branch misses' unavailable
Oct 14 16:04:48 rjacinto1_pri kernel: ... version:                1
Oct 14 16:04:48 rjacinto1_pri kernel: ... bit width:              48
Oct 14 16:04:48 rjacinto1_pri kernel: ... generic registers:      4
Oct 14 16:04:48 rjacinto1_pri kernel: ... value mask:             0000ffffffffffff
Oct 14 16:04:48 rjacinto1_pri kernel: ... max period:             000000007fffffff
Oct 14 16:04:48 rjacinto1_pri kernel: ... fixed-purpose events:   0
Oct 14 16:04:48 rjacinto1_pri kernel: ... event mask:             000000000000000f
Oct 14 16:04:48 rjacinto1_pri kernel: rcu: Hierarchical SRCU implementation.
Oct 14 16:04:48 rjacinto1_pri kernel: NMI watchdog: Perf NMI watchdog permanently disabled
Oct 14 16:04:48 rjacinto1_pri kernel: smp: Bringing up secondary CPUs ...
Oct 14 16:04:48 rjacinto1_pri kernel: smp: Brought up 1 node, 1 CPU
Oct 14 16:04:48 rjacinto1_pri kernel: smpboot: Max logical packages: 1
Oct 14 16:04:48 rjacinto1_pri kernel: smpboot: Total of 1 processors activated (5400.00 BogoMIPS)
Oct 14 16:04:48 rjacinto1_pri kernel: node 0 initialised, 393437 pages in 1ms
Oct 14 16:04:48 rjacinto1_pri kernel: devtmpfs: initialized
Oct 14 16:04:48 rjacinto1_pri kernel: x86/mm: Memory block size: 128MB
Oct 14 16:04:48 rjacinto1_pri kernel: PM: Registering ACPI NVS region [mem 0x7feff000-0x7fefffff] (4096 bytes)
Oct 14 16:04:48 rjacinto1_pri kernel: clocksource: jiffies: mask: 0xffffffff max_cycles: 0xffffffff, max_idle_ns: 1911260446275000 ns
Oct 14 16:04:48 rjacinto1_pri kernel: futex hash table entries: 256 (order: 2, 16384 bytes)
Oct 14 16:04:48 rjacinto1_pri kernel: pinctrl core: initialized pinctrl subsystem
Oct 14 16:04:48 rjacinto1_pri kernel: NET: Registered protocol family 16
Oct 14 16:04:48 rjacinto1_pri kernel: audit: initializing netlink subsys (disabled)
Oct 14 16:04:48 rjacinto1_pri kernel: cpuidle: using governor menu
Oct 14 16:04:48 rjacinto1_pri kernel: Simple Boot Flag at 0x36 set to 0x80
Oct 14 16:04:48 rjacinto1_pri kernel: ACPI: bus type PCI registered
Oct 14 16:04:48 rjacinto1_pri kernel: acpiphp: ACPI Hot Plug PCI Controller Driver version: 0.5
Oct 14 16:04:48 rjacinto1_pri kernel: PCI: MMCONFIG for domain 0000 [bus 00-7f] at [mem 0xf0000000-0xf7ffffff] (base 0xf0000000)
Oct 14 16:04:48 rjacinto1_pri kernel: PCI: MMCONFIG at [mem 0xf0000000-0xf7ffffff] reserved in E820
Oct 14 16:04:48 rjacinto1_pri kernel: PCI: Using configuration type 1 for base access
Oct 14 16:04:48 rjacinto1_pri kernel: core: PMU erratum BJ122, BV98, HSD29 workaround disabled, HT off
Oct 14 16:04:48 rjacinto1_pri kernel: audit: type=2000 audit(1602705886.015:1): state=initialized audit_enabled=0 res=1
Oct 14 16:04:48 rjacinto1_pri kernel: HugeTLB registered 2.00 MiB page size, pre-allocated 0 pages
Oct 14 16:04:48 rjacinto1_pri kernel: cryptd: max_cpu_qlen set to 1000
Oct 14 16:04:48 rjacinto1_pri kernel: ACPI: Added _OSI(Module Device)
Oct 14 16:04:48 rjacinto1_pri kernel: ACPI: Added _OSI(Processor Device)
Oct 14 16:04:48 rjacinto1_pri kernel: ACPI: Added _OSI(3.0 _SCP Extensions)
Oct 14 16:04:48 rjacinto1_pri kernel: ACPI: Added _OSI(Processor Aggregator Device)
Oct 14 16:04:48 rjacinto1_pri kernel: ACPI: Added _OSI(Linux-Dell-Video)
Oct 14 16:04:48 rjacinto1_pri kernel: ACPI: Added _OSI(Linux-Lenovo-NV-HDMI-Audio)
Oct 14 16:04:48 rjacinto1_pri kernel: ACPI: Added _OSI(Linux-HPI-Hybrid-Graphics)
Oct 14 16:04:48 rjacinto1_pri kernel: ACPI: 1 ACPI AML tables successfully acquired and loaded
Oct 14 16:04:48 rjacinto1_pri kernel: ACPI: [Firmware Bug]: BIOS _OSI(Linux) query ignored
Oct 14 16:04:48 rjacinto1_pri kernel: ACPI: Interpreter enabled
Oct 14 16:04:48 rjacinto1_pri kernel: ACPI: (supports S0 S1 S4 S5)
Oct 14 16:04:48 rjacinto1_pri kernel: ACPI: Using IOAPIC for interrupt routing
Oct 14 16:04:48 rjacinto1_pri kernel: PCI: Using host bridge windows from ACPI; if necessary, use "pci=nocrs" and report a bug
Oct 14 16:04:48 rjacinto1_pri kernel: ACPI: Enabled 4 GPEs in block 00 to 0F
Oct 14 16:04:48 rjacinto1_pri kernel: ACPI: PCI Root Bridge [PCI0] (domain 0000 [bus 00-7f])
Oct 14 16:04:48 rjacinto1_pri kernel: acpi PNP0A03:00: _OSC: OS supports [ExtendedConfig ASPM ClockPM Segments MSI HPX-Type3]
Oct 14 16:04:48 rjacinto1_pri kernel: acpi PNP0A03:00: _OSC: platform does not support [AER LTR]
Oct 14 16:04:48 rjacinto1_pri kernel: acpi PNP0A03:00: _OSC: OS now controls [PCIeHotplug SHPCHotplug PME PCIeCapability]
Oct 14 16:04:48 rjacinto1_pri kernel: PCI host bridge to bus 0000:00
Oct 14 16:04:48 rjacinto1_pri kernel: pci_bus 0000:00: root bus resource [mem 0x000a0000-0x000bffff window]
Oct 14 16:04:48 rjacinto1_pri kernel: pci_bus 0000:00: root bus resource [mem 0x000d0000-0x000d3fff window]
Oct 14 16:04:48 rjacinto1_pri kernel: pci_bus 0000:00: root bus resource [mem 0x000d4000-0x000d7fff window]
Oct 14 16:04:48 rjacinto1_pri kernel: pci_bus 0000:00: root bus resource [mem 0x000d8000-0x000dbfff window]
Oct 14 16:04:48 rjacinto1_pri kernel: pci_bus 0000:00: root bus resource [mem 0x80000000-0xfebfffff window]
Oct 14 16:04:48 rjacinto1_pri kernel: pci_bus 0000:00: root bus resource [io  0x0000-0x0cf7 window]
Oct 14 16:04:48 rjacinto1_pri kernel: pci_bus 0000:00: root bus resource [io  0x0d00-0xfeff window]
Oct 14 16:04:48 rjacinto1_pri kernel: pci_bus 0000:00: root bus resource [bus 00-7f]
Oct 14 16:04:48 rjacinto1_pri kernel: pci 0000:00:00.0: [8086:7190] type 00 class 0x060000
Oct 14 16:04:48 rjacinto1_pri kernel: pci 0000:00:01.0: [8086:7191] type 01 class 0x060400
