Oct 18 03:23:01 Robert-vm2 systemd[1]: Reloaded The Apache HTTP Server.
Oct 18 03:23:01 Robert-vm2 rsyslogd[1034]: [origin software="rsyslogd" swVersion="8.1911.0-3.el8" x-pid="1034" x-info="https://www.rsyslog.com"] rsyslogd was HUPed
Oct 18 03:23:01 Robert-vm2 httpd[34708]: Server configured, listening on: port 80
Oct 18 04:05:49 Robert-vm2 systemd[1]: Starting dnf makecache...
Oct 18 04:05:49 Robert-vm2 dnf[42526]: Metadata cache refreshed recently.
Oct 18 04:05:49 Robert-vm2 systemd[1]: Started dnf makecache.
Oct 18 05:05:52 Robert-vm2 systemd[1]: Starting dnf makecache...
Oct 18 05:05:53 Robert-vm2 dnf[42551]: CentOS-8 - AppStream                             14 kB/s | 4.3 kB     00:00
Oct 18 05:05:53 Robert-vm2 dnf[42551]: CentOS-8 - Base                                  13 kB/s | 3.9 kB     00:00
Oct 18 05:05:54 Robert-vm2 dnf[42551]: CentOS-8 - Extras                               9.1 kB/s | 1.5 kB     00:00
Oct 18 05:05:54 Robert-vm2 dnf[42551]: Metadata cache created.
Oct 18 05:05:54 Robert-vm2 systemd[1]: Started dnf makecache.
Oct 18 06:05:56 Robert-vm2 systemd[1]: Starting dnf makecache...
Oct 18 06:05:56 Robert-vm2 dnf[42583]: Metadata cache refreshed recently.
Oct 18 06:05:56 Robert-vm2 systemd[1]: Started dnf makecache.
Oct 18 07:05:57 Robert-vm2 systemd[1]: Starting dnf makecache...
Oct 18 07:05:58 Robert-vm2 dnf[42608]: Metadata cache refreshed recently.
Oct 18 07:05:58 Robert-vm2 systemd[1]: Started dnf makecache.
Oct 18 08:06:03 Robert-vm2 systemd[1]: Starting dnf makecache...
Oct 18 08:12:04 Robert-vm2 dnf[42633]: CentOS-8 - AppStream                            0.0  B/s |   0  B     06:00
Oct 18 08:12:04 Robert-vm2 dnf[42633]: Errors during downloading metadata for repository 'AppStream':
Oct 18 08:12:04 Robert-vm2 dnf[42633]:  - Curl error (28): Timeout was reached for http://mirrorlist.centos.org/?release=8&arch=x86_64&repo=AppStream&infra=stock [Connection timed out after 30000 milliseconds]
Oct 18 08:12:04 Robert-vm2 dnf[42633]:  - Curl error (28): Timeout was reached for http://mirrorlist.centos.org/?release=8&arch=x86_64&repo=AppStream&infra=stock [Connection timed out after 30001 milliseconds]
Oct 18 08:12:04 Robert-vm2 dnf[42633]:  - Curl error (28): Timeout was reached for http://mirrorlist.centos.org/?release=8&arch=x86_64&repo=AppStream&infra=stock [Connection timed out after 30003 milliseconds]
Oct 18 08:12:04 Robert-vm2 dnf[42633]:  - Curl error (28): Timeout was reached for http://mirrorlist.centos.org/?release=8&arch=x86_64&repo=AppStream&infra=stock [Connection timed out after 30004 milliseconds]
Oct 18 08:12:04 Robert-vm2 dnf[42633]: Error: Failed to download metadata for repo 'AppStream': Cannot prepare internal mirrorlist: Curl error (28): Timeout was reached for http://mirrorlist.centos.org/?release=8&arch=x86_64&repo=AppStream&infra=stock [Connection timed out after 30000 milliseconds]
Oct 18 08:12:04 Robert-vm2 systemd[1]: dnf-makecache.service: Main process exited, code=exited, status=1/FAILURE
Oct 18 08:12:04 Robert-vm2 systemd[1]: dnf-makecache.service: Failed with result 'exit-code'.
Oct 18 08:12:04 Robert-vm2 systemd[1]: Failed to start dnf makecache.
Oct 18 09:12:07 Robert-vm2 systemd[1]: Starting dnf makecache...
Oct 18 09:12:08 Robert-vm2 dnf[42666]: Metadata cache refreshed recently.
Oct 18 09:12:08 Robert-vm2 systemd[1]: Started dnf makecache.
Oct 18 10:12:11 Robert-vm2 systemd[1]: Starting dnf makecache...
Oct 18 10:12:11 Robert-vm2 dnf[42691]: Metadata cache refreshed recently.
Oct 18 10:12:11 Robert-vm2 systemd[1]: Started dnf makecache.
Oct 18 11:12:15 Robert-vm2 systemd[1]: Starting dnf makecache...
Oct 18 11:12:15 Robert-vm2 dnf[42716]: CentOS-8 - AppStream                             16 kB/s | 4.3 kB     00:00
Oct 18 11:12:16 Robert-vm2 dnf[42716]: CentOS-8 - Base                                  15 kB/s | 3.9 kB     00:00
Oct 18 11:12:19 Robert-vm2 dnf[42716]: CentOS-8 - Extras                               399  B/s | 1.5 kB     00:03
Oct 18 11:12:20 Robert-vm2 dnf[42716]: Metadata cache created.
Oct 18 11:12:20 Robert-vm2 systemd[1]: Started dnf makecache.
Oct 18 12:12:28 Robert-vm2 systemd[1]: Starting dnf makecache...
Oct 18 12:12:29 Robert-vm2 dnf[42748]: Metadata cache refreshed recently.
Oct 18 12:12:29 Robert-vm2 systemd[1]: Started dnf makecache.
Oct 18 13:12:32 Robert-vm2 systemd[1]: Starting dnf makecache...
Oct 18 13:12:32 Robert-vm2 dnf[42773]: Metadata cache refreshed recently.
Oct 18 13:12:32 Robert-vm2 systemd[1]: Started dnf makecache.
Oct 18 14:08:22 Robert-vm2 NetworkManager[961]: <error> [1603044502.8282] dhcp4 (ens192): error -113 dispatching events
Oct 18 14:08:22 Robert-vm2 NetworkManager[961]: <info>  [1603044502.8284] dhcp4 (ens192): state changed bound -> fail
Oct 18 14:08:22 Robert-vm2 NetworkManager[961]: <info>  [1603044502.8286] device (ens192): DHCPv4: trying to acquire a new lease within 90 seconds
Oct 18 14:09:52 Robert-vm2 NetworkManager[961]: <info>  [1603044592.7553] device (ens192): DHCPv4: grace period expired
Oct 18 14:09:52 Robert-vm2 NetworkManager[961]: <info>  [1603044592.7554] device (ens192): state change: activated -> failed (reason 'ip-config-unavailable', sys-iface-state: 'managed')
Oct 18 14:09:52 Robert-vm2 NetworkManager[961]: <warn>  [1603044592.7568] device (ens192): Activation: failed for connection 'ens192'
Oct 18 14:09:52 Robert-vm2 NetworkManager[961]: <info>  [1603044592.7575] manager: NetworkManager state is now CONNECTED_LOCAL
Oct 18 14:09:52 Robert-vm2 NetworkManager[961]: <info>  [1603044592.7579] device (ens192): state change: failed -> disconnected (reason 'none', sys-iface-state: 'managed')
Oct 18 14:09:52 Robert-vm2 NetworkManager[961]: <info>  [1603044592.7593] dhcp4 (ens192): canceled DHCP transaction
Oct 18 14:09:52 Robert-vm2 NetworkManager[961]: <info>  [1603044592.7593] dhcp4 (ens192): state changed fail -> done
Oct 18 14:09:52 Robert-vm2 dbus-daemon[960]: [system] Activating via systemd: service name='org.freedesktop.nm_dispatcher' unit='dbus-org.freedesktop.nm-dispatcher.service' requested by ':1.4' (uid=0 pid=961 comm="/usr/sbin/NetworkManager --no-daemon " label="system_u:system_r:NetworkManager_t:s0")
Oct 18 14:09:52 Robert-vm2 systemd[1]: Starting Network Manager Script Dispatcher Service...
Oct 18 14:09:52 Robert-vm2 NetworkManager[961]: <info>  [1603044592.7821] policy: auto-activating connection 'ens192' (29b6e258-0ffd-4ee3-8f2d-2126105eee4f)
Oct 18 14:09:52 Robert-vm2 NetworkManager[961]: <info>  [1603044592.7832] device (ens192): Activation: starting connection 'ens192' (29b6e258-0ffd-4ee3-8f2d-2126105eee4f)
Oct 18 14:09:52 Robert-vm2 NetworkManager[961]: <info>  [1603044592.7833] device (ens192): state change: disconnected -> prepare (reason 'none', sys-iface-state: 'managed')
Oct 18 14:09:52 Robert-vm2 NetworkManager[961]: <info>  [1603044592.7835] manager: NetworkManager state is now CONNECTING
Oct 18 14:09:52 Robert-vm2 NetworkManager[961]: <info>  [1603044592.7836] device (ens192): state change: prepare -> config (reason 'none', sys-iface-state: 'managed')
Oct 18 14:09:52 Robert-vm2 NetworkManager[961]: <info>  [1603044592.7842] device (ens192): state change: config -> ip-config (reason 'none', sys-iface-state: 'managed')
Oct 18 14:09:52 Robert-vm2 NetworkManager[961]: <info>  [1603044592.7844] dhcp4 (ens192): activation: beginning transaction (timeout in 45 seconds)
Oct 18 14:09:52 Robert-vm2 dbus-daemon[960]: [system] Successfully activated service 'org.freedesktop.nm_dispatcher'
Oct 18 14:09:52 Robert-vm2 systemd[1]: Started Network Manager Script Dispatcher Service.
Oct 18 14:09:52 Robert-vm2 NetworkManager[961]: <info>  [1603044592.7954] dhcp4 (ens192): option dhcp_lease_time      => '86400'
Oct 18 14:09:52 Robert-vm2 NetworkManager[961]: <info>  [1603044592.7955] dhcp4 (ens192): option domain_name_servers  => '10.102.100.22 10.101.100.42 10.101.100.41'
Oct 18 14:09:52 Robert-vm2 NetworkManager[961]: <info>  [1603044592.7955] dhcp4 (ens192): option expiry               => '1603130992'
Oct 18 14:09:52 Robert-vm2 NetworkManager[961]: <info>  [1603044592.7955] dhcp4 (ens192): option ip_address           => '172.16.13.2'
Oct 18 14:09:52 Robert-vm2 NetworkManager[961]: <info>  [1603044592.7955] dhcp4 (ens192): option requested_broadcast_address => '1'
Oct 18 14:09:52 Robert-vm2 NetworkManager[961]: <info>  [1603044592.7955] dhcp4 (ens192): option requested_domain_name => '1'
Oct 18 14:09:52 Robert-vm2 NetworkManager[961]: <info>  [1603044592.7955] dhcp4 (ens192): option requested_domain_name_servers => '1'
Oct 18 14:09:52 Robert-vm2 NetworkManager[961]: <info>  [1603044592.7955] dhcp4 (ens192): option requested_domain_search => '1'
Oct 18 14:09:52 Robert-vm2 NetworkManager[961]: <info>  [1603044592.7955] dhcp4 (ens192): option requested_host_name  => '1'
Oct 18 14:09:52 Robert-vm2 NetworkManager[961]: <info>  [1603044592.7955] dhcp4 (ens192): option requested_interface_mtu => '1'
Oct 18 14:09:52 Robert-vm2 NetworkManager[961]: <info>  [1603044592.7955] dhcp4 (ens192): option requested_ms_classless_static_routes => '1'
Oct 18 14:09:52 Robert-vm2 NetworkManager[961]: <info>  [1603044592.7955] dhcp4 (ens192): option requested_nis_domain => '1'
Oct 18 14:09:52 Robert-vm2 NetworkManager[961]: <info>  [1603044592.7955] dhcp4 (ens192): option requested_nis_servers => '1'
Oct 18 14:09:52 Robert-vm2 NetworkManager[961]: <info>  [1603044592.7956] dhcp4 (ens192): option requested_ntp_servers => '1'
Oct 18 14:09:52 Robert-vm2 NetworkManager[961]: <info>  [1603044592.7956] dhcp4 (ens192): option requested_rfc3442_classless_static_routes => '1'
Oct 18 14:09:52 Robert-vm2 NetworkManager[961]: <info>  [1603044592.7956] dhcp4 (ens192): option requested_root_path  => '1'
Oct 18 14:09:52 Robert-vm2 NetworkManager[961]: <info>  [1603044592.7956] dhcp4 (ens192): option requested_routers    => '1'
Oct 18 14:09:52 Robert-vm2 NetworkManager[961]: <info>  [1603044592.7956] dhcp4 (ens192): option requested_static_routes => '1'
Oct 18 14:09:52 Robert-vm2 NetworkManager[961]: <info>  [1603044592.7956] dhcp4 (ens192): option requested_subnet_mask => '1'
Oct 18 14:09:52 Robert-vm2 NetworkManager[961]: <info>  [1603044592.7956] dhcp4 (ens192): option requested_time_offset => '1'
Oct 18 14:09:52 Robert-vm2 NetworkManager[961]: <info>  [1603044592.7956] dhcp4 (ens192): option requested_wpad       => '1'
Oct 18 14:09:52 Robert-vm2 NetworkManager[961]: <info>  [1603044592.7956] dhcp4 (ens192): option routers              => '172.16.255.1'
Oct 18 14:09:52 Robert-vm2 NetworkManager[961]: <info>  [1603044592.7956] dhcp4 (ens192): option subnet_mask          => '255.255.0.0'
Oct 18 14:09:52 Robert-vm2 NetworkManager[961]: <info>  [1603044592.7956] dhcp4 (ens192): state changed unknown -> bound
Oct 18 14:09:52 Robert-vm2 NetworkManager[961]: <info>  [1603044592.7966] device (ens192): state change: ip-config -> ip-check (reason 'none', sys-iface-state: 'managed')
Oct 18 14:09:52 Robert-vm2 NetworkManager[961]: <info>  [1603044592.8061] device (ens192): state change: ip-check -> secondaries (reason 'none', sys-iface-state: 'managed')
Oct 18 14:09:52 Robert-vm2 NetworkManager[961]: <info>  [1603044592.8063] device (ens192): state change: secondaries -> activated (reason 'none', sys-iface-state: 'managed')
Oct 18 14:09:52 Robert-vm2 NetworkManager[961]: <info>  [1603044592.8067] manager: NetworkManager state is now CONNECTED_LOCAL
Oct 18 14:09:52 Robert-vm2 NetworkManager[961]: <info>  [1603044592.8075] manager: NetworkManager state is now CONNECTED_SITE
Oct 18 14:09:52 Robert-vm2 NetworkManager[961]: <info>  [1603044592.8076] policy: set 'ens192' (ens192) as default for IPv4 routing and DNS
Oct 18 14:09:52 Robert-vm2 NetworkManager[961]: <info>  [1603044592.8109] device (ens192): Activation: successful, device activated.
Oct 18 14:09:52 Robert-vm2 NetworkManager[961]: <info>  [1603044592.8113] manager: NetworkManager state is now CONNECTED_GLOBAL
Oct 18 14:12:36 Robert-vm2 systemd[1]: Starting dnf makecache...
Oct 18 14:12:36 Robert-vm2 dnf[42806]: CentOS-8 - AppStream                             18 kB/s | 4.3 kB     00:00
Oct 18 14:12:37 Robert-vm2 dnf[42806]: CentOS-8 - Base                                  15 kB/s | 3.9 kB     00:00
Oct 18 14:12:37 Robert-vm2 dnf[42806]: CentOS-8 - Extras                               6.0 kB/s | 1.5 kB     00:00
Oct 18 14:12:37 Robert-vm2 dnf[42806]: Metadata cache created.
Oct 18 14:12:37 Robert-vm2 systemd[1]: Started dnf makecache.
Oct 18 15:12:39 Robert-vm2 systemd[1]: Starting dnf makecache...
Oct 18 15:12:40 Robert-vm2 dnf[42838]: Metadata cache refreshed recently.
Oct 18 15:12:40 Robert-vm2 systemd[1]: Started dnf makecache.
Oct 18 16:12:43 Robert-vm2 systemd[1]: Starting dnf makecache...
Oct 18 16:12:43 Robert-vm2 dnf[42863]: Metadata cache refreshed recently.
Oct 18 16:12:43 Robert-vm2 systemd[1]: Started dnf makecache.
Oct 18 17:12:47 Robert-vm2 systemd[1]: Starting dnf makecache...
Oct 18 17:12:47 Robert-vm2 dnf[42888]: CentOS-8 - AppStream                             15 kB/s | 4.3 kB     00:00
Oct 18 17:12:48 Robert-vm2 dnf[42888]: CentOS-8 - Base                                  11 kB/s | 3.9 kB     00:00
Oct 18 17:12:48 Robert-vm2 dnf[42888]: CentOS-8 - Extras                               8.7 kB/s | 1.5 kB     00:00
Oct 18 17:12:48 Robert-vm2 dnf[42888]: Metadata cache created.
Oct 18 17:12:48 Robert-vm2 systemd[1]: Started dnf makecache.
Oct 18 18:12:50 Robert-vm2 systemd[1]: Starting dnf makecache...
Oct 18 18:12:51 Robert-vm2 dnf[42919]: Metadata cache refreshed recently.
Oct 18 18:12:51 Robert-vm2 systemd[1]: Started dnf makecache.
Oct 18 19:12:54 Robert-vm2 systemd[1]: Starting dnf makecache...
Oct 18 19:12:54 Robert-vm2 dnf[42944]: Metadata cache refreshed recently.
Oct 18 19:12:55 Robert-vm2 systemd[1]: Started dnf makecache.
Oct 18 20:12:58 Robert-vm2 systemd[1]: Starting dnf makecache...
Oct 18 20:12:59 Robert-vm2 dnf[42969]: CentOS-8 - AppStream                            7.0 kB/s | 4.3 kB     00:00
Oct 18 20:12:59 Robert-vm2 dnf[42969]: CentOS-8 - Base                                  22 kB/s | 3.9 kB     00:00
Oct 18 20:12:59 Robert-vm2 dnf[42969]: CentOS-8 - Extras                                10 kB/s | 1.5 kB     00:00
Oct 18 20:13:00 Robert-vm2 dnf[42969]: Metadata cache created.
Oct 18 20:13:00 Robert-vm2 systemd[1]: Started dnf makecache.
Oct 18 21:13:02 Robert-vm2 systemd[1]: Starting dnf makecache...
Oct 18 21:13:02 Robert-vm2 dnf[43001]: Metadata cache refreshed recently.
Oct 18 21:13:02 Robert-vm2 systemd[1]: Started dnf makecache.
Oct 18 22:13:05 Robert-vm2 systemd[1]: Starting dnf makecache...
Oct 18 22:13:06 Robert-vm2 dnf[43026]: Metadata cache refreshed recently.
Oct 18 22:13:06 Robert-vm2 systemd[1]: Started dnf makecache.
Oct 18 23:13:07 Robert-vm2 systemd[1]: Starting dnf makecache...
Oct 18 23:13:08 Robert-vm2 dnf[43051]: CentOS-8 - AppStream                             22 kB/s | 4.3 kB     00:00
Oct 18 23:13:08 Robert-vm2 dnf[43051]: CentOS-8 - Base                                  31 kB/s | 3.9 kB     00:00
Oct 18 23:13:08 Robert-vm2 dnf[43051]: CentOS-8 - Extras                               5.9 kB/s | 1.5 kB     00:00
Oct 18 23:13:09 Robert-vm2 dnf[43051]: Metadata cache created.
Oct 18 23:13:09 Robert-vm2 systemd[1]: Started dnf makecache.
Oct 19 00:00:02 Robert-vm2 systemd[1]: Starting update of the root trust anchor for DNSSEC validation in unbound...
Oct 19 00:00:02 Robert-vm2 systemd[1]: Started update of the root trust anchor for DNSSEC validation in unbound.
Oct 19 00:13:13 Robert-vm2 systemd[1]: Starting dnf makecache...
Oct 19 00:13:13 Robert-vm2 dnf[43086]: Metadata cache refreshed recently.
Oct 19 00:13:13 Robert-vm2 systemd[1]: Started dnf makecache.
Oct 19 01:13:16 Robert-vm2 systemd[1]: Starting dnf makecache...
Oct 19 01:13:17 Robert-vm2 dnf[43114]: Metadata cache refreshed recently.
Oct 19 01:13:17 Robert-vm2 systemd[1]: Started dnf makecache.
Oct 19 01:57:49 Robert-vm2 systemd[1]: Starting Cleanup of Temporary Directories...
Oct 19 01:57:49 Robert-vm2 systemd[1]: Started Cleanup of Temporary Directories.
Oct 19 02:09:52 Robert-vm2 NetworkManager[961]: <error> [1603087792.7890] dhcp4 (ens192): error -113 dispatching events
Oct 19 02:09:52 Robert-vm2 NetworkManager[961]: <info>  [1603087792.7899] dhcp4 (ens192): state changed bound -> fail
Oct 19 02:09:52 Robert-vm2 NetworkManager[961]: <info>  [1603087792.7900] device (ens192): DHCPv4: trying to acquire a new lease within 90 seconds
Oct 19 02:11:22 Robert-vm2 NetworkManager[961]: <info>  [1603087882.7299] device (ens192): DHCPv4: grace period expired
Oct 19 02:11:22 Robert-vm2 NetworkManager[961]: <info>  [1603087882.7300] device (ens192): state change: activated -> failed (reason 'ip-config-unavailable', sys-iface-state: 'managed')
Oct 19 02:11:22 Robert-vm2 NetworkManager[961]: <warn>  [1603087882.7317] device (ens192): Activation: failed for connection 'ens192'
Oct 19 02:11:22 Robert-vm2 NetworkManager[961]: <info>  [1603087882.7325] manager: NetworkManager state is now CONNECTED_LOCAL
Oct 19 02:11:22 Robert-vm2 NetworkManager[961]: <info>  [1603087882.7328] device (ens192): state change: failed -> disconnected (reason 'none', sys-iface-state: 'managed')
Oct 19 02:11:22 Robert-vm2 NetworkManager[961]: <info>  [1603087882.7341] dhcp4 (ens192): canceled DHCP transaction
Oct 19 02:11:22 Robert-vm2 NetworkManager[961]: <info>  [1603087882.7342] dhcp4 (ens192): state changed fail -> done
Oct 19 02:11:22 Robert-vm2 dbus-daemon[960]: [system] Activating via systemd: service name='org.freedesktop.nm_dispatcher' unit='dbus-org.freedesktop.nm-dispatcher.service' requested by ':1.4' (uid=0 pid=961 comm="/usr/sbin/NetworkManager --no-daemon " label="system_u:system_r:NetworkManager_t:s0")
Oct 19 02:11:22 Robert-vm2 systemd[1]: Starting Network Manager Script Dispatcher Service...
Oct 19 02:11:22 Robert-vm2 NetworkManager[961]: <info>  [1603087882.7578] policy: auto-activating connection 'ens192' (29b6e258-0ffd-4ee3-8f2d-2126105eee4f)
Oct 19 02:11:22 Robert-vm2 NetworkManager[961]: <info>  [1603087882.7588] device (ens192): Activation: starting connection 'ens192' (29b6e258-0ffd-4ee3-8f2d-2126105eee4f)
Oct 19 02:11:22 Robert-vm2 NetworkManager[961]: <info>  [1603087882.7589] device (ens192): state change: disconnected -> prepare (reason 'none', sys-iface-state: 'managed')
Oct 19 02:11:22 Robert-vm2 NetworkManager[961]: <info>  [1603087882.7592] manager: NetworkManager state is now CONNECTING
Oct 19 02:11:22 Robert-vm2 NetworkManager[961]: <info>  [1603087882.7593] device (ens192): state change: prepare -> config (reason 'none', sys-iface-state: 'managed')
Oct 19 02:11:22 Robert-vm2 NetworkManager[961]: <info>  [1603087882.7598] device (ens192): state change: config -> ip-config (reason 'none', sys-iface-state: 'managed')
Oct 19 02:11:22 Robert-vm2 NetworkManager[961]: <info>  [1603087882.7601] dhcp4 (ens192): activation: beginning transaction (timeout in 45 seconds)
Oct 19 02:11:22 Robert-vm2 dbus-daemon[960]: [system] Successfully activated service 'org.freedesktop.nm_dispatcher'
Oct 19 02:11:22 Robert-vm2 systemd[1]: Started Network Manager Script Dispatcher Service.
Oct 19 02:11:22 Robert-vm2 NetworkManager[961]: <info>  [1603087882.7676] dhcp4 (ens192): option dhcp_lease_time      => '86400'
Oct 19 02:11:22 Robert-vm2 NetworkManager[961]: <info>  [1603087882.7676] dhcp4 (ens192): option domain_name_servers  => '10.102.100.22 10.101.100.42 10.101.100.41'
Oct 19 02:11:22 Robert-vm2 NetworkManager[961]: <info>  [1603087882.7676] dhcp4 (ens192): option expiry               => '1603174282'
Oct 19 02:11:22 Robert-vm2 NetworkManager[961]: <info>  [1603087882.7676] dhcp4 (ens192): option ip_address           => '172.16.13.2'
Oct 19 02:11:22 Robert-vm2 NetworkManager[961]: <info>  [1603087882.7676] dhcp4 (ens192): option requested_broadcast_address => '1'
Oct 19 02:11:22 Robert-vm2 NetworkManager[961]: <info>  [1603087882.7676] dhcp4 (ens192): option requested_domain_name => '1'
Oct 19 02:11:22 Robert-vm2 NetworkManager[961]: <info>  [1603087882.7676] dhcp4 (ens192): option requested_domain_name_servers => '1'
Oct 19 02:11:22 Robert-vm2 NetworkManager[961]: <info>  [1603087882.7677] dhcp4 (ens192): option requested_domain_search => '1'
Oct 19 02:11:22 Robert-vm2 NetworkManager[961]: <info>  [1603087882.7677] dhcp4 (ens192): option requested_host_name  => '1'
Oct 19 02:11:22 Robert-vm2 NetworkManager[961]: <info>  [1603087882.7677] dhcp4 (ens192): option requested_interface_mtu => '1'
Oct 19 02:11:22 Robert-vm2 NetworkManager[961]: <info>  [1603087882.7677] dhcp4 (ens192): option requested_ms_classless_static_routes => '1'
Oct 19 02:11:22 Robert-vm2 NetworkManager[961]: <info>  [1603087882.7677] dhcp4 (ens192): option requested_nis_domain => '1'
Oct 19 02:11:22 Robert-vm2 NetworkManager[961]: <info>  [1603087882.7677] dhcp4 (ens192): option requested_nis_servers => '1'
Oct 19 02:11:22 Robert-vm2 NetworkManager[961]: <info>  [1603087882.7677] dhcp4 (ens192): option requested_ntp_servers => '1'
Oct 19 02:11:22 Robert-vm2 NetworkManager[961]: <info>  [1603087882.7677] dhcp4 (ens192): option requested_rfc3442_classless_static_routes => '1'
Oct 19 02:11:22 Robert-vm2 NetworkManager[961]: <info>  [1603087882.7677] dhcp4 (ens192): option requested_root_path  => '1'
Oct 19 02:11:22 Robert-vm2 NetworkManager[961]: <info>  [1603087882.7677] dhcp4 (ens192): option requested_routers    => '1'
Oct 19 02:11:22 Robert-vm2 NetworkManager[961]: <info>  [1603087882.7677] dhcp4 (ens192): option requested_static_routes => '1'
Oct 19 02:11:22 Robert-vm2 NetworkManager[961]: <info>  [1603087882.7677] dhcp4 (ens192): option requested_subnet_mask => '1'
Oct 19 02:11:22 Robert-vm2 NetworkManager[961]: <info>  [1603087882.7678] dhcp4 (ens192): option requested_time_offset => '1'
Oct 19 02:11:22 Robert-vm2 NetworkManager[961]: <info>  [1603087882.7678] dhcp4 (ens192): option requested_wpad       => '1'
Oct 19 02:11:22 Robert-vm2 NetworkManager[961]: <info>  [1603087882.7678] dhcp4 (ens192): option routers              => '172.16.255.1'
Oct 19 02:11:22 Robert-vm2 NetworkManager[961]: <info>  [1603087882.7678] dhcp4 (ens192): option subnet_mask          => '255.255.0.0'
Oct 19 02:11:22 Robert-vm2 NetworkManager[961]: <info>  [1603087882.7678] dhcp4 (ens192): state changed unknown -> bound
Oct 19 02:11:22 Robert-vm2 NetworkManager[961]: <info>  [1603087882.7687] device (ens192): state change: ip-config -> ip-check (reason 'none', sys-iface-state: 'managed')
Oct 19 02:11:22 Robert-vm2 NetworkManager[961]: <info>  [1603087882.7788] device (ens192): state change: ip-check -> secondaries (reason 'none', sys-iface-state: 'managed')
Oct 19 02:11:22 Robert-vm2 NetworkManager[961]: <info>  [1603087882.7790] device (ens192): state change: secondaries -> activated (reason 'none', sys-iface-state: 'managed')
Oct 19 02:11:22 Robert-vm2 NetworkManager[961]: <info>  [1603087882.7794] manager: NetworkManager state is now CONNECTED_LOCAL
Oct 19 02:11:22 Robert-vm2 NetworkManager[961]: <info>  [1603087882.7802] manager: NetworkManager state is now CONNECTED_SITE
Oct 19 02:11:22 Robert-vm2 NetworkManager[961]: <info>  [1603087882.7803] policy: set 'ens192' (ens192) as default for IPv4 routing and DNS
Oct 19 02:11:22 Robert-vm2 NetworkManager[961]: <info>  [1603087882.7833] device (ens192): Activation: successful, device activated.
Oct 19 02:11:22 Robert-vm2 NetworkManager[961]: <info>  [1603087882.7838] manager: NetworkManager state is now CONNECTED_GLOBAL
Oct 19 02:13:20 Robert-vm2 systemd[1]: Starting dnf makecache...
Oct 19 02:13:21 Robert-vm2 dnf[43151]: CentOS-8 - AppStream                            8.0 kB/s | 4.3 kB     00:00
Oct 19 02:13:21 Robert-vm2 dnf[43151]: CentOS-8 - Base                                  15 kB/s | 3.9 kB     00:00
Oct 19 02:13:21 Robert-vm2 dnf[43151]: CentOS-8 - Extras                               5.3 kB/s | 1.5 kB     00:00
Oct 19 02:13:22 Robert-vm2 dnf[43151]: Metadata cache created.
Oct 19 02:13:22 Robert-vm2 systemd[1]: Started dnf makecache.
Oct 19 03:13:24 Robert-vm2 systemd[1]: Starting dnf makecache...
Oct 19 03:13:24 Robert-vm2 dnf[43185]: Metadata cache refreshed recently.
Oct 19 03:13:24 Robert-vm2 systemd[1]: Started dnf makecache.
Oct 19 04:13:27 Robert-vm2 systemd[1]: Starting dnf makecache...
Oct 19 04:13:28 Robert-vm2 dnf[43219]: Metadata cache refreshed recently.
Oct 19 04:13:28 Robert-vm2 systemd[1]: Started dnf makecache.
Oct 19 05:13:31 Robert-vm2 systemd[1]: Starting dnf makecache...
Oct 19 05:13:32 Robert-vm2 dnf[43244]: CentOS-8 - AppStream                             16 kB/s | 4.3 kB     00:00
Oct 19 05:13:32 Robert-vm2 dnf[43244]: CentOS-8 - Base                                  13 kB/s | 3.9 kB     00:00
Oct 19 05:13:32 Robert-vm2 dnf[43244]: CentOS-8 - Extras                               5.3 kB/s | 1.5 kB     00:00
Oct 19 05:13:33 Robert-vm2 dnf[43244]: Metadata cache created.
Oct 19 05:13:33 Robert-vm2 systemd[1]: Started dnf makecache.
Oct 19 06:13:35 Robert-vm2 systemd[1]: Starting dnf makecache...
Oct 19 06:13:35 Robert-vm2 dnf[43275]: Metadata cache refreshed recently.
Oct 19 06:13:35 Robert-vm2 systemd[1]: Started dnf makecache.
Oct 19 07:13:38 Robert-vm2 systemd[1]: Starting dnf makecache...
Oct 19 07:13:39 Robert-vm2 dnf[43301]: Metadata cache refreshed recently.
Oct 19 07:13:39 Robert-vm2 systemd[1]: Started dnf makecache.
Oct 19 08:13:42 Robert-vm2 systemd[1]: Starting dnf makecache...
Oct 19 08:13:43 Robert-vm2 dnf[43326]: CentOS-8 - AppStream                             11 kB/s | 4.3 kB     00:00
Oct 19 08:13:43 Robert-vm2 dnf[43326]: CentOS-8 - Base                                 5.8 kB/s | 3.9 kB     00:00
Oct 19 08:13:44 Robert-vm2 dnf[43326]: CentOS-8 - Extras                               6.1 kB/s | 1.5 kB     00:00
Oct 19 08:13:44 Robert-vm2 dnf[43326]: Metadata cache created.
Oct 19 08:13:44 Robert-vm2 systemd[1]: Started dnf makecache.
Oct 19 09:13:46 Robert-vm2 systemd[1]: Starting dnf makecache...
Oct 19 09:13:46 Robert-vm2 dnf[43358]: Metadata cache refreshed recently.
Oct 19 09:13:46 Robert-vm2 systemd[1]: Started dnf makecache.
Oct 19 10:13:49 Robert-vm2 systemd[1]: Starting dnf makecache...
Oct 19 10:13:50 Robert-vm2 dnf[43383]: Metadata cache refreshed recently.
Oct 19 10:13:50 Robert-vm2 systemd[1]: Started dnf makecache.
Oct 19 11:13:53 Robert-vm2 systemd[1]: Starting dnf makecache...
Oct 19 11:13:54 Robert-vm2 dnf[43408]: CentOS-8 - AppStream                             15 kB/s | 4.3 kB     00:00
Oct 19 11:13:54 Robert-vm2 dnf[43408]: CentOS-8 - Base                                  11 kB/s | 3.9 kB     00:00
Oct 19 11:13:54 Robert-vm2 dnf[43408]: CentOS-8 - Extras                               5.0 kB/s | 1.5 kB     00:00
Oct 19 11:13:55 Robert-vm2 dnf[43408]: Metadata cache created.
Oct 19 11:13:55 Robert-vm2 systemd[1]: Started dnf makecache.
Oct 19 12:13:57 Robert-vm2 systemd[1]: Starting dnf makecache...
Oct 19 12:13:57 Robert-vm2 dnf[43439]: Metadata cache refreshed recently.
Oct 19 12:13:57 Robert-vm2 systemd[1]: Started dnf makecache.
Oct 19 13:14:00 Robert-vm2 systemd[1]: Starting dnf makecache...
Oct 19 13:14:01 Robert-vm2 dnf[43465]: Metadata cache refreshed recently.
Oct 19 13:14:01 Robert-vm2 systemd[1]: Started dnf makecache.
Oct 19 14:11:22 Robert-vm2 NetworkManager[961]: <error> [1603131082.7640] dhcp4 (ens192): error -113 dispatching events
Oct 19 14:11:22 Robert-vm2 NetworkManager[961]: <info>  [1603131082.7644] dhcp4 (ens192): state changed bound -> fail
Oct 19 14:11:22 Robert-vm2 NetworkManager[961]: <info>  [1603131082.7645] device (ens192): DHCPv4: trying to acquire a new lease within 90 seconds
Oct 19 14:12:52 Robert-vm2 NetworkManager[961]: <info>  [1603131172.7895] device (ens192): DHCPv4: grace period expired
Oct 19 14:12:52 Robert-vm2 NetworkManager[961]: <info>  [1603131172.7896] device (ens192): state change: activated -> failed (reason 'ip-config-unavailable', sys-iface-state: 'managed')
Oct 19 14:12:52 Robert-vm2 NetworkManager[961]: <warn>  [1603131172.7911] device (ens192): Activation: failed for connection 'ens192'
Oct 19 14:12:52 Robert-vm2 NetworkManager[961]: <info>  [1603131172.7918] manager: NetworkManager state is now CONNECTED_LOCAL
Oct 19 14:12:52 Robert-vm2 NetworkManager[961]: <info>  [1603131172.7922] device (ens192): state change: failed -> disconnected (reason 'none', sys-iface-state: 'managed')
Oct 19 14:12:52 Robert-vm2 NetworkManager[961]: <info>  [1603131172.7935] dhcp4 (ens192): canceled DHCP transaction
Oct 19 14:12:52 Robert-vm2 NetworkManager[961]: <info>  [1603131172.7935] dhcp4 (ens192): state changed fail -> done
Oct 19 14:12:52 Robert-vm2 dbus-daemon[960]: [system] Activating via systemd: service name='org.freedesktop.nm_dispatcher' unit='dbus-org.freedesktop.nm-dispatcher.service' requested by ':1.4' (uid=0 pid=961 comm="/usr/sbin/NetworkManager --no-daemon " label="system_u:system_r:NetworkManager_t:s0")
Oct 19 14:12:52 Robert-vm2 systemd[1]: Starting Network Manager Script Dispatcher Service...
Oct 19 14:12:52 Robert-vm2 NetworkManager[961]: <info>  [1603131172.8180] policy: auto-activating connection 'ens192' (29b6e258-0ffd-4ee3-8f2d-2126105eee4f)
Oct 19 14:12:52 Robert-vm2 NetworkManager[961]: <info>  [1603131172.8189] device (ens192): Activation: starting connection 'ens192' (29b6e258-0ffd-4ee3-8f2d-2126105eee4f)
Oct 19 14:12:52 Robert-vm2 NetworkManager[961]: <info>  [1603131172.8190] device (ens192): state change: disconnected -> prepare (reason 'none', sys-iface-state: 'managed')
Oct 19 14:12:52 Robert-vm2 NetworkManager[961]: <info>  [1603131172.8193] manager: NetworkManager state is now CONNECTING
Oct 19 14:12:52 Robert-vm2 NetworkManager[961]: <info>  [1603131172.8194] device (ens192): state change: prepare -> config (reason 'none', sys-iface-state: 'managed')
Oct 19 14:12:52 Robert-vm2 NetworkManager[961]: <info>  [1603131172.8198] device (ens192): state change: config -> ip-config (reason 'none', sys-iface-state: 'managed')
Oct 19 14:12:52 Robert-vm2 NetworkManager[961]: <info>  [1603131172.8201] dhcp4 (ens192): activation: beginning transaction (timeout in 45 seconds)
Oct 19 14:12:52 Robert-vm2 dbus-daemon[960]: [system] Successfully activated service 'org.freedesktop.nm_dispatcher'
Oct 19 14:12:52 Robert-vm2 systemd[1]: Started Network Manager Script Dispatcher Service.
Oct 19 14:12:52 Robert-vm2 NetworkManager[961]: <info>  [1603131172.8291] dhcp4 (ens192): option dhcp_lease_time      => '86400'
Oct 19 14:12:52 Robert-vm2 NetworkManager[961]: <info>  [1603131172.8292] dhcp4 (ens192): option domain_name_servers  => '10.102.100.22 10.101.100.42 10.101.100.41'
Oct 19 14:12:52 Robert-vm2 NetworkManager[961]: <info>  [1603131172.8292] dhcp4 (ens192): option expiry               => '1603217572'
Oct 19 14:12:52 Robert-vm2 NetworkManager[961]: <info>  [1603131172.8292] dhcp4 (ens192): option ip_address           => '172.16.13.2'
Oct 19 14:12:52 Robert-vm2 NetworkManager[961]: <info>  [1603131172.8292] dhcp4 (ens192): option requested_broadcast_address => '1'
Oct 19 14:12:52 Robert-vm2 NetworkManager[961]: <info>  [1603131172.8292] dhcp4 (ens192): option requested_domain_name => '1'
Oct 19 14:12:52 Robert-vm2 NetworkManager[961]: <info>  [1603131172.8292] dhcp4 (ens192): option requested_domain_name_servers => '1'
Oct 19 14:12:52 Robert-vm2 NetworkManager[961]: <info>  [1603131172.8292] dhcp4 (ens192): option requested_domain_search => '1'
Oct 19 14:12:52 Robert-vm2 NetworkManager[961]: <info>  [1603131172.8292] dhcp4 (ens192): option requested_host_name  => '1'
Oct 19 14:12:52 Robert-vm2 NetworkManager[961]: <info>  [1603131172.8292] dhcp4 (ens192): option requested_interface_mtu => '1'
Oct 19 14:12:52 Robert-vm2 NetworkManager[961]: <info>  [1603131172.8292] dhcp4 (ens192): option requested_ms_classless_static_routes => '1'
Oct 19 14:12:52 Robert-vm2 NetworkManager[961]: <info>  [1603131172.8292] dhcp4 (ens192): option requested_nis_domain => '1'
Oct 19 14:12:52 Robert-vm2 NetworkManager[961]: <info>  [1603131172.8293] dhcp4 (ens192): option requested_nis_servers => '1'
Oct 19 14:12:52 Robert-vm2 NetworkManager[961]: <info>  [1603131172.8293] dhcp4 (ens192): option requested_ntp_servers => '1'
Oct 19 14:12:52 Robert-vm2 NetworkManager[961]: <info>  [1603131172.8293] dhcp4 (ens192): option requested_rfc3442_classless_static_routes => '1'
Oct 19 14:12:52 Robert-vm2 NetworkManager[961]: <info>  [1603131172.8293] dhcp4 (ens192): option requested_root_path  => '1'
Oct 19 14:12:52 Robert-vm2 NetworkManager[961]: <info>  [1603131172.8293] dhcp4 (ens192): option requested_routers    => '1'
Oct 19 14:12:52 Robert-vm2 NetworkManager[961]: <info>  [1603131172.8293] dhcp4 (ens192): option requested_static_routes => '1'
Oct 19 14:12:52 Robert-vm2 NetworkManager[961]: <info>  [1603131172.8293] dhcp4 (ens192): option requested_subnet_mask => '1'
Oct 19 14:12:52 Robert-vm2 NetworkManager[961]: <info>  [1603131172.8293] dhcp4 (ens192): option requested_time_offset => '1'
Oct 19 14:12:52 Robert-vm2 NetworkManager[961]: <info>  [1603131172.8293] dhcp4 (ens192): option requested_wpad       => '1'
Oct 19 14:12:52 Robert-vm2 NetworkManager[961]: <info>  [1603131172.8293] dhcp4 (ens192): option routers              => '172.16.255.1'
Oct 19 14:12:52 Robert-vm2 NetworkManager[961]: <info>  [1603131172.8293] dhcp4 (ens192): option subnet_mask          => '255.255.0.0'
Oct 19 14:12:52 Robert-vm2 NetworkManager[961]: <info>  [1603131172.8293] dhcp4 (ens192): state changed unknown -> bound
Oct 19 14:12:52 Robert-vm2 NetworkManager[961]: <info>  [1603131172.8303] device (ens192): state change: ip-config -> ip-check (reason 'none', sys-iface-state: 'managed')
Oct 19 14:12:52 Robert-vm2 rsyslogd[1034]: imjournal: journal files changed, reloading...  [v8.1911.0-3.el8 try https://www.rsyslog.com/e/0 ]
Oct 19 14:12:52 Robert-vm2 NetworkManager[961]: <info>  [1603131172.8461] device (ens192): state change: ip-check -> secondaries (reason 'none', sys-iface-state: 'managed')
Oct 19 14:12:52 Robert-vm2 NetworkManager[961]: <info>  [1603131172.8464] device (ens192): state change: secondaries -> activated (reason 'none', sys-iface-state: 'managed')
Oct 19 14:12:52 Robert-vm2 NetworkManager[961]: <info>  [1603131172.8468] manager: NetworkManager state is now CONNECTED_LOCAL
Oct 19 14:12:52 Robert-vm2 NetworkManager[961]: <info>  [1603131172.8475] manager: NetworkManager state is now CONNECTED_SITE
Oct 19 14:12:52 Robert-vm2 NetworkManager[961]: <info>  [1603131172.8476] policy: set 'ens192' (ens192) as default for IPv4 routing and DNS
Oct 19 14:12:52 Robert-vm2 NetworkManager[961]: <info>  [1603131172.8508] device (ens192): Activation: successful, device activated.
Oct 19 14:12:52 Robert-vm2 NetworkManager[961]: <info>  [1603131172.8512] manager: NetworkManager state is now CONNECTED_GLOBAL
Oct 19 14:14:04 Robert-vm2 systemd[1]: Starting dnf makecache...
Oct 19 14:14:05 Robert-vm2 dnf[43500]: CentOS-8 - AppStream                             15 kB/s | 4.3 kB     00:00
Oct 19 14:14:05 Robert-vm2 dnf[43500]: CentOS-8 - Base                                  22 kB/s | 3.9 kB     00:00
Oct 19 14:14:05 Robert-vm2 dnf[43500]: CentOS-8 - Extras                               4.5 kB/s | 1.5 kB     00:00
Oct 19 14:14:06 Robert-vm2 dnf[43500]: Metadata cache created.
Oct 19 14:14:06 Robert-vm2 systemd[1]: Started dnf makecache.
Oct 19 15:14:07 Robert-vm2 systemd[1]: Starting dnf makecache...
Oct 19 15:14:08 Robert-vm2 dnf[43531]: Metadata cache refreshed recently.
Oct 19 15:14:08 Robert-vm2 systemd[1]: Started dnf makecache.
Oct 19 16:14:12 Robert-vm2 systemd[1]: Starting dnf makecache...
Oct 19 16:14:12 Robert-vm2 dnf[43557]: Metadata cache refreshed recently.
Oct 19 16:14:12 Robert-vm2 systemd[1]: Started dnf makecache.
Oct 19 17:14:15 Robert-vm2 systemd[1]: Starting dnf makecache...
Oct 19 17:14:16 Robert-vm2 dnf[43582]: CentOS-8 - AppStream                            5.8 kB/s | 4.3 kB     00:00
Oct 19 17:14:18 Robert-vm2 dnf[43582]: CentOS-8 - Base                                 2.7 kB/s | 3.9 kB     00:01
Oct 19 17:14:18 Robert-vm2 dnf[43582]: CentOS-8 - Extras                               7.9 kB/s | 1.5 kB     00:00
Oct 19 17:14:18 Robert-vm2 dnf[43582]: Metadata cache created.
Oct 19 17:14:18 Robert-vm2 systemd[1]: Started dnf makecache.
Oct 19 18:14:19 Robert-vm2 systemd[1]: Starting dnf makecache...
Oct 19 18:14:19 Robert-vm2 dnf[43613]: Metadata cache refreshed recently.
Oct 19 18:14:19 Robert-vm2 systemd[1]: Started dnf makecache.
Oct 19 19:14:23 Robert-vm2 systemd[1]: Starting dnf makecache...
Oct 19 19:14:23 Robert-vm2 dnf[43638]: Metadata cache refreshed recently.
Oct 19 19:14:23 Robert-vm2 systemd[1]: Started dnf makecache.
Oct 19 20:14:26 Robert-vm2 systemd[1]: Starting dnf makecache...
Oct 19 20:14:27 Robert-vm2 dnf[43664]: CentOS-8 - AppStream                             23 kB/s | 4.3 kB     00:00
Oct 19 20:14:27 Robert-vm2 dnf[43664]: CentOS-8 - Base                                  11 kB/s | 3.9 kB     00:00
Oct 19 20:14:28 Robert-vm2 dnf[43664]: CentOS-8 - Extras                               6.0 kB/s | 1.5 kB     00:00
Oct 19 20:14:28 Robert-vm2 dnf[43664]: Metadata cache created.
Oct 19 20:14:28 Robert-vm2 systemd[1]: Started dnf makecache.
Oct 19 21:14:30 Robert-vm2 systemd[1]: Starting dnf makecache...
Oct 19 21:14:30 Robert-vm2 dnf[43695]: Metadata cache refreshed recently.
Oct 19 21:14:30 Robert-vm2 systemd[1]: Started dnf makecache.
Oct 19 22:14:34 Robert-vm2 systemd[1]: Starting dnf makecache...
Oct 19 22:14:34 Robert-vm2 dnf[43720]: Metadata cache refreshed recently.
Oct 19 22:14:34 Robert-vm2 systemd[1]: Started dnf makecache.
Oct 19 23:14:37 Robert-vm2 systemd[1]: Starting dnf makecache...
Oct 19 23:14:38 Robert-vm2 dnf[43745]: CentOS-8 - AppStream                             21 kB/s | 4.3 kB     00:00
Oct 19 23:14:38 Robert-vm2 dnf[43745]: CentOS-8 - Base                                  13 kB/s | 3.9 kB     00:00
Oct 19 23:14:38 Robert-vm2 dnf[43745]: CentOS-8 - Extras                               6.1 kB/s | 1.5 kB     00:00
Oct 19 23:14:39 Robert-vm2 dnf[43745]: Metadata cache created.
Oct 19 23:14:39 Robert-vm2 systemd[1]: Started dnf makecache.
Oct 20 00:00:00 Robert-vm2 systemd[1]: Starting update of the root trust anchor for DNSSEC validation in unbound...
Oct 20 00:00:00 Robert-vm2 systemd[1]: Started update of the root trust anchor for DNSSEC validation in unbound.
Oct 20 00:14:41 Robert-vm2 systemd[1]: Starting dnf makecache...
Oct 20 00:14:41 Robert-vm2 dnf[43780]: Metadata cache refreshed recently.
Oct 20 00:14:41 Robert-vm2 systemd[1]: Started dnf makecache.
Oct 20 01:14:45 Robert-vm2 systemd[1]: Starting dnf makecache...
Oct 20 01:14:45 Robert-vm2 dnf[43807]: Metadata cache refreshed recently.
Oct 20 01:14:45 Robert-vm2 systemd[1]: Started dnf makecache.
Oct 20 01:57:57 Robert-vm2 systemd[1]: Starting Cleanup of Temporary Directories...
Oct 20 01:57:57 Robert-vm2 systemd[1]: Started Cleanup of Temporary Directories.
Oct 20 02:12:52 Robert-vm2 NetworkManager[961]: <error> [1603174372.8233] dhcp4 (ens192): error -113 dispatching events
Oct 20 02:12:52 Robert-vm2 NetworkManager[961]: <info>  [1603174372.8236] dhcp4 (ens192): state changed bound -> fail
Oct 20 02:12:52 Robert-vm2 NetworkManager[961]: <info>  [1603174372.8238] device (ens192): DHCPv4: trying to acquire a new lease within 90 seconds
Oct 20 02:14:22 Robert-vm2 NetworkManager[961]: <info>  [1603174462.7924] device (ens192): DHCPv4: grace period expired
Oct 20 02:14:22 Robert-vm2 NetworkManager[961]: <info>  [1603174462.7925] device (ens192): state change: activated -> failed (reason 'ip-config-unavailable', sys-iface-state: 'managed')
Oct 20 02:14:22 Robert-vm2 NetworkManager[961]: <warn>  [1603174462.7939] device (ens192): Activation: failed for connection 'ens192'
Oct 20 02:14:22 Robert-vm2 NetworkManager[961]: <info>  [1603174462.7947] manager: NetworkManager state is now CONNECTED_LOCAL
Oct 20 02:14:22 Robert-vm2 NetworkManager[961]: <info>  [1603174462.7951] device (ens192): state change: failed -> disconnected (reason 'none', sys-iface-state: 'managed')
Oct 20 02:14:22 Robert-vm2 NetworkManager[961]: <info>  [1603174462.7962] dhcp4 (ens192): canceled DHCP transaction
Oct 20 02:14:22 Robert-vm2 NetworkManager[961]: <info>  [1603174462.7962] dhcp4 (ens192): state changed fail -> done
Oct 20 02:14:22 Robert-vm2 dbus-daemon[960]: [system] Activating via systemd: service name='org.freedesktop.nm_dispatcher' unit='dbus-org.freedesktop.nm-dispatcher.service' requested by ':1.4' (uid=0 pid=961 comm="/usr/sbin/NetworkManager --no-daemon " label="system_u:system_r:NetworkManager_t:s0")
Oct 20 02:14:22 Robert-vm2 systemd[1]: Starting Network Manager Script Dispatcher Service...
Oct 20 02:14:22 Robert-vm2 NetworkManager[961]: <info>  [1603174462.8216] policy: auto-activating connection 'ens192' (29b6e258-0ffd-4ee3-8f2d-2126105eee4f)
Oct 20 02:14:22 Robert-vm2 NetworkManager[961]: <info>  [1603174462.8226] device (ens192): Activation: starting connection 'ens192' (29b6e258-0ffd-4ee3-8f2d-2126105eee4f)
Oct 20 02:14:22 Robert-vm2 NetworkManager[961]: <info>  [1603174462.8227] device (ens192): state change: disconnected -> prepare (reason 'none', sys-iface-state: 'managed')
Oct 20 02:14:22 Robert-vm2 NetworkManager[961]: <info>  [1603174462.8230] manager: NetworkManager state is now CONNECTING
Oct 20 02:14:22 Robert-vm2 NetworkManager[961]: <info>  [1603174462.8231] device (ens192): state change: prepare -> config (reason 'none', sys-iface-state: 'managed')
Oct 20 02:14:22 Robert-vm2 NetworkManager[961]: <info>  [1603174462.8235] device (ens192): state change: config -> ip-config (reason 'none', sys-iface-state: 'managed')
Oct 20 02:14:22 Robert-vm2 NetworkManager[961]: <info>  [1603174462.8238] dhcp4 (ens192): activation: beginning transaction (timeout in 45 seconds)
Oct 20 02:14:22 Robert-vm2 dbus-daemon[960]: [system] Successfully activated service 'org.freedesktop.nm_dispatcher'
Oct 20 02:14:22 Robert-vm2 systemd[1]: Started Network Manager Script Dispatcher Service.
Oct 20 02:14:22 Robert-vm2 NetworkManager[961]: <info>  [1603174462.8332] dhcp4 (ens192): option dhcp_lease_time      => '86400'
Oct 20 02:14:22 Robert-vm2 NetworkManager[961]: <info>  [1603174462.8333] dhcp4 (ens192): option domain_name_servers  => '10.102.100.22 10.101.100.42 10.101.100.41'
Oct 20 02:14:22 Robert-vm2 NetworkManager[961]: <info>  [1603174462.8333] dhcp4 (ens192): option expiry               => '1603260862'
Oct 20 02:14:22 Robert-vm2 NetworkManager[961]: <info>  [1603174462.8333] dhcp4 (ens192): option ip_address           => '172.16.13.2'
Oct 20 02:14:22 Robert-vm2 NetworkManager[961]: <info>  [1603174462.8333] dhcp4 (ens192): option requested_broadcast_address => '1'
Oct 20 02:14:22 Robert-vm2 NetworkManager[961]: <info>  [1603174462.8333] dhcp4 (ens192): option requested_domain_name => '1'
Oct 20 02:14:22 Robert-vm2 NetworkManager[961]: <info>  [1603174462.8333] dhcp4 (ens192): option requested_domain_name_servers => '1'
Oct 20 02:14:22 Robert-vm2 NetworkManager[961]: <info>  [1603174462.8333] dhcp4 (ens192): option requested_domain_search => '1'
Oct 20 02:14:22 Robert-vm2 NetworkManager[961]: <info>  [1603174462.8333] dhcp4 (ens192): option requested_host_name  => '1'
Oct 20 02:14:22 Robert-vm2 NetworkManager[961]: <info>  [1603174462.8333] dhcp4 (ens192): option requested_interface_mtu => '1'
Oct 20 02:14:22 Robert-vm2 NetworkManager[961]: <info>  [1603174462.8333] dhcp4 (ens192): option requested_ms_classless_static_routes => '1'
Oct 20 02:14:22 Robert-vm2 NetworkManager[961]: <info>  [1603174462.8333] dhcp4 (ens192): option requested_nis_domain => '1'
Oct 20 02:14:22 Robert-vm2 NetworkManager[961]: <info>  [1603174462.8333] dhcp4 (ens192): option requested_nis_servers => '1'
Oct 20 02:14:22 Robert-vm2 NetworkManager[961]: <info>  [1603174462.8334] dhcp4 (ens192): option requested_ntp_servers => '1'
Oct 20 02:14:22 Robert-vm2 NetworkManager[961]: <info>  [1603174462.8334] dhcp4 (ens192): option requested_rfc3442_classless_static_routes => '1'
Oct 20 02:14:22 Robert-vm2 NetworkManager[961]: <info>  [1603174462.8334] dhcp4 (ens192): option requested_root_path  => '1'
Oct 20 02:14:22 Robert-vm2 NetworkManager[961]: <info>  [1603174462.8334] dhcp4 (ens192): option requested_routers    => '1'
Oct 20 02:14:22 Robert-vm2 NetworkManager[961]: <info>  [1603174462.8334] dhcp4 (ens192): option requested_static_routes => '1'
Oct 20 02:14:22 Robert-vm2 NetworkManager[961]: <info>  [1603174462.8334] dhcp4 (ens192): option requested_subnet_mask => '1'
Oct 20 02:14:22 Robert-vm2 NetworkManager[961]: <info>  [1603174462.8334] dhcp4 (ens192): option requested_time_offset => '1'
Oct 20 02:14:22 Robert-vm2 NetworkManager[961]: <info>  [1603174462.8334] dhcp4 (ens192): option requested_wpad       => '1'
Oct 20 02:14:22 Robert-vm2 NetworkManager[961]: <info>  [1603174462.8334] dhcp4 (ens192): option routers              => '172.16.255.1'
Oct 20 02:14:22 Robert-vm2 NetworkManager[961]: <info>  [1603174462.8334] dhcp4 (ens192): option subnet_mask          => '255.255.0.0'
Oct 20 02:14:22 Robert-vm2 NetworkManager[961]: <info>  [1603174462.8334] dhcp4 (ens192): state changed unknown -> bound
Oct 20 02:14:22 Robert-vm2 NetworkManager[961]: <info>  [1603174462.8344] device (ens192): state change: ip-config -> ip-check (reason 'none', sys-iface-state: 'managed')
Oct 20 02:14:22 Robert-vm2 NetworkManager[961]: <info>  [1603174462.8445] device (ens192): state change: ip-check -> secondaries (reason 'none', sys-iface-state: 'managed')
Oct 20 02:14:22 Robert-vm2 NetworkManager[961]: <info>  [1603174462.8447] device (ens192): state change: secondaries -> activated (reason 'none', sys-iface-state: 'managed')
Oct 20 02:14:22 Robert-vm2 NetworkManager[961]: <info>  [1603174462.8452] manager: NetworkManager state is now CONNECTED_LOCAL
Oct 20 02:14:22 Robert-vm2 NetworkManager[961]: <info>  [1603174462.8459] manager: NetworkManager state is now CONNECTED_SITE
Oct 20 02:14:22 Robert-vm2 NetworkManager[961]: <info>  [1603174462.8460] policy: set 'ens192' (ens192) as default for IPv4 routing and DNS
Oct 20 02:14:22 Robert-vm2 NetworkManager[961]: <info>  [1603174462.8493] device (ens192): Activation: successful, device activated.
Oct 20 02:14:22 Robert-vm2 NetworkManager[961]: <info>  [1603174462.8498] manager: NetworkManager state is now CONNECTED_GLOBAL
Oct 20 02:14:48 Robert-vm2 systemd[1]: Starting dnf makecache...
Oct 20 02:14:49 Robert-vm2 dnf[43845]: CentOS-8 - AppStream                            9.9 kB/s | 4.3 kB     00:00
Oct 20 02:14:49 Robert-vm2 dnf[43845]: CentOS-8 - Base                                  17 kB/s | 3.9 kB     00:00
Oct 20 02:14:50 Robert-vm2 dnf[43845]: CentOS-8 - Extras                               6.9 kB/s | 1.5 kB     00:00
Oct 20 02:14:50 Robert-vm2 dnf[43845]: Metadata cache created.
Oct 20 02:14:50 Robert-vm2 systemd[1]: Started dnf makecache.
Oct 20 03:14:52 Robert-vm2 systemd[1]: Starting dnf makecache...
Oct 20 03:14:52 Robert-vm2 dnf[43887]: Metadata cache refreshed recently.
Oct 20 03:14:52 Robert-vm2 systemd[1]: Started dnf makecache.
Oct 20 04:14:56 Robert-vm2 systemd[1]: Starting dnf makecache...
Oct 20 04:14:56 Robert-vm2 dnf[43913]: Metadata cache refreshed recently.
Oct 20 04:14:56 Robert-vm2 systemd[1]: Started dnf makecache.
Oct 20 05:14:57 Robert-vm2 systemd[1]: Starting dnf makecache...
Oct 20 05:14:58 Robert-vm2 dnf[43938]: CentOS-8 - AppStream                             17 kB/s | 4.3 kB     00:00
Oct 20 05:14:58 Robert-vm2 dnf[43938]: CentOS-8 - Base                                  19 kB/s | 3.9 kB     00:00
Oct 20 05:14:59 Robert-vm2 dnf[43938]: CentOS-8 - Extras                               4.8 kB/s | 1.5 kB     00:00
Oct 20 05:14:59 Robert-vm2 dnf[43938]: Metadata cache created.
Oct 20 05:14:59 Robert-vm2 systemd[1]: Started dnf makecache.
Oct 20 06:15:03 Robert-vm2 systemd[1]: Starting dnf makecache...
Oct 20 06:15:04 Robert-vm2 dnf[43969]: Metadata cache refreshed recently.
Oct 20 06:15:04 Robert-vm2 systemd[1]: Started dnf makecache.
Oct 20 07:15:07 Robert-vm2 systemd[1]: Starting dnf makecache...
Oct 20 07:15:07 Robert-vm2 dnf[43994]: Metadata cache refreshed recently.
Oct 20 07:15:07 Robert-vm2 systemd[1]: Started dnf makecache.
Oct 20 08:15:07 Robert-vm2 systemd[1]: Starting dnf makecache...
Oct 20 08:15:08 Robert-vm2 dnf[44020]: CentOS-8 - AppStream                             18 kB/s | 4.3 kB     00:00
Oct 20 08:15:08 Robert-vm2 dnf[44020]: CentOS-8 - Base                                  21 kB/s | 3.9 kB     00:00
Oct 20 08:15:09 Robert-vm2 dnf[44020]: CentOS-8 - Extras                               4.5 kB/s | 1.5 kB     00:00
Oct 20 08:15:09 Robert-vm2 dnf[44020]: Metadata cache created.
Oct 20 08:15:09 Robert-vm2 systemd[1]: Started dnf makecache.
Oct 20 09:15:14 Robert-vm2 systemd[1]: Starting dnf makecache...
Oct 20 09:15:15 Robert-vm2 dnf[44051]: Metadata cache refreshed recently.
Oct 20 09:15:15 Robert-vm2 systemd[1]: Started dnf makecache.
Oct 20 10:15:18 Robert-vm2 systemd[1]: Starting dnf makecache...
Oct 20 10:15:18 Robert-vm2 dnf[44076]: Metadata cache refreshed recently.
Oct 20 10:15:18 Robert-vm2 systemd[1]: Started dnf makecache.
Oct 20 11:15:22 Robert-vm2 systemd[1]: Starting dnf makecache...
Oct 20 11:15:22 Robert-vm2 dnf[44101]: CentOS-8 - AppStream                             16 kB/s | 4.3 kB     00:00
Oct 20 11:15:23 Robert-vm2 dnf[44101]: CentOS-8 - Base                                  11 kB/s | 3.9 kB     00:00
Oct 20 11:15:23 Robert-vm2 dnf[44101]: CentOS-8 - Extras                               7.6 kB/s | 1.5 kB     00:00
Oct 20 11:15:23 Robert-vm2 dnf[44101]: Metadata cache created.
Oct 20 11:15:23 Robert-vm2 systemd[1]: Started dnf makecache.
Oct 20 12:15:25 Robert-vm2 systemd[1]: Starting dnf makecache...
Oct 20 12:15:26 Robert-vm2 dnf[44133]: Metadata cache refreshed recently.
Oct 20 12:15:26 Robert-vm2 systemd[1]: Started dnf makecache.
Oct 20 13:15:29 Robert-vm2 systemd[1]: Starting dnf makecache...
Oct 20 13:15:29 Robert-vm2 dnf[44158]: Metadata cache refreshed recently.
Oct 20 13:15:29 Robert-vm2 systemd[1]: Started dnf makecache.
Oct 20 14:14:22 Robert-vm2 NetworkManager[961]: <error> [1603217662.8275] dhcp4 (ens192): error -113 dispatching events
Oct 20 14:14:22 Robert-vm2 NetworkManager[961]: <info>  [1603217662.8280] dhcp4 (ens192): state changed bound -> fail
Oct 20 14:14:22 Robert-vm2 NetworkManager[961]: <info>  [1603217662.8282] device (ens192): DHCPv4: trying to acquire a new lease within 90 seconds
Oct 20 14:15:33 Robert-vm2 systemd[1]: Starting dnf makecache...
Oct 20 14:15:33 Robert-vm2 dnf[44184]: CentOS-8 - AppStream                             31 kB/s | 4.3 kB     00:00
Oct 20 14:15:33 Robert-vm2 dnf[44184]: CentOS-8 - Base                                  16 kB/s | 3.9 kB     00:00
Oct 20 14:15:34 Robert-vm2 dnf[44184]: CentOS-8 - Extras                               5.1 kB/s | 1.5 kB     00:00
Oct 20 14:15:34 Robert-vm2 dnf[44184]: Metadata cache created.
Oct 20 14:15:34 Robert-vm2 systemd[1]: Started dnf makecache.
Oct 20 14:15:52 Robert-vm2 NetworkManager[961]: <info>  [1603217752.7401] device (ens192): DHCPv4: grace period expired
Oct 20 14:15:52 Robert-vm2 NetworkManager[961]: <info>  [1603217752.7402] device (ens192): state change: activated -> failed (reason 'ip-config-unavailable', sys-iface-state: 'managed')
Oct 20 14:15:52 Robert-vm2 NetworkManager[961]: <warn>  [1603217752.7415] device (ens192): Activation: failed for connection 'ens192'
Oct 20 14:15:52 Robert-vm2 NetworkManager[961]: <info>  [1603217752.7421] manager: NetworkManager state is now CONNECTED_LOCAL
Oct 20 14:15:52 Robert-vm2 NetworkManager[961]: <info>  [1603217752.7425] device (ens192): state change: failed -> disconnected (reason 'none', sys-iface-state: 'managed')
Oct 20 14:15:52 Robert-vm2 NetworkManager[961]: <info>  [1603217752.7435] dhcp4 (ens192): canceled DHCP transaction
Oct 20 14:15:52 Robert-vm2 NetworkManager[961]: <info>  [1603217752.7435] dhcp4 (ens192): state changed fail -> done
Oct 20 14:15:52 Robert-vm2 dbus-daemon[960]: [system] Activating via systemd: service name='org.freedesktop.nm_dispatcher' unit='dbus-org.freedesktop.nm-dispatcher.service' requested by ':1.4' (uid=0 pid=961 comm="/usr/sbin/NetworkManager --no-daemon " label="system_u:system_r:NetworkManager_t:s0")
Oct 20 14:15:52 Robert-vm2 systemd[1]: Starting Network Manager Script Dispatcher Service...
Oct 20 14:15:52 Robert-vm2 NetworkManager[961]: <info>  [1603217752.7627] policy: auto-activating connection 'ens192' (29b6e258-0ffd-4ee3-8f2d-2126105eee4f)
Oct 20 14:15:52 Robert-vm2 NetworkManager[961]: <info>  [1603217752.7636] device (ens192): Activation: starting connection 'ens192' (29b6e258-0ffd-4ee3-8f2d-2126105eee4f)
Oct 20 14:15:52 Robert-vm2 NetworkManager[961]: <info>  [1603217752.7637] device (ens192): state change: disconnected -> prepare (reason 'none', sys-iface-state: 'managed')
Oct 20 14:15:52 Robert-vm2 NetworkManager[961]: <info>  [1603217752.7640] manager: NetworkManager state is now CONNECTING
Oct 20 14:15:52 Robert-vm2 NetworkManager[961]: <info>  [1603217752.7641] device (ens192): state change: prepare -> config (reason 'none', sys-iface-state: 'managed')
Oct 20 14:15:52 Robert-vm2 NetworkManager[961]: <info>  [1603217752.7646] device (ens192): state change: config -> ip-config (reason 'none', sys-iface-state: 'managed')
Oct 20 14:15:52 Robert-vm2 NetworkManager[961]: <info>  [1603217752.7648] dhcp4 (ens192): activation: beginning transaction (timeout in 45 seconds)
Oct 20 14:15:52 Robert-vm2 NetworkManager[961]: <info>  [1603217752.7716] dhcp4 (ens192): option dhcp_lease_time      => '86400'
Oct 20 14:15:52 Robert-vm2 NetworkManager[961]: <info>  [1603217752.7717] dhcp4 (ens192): option domain_name_servers  => '10.102.100.22 10.101.100.42 10.101.100.41'
Oct 20 14:15:52 Robert-vm2 NetworkManager[961]: <info>  [1603217752.7717] dhcp4 (ens192): option expiry               => '1603304152'
Oct 20 14:15:52 Robert-vm2 NetworkManager[961]: <info>  [1603217752.7717] dhcp4 (ens192): option ip_address           => '172.16.13.2'
Oct 20 14:15:52 Robert-vm2 NetworkManager[961]: <info>  [1603217752.7717] dhcp4 (ens192): option requested_broadcast_address => '1'
Oct 20 14:15:52 Robert-vm2 NetworkManager[961]: <info>  [1603217752.7717] dhcp4 (ens192): option requested_domain_name => '1'
Oct 20 14:15:52 Robert-vm2 NetworkManager[961]: <info>  [1603217752.7717] dhcp4 (ens192): option requested_domain_name_servers => '1'
Oct 20 14:15:52 Robert-vm2 NetworkManager[961]: <info>  [1603217752.7717] dhcp4 (ens192): option requested_domain_search => '1'
Oct 20 14:15:52 Robert-vm2 NetworkManager[961]: <info>  [1603217752.7717] dhcp4 (ens192): option requested_host_name  => '1'
Oct 20 14:15:52 Robert-vm2 NetworkManager[961]: <info>  [1603217752.7717] dhcp4 (ens192): option requested_interface_mtu => '1'
Oct 20 14:15:52 Robert-vm2 NetworkManager[961]: <info>  [1603217752.7717] dhcp4 (ens192): option requested_ms_classless_static_routes => '1'
Oct 20 14:15:52 Robert-vm2 NetworkManager[961]: <info>  [1603217752.7717] dhcp4 (ens192): option requested_nis_domain => '1'
Oct 20 14:15:52 Robert-vm2 NetworkManager[961]: <info>  [1603217752.7718] dhcp4 (ens192): option requested_nis_servers => '1'
Oct 20 14:15:52 Robert-vm2 NetworkManager[961]: <info>  [1603217752.7718] dhcp4 (ens192): option requested_ntp_servers => '1'
Oct 20 14:15:52 Robert-vm2 NetworkManager[961]: <info>  [1603217752.7718] dhcp4 (ens192): option requested_rfc3442_classless_static_routes => '1'
Oct 20 14:15:52 Robert-vm2 NetworkManager[961]: <info>  [1603217752.7718] dhcp4 (ens192): option requested_root_path  => '1'
Oct 20 14:15:52 Robert-vm2 NetworkManager[961]: <info>  [1603217752.7718] dhcp4 (ens192): option requested_routers    => '1'
Oct 20 14:15:52 Robert-vm2 NetworkManager[961]: <info>  [1603217752.7718] dhcp4 (ens192): option requested_static_routes => '1'
Oct 20 14:15:52 Robert-vm2 NetworkManager[961]: <info>  [1603217752.7718] dhcp4 (ens192): option requested_subnet_mask => '1'
Oct 20 14:15:52 Robert-vm2 NetworkManager[961]: <info>  [1603217752.7718] dhcp4 (ens192): option requested_time_offset => '1'
Oct 20 14:15:52 Robert-vm2 NetworkManager[961]: <info>  [1603217752.7718] dhcp4 (ens192): option requested_wpad       => '1'
Oct 20 14:15:52 Robert-vm2 NetworkManager[961]: <info>  [1603217752.7718] dhcp4 (ens192): option routers              => '172.16.255.1'
Oct 20 14:15:52 Robert-vm2 NetworkManager[961]: <info>  [1603217752.7718] dhcp4 (ens192): option subnet_mask          => '255.255.0.0'
Oct 20 14:15:52 Robert-vm2 NetworkManager[961]: <info>  [1603217752.7718] dhcp4 (ens192): state changed unknown -> bound
Oct 20 14:15:52 Robert-vm2 NetworkManager[961]: <info>  [1603217752.7728] device (ens192): state change: ip-config -> ip-check (reason 'none', sys-iface-state: 'managed')
Oct 20 14:15:52 Robert-vm2 dbus-daemon[960]: [system] Successfully activated service 'org.freedesktop.nm_dispatcher'
Oct 20 14:15:52 Robert-vm2 systemd[1]: Started Network Manager Script Dispatcher Service.
Oct 20 14:15:52 Robert-vm2 NetworkManager[961]: <info>  [1603217752.7832] device (ens192): state change: ip-check -> secondaries (reason 'none', sys-iface-state: 'managed')
Oct 20 14:15:52 Robert-vm2 NetworkManager[961]: <info>  [1603217752.7834] device (ens192): state change: secondaries -> activated (reason 'none', sys-iface-state: 'managed')
Oct 20 14:15:52 Robert-vm2 NetworkManager[961]: <info>  [1603217752.7837] manager: NetworkManager state is now CONNECTED_LOCAL
Oct 20 14:15:52 Robert-vm2 NetworkManager[961]: <info>  [1603217752.7845] manager: NetworkManager state is now CONNECTED_SITE
Oct 20 14:15:52 Robert-vm2 NetworkManager[961]: <info>  [1603217752.7846] policy: set 'ens192' (ens192) as default for IPv4 routing and DNS
Oct 20 14:15:52 Robert-vm2 NetworkManager[961]: <info>  [1603217752.7878] device (ens192): Activation: successful, device activated.
Oct 20 14:15:52 Robert-vm2 NetworkManager[961]: <info>  [1603217752.7882] manager: NetworkManager state is now CONNECTED_GLOBAL
Oct 20 15:15:36 Robert-vm2 systemd[1]: Starting dnf makecache...
Oct 20 15:15:37 Robert-vm2 dnf[44223]: Metadata cache refreshed recently.
Oct 20 15:15:37 Robert-vm2 systemd[1]: Started dnf makecache.
Oct 20 16:15:40 Robert-vm2 systemd[1]: Starting dnf makecache...
Oct 20 16:15:41 Robert-vm2 dnf[44248]: Metadata cache refreshed recently.
Oct 20 16:15:41 Robert-vm2 systemd[1]: Started dnf makecache.
Oct 20 17:15:44 Robert-vm2 systemd[1]: Starting dnf makecache...
Oct 20 17:15:44 Robert-vm2 dnf[44274]: CentOS-8 - AppStream                             27 kB/s | 4.3 kB     00:00
Oct 20 17:15:45 Robert-vm2 dnf[44274]: CentOS-8 - Base                                  14 kB/s | 3.9 kB     00:00
Oct 20 17:15:45 Robert-vm2 dnf[44274]: CentOS-8 - Extras                               4.5 kB/s | 1.5 kB     00:00
Oct 20 17:15:45 Robert-vm2 dnf[44274]: Metadata cache created.
Oct 20 17:15:45 Robert-vm2 systemd[1]: Started dnf makecache.
Oct 20 18:15:48 Robert-vm2 systemd[1]: Starting dnf makecache...
Oct 20 18:15:48 Robert-vm2 dnf[44306]: Metadata cache refreshed recently.
Oct 20 18:15:48 Robert-vm2 systemd[1]: Started dnf makecache.
Oct 20 19:15:51 Robert-vm2 systemd[1]: Starting dnf makecache...
Oct 20 19:15:52 Robert-vm2 dnf[44331]: Metadata cache refreshed recently.
Oct 20 19:15:52 Robert-vm2 systemd[1]: Started dnf makecache.
Oct 20 20:15:55 Robert-vm2 systemd[1]: Starting dnf makecache...
Oct 20 20:15:55 Robert-vm2 dnf[44356]: CentOS-8 - AppStream                             32 kB/s | 4.3 kB     00:00
Oct 20 20:15:56 Robert-vm2 dnf[44356]: CentOS-8 - Base                                  14 kB/s | 3.9 kB     00:00
Oct 20 20:15:56 Robert-vm2 dnf[44356]: CentOS-8 - Extras                               8.5 kB/s | 1.5 kB     00:00
Oct 20 20:15:56 Robert-vm2 dnf[44356]: Metadata cache created.
Oct 20 20:15:56 Robert-vm2 systemd[1]: Started dnf makecache.
Oct 20 21:15:59 Robert-vm2 systemd[1]: Starting dnf makecache...
Oct 20 21:15:59 Robert-vm2 dnf[44388]: Metadata cache refreshed recently.
Oct 20 21:15:59 Robert-vm2 systemd[1]: Started dnf makecache.
Oct 20 22:16:02 Robert-vm2 systemd[1]: Starting dnf makecache...
Oct 20 22:16:03 Robert-vm2 dnf[44413]: Metadata cache refreshed recently.
Oct 20 22:16:03 Robert-vm2 systemd[1]: Started dnf makecache.
Oct 20 23:16:06 Robert-vm2 systemd[1]: Starting dnf makecache...
Oct 20 23:16:07 Robert-vm2 dnf[44438]: CentOS-8 - AppStream                             24 kB/s | 4.3 kB     00:00
Oct 20 23:16:07 Robert-vm2 dnf[44438]: CentOS-8 - Base                                  28 kB/s | 3.9 kB     00:00
Oct 20 23:16:07 Robert-vm2 dnf[44438]: CentOS-8 - Extras                               5.4 kB/s | 1.5 kB     00:00
Oct 20 23:16:07 Robert-vm2 dnf[44438]: Metadata cache created.
Oct 20 23:16:07 Robert-vm2 systemd[1]: Started dnf makecache.
Oct 21 00:00:09 Robert-vm2 systemd[1]: Starting update of the root trust anchor for DNSSEC validation in unbound...
Oct 21 00:00:09 Robert-vm2 systemd[1]: Started update of the root trust anchor for DNSSEC validation in unbound.
Oct 21 00:16:10 Robert-vm2 systemd[1]: Starting dnf makecache...
Oct 21 00:16:10 Robert-vm2 dnf[44473]: Metadata cache refreshed recently.
Oct 21 00:16:10 Robert-vm2 systemd[1]: Started dnf makecache.
Oct 21 01:16:14 Robert-vm2 systemd[1]: Starting dnf makecache...
Oct 21 01:16:14 Robert-vm2 dnf[44501]: Metadata cache refreshed recently.
Oct 21 01:16:14 Robert-vm2 systemd[1]: Started dnf makecache.
Oct 21 01:58:06 Robert-vm2 systemd[1]: Starting Cleanup of Temporary Directories...
Oct 21 01:58:06 Robert-vm2 systemd[1]: Started Cleanup of Temporary Directories.
Oct 21 02:15:52 Robert-vm2 NetworkManager[961]: <error> [1603260952.7697] dhcp4 (ens192): error -113 dispatching events
Oct 21 02:15:52 Robert-vm2 NetworkManager[961]: <info>  [1603260952.7700] dhcp4 (ens192): state changed bound -> fail
Oct 21 02:15:52 Robert-vm2 NetworkManager[961]: <info>  [1603260952.7701] device (ens192): DHCPv4: trying to acquire a new lease within 90 seconds
Oct 21 02:16:17 Robert-vm2 systemd[1]: Starting dnf makecache...
Oct 21 02:16:20 Robert-vm2 dnf[44530]: CentOS-8 - AppStream                            1.9 kB/s | 4.3 kB     00:02
Oct 21 02:16:20 Robert-vm2 dnf[44530]: CentOS-8 - Base                                  18 kB/s | 3.9 kB     00:00
Oct 21 02:16:20 Robert-vm2 dnf[44530]: CentOS-8 - Extras                               4.8 kB/s | 1.5 kB     00:00
Oct 21 02:16:21 Robert-vm2 dnf[44530]: Metadata cache created.
Oct 21 02:16:21 Robert-vm2 systemd[1]: Started dnf makecache.
Oct 21 02:17:22 Robert-vm2 NetworkManager[961]: <info>  [1603261042.7863] device (ens192): DHCPv4: grace period expired
Oct 21 02:17:22 Robert-vm2 NetworkManager[961]: <info>  [1603261042.7865] device (ens192): state change: activated -> failed (reason 'ip-config-unavailable', sys-iface-state: 'managed')
Oct 21 02:17:22 Robert-vm2 NetworkManager[961]: <warn>  [1603261042.7880] device (ens192): Activation: failed for connection 'ens192'
Oct 21 02:17:22 Robert-vm2 NetworkManager[961]: <info>  [1603261042.7887] manager: NetworkManager state is now CONNECTED_LOCAL
Oct 21 02:17:22 Robert-vm2 NetworkManager[961]: <info>  [1603261042.7891] device (ens192): state change: failed -> disconnected (reason 'none', sys-iface-state: 'managed')
Oct 21 02:17:22 Robert-vm2 NetworkManager[961]: <info>  [1603261042.7902] dhcp4 (ens192): canceled DHCP transaction
Oct 21 02:17:22 Robert-vm2 NetworkManager[961]: <info>  [1603261042.7902] dhcp4 (ens192): state changed fail -> done
Oct 21 02:17:22 Robert-vm2 dbus-daemon[960]: [system] Activating via systemd: service name='org.freedesktop.nm_dispatcher' unit='dbus-org.freedesktop.nm-dispatcher.service' requested by ':1.4' (uid=0 pid=961 comm="/usr/sbin/NetworkManager --no-daemon " label="system_u:system_r:NetworkManager_t:s0")
Oct 21 02:17:22 Robert-vm2 systemd[1]: Starting Network Manager Script Dispatcher Service...
Oct 21 02:17:22 Robert-vm2 NetworkManager[961]: <info>  [1603261042.8120] policy: auto-activating connection 'ens192' (29b6e258-0ffd-4ee3-8f2d-2126105eee4f)
Oct 21 02:17:22 Robert-vm2 NetworkManager[961]: <info>  [1603261042.8130] device (ens192): Activation: starting connection 'ens192' (29b6e258-0ffd-4ee3-8f2d-2126105eee4f)
Oct 21 02:17:22 Robert-vm2 NetworkManager[961]: <info>  [1603261042.8131] device (ens192): state change: disconnected -> prepare (reason 'none', sys-iface-state: 'managed')
Oct 21 02:17:22 Robert-vm2 NetworkManager[961]: <info>  [1603261042.8134] manager: NetworkManager state is now CONNECTING
Oct 21 02:17:22 Robert-vm2 NetworkManager[961]: <info>  [1603261042.8135] device (ens192): state change: prepare -> config (reason 'none', sys-iface-state: 'managed')
Oct 21 02:17:22 Robert-vm2 NetworkManager[961]: <info>  [1603261042.8140] device (ens192): state change: config -> ip-config (reason 'none', sys-iface-state: 'managed')
Oct 21 02:17:22 Robert-vm2 NetworkManager[961]: <info>  [1603261042.8143] dhcp4 (ens192): activation: beginning transaction (timeout in 45 seconds)
Oct 21 02:17:22 Robert-vm2 dbus-daemon[960]: [system] Successfully activated service 'org.freedesktop.nm_dispatcher'
Oct 21 02:17:22 Robert-vm2 systemd[1]: Started Network Manager Script Dispatcher Service.
Oct 21 02:17:22 Robert-vm2 NetworkManager[961]: <info>  [1603261042.8247] dhcp4 (ens192): option dhcp_lease_time      => '86400'
Oct 21 02:17:22 Robert-vm2 NetworkManager[961]: <info>  [1603261042.8247] dhcp4 (ens192): option domain_name_servers  => '10.102.100.22 10.101.100.42 10.101.100.41'
Oct 21 02:17:22 Robert-vm2 NetworkManager[961]: <info>  [1603261042.8247] dhcp4 (ens192): option expiry               => '1603347442'
Oct 21 02:17:22 Robert-vm2 NetworkManager[961]: <info>  [1603261042.8248] dhcp4 (ens192): option ip_address           => '172.16.13.2'
Oct 21 02:17:22 Robert-vm2 NetworkManager[961]: <info>  [1603261042.8248] dhcp4 (ens192): option requested_broadcast_address => '1'
Oct 21 02:17:22 Robert-vm2 NetworkManager[961]: <info>  [1603261042.8248] dhcp4 (ens192): option requested_domain_name => '1'
Oct 21 02:17:22 Robert-vm2 NetworkManager[961]: <info>  [1603261042.8248] dhcp4 (ens192): option requested_domain_name_servers => '1'
Oct 21 02:17:22 Robert-vm2 NetworkManager[961]: <info>  [1603261042.8248] dhcp4 (ens192): option requested_domain_search => '1'
Oct 21 02:17:22 Robert-vm2 NetworkManager[961]: <info>  [1603261042.8248] dhcp4 (ens192): option requested_host_name  => '1'
Oct 21 02:17:22 Robert-vm2 NetworkManager[961]: <info>  [1603261042.8248] dhcp4 (ens192): option requested_interface_mtu => '1'
Oct 21 02:17:22 Robert-vm2 NetworkManager[961]: <info>  [1603261042.8248] dhcp4 (ens192): option requested_ms_classless_static_routes => '1'
Oct 21 02:17:22 Robert-vm2 NetworkManager[961]: <info>  [1603261042.8248] dhcp4 (ens192): option requested_nis_domain => '1'
Oct 21 02:17:22 Robert-vm2 NetworkManager[961]: <info>  [1603261042.8248] dhcp4 (ens192): option requested_nis_servers => '1'
Oct 21 02:17:22 Robert-vm2 NetworkManager[961]: <info>  [1603261042.8248] dhcp4 (ens192): option requested_ntp_servers => '1'
Oct 21 02:17:22 Robert-vm2 NetworkManager[961]: <info>  [1603261042.8248] dhcp4 (ens192): option requested_rfc3442_classless_static_routes => '1'
Oct 21 02:17:22 Robert-vm2 NetworkManager[961]: <info>  [1603261042.8249] dhcp4 (ens192): option requested_root_path  => '1'
Oct 21 02:17:22 Robert-vm2 NetworkManager[961]: <info>  [1603261042.8249] dhcp4 (ens192): option requested_routers    => '1'
Oct 21 02:17:22 Robert-vm2 NetworkManager[961]: <info>  [1603261042.8249] dhcp4 (ens192): option requested_static_routes => '1'
Oct 21 02:17:22 Robert-vm2 NetworkManager[961]: <info>  [1603261042.8249] dhcp4 (ens192): option requested_subnet_mask => '1'
Oct 21 02:17:22 Robert-vm2 NetworkManager[961]: <info>  [1603261042.8249] dhcp4 (ens192): option requested_time_offset => '1'
Oct 21 02:17:22 Robert-vm2 NetworkManager[961]: <info>  [1603261042.8249] dhcp4 (ens192): option requested_wpad       => '1'
Oct 21 02:17:22 Robert-vm2 NetworkManager[961]: <info>  [1603261042.8249] dhcp4 (ens192): option routers              => '172.16.255.1'
Oct 21 02:17:22 Robert-vm2 NetworkManager[961]: <info>  [1603261042.8249] dhcp4 (ens192): option subnet_mask          => '255.255.0.0'
Oct 21 02:17:22 Robert-vm2 NetworkManager[961]: <info>  [1603261042.8249] dhcp4 (ens192): state changed unknown -> bound
Oct 21 02:17:22 Robert-vm2 NetworkManager[961]: <info>  [1603261042.8258] device (ens192): state change: ip-config -> ip-check (reason 'none', sys-iface-state: 'managed')
Oct 21 02:17:22 Robert-vm2 NetworkManager[961]: <info>  [1603261042.8344] device (ens192): state change: ip-check -> secondaries (reason 'none', sys-iface-state: 'managed')
Oct 21 02:17:22 Robert-vm2 NetworkManager[961]: <info>  [1603261042.8347] device (ens192): state change: secondaries -> activated (reason 'none', sys-iface-state: 'managed')
Oct 21 02:17:22 Robert-vm2 NetworkManager[961]: <info>  [1603261042.8351] manager: NetworkManager state is now CONNECTED_LOCAL
Oct 21 02:17:22 Robert-vm2 NetworkManager[961]: <info>  [1603261042.8358] manager: NetworkManager state is now CONNECTED_SITE
Oct 21 02:17:22 Robert-vm2 NetworkManager[961]: <info>  [1603261042.8360] policy: set 'ens192' (ens192) as default for IPv4 routing and DNS
Oct 21 02:17:22 Robert-vm2 NetworkManager[961]: <info>  [1603261042.8411] device (ens192): Activation: successful, device activated.
Oct 21 02:17:22 Robert-vm2 NetworkManager[961]: <info>  [1603261042.8415] manager: NetworkManager state is now CONNECTED_GLOBAL
Oct 21 03:16:21 Robert-vm2 systemd[1]: Starting dnf makecache...
Oct 21 03:16:21 Robert-vm2 dnf[44573]: Metadata cache refreshed recently.
Oct 21 03:16:21 Robert-vm2 systemd[1]: Started dnf makecache.
Oct 21 04:16:25 Robert-vm2 systemd[1]: Starting dnf makecache...
Oct 21 04:16:25 Robert-vm2 dnf[44608]: Metadata cache refreshed recently.
Oct 21 04:16:25 Robert-vm2 systemd[1]: Started dnf makecache.
Oct 21 05:16:28 Robert-vm2 systemd[1]: Starting dnf makecache...
Oct 21 05:16:29 Robert-vm2 dnf[44633]: CentOS-8 - AppStream                             14 kB/s | 4.3 kB     00:00
Oct 21 05:16:29 Robert-vm2 dnf[44633]: CentOS-8 - Base                                  19 kB/s | 3.9 kB     00:00
Oct 21 05:16:29 Robert-vm2 dnf[44633]: CentOS-8 - Extras                               4.9 kB/s | 1.5 kB     00:00
Oct 21 05:16:30 Robert-vm2 dnf[44633]: Metadata cache created.
Oct 21 05:16:30 Robert-vm2 systemd[1]: Started dnf makecache.
Oct 21 06:16:32 Robert-vm2 systemd[1]: Starting dnf makecache...
Oct 21 06:16:32 Robert-vm2 dnf[44665]: Metadata cache refreshed recently.
Oct 21 06:16:32 Robert-vm2 systemd[1]: Started dnf makecache.
Oct 21 07:16:36 Robert-vm2 systemd[1]: Starting dnf makecache...
Oct 21 07:16:36 Robert-vm2 dnf[44690]: Metadata cache refreshed recently.
Oct 21 07:16:36 Robert-vm2 systemd[1]: Started dnf makecache.
Oct 21 08:16:39 Robert-vm2 systemd[1]: Starting dnf makecache...
Oct 21 08:16:40 Robert-vm2 dnf[44715]: CentOS-8 - AppStream                             17 kB/s | 4.3 kB     00:00
Oct 21 08:16:40 Robert-vm2 dnf[44715]: CentOS-8 - Base                                  12 kB/s | 3.9 kB     00:00
Oct 21 08:16:40 Robert-vm2 dnf[44715]: CentOS-8 - Extras                                11 kB/s | 1.5 kB     00:00
Oct 21 08:16:41 Robert-vm2 dnf[44715]: Metadata cache created.
Oct 21 08:16:41 Robert-vm2 systemd[1]: Started dnf makecache.
Oct 21 09:16:43 Robert-vm2 systemd[1]: Starting dnf makecache...
Oct 21 09:16:43 Robert-vm2 dnf[44747]: Metadata cache refreshed recently.
Oct 21 09:16:43 Robert-vm2 systemd[1]: Started dnf makecache.
Oct 21 10:16:47 Robert-vm2 systemd[1]: Starting dnf makecache...
Oct 21 10:16:47 Robert-vm2 dnf[44772]: Metadata cache refreshed recently.
Oct 21 10:16:47 Robert-vm2 systemd[1]: Started dnf makecache.
Oct 21 11:16:50 Robert-vm2 systemd[1]: Starting dnf makecache...
Oct 21 11:16:51 Robert-vm2 dnf[44797]: CentOS-8 - AppStream                             14 kB/s | 4.3 kB     00:00
Oct 21 11:16:51 Robert-vm2 dnf[44797]: CentOS-8 - Base                                  15 kB/s | 3.9 kB     00:00
Oct 21 11:16:51 Robert-vm2 dnf[44797]: CentOS-8 - Extras                               9.8 kB/s | 1.5 kB     00:00
Oct 21 11:16:52 Robert-vm2 dnf[44797]: Metadata cache created.
Oct 21 11:16:52 Robert-vm2 systemd[1]: Started dnf makecache.
Oct 21 12:16:54 Robert-vm2 systemd[1]: Starting dnf makecache...
Oct 21 12:16:54 Robert-vm2 dnf[44829]: Metadata cache refreshed recently.
Oct 21 12:16:54 Robert-vm2 systemd[1]: Started dnf makecache.
Oct 21 13:16:58 Robert-vm2 systemd[1]: Starting dnf makecache...
Oct 21 13:16:58 Robert-vm2 dnf[44854]: Metadata cache refreshed recently.
Oct 21 13:16:58 Robert-vm2 systemd[1]: Started dnf makecache.
Oct 21 14:17:01 Robert-vm2 systemd[1]: Starting dnf makecache...
Oct 21 14:17:02 Robert-vm2 dnf[44879]: CentOS-8 - AppStream                             55 kB/s | 4.3 kB     00:00
Oct 21 14:17:02 Robert-vm2 dnf[44879]: CentOS-8 - Base                                  13 kB/s | 3.9 kB     00:00
Oct 21 14:17:03 Robert-vm2 dnf[44879]: CentOS-8 - Extras                               4.9 kB/s | 1.5 kB     00:00
Oct 21 14:17:03 Robert-vm2 dnf[44879]: Metadata cache created.
Oct 21 14:17:03 Robert-vm2 systemd[1]: Started dnf makecache.
Oct 21 14:17:22 Robert-vm2 NetworkManager[961]: <error> [1603304242.8181] dhcp4 (ens192): error -113 dispatching events
Oct 21 14:17:22 Robert-vm2 NetworkManager[961]: <info>  [1603304242.8182] dhcp4 (ens192): state changed bound -> fail
Oct 21 14:17:22 Robert-vm2 NetworkManager[961]: <info>  [1603304242.8183] device (ens192): DHCPv4: trying to acquire a new lease within 90 seconds
Oct 21 14:18:52 Robert-vm2 NetworkManager[961]: <info>  [1603304332.7782] device (ens192): DHCPv4: grace period expired
Oct 21 14:18:52 Robert-vm2 NetworkManager[961]: <info>  [1603304332.7784] device (ens192): state change: activated -> failed (reason 'ip-config-unavailable', sys-iface-state: 'managed')
Oct 21 14:18:52 Robert-vm2 NetworkManager[961]: <warn>  [1603304332.7802] device (ens192): Activation: failed for connection 'ens192'
Oct 21 14:18:52 Robert-vm2 NetworkManager[961]: <info>  [1603304332.7809] manager: NetworkManager state is now CONNECTED_LOCAL
Oct 21 14:18:52 Robert-vm2 NetworkManager[961]: <info>  [1603304332.7813] device (ens192): state change: failed -> disconnected (reason 'none', sys-iface-state: 'managed')
Oct 21 14:18:52 Robert-vm2 NetworkManager[961]: <info>  [1603304332.7831] dhcp4 (ens192): canceled DHCP transaction
Oct 21 14:18:52 Robert-vm2 NetworkManager[961]: <info>  [1603304332.7831] dhcp4 (ens192): state changed fail -> done
Oct 21 14:18:52 Robert-vm2 dbus-daemon[960]: [system] Activating via systemd: service name='org.freedesktop.nm_dispatcher' unit='dbus-org.freedesktop.nm-dispatcher.service' requested by ':1.4' (uid=0 pid=961 comm="/usr/sbin/NetworkManager --no-daemon " label="system_u:system_r:NetworkManager_t:s0")
Oct 21 14:18:52 Robert-vm2 systemd[1]: Starting Network Manager Script Dispatcher Service...
Oct 21 14:18:52 Robert-vm2 NetworkManager[961]: <info>  [1603304332.8058] policy: auto-activating connection 'ens192' (29b6e258-0ffd-4ee3-8f2d-2126105eee4f)
Oct 21 14:18:52 Robert-vm2 NetworkManager[961]: <info>  [1603304332.8068] device (ens192): Activation: starting connection 'ens192' (29b6e258-0ffd-4ee3-8f2d-2126105eee4f)
Oct 21 14:18:52 Robert-vm2 NetworkManager[961]: <info>  [1603304332.8069] device (ens192): state change: disconnected -> prepare (reason 'none', sys-iface-state: 'managed')
Oct 21 14:18:52 Robert-vm2 NetworkManager[961]: <info>  [1603304332.8071] manager: NetworkManager state is now CONNECTING
Oct 21 14:18:52 Robert-vm2 NetworkManager[961]: <info>  [1603304332.8073] device (ens192): state change: prepare -> config (reason 'none', sys-iface-state: 'managed')
Oct 21 14:18:52 Robert-vm2 NetworkManager[961]: <info>  [1603304332.8077] device (ens192): state change: config -> ip-config (reason 'none', sys-iface-state: 'managed')
Oct 21 14:18:52 Robert-vm2 NetworkManager[961]: <info>  [1603304332.8080] dhcp4 (ens192): activation: beginning transaction (timeout in 45 seconds)
Oct 21 14:18:52 Robert-vm2 dbus-daemon[960]: [system] Successfully activated service 'org.freedesktop.nm_dispatcher'
Oct 21 14:18:52 Robert-vm2 systemd[1]: Started Network Manager Script Dispatcher Service.
Oct 21 14:18:52 Robert-vm2 NetworkManager[961]: <info>  [1603304332.8175] dhcp4 (ens192): option dhcp_lease_time      => '86400'
Oct 21 14:18:52 Robert-vm2 NetworkManager[961]: <info>  [1603304332.8175] dhcp4 (ens192): option domain_name_servers  => '10.102.100.22 10.101.100.42 10.101.100.41'
Oct 21 14:18:52 Robert-vm2 NetworkManager[961]: <info>  [1603304332.8175] dhcp4 (ens192): option expiry               => '1603390732'
Oct 21 14:18:52 Robert-vm2 NetworkManager[961]: <info>  [1603304332.8175] dhcp4 (ens192): option ip_address           => '172.16.13.2'
Oct 21 14:18:52 Robert-vm2 NetworkManager[961]: <info>  [1603304332.8175] dhcp4 (ens192): option requested_broadcast_address => '1'
Oct 21 14:18:52 Robert-vm2 NetworkManager[961]: <info>  [1603304332.8175] dhcp4 (ens192): option requested_domain_name => '1'
Oct 21 14:18:52 Robert-vm2 NetworkManager[961]: <info>  [1603304332.8175] dhcp4 (ens192): option requested_domain_name_servers => '1'
Oct 21 14:18:52 Robert-vm2 NetworkManager[961]: <info>  [1603304332.8175] dhcp4 (ens192): option requested_domain_search => '1'
Oct 21 14:18:52 Robert-vm2 NetworkManager[961]: <info>  [1603304332.8175] dhcp4 (ens192): option requested_host_name  => '1'
Oct 21 14:18:52 Robert-vm2 NetworkManager[961]: <info>  [1603304332.8175] dhcp4 (ens192): option requested_interface_mtu => '1'
Oct 21 14:18:52 Robert-vm2 NetworkManager[961]: <info>  [1603304332.8176] dhcp4 (ens192): option requested_ms_classless_static_routes => '1'
Oct 21 14:18:52 Robert-vm2 NetworkManager[961]: <info>  [1603304332.8176] dhcp4 (ens192): option requested_nis_domain => '1'
Oct 21 14:18:52 Robert-vm2 NetworkManager[961]: <info>  [1603304332.8176] dhcp4 (ens192): option requested_nis_servers => '1'
Oct 21 14:18:52 Robert-vm2 NetworkManager[961]: <info>  [1603304332.8176] dhcp4 (ens192): option requested_ntp_servers => '1'
Oct 21 14:18:52 Robert-vm2 NetworkManager[961]: <info>  [1603304332.8176] dhcp4 (ens192): option requested_rfc3442_classless_static_routes => '1'
Oct 21 14:18:52 Robert-vm2 NetworkManager[961]: <info>  [1603304332.8176] dhcp4 (ens192): option requested_root_path  => '1'
Oct 21 14:18:52 Robert-vm2 NetworkManager[961]: <info>  [1603304332.8176] dhcp4 (ens192): option requested_routers    => '1'
Oct 21 14:18:52 Robert-vm2 NetworkManager[961]: <info>  [1603304332.8176] dhcp4 (ens192): option requested_static_routes => '1'
Oct 21 14:18:52 Robert-vm2 NetworkManager[961]: <info>  [1603304332.8176] dhcp4 (ens192): option requested_subnet_mask => '1'
Oct 21 14:18:52 Robert-vm2 NetworkManager[961]: <info>  [1603304332.8176] dhcp4 (ens192): option requested_time_offset => '1'
Oct 21 14:18:52 Robert-vm2 NetworkManager[961]: <info>  [1603304332.8176] dhcp4 (ens192): option requested_wpad       => '1'
Oct 21 14:18:52 Robert-vm2 NetworkManager[961]: <info>  [1603304332.8176] dhcp4 (ens192): option routers              => '172.16.255.1'
Oct 21 14:18:52 Robert-vm2 NetworkManager[961]: <info>  [1603304332.8176] dhcp4 (ens192): option subnet_mask          => '255.255.0.0'
Oct 21 14:18:52 Robert-vm2 NetworkManager[961]: <info>  [1603304332.8177] dhcp4 (ens192): state changed unknown -> bound
Oct 21 14:18:52 Robert-vm2 NetworkManager[961]: <info>  [1603304332.8186] device (ens192): state change: ip-config -> ip-check (reason 'none', sys-iface-state: 'managed')
Oct 21 14:18:52 Robert-vm2 NetworkManager[961]: <info>  [1603304332.8266] device (ens192): state change: ip-check -> secondaries (reason 'none', sys-iface-state: 'managed')
Oct 21 14:18:52 Robert-vm2 NetworkManager[961]: <info>  [1603304332.8268] device (ens192): state change: secondaries -> activated (reason 'none', sys-iface-state: 'managed')
Oct 21 14:18:52 Robert-vm2 NetworkManager[961]: <info>  [1603304332.8272] manager: NetworkManager state is now CONNECTED_LOCAL
Oct 21 14:18:52 Robert-vm2 NetworkManager[961]: <info>  [1603304332.8279] manager: NetworkManager state is now CONNECTED_SITE
Oct 21 14:18:52 Robert-vm2 NetworkManager[961]: <info>  [1603304332.8280] policy: set 'ens192' (ens192) as default for IPv4 routing and DNS
Oct 21 14:18:52 Robert-vm2 NetworkManager[961]: <info>  [1603304332.8311] device (ens192): Activation: successful, device activated.
Oct 21 14:18:52 Robert-vm2 NetworkManager[961]: <info>  [1603304332.8316] manager: NetworkManager state is now CONNECTED_GLOBAL
Oct 21 15:17:05 Robert-vm2 systemd[1]: Starting dnf makecache...
Oct 21 15:17:05 Robert-vm2 dnf[44919]: Metadata cache refreshed recently.
Oct 21 15:17:06 Robert-vm2 systemd[1]: Started dnf makecache.
Oct 21 16:17:07 Robert-vm2 systemd[1]: Starting dnf makecache...
Oct 21 16:17:08 Robert-vm2 dnf[44944]: Metadata cache refreshed recently.
Oct 21 16:17:08 Robert-vm2 systemd[1]: Started dnf makecache.
Oct 21 17:17:13 Robert-vm2 systemd[1]: Starting dnf makecache...
Oct 21 17:17:13 Robert-vm2 dnf[44969]: CentOS-8 - AppStream                             27 kB/s | 4.3 kB     00:00
Oct 21 17:17:13 Robert-vm2 dnf[44969]: CentOS-8 - Base                                  11 kB/s | 3.9 kB     00:00
Oct 21 17:17:14 Robert-vm2 dnf[44969]: CentOS-8 - Extras                               5.3 kB/s | 1.5 kB     00:00
Oct 21 17:17:14 Robert-vm2 dnf[44969]: Metadata cache created.
Oct 21 17:17:14 Robert-vm2 systemd[1]: Started dnf makecache.
Oct 21 18:17:16 Robert-vm2 systemd[1]: Starting dnf makecache...
Oct 21 18:17:17 Robert-vm2 dnf[45013]: Metadata cache refreshed recently.
Oct 21 18:17:17 Robert-vm2 systemd[1]: Started dnf makecache.
Oct 21 18:38:00 Robert-vm2 su[45024]: FAILED SU (to student) student on tty6
Oct 21 18:43:53 Robert-vm2 su[45034]: FAILED SU (to student) student on tty6
Oct 21 18:45:18 Robert-vm2 su[45037]: (to student) student on tty6
Oct 21 18:45:22 Robert-vm2 su[45067]: (to root) student on tty6
Oct 21 18:45:40 Robert-vm2 systemd[1]: Started /usr/bin/systemctl start man-db-cache-update.
Oct 21 18:45:41 Robert-vm2 systemd[1]: Starting man-db-cache-update.service...
Oct 21 18:45:41 Robert-vm2 systemd[1]: Reloading.
Oct 21 18:45:48 Robert-vm2 systemd[1]: Started man-db-cache-update.service.
Oct 21 18:48:08 Robert-vm2 systemd[1]: Starting Generate rndc key for BIND (DNS)...
Oct 21 18:48:08 Robert-vm2 generate-rndc-key.sh[56268]: Generating /etc/rndc.key:[  OK  ]
Oct 21 18:48:08 Robert-vm2 systemd[1]: Started Generate rndc key for BIND (DNS).
Oct 21 18:48:08 Robert-vm2 systemd[1]: Starting Berkeley Internet Name Domain (DNS)...
Oct 21 18:48:08 Robert-vm2 bash[56277]: zone localhost.localdomain/IN: loaded serial 0
Oct 21 18:48:08 Robert-vm2 bash[56277]: zone localhost/IN: loaded serial 0
Oct 21 18:48:08 Robert-vm2 bash[56277]: zone 1.0.0.0.0.0.0.0.0.0.0.0.0.0.0.0.0.0.0.0.0.0.0.0.0.0.0.0.0.0.0.0.ip6.arpa/IN: loaded serial 0
Oct 21 18:48:08 Robert-vm2 bash[56277]: zone 1.0.0.127.in-addr.arpa/IN: loaded serial 0
Oct 21 18:48:08 Robert-vm2 bash[56277]: zone 0.in-addr.arpa/IN: loaded serial 0
Oct 21 18:48:08 Robert-vm2 named[56282]: starting BIND 9.11.13-RedHat-9.11.13-6.el8_2.1 (Extended Support Version) <id:ad4df16>
Oct 21 18:48:08 Robert-vm2 named[56282]: running on Linux x86_64 4.18.0-193.el8.x86_64 #1 SMP Fri May 8 10:59:10 UTC 2020
Oct 21 18:48:08 Robert-vm2 named[56282]: built with '--build=x86_64-redhat-linux-gnu' '--host=x86_64-redhat-linux-gnu' '--program-prefix=' '--disable-dependency-tracking' '--prefix=/usr' '--exec-prefix=/usr' '--bindir=/usr/bin' '--sbindir=/usr/sbin' '--sysconfdir=/etc' '--datadir=/usr/share' '--includedir=/usr/include' '--libdir=/usr/lib64' '--libexecdir=/usr/libexec' '--sharedstatedir=/var/lib' '--mandir=/usr/share/man' '--infodir=/usr/share/info' '--with-python=/usr/libexec/platform-python' '--with-libtool' '--localstatedir=/var' '--enable-threads' '--enable-ipv6' '--enable-filter-aaaa' '--with-pic' '--disable-static' '--includedir=/usr/include/bind9' '--with-tuning=large' '--with-libidn2' '--enable-openssl-hash' '--with-geoip2' '--enable-native-pkcs11' '--with-pkcs11=/usr/lib64/pkcs11/libsofthsm2.so' '--with-dlopen=yes' '--with-dlz-ldap=yes' '--with-dlz-postgres=yes' '--with-dlz-mysql=yes' '--with-dlz-filesystem=yes' '--with-dlz-bdb=yes' '--with-gssapi=yes' '--disable-isc-spnego' '--with-lmdb=no' '--with-cmocka' '--enable-fixed-rrset' '--with-docbook-xsl=/usr/share/sgml/docbook/xsl-stylesheets' '--enable-full-report' 'build_alias=x86_64-redhat-linux-gnu' 'host_alias=x86_64-redhat-linux-gnu' 'CFLAGS= -O2 -g -pipe -Wall -Werror=format-security -Wp,-D_FORTIFY_SOURCE=2 -Wp,-D_GLIBCXX_ASSERTIONS -fexceptions -fstack-protector-strong -grecord-gcc-switches -specs=/usr/lib/rpm/redhat/redhat-hardened-cc1 -specs=/usr/lib/rpm/redhat/redhat-annobin-cc1 -m64 -mtune=generic -fasynchronous-unwind-tables -fstack-clash-protection -fcf-protection' 'LDFLAGS=-Wl,-z,relro -Wl,-z,now -specs=/usr/lib/rpm/redhat/redhat-hardened-ld' 'CPPFLAGS= -DDIG_SIGCHASE' 'PKG_CONFIG_PATH=:/usr/lib64/pkgconfig:/usr/share/pkgconfig'
Oct 21 18:48:08 Robert-vm2 named[56282]: running as: named -u named -c /etc/named.conf -4
Oct 21 18:48:08 Robert-vm2 named[56282]: compiled by GCC 8.3.1 20191121 (Red Hat 8.3.1-5)
Oct 21 18:48:08 Robert-vm2 named[56282]: compiled with OpenSSL version: OpenSSL 1.1.1c FIPS  28 May 2019
Oct 21 18:48:08 Robert-vm2 named[56282]: linked to OpenSSL version: OpenSSL 1.1.1c FIPS  28 May 2019
Oct 21 18:48:08 Robert-vm2 named[56282]: compiled with libxml2 version: 2.9.7
Oct 21 18:48:08 Robert-vm2 named[56282]: linked to libxml2 version: 20907
Oct 21 18:48:08 Robert-vm2 named[56282]: compiled with zlib version: 1.2.11
Oct 21 18:48:08 Robert-vm2 named[56282]: linked to zlib version: 1.2.11
Oct 21 18:48:08 Robert-vm2 named[56282]: threads support is enabled
Oct 21 18:48:08 Robert-vm2 named[56282]: ----------------------------------------------------
Oct 21 18:48:08 Robert-vm2 named[56282]: BIND 9 is maintained by Internet Systems Consortium,
Oct 21 18:48:08 Robert-vm2 named[56282]: Inc. (ISC), a non-profit 501(c)(3) public-benefit
Oct 21 18:48:08 Robert-vm2 named[56282]: corporation.  Support and training for BIND 9 are
Oct 21 18:48:08 Robert-vm2 named[56282]: available at https://www.isc.org/support
Oct 21 18:48:08 Robert-vm2 named[56282]: ----------------------------------------------------
Oct 21 18:48:08 Robert-vm2 named[56282]: adjusted limit on open files from 262144 to 1048576
Oct 21 18:48:08 Robert-vm2 named[56282]: found 1 CPU, using 1 worker thread
Oct 21 18:48:08 Robert-vm2 named[56282]: using 1 UDP listener per interface
Oct 21 18:48:08 Robert-vm2 named[56282]: using up to 21000 sockets
Oct 21 18:48:08 Robert-vm2 named[56282]: loading configuration from '/etc/named.conf'
Oct 21 18:48:08 Robert-vm2 named[56282]: unable to open '/etc/bind.keys'; using built-in keys instead
Oct 21 18:48:08 Robert-vm2 named[56282]: looking for GeoIP2 databases in '/usr/share/GeoIP'
Oct 21 18:48:08 Robert-vm2 named[56282]: opened GeoIP2 database '/usr/share/GeoIP/GeoLite2-Country.mmdb'
Oct 21 18:48:08 Robert-vm2 named[56282]: opened GeoIP2 database '/usr/share/GeoIP/GeoLite2-City.mmdb'
Oct 21 18:48:08 Robert-vm2 named[56282]: using default UDP/IPv4 port range: [32768, 60999]
Oct 21 18:48:08 Robert-vm2 named[56282]: listening on IPv4 interface lo, 127.0.0.1#53
Oct 21 18:48:08 Robert-vm2 named[56282]: generating session key for dynamic DNS
Oct 21 18:48:08 Robert-vm2 named[56282]: sizing zone task pool based on 6 zones
Oct 21 18:48:08 Robert-vm2 named[56282]: none:104: 'max-cache-size 90%' - setting to 1644MB (out of 1826MB)
Oct 21 18:48:08 Robert-vm2 named[56282]: set up managed keys zone for view _default, file '/var/named/dynamic/managed-keys.bind'
Oct 21 18:48:08 Robert-vm2 named[56282]: automatic empty zone: 10.IN-ADDR.ARPA
Oct 21 18:48:08 Robert-vm2 named[56282]: automatic empty zone: 16.172.IN-ADDR.ARPA
Oct 21 18:48:08 Robert-vm2 named[56282]: automatic empty zone: 17.172.IN-ADDR.ARPA
Oct 21 18:48:08 Robert-vm2 named[56282]: automatic empty zone: 18.172.IN-ADDR.ARPA
Oct 21 18:48:08 Robert-vm2 named[56282]: automatic empty zone: 19.172.IN-ADDR.ARPA
Oct 21 18:48:08 Robert-vm2 named[56282]: automatic empty zone: 20.172.IN-ADDR.ARPA
Oct 21 18:48:08 Robert-vm2 named[56282]: automatic empty zone: 21.172.IN-ADDR.ARPA
Oct 21 18:48:08 Robert-vm2 named[56282]: automatic empty zone: 22.172.IN-ADDR.ARPA
Oct 21 18:48:08 Robert-vm2 named[56282]: automatic empty zone: 23.172.IN-ADDR.ARPA
Oct 21 18:48:08 Robert-vm2 named[56282]: automatic empty zone: 24.172.IN-ADDR.ARPA
Oct 21 18:48:08 Robert-vm2 named[56282]: automatic empty zone: 25.172.IN-ADDR.ARPA
Oct 21 18:48:08 Robert-vm2 named[56282]: automatic empty zone: 26.172.IN-ADDR.ARPA
Oct 21 18:48:08 Robert-vm2 named[56282]: automatic empty zone: 27.172.IN-ADDR.ARPA
Oct 21 18:48:08 Robert-vm2 named[56282]: automatic empty zone: 28.172.IN-ADDR.ARPA
Oct 21 18:48:08 Robert-vm2 named[56282]: automatic empty zone: 29.172.IN-ADDR.ARPA
Oct 21 18:48:08 Robert-vm2 named[56282]: automatic empty zone: 30.172.IN-ADDR.ARPA
Oct 21 18:48:08 Robert-vm2 named[56282]: automatic empty zone: 31.172.IN-ADDR.ARPA
Oct 21 18:48:08 Robert-vm2 named[56282]: automatic empty zone: 168.192.IN-ADDR.ARPA
Oct 21 18:48:08 Robert-vm2 named[56282]: automatic empty zone: 64.100.IN-ADDR.ARPA
Oct 21 18:48:08 Robert-vm2 named[56282]: automatic empty zone: 65.100.IN-ADDR.ARPA
Oct 21 18:48:08 Robert-vm2 named[56282]: automatic empty zone: 66.100.IN-ADDR.ARPA
Oct 21 18:48:08 Robert-vm2 named[56282]: automatic empty zone: 67.100.IN-ADDR.ARPA
Oct 21 18:48:08 Robert-vm2 named[56282]: automatic empty zone: 68.100.IN-ADDR.ARPA
Oct 21 18:48:08 Robert-vm2 named[56282]: automatic empty zone: 69.100.IN-ADDR.ARPA
Oct 21 18:48:08 Robert-vm2 named[56282]: automatic empty zone: 70.100.IN-ADDR.ARPA
Oct 21 18:48:08 Robert-vm2 named[56282]: automatic empty zone: 71.100.IN-ADDR.ARPA
Oct 21 18:48:08 Robert-vm2 named[56282]: automatic empty zone: 72.100.IN-ADDR.ARPA
Oct 21 18:48:08 Robert-vm2 named[56282]: automatic empty zone: 73.100.IN-ADDR.ARPA
Oct 21 18:48:08 Robert-vm2 named[56282]: automatic empty zone: 74.100.IN-ADDR.ARPA
Oct 21 18:48:08 Robert-vm2 named[56282]: automatic empty zone: 75.100.IN-ADDR.ARPA
Oct 21 18:48:08 Robert-vm2 named[56282]: automatic empty zone: 76.100.IN-ADDR.ARPA
Oct 21 18:48:08 Robert-vm2 named[56282]: automatic empty zone: 77.100.IN-ADDR.ARPA
Oct 21 18:48:08 Robert-vm2 named[56282]: automatic empty zone: 78.100.IN-ADDR.ARPA
Oct 21 18:48:08 Robert-vm2 named[56282]: automatic empty zone: 79.100.IN-ADDR.ARPA
Oct 21 18:48:08 Robert-vm2 named[56282]: automatic empty zone: 80.100.IN-ADDR.ARPA
Oct 21 18:48:08 Robert-vm2 named[56282]: automatic empty zone: 81.100.IN-ADDR.ARPA
Oct 21 18:48:08 Robert-vm2 named[56282]: automatic empty zone: 82.100.IN-ADDR.ARPA
Oct 21 18:48:08 Robert-vm2 named[56282]: automatic empty zone: 83.100.IN-ADDR.ARPA
Oct 21 18:48:08 Robert-vm2 named[56282]: automatic empty zone: 84.100.IN-ADDR.ARPA
Oct 21 18:48:08 Robert-vm2 named[56282]: automatic empty zone: 85.100.IN-ADDR.ARPA
Oct 21 18:48:08 Robert-vm2 named[56282]: automatic empty zone: 86.100.IN-ADDR.ARPA
Oct 21 18:48:08 Robert-vm2 named[56282]: automatic empty zone: 87.100.IN-ADDR.ARPA
Oct 21 18:48:08 Robert-vm2 named[56282]: automatic empty zone: 88.100.IN-ADDR.ARPA
Oct 21 18:48:08 Robert-vm2 named[56282]: automatic empty zone: 89.100.IN-ADDR.ARPA
Oct 21 18:48:08 Robert-vm2 named[56282]: automatic empty zone: 90.100.IN-ADDR.ARPA
Oct 21 18:48:08 Robert-vm2 named[56282]: automatic empty zone: 91.100.IN-ADDR.ARPA
Oct 21 18:48:08 Robert-vm2 named[56282]: automatic empty zone: 92.100.IN-ADDR.ARPA
Oct 21 18:48:08 Robert-vm2 named[56282]: automatic empty zone: 93.100.IN-ADDR.ARPA
Oct 21 18:48:08 Robert-vm2 named[56282]: automatic empty zone: 94.100.IN-ADDR.ARPA
Oct 21 18:48:08 Robert-vm2 named[56282]: automatic empty zone: 95.100.IN-ADDR.ARPA
Oct 21 18:48:08 Robert-vm2 named[56282]: automatic empty zone: 96.100.IN-ADDR.ARPA
Oct 21 18:48:08 Robert-vm2 named[56282]: automatic empty zone: 97.100.IN-ADDR.ARPA
Oct 21 18:48:08 Robert-vm2 named[56282]: automatic empty zone: 98.100.IN-ADDR.ARPA
Oct 21 18:48:08 Robert-vm2 named[56282]: automatic empty zone: 99.100.IN-ADDR.ARPA
Oct 21 18:48:08 Robert-vm2 named[56282]: automatic empty zone: 100.100.IN-ADDR.ARPA
Oct 21 18:48:08 Robert-vm2 named[56282]: automatic empty zone: 101.100.IN-ADDR.ARPA
Oct 21 18:48:08 Robert-vm2 named[56282]: automatic empty zone: 102.100.IN-ADDR.ARPA
Oct 21 18:48:08 Robert-vm2 named[56282]: automatic empty zone: 103.100.IN-ADDR.ARPA
Oct 21 18:48:08 Robert-vm2 named[56282]: automatic empty zone: 104.100.IN-ADDR.ARPA
Oct 21 18:48:08 Robert-vm2 named[56282]: automatic empty zone: 105.100.IN-ADDR.ARPA
Oct 21 18:48:08 Robert-vm2 named[56282]: automatic empty zone: 106.100.IN-ADDR.ARPA
Oct 21 18:48:08 Robert-vm2 named[56282]: automatic empty zone: 107.100.IN-ADDR.ARPA
Oct 21 18:48:08 Robert-vm2 named[56282]: automatic empty zone: 108.100.IN-ADDR.ARPA
Oct 21 18:48:08 Robert-vm2 named[56282]: automatic empty zone: 109.100.IN-ADDR.ARPA
Oct 21 18:48:08 Robert-vm2 named[56282]: automatic empty zone: 110.100.IN-ADDR.ARPA
Oct 21 18:48:08 Robert-vm2 named[56282]: automatic empty zone: 111.100.IN-ADDR.ARPA
Oct 21 18:48:08 Robert-vm2 named[56282]: automatic empty zone: 112.100.IN-ADDR.ARPA
Oct 21 18:48:08 Robert-vm2 named[56282]: automatic empty zone: 113.100.IN-ADDR.ARPA
Oct 21 18:48:08 Robert-vm2 named[56282]: automatic empty zone: 114.100.IN-ADDR.ARPA
Oct 21 18:48:08 Robert-vm2 named[56282]: automatic empty zone: 115.100.IN-ADDR.ARPA
Oct 21 18:48:08 Robert-vm2 named[56282]: automatic empty zone: 116.100.IN-ADDR.ARPA
Oct 21 18:48:08 Robert-vm2 named[56282]: automatic empty zone: 117.100.IN-ADDR.ARPA
Oct 21 18:48:08 Robert-vm2 named[56282]: automatic empty zone: 118.100.IN-ADDR.ARPA
Oct 21 18:48:08 Robert-vm2 named[56282]: automatic empty zone: 119.100.IN-ADDR.ARPA
Oct 21 18:48:08 Robert-vm2 named[56282]: automatic empty zone: 120.100.IN-ADDR.ARPA
Oct 21 18:48:08 Robert-vm2 named[56282]: automatic empty zone: 121.100.IN-ADDR.ARPA
Oct 21 18:48:08 Robert-vm2 named[56282]: automatic empty zone: 122.100.IN-ADDR.ARPA
Oct 21 18:48:08 Robert-vm2 named[56282]: automatic empty zone: 123.100.IN-ADDR.ARPA
Oct 21 18:48:08 Robert-vm2 named[56282]: automatic empty zone: 124.100.IN-ADDR.ARPA
Oct 21 18:48:08 Robert-vm2 named[56282]: automatic empty zone: 125.100.IN-ADDR.ARPA
Oct 21 18:48:08 Robert-vm2 named[56282]: automatic empty zone: 126.100.IN-ADDR.ARPA
Oct 21 18:48:08 Robert-vm2 named[56282]: automatic empty zone: 127.100.IN-ADDR.ARPA
Oct 21 18:48:08 Robert-vm2 named[56282]: automatic empty zone: 127.IN-ADDR.ARPA
Oct 21 18:48:08 Robert-vm2 named[56282]: automatic empty zone: 254.169.IN-ADDR.ARPA
Oct 21 18:48:08 Robert-vm2 named[56282]: automatic empty zone: 2.0.192.IN-ADDR.ARPA
Oct 21 18:48:08 Robert-vm2 named[56282]: automatic empty zone: 100.51.198.IN-ADDR.ARPA
Oct 21 18:48:08 Robert-vm2 named[56282]: automatic empty zone: 113.0.203.IN-ADDR.ARPA
Oct 21 18:48:08 Robert-vm2 named[56282]: automatic empty zone: 255.255.255.255.IN-ADDR.ARPA
Oct 21 18:48:08 Robert-vm2 named[56282]: automatic empty zone: 0.0.0.0.0.0.0.0.0.0.0.0.0.0.0.0.0.0.0.0.0.0.0.0.0.0.0.0.0.0.0.0.IP6.ARPA
Oct 21 18:48:08 Robert-vm2 named[56282]: automatic empty zone: D.F.IP6.ARPA
Oct 21 18:48:08 Robert-vm2 named[56282]: automatic empty zone: 8.E.F.IP6.ARPA
Oct 21 18:48:08 Robert-vm2 named[56282]: automatic empty zone: 9.E.F.IP6.ARPA
Oct 21 18:48:08 Robert-vm2 named[56282]: automatic empty zone: A.E.F.IP6.ARPA
Oct 21 18:48:08 Robert-vm2 named[56282]: automatic empty zone: B.E.F.IP6.ARPA
Oct 21 18:48:08 Robert-vm2 named[56282]: automatic empty zone: 8.B.D.0.1.0.0.2.IP6.ARPA
Oct 21 18:48:08 Robert-vm2 named[56282]: automatic empty zone: EMPTY.AS112.ARPA
Oct 21 18:48:08 Robert-vm2 named[56282]: automatic empty zone: HOME.ARPA
Oct 21 18:48:08 Robert-vm2 named[56282]: none:104: 'max-cache-size 90%' - setting to 1644MB (out of 1826MB)
Oct 21 18:48:08 Robert-vm2 named[56282]: configuring command channel from '/etc/rndc.key'
Oct 21 18:48:08 Robert-vm2 named[56282]: command channel listening on 127.0.0.1#953
Oct 21 18:48:08 Robert-vm2 named[56282]: managed-keys-zone: loaded serial 0
Oct 21 18:48:08 Robert-vm2 named[56282]: zone 0.in-addr.arpa/IN: loaded serial 0
Oct 21 18:48:08 Robert-vm2 named[56282]: zone 1.0.0.127.in-addr.arpa/IN: loaded serial 0
Oct 21 18:48:08 Robert-vm2 named[56282]: zone 1.0.0.0.0.0.0.0.0.0.0.0.0.0.0.0.0.0.0.0.0.0.0.0.0.0.0.0.0.0.0.0.ip6.arpa/IN: loaded serial 0
Oct 21 18:48:08 Robert-vm2 named[56282]: zone localhost/IN: loaded serial 0
Oct 21 18:48:08 Robert-vm2 named[56282]: zone localhost.localdomain/IN: loaded serial 0
Oct 21 18:48:08 Robert-vm2 named[56282]: all zones loaded
Oct 21 18:48:08 Robert-vm2 named[56282]: running
Oct 21 18:48:08 Robert-vm2 systemd[1]: Started Berkeley Internet Name Domain (DNS).
Oct 21 18:48:08 Robert-vm2 systemd[1]: Reached target Host and Network Name Lookups.
Oct 21 18:48:08 Robert-vm2 named[56282]: managed-keys-zone: Key 20326 for zone . acceptance timer complete: key now trusted
Oct 21 18:48:08 Robert-vm2 named[56282]: resolver priming query complete
Oct 21 18:48:12 Robert-vm2 systemd[1]: Reloading.
Oct 21 18:50:00 Robert-vm2 systemd[1]: Starting SSSD Kerberos Cache Manager...
Oct 21 18:50:00 Robert-vm2 systemd[1]: Started SSSD Kerberos Cache Manager.
Oct 21 18:50:00 Robert-vm2 sssd[kcm][56308]: Starting up
Oct 21 18:57:08 Robert-vm2 systemd[1]: Started /usr/bin/systemctl start man-db-cache-update.
Oct 21 18:57:08 Robert-vm2 systemd[1]: Starting man-db-cache-update.service...
Oct 21 18:57:09 Robert-vm2 systemd[1]: Started man-db-cache-update.service.
Oct 21 18:57:30 Robert-vm2 sssd[kcm][56308]: Shutting down (status = 0)
Oct 21 19:17:20 Robert-vm2 systemd[1]: Starting dnf makecache...
Oct 21 19:17:20 Robert-vm2 dnf[56752]: Metadata cache refreshed recently.
Oct 21 19:17:20 Robert-vm2 systemd[1]: Started dnf makecache.
Oct 21 20:17:24 Robert-vm2 systemd[1]: Starting dnf makecache...
Oct 21 20:17:24 Robert-vm2 dnf[56778]: CentOS-8 - AppStream                             12 kB/s | 4.3 kB     00:00
Oct 21 20:17:25 Robert-vm2 dnf[56778]: CentOS-8 - Base                                  12 kB/s | 3.9 kB     00:00
Oct 21 20:17:25 Robert-vm2 dnf[56778]: CentOS-8 - Extras                               2.8 kB/s | 1.5 kB     00:00
Oct 21 20:17:26 Robert-vm2 dnf[56778]: Metadata cache created.
Oct 21 20:17:26 Robert-vm2 systemd[1]: Started dnf makecache.
Oct 21 21:17:27 Robert-vm2 systemd[1]: Starting dnf makecache...
Oct 21 21:17:28 Robert-vm2 dnf[56822]: Metadata cache refreshed recently.
Oct 21 21:17:28 Robert-vm2 systemd[1]: Started dnf makecache.
Oct 21 21:51:09 rjacinto1-web kernel: Command line: BOOT_IMAGE=(hd0,msdos1)/vmlinuz-4.18.0-193.19.1.el8_2.x86_64 root=/dev/mapper/cl-root ro crashkernel=auto resume=/dev/mapper/cl-swap rd.lvm.lv=cl/root rd.lvm.lv=cl/swap rhgb quiet
Oct 21 21:51:09 rjacinto1-web kernel: Disabled fast string operations
Oct 21 21:51:09 rjacinto1-web kernel: x86/fpu: Supporting XSAVE feature 0x001: 'x87 floating point registers'
Oct 21 21:51:09 rjacinto1-web kernel: x86/fpu: Supporting XSAVE feature 0x002: 'SSE registers'
Oct 21 21:51:09 rjacinto1-web kernel: x86/fpu: Supporting XSAVE feature 0x004: 'AVX registers'
Oct 21 21:51:09 rjacinto1-web kernel: x86/fpu: xstate_offset[2]:  576, xstate_sizes[2]:  256
Oct 21 21:51:09 rjacinto1-web kernel: x86/fpu: Enabled xstate features 0x7, context size is 832 bytes, using 'standard' format.
Oct 21 21:51:09 rjacinto1-web kernel: BIOS-provided physical RAM map:
Oct 21 21:51:09 rjacinto1-web kernel: BIOS-e820: [mem 0x0000000000000000-0x000000000009f3ff] usable
Oct 21 21:51:09 rjacinto1-web kernel: BIOS-e820: [mem 0x000000000009f400-0x000000000009ffff] reserved
Oct 21 21:51:09 rjacinto1-web kernel: BIOS-e820: [mem 0x00000000000dc000-0x00000000000fffff] reserved
Oct 21 21:51:09 rjacinto1-web kernel: BIOS-e820: [mem 0x0000000000100000-0x000000007fedffff] usable
