Nov 15 03:32:01 zhonderich-pri systemd[1]: Reloading Berkeley Internet Name Domain (DNS).
Nov 15 03:32:01 zhonderich-pri named[2237]: received control channel command 'reload'
Nov 15 03:32:01 zhonderich-pri named[2237]: loading configuration from '/etc/named.conf'
Nov 15 03:32:01 zhonderich-pri named[2237]: unable to open '/etc/bind.keys'; using built-in keys instead
Nov 15 03:32:01 zhonderich-pri named[2237]: looking for GeoIP2 databases in '/usr/share/GeoIP'
Nov 15 03:32:01 zhonderich-pri named[2237]: opened GeoIP2 database '/usr/share/GeoIP/GeoLite2-Country.mmdb'
Nov 15 03:32:01 zhonderich-pri named[2237]: opened GeoIP2 database '/usr/share/GeoIP/GeoLite2-City.mmdb'
Nov 15 03:32:01 zhonderich-pri named[2237]: using default UDP/IPv4 port range: [32768, 60999]
Nov 15 03:32:01 zhonderich-pri named[2237]: using default UDP/IPv6 port range: [32768, 60999]
Nov 15 03:32:01 zhonderich-pri named[2237]: sizing zone task pool based on 3 zones
Nov 15 03:32:01 zhonderich-pri named[2237]: none:104: 'max-cache-size 90%' - setting to 1644MB (out of 1826MB)
Nov 15 03:32:01 zhonderich-pri named[2237]: none:104: 'max-cache-size 90%' - setting to 1644MB (out of 1826MB)
Nov 15 03:32:01 zhonderich-pri named[2237]: configuring command channel from '/etc/rndc.key'
Nov 15 03:32:01 zhonderich-pri named[2237]: configuring command channel from '/etc/rndc.key'
Nov 15 03:32:01 zhonderich-pri named[2237]: reloading configuration succeeded
Nov 15 03:32:01 zhonderich-pri named[2237]: reloading zones succeeded
Nov 15 03:32:01 zhonderich-pri named[2237]: all zones loaded
Nov 15 03:32:01 zhonderich-pri named[2237]: running
Nov 15 03:32:01 zhonderich-pri sh[2603]: server reload successful
Nov 15 03:32:01 zhonderich-pri systemd[1]: Reloaded Berkeley Internet Name Domain (DNS).
Nov 15 03:32:01 zhonderich-pri rsyslogd[1152]: [origin software="rsyslogd" swVersion="8.1911.0-3.el8" x-pid="1152" x-info="https://www.rsyslog.com"] rsyslogd was HUPed
Nov 15 04:09:21 zhonderich-pri systemd[1]: Starting dnf makecache...
Nov 15 04:09:21 zhonderich-pri dnf[2642]: Metadata cache refreshed recently.
Nov 15 04:09:21 zhonderich-pri systemd[1]: Started dnf makecache.
Nov 15 05:10:21 zhonderich-pri systemd[1]: Starting dnf makecache...
Nov 15 05:17:01 zhonderich-pri dnf[2665]: CentOS-8 - AppStream                            0.0  B/s |   0  B     06:40
Nov 15 05:17:01 zhonderich-pri dnf[2665]: Errors during downloading metadata for repository 'AppStream':
Nov 15 05:17:01 zhonderich-pri dnf[2665]:  - Curl error (28): Timeout was reached for http://mirrorlist.centos.org/?release=8&arch=x86_64&repo=AppStream&infra=stock [Resolving timed out after 30000 milliseconds]
Nov 15 05:17:01 zhonderich-pri dnf[2665]:  - Curl error (6): Couldn't resolve host name for http://mirrorlist.centos.org/?release=8&arch=x86_64&repo=AppStream&infra=stock [Could not resolve host: mirrorlist.centos.org]
Nov 15 05:17:01 zhonderich-pri dnf[2665]: Error: Failed to download metadata for repo 'AppStream': Cannot prepare internal mirrorlist: Curl error (28): Timeout was reached for http://mirrorlist.centos.org/?release=8&arch=x86_64&repo=AppStream&infra=stock [Resolving timed out after 30000 milliseconds]
Nov 15 05:17:01 zhonderich-pri systemd[1]: dnf-makecache.service: Main process exited, code=exited, status=1/FAILURE
Nov 15 05:17:01 zhonderich-pri systemd[1]: dnf-makecache.service: Failed with result 'exit-code'.
Nov 15 05:17:01 zhonderich-pri systemd[1]: Failed to start dnf makecache.
Nov 15 06:17:21 zhonderich-pri systemd[1]: Starting dnf makecache...
Nov 15 06:17:21 zhonderich-pri dnf[2702]: Metadata cache refreshed recently.
Nov 15 06:17:21 zhonderich-pri systemd[1]: Started dnf makecache.
Nov 15 06:22:24 zhonderich-pri NetworkManager[988]: <error> [1605439344.4904] dhcp4 (ens192): error -113 dispatching events
Nov 15 06:22:24 zhonderich-pri NetworkManager[988]: <info>  [1605439344.4912] dhcp4 (ens192): state changed bound -> fail
Nov 15 06:22:24 zhonderich-pri NetworkManager[988]: <info>  [1605439344.4913] device (ens192): DHCPv4: trying to acquire a new lease within 90 seconds
Nov 15 06:23:54 zhonderich-pri NetworkManager[988]: <info>  [1605439434.7209] device (ens192): DHCPv4: grace period expired
Nov 15 06:23:54 zhonderich-pri NetworkManager[988]: <info>  [1605439434.7210] device (ens192): state change: activated -> failed (reason 'ip-config-unavailable', sys-iface-state: 'managed')
Nov 15 06:23:54 zhonderich-pri NetworkManager[988]: <warn>  [1605439434.7223] device (ens192): Activation: failed for connection 'ens192'
Nov 15 06:23:54 zhonderich-pri NetworkManager[988]: <info>  [1605439434.7231] device (ens192): state change: failed -> disconnected (reason 'none', sys-iface-state: 'managed')
Nov 15 06:23:54 zhonderich-pri NetworkManager[988]: <info>  [1605439434.7248] dhcp4 (ens192): canceled DHCP transaction
Nov 15 06:23:54 zhonderich-pri NetworkManager[988]: <info>  [1605439434.7248] dhcp4 (ens192): state changed fail -> done
Nov 15 06:23:54 zhonderich-pri dbus-daemon[959]: [system] Activating via systemd: service name='org.freedesktop.nm_dispatcher' unit='dbus-org.freedesktop.nm-dispatcher.service' requested by ':1.7' (uid=0 pid=988 comm="/usr/sbin/NetworkManager --no-daemon " label="system_u:system_r:NetworkManager_t:s0")
Nov 15 06:23:54 zhonderich-pri systemd[1]: Starting Network Manager Script Dispatcher Service...
Nov 15 06:23:54 zhonderich-pri named[2237]: no longer listening on 172.16.12.3#53
Nov 15 06:23:54 zhonderich-pri NetworkManager[988]: <info>  [1605439434.7580] policy: auto-activating connection 'ens192' (29b6e258-0ffd-4ee3-8f2d-2126105eee4f)
Nov 15 06:23:54 zhonderich-pri NetworkManager[988]: <info>  [1605439434.7590] device (ens192): Activation: starting connection 'ens192' (29b6e258-0ffd-4ee3-8f2d-2126105eee4f)
Nov 15 06:23:54 zhonderich-pri NetworkManager[988]: <info>  [1605439434.7591] device (ens192): state change: disconnected -> prepare (reason 'none', sys-iface-state: 'managed')
Nov 15 06:23:54 zhonderich-pri NetworkManager[988]: <info>  [1605439434.7594] device (ens192): state change: prepare -> config (reason 'none', sys-iface-state: 'managed')
Nov 15 06:23:54 zhonderich-pri NetworkManager[988]: <info>  [1605439434.7705] device (ens192): state change: config -> ip-config (reason 'none', sys-iface-state: 'managed')
Nov 15 06:23:54 zhonderich-pri NetworkManager[988]: <info>  [1605439434.7708] dhcp4 (ens192): activation: beginning transaction (timeout in 45 seconds)
Nov 15 06:23:54 zhonderich-pri dbus-daemon[959]: [system] Successfully activated service 'org.freedesktop.nm_dispatcher'
Nov 15 06:23:54 zhonderich-pri systemd[1]: Started Network Manager Script Dispatcher Service.
Nov 15 06:23:54 zhonderich-pri NetworkManager[988]: <info>  [1605439434.7824] dhcp4 (ens192): option dhcp_lease_time      => '86400'
Nov 15 06:23:54 zhonderich-pri NetworkManager[988]: <info>  [1605439434.7824] dhcp4 (ens192): option domain_name_servers  => '10.102.100.22 10.101.100.42 10.101.100.41'
Nov 15 06:23:54 zhonderich-pri NetworkManager[988]: <info>  [1605439434.7824] dhcp4 (ens192): option expiry               => '1605525834'
Nov 15 06:23:54 zhonderich-pri NetworkManager[988]: <info>  [1605439434.7824] dhcp4 (ens192): option ip_address           => '172.16.12.3'
Nov 15 06:23:54 zhonderich-pri NetworkManager[988]: <info>  [1605439434.7824] dhcp4 (ens192): option requested_broadcast_address => '1'
Nov 15 06:23:54 zhonderich-pri NetworkManager[988]: <info>  [1605439434.7824] dhcp4 (ens192): option requested_domain_name => '1'
Nov 15 06:23:54 zhonderich-pri NetworkManager[988]: <info>  [1605439434.7824] dhcp4 (ens192): option requested_domain_name_servers => '1'
Nov 15 06:23:54 zhonderich-pri NetworkManager[988]: <info>  [1605439434.7825] dhcp4 (ens192): option requested_domain_search => '1'
Nov 15 06:23:54 zhonderich-pri NetworkManager[988]: <info>  [1605439434.7825] dhcp4 (ens192): option requested_host_name  => '1'
Nov 15 06:23:54 zhonderich-pri NetworkManager[988]: <info>  [1605439434.7825] dhcp4 (ens192): option requested_interface_mtu => '1'
Nov 15 06:23:54 zhonderich-pri NetworkManager[988]: <info>  [1605439434.7825] dhcp4 (ens192): option requested_ms_classless_static_routes => '1'
Nov 15 06:23:54 zhonderich-pri NetworkManager[988]: <info>  [1605439434.7825] dhcp4 (ens192): option requested_nis_domain => '1'
Nov 15 06:23:54 zhonderich-pri NetworkManager[988]: <info>  [1605439434.7825] dhcp4 (ens192): option requested_nis_servers => '1'
Nov 15 06:23:54 zhonderich-pri NetworkManager[988]: <info>  [1605439434.7825] dhcp4 (ens192): option requested_ntp_servers => '1'
Nov 15 06:23:54 zhonderich-pri NetworkManager[988]: <info>  [1605439434.7825] dhcp4 (ens192): option requested_rfc3442_classless_static_routes => '1'
Nov 15 06:23:54 zhonderich-pri NetworkManager[988]: <info>  [1605439434.7825] dhcp4 (ens192): option requested_root_path  => '1'
Nov 15 06:23:54 zhonderich-pri NetworkManager[988]: <info>  [1605439434.7825] dhcp4 (ens192): option requested_routers    => '1'
Nov 15 06:23:54 zhonderich-pri NetworkManager[988]: <info>  [1605439434.7825] dhcp4 (ens192): option requested_static_routes => '1'
Nov 15 06:23:54 zhonderich-pri NetworkManager[988]: <info>  [1605439434.7825] dhcp4 (ens192): option requested_subnet_mask => '1'
Nov 15 06:23:54 zhonderich-pri NetworkManager[988]: <info>  [1605439434.7826] dhcp4 (ens192): option requested_time_offset => '1'
Nov 15 06:23:54 zhonderich-pri NetworkManager[988]: <info>  [1605439434.7826] dhcp4 (ens192): option requested_wpad       => '1'
Nov 15 06:23:54 zhonderich-pri NetworkManager[988]: <info>  [1605439434.7826] dhcp4 (ens192): option routers              => '172.16.255.1'
Nov 15 06:23:54 zhonderich-pri NetworkManager[988]: <info>  [1605439434.7826] dhcp4 (ens192): option subnet_mask          => '255.255.0.0'
Nov 15 06:23:54 zhonderich-pri NetworkManager[988]: <info>  [1605439434.7826] dhcp4 (ens192): state changed unknown -> bound
Nov 15 06:23:54 zhonderich-pri NetworkManager[988]: <info>  [1605439434.7836] device (ens192): state change: ip-config -> ip-check (reason 'none', sys-iface-state: 'managed')
Nov 15 06:23:54 zhonderich-pri named[2237]: listening on IPv4 interface ens192, 172.16.12.3#53
Nov 15 06:23:54 zhonderich-pri NetworkManager[988]: <info>  [1605439434.7889] device (ens192): state change: ip-check -> secondaries (reason 'none', sys-iface-state: 'managed')
Nov 15 06:23:54 zhonderich-pri NetworkManager[988]: <info>  [1605439434.7891] device (ens192): state change: secondaries -> activated (reason 'none', sys-iface-state: 'managed')
Nov 15 06:23:54 zhonderich-pri NetworkManager[988]: <info>  [1605439434.7933] device (ens192): Activation: successful, device activated.
Nov 15 07:18:21 zhonderich-pri systemd[1]: Starting dnf makecache...
Nov 15 07:18:21 zhonderich-pri dnf[2731]: Metadata cache refreshed recently.
Nov 15 07:18:21 zhonderich-pri systemd[1]: Started dnf makecache.
Nov 15 08:19:21 zhonderich-pri systemd[1]: Starting dnf makecache...
Nov 15 08:25:23 zhonderich-pri dnf[2755]: CentOS-8 - AppStream                            0.0  B/s |   0  B     06:02
Nov 15 08:25:23 zhonderich-pri dnf[2755]: Errors during downloading metadata for repository 'AppStream':
Nov 15 08:25:23 zhonderich-pri dnf[2755]:  - Curl error (6): Couldn't resolve host name for http://mirrorlist.centos.org/?release=8&arch=x86_64&repo=AppStream&infra=stock [Could not resolve host: mirrorlist.centos.org]
Nov 15 08:25:23 zhonderich-pri dnf[2755]:  - Curl error (28): Timeout was reached for http://mirrorlist.centos.org/?release=8&arch=x86_64&repo=AppStream&infra=stock [Resolving timed out after 30000 milliseconds]
Nov 15 08:25:23 zhonderich-pri dnf[2755]: Error: Failed to download metadata for repo 'AppStream': Cannot prepare internal mirrorlist: Curl error (28): Timeout was reached for http://mirrorlist.centos.org/?release=8&arch=x86_64&repo=AppStream&infra=stock [Resolving timed out after 30000 milliseconds]
Nov 15 08:25:23 zhonderich-pri systemd[1]: dnf-makecache.service: Main process exited, code=exited, status=1/FAILURE
Nov 15 08:25:23 zhonderich-pri systemd[1]: dnf-makecache.service: Failed with result 'exit-code'.
Nov 15 08:25:23 zhonderich-pri systemd[1]: Failed to start dnf makecache.
Nov 15 09:26:21 zhonderich-pri systemd[1]: Starting dnf makecache...
Nov 15 09:26:21 zhonderich-pri dnf[2791]: Metadata cache refreshed recently.
Nov 15 09:26:21 zhonderich-pri systemd[1]: Started dnf makecache.
Nov 15 10:27:21 zhonderich-pri systemd[1]: Starting dnf makecache...
Nov 15 10:27:21 zhonderich-pri dnf[2815]: Metadata cache refreshed recently.
Nov 15 10:27:21 zhonderich-pri systemd[1]: Started dnf makecache.
Nov 15 11:28:21 zhonderich-pri systemd[1]: Starting dnf makecache...
Nov 15 11:35:19 zhonderich-pri dnf[2839]: CentOS-8 - AppStream                            0.0  B/s |   0  B     06:58
Nov 15 11:35:19 zhonderich-pri dnf[2839]: Errors during downloading metadata for repository 'AppStream':
Nov 15 11:35:19 zhonderich-pri dnf[2839]:  - Curl error (28): Timeout was reached for http://mirrorlist.centos.org/?release=8&arch=x86_64&repo=AppStream&infra=stock [Resolving timed out after 30000 milliseconds]
Nov 15 11:35:19 zhonderich-pri dnf[2839]: Error: Failed to download metadata for repo 'AppStream': Cannot prepare internal mirrorlist: Curl error (28): Timeout was reached for http://mirrorlist.centos.org/?release=8&arch=x86_64&repo=AppStream&infra=stock [Resolving timed out after 30000 milliseconds]
Nov 15 11:35:19 zhonderich-pri systemd[1]: dnf-makecache.service: Main process exited, code=exited, status=1/FAILURE
Nov 15 11:35:19 zhonderich-pri systemd[1]: dnf-makecache.service: Failed with result 'exit-code'.
Nov 15 11:35:19 zhonderich-pri systemd[1]: Failed to start dnf makecache.
Nov 15 12:35:21 zhonderich-pri systemd[1]: Starting dnf makecache...
Nov 15 12:35:21 zhonderich-pri dnf[2875]: Metadata cache refreshed recently.
Nov 15 12:35:21 zhonderich-pri systemd[1]: Started dnf makecache.
Nov 15 13:36:21 zhonderich-pri systemd[1]: Starting dnf makecache...
Nov 15 13:36:21 zhonderich-pri dnf[2899]: Metadata cache refreshed recently.
Nov 15 13:36:21 zhonderich-pri systemd[1]: Started dnf makecache.
Nov 15 14:37:21 zhonderich-pri systemd[1]: Starting dnf makecache...
Nov 15 14:44:36 zhonderich-pri dnf[2923]: CentOS-8 - AppStream                            0.0  B/s |   0  B     07:14
Nov 15 14:44:36 zhonderich-pri dnf[2923]: Errors during downloading metadata for repository 'AppStream':
Nov 15 14:44:36 zhonderich-pri dnf[2923]:  - Curl error (28): Timeout was reached for http://mirrorlist.centos.org/?release=8&arch=x86_64&repo=AppStream&infra=stock [Resolving timed out after 30000 milliseconds]
Nov 15 14:44:36 zhonderich-pri dnf[2923]: Error: Failed to download metadata for repo 'AppStream': Cannot prepare internal mirrorlist: Curl error (28): Timeout was reached for http://mirrorlist.centos.org/?release=8&arch=x86_64&repo=AppStream&infra=stock [Resolving timed out after 30000 milliseconds]
Nov 15 14:44:36 zhonderich-pri systemd[1]: dnf-makecache.service: Main process exited, code=exited, status=1/FAILURE
Nov 15 14:44:36 zhonderich-pri systemd[1]: dnf-makecache.service: Failed with result 'exit-code'.
Nov 15 14:44:36 zhonderich-pri systemd[1]: Failed to start dnf makecache.
Nov 15 15:21:45 zhonderich-pri systemd[1]: Starting SSSD Kerberos Cache Manager...
Nov 15 15:21:45 zhonderich-pri systemd[1]: Started SSSD Kerberos Cache Manager.
Nov 15 15:21:45 zhonderich-pri sssd[kcm][3002]: Starting up
Nov 15 15:24:16 zhonderich-pri NetworkManager[988]: <info>  [1605471856.9747] device (ens224): state change: activated -> deactivating (reason 'user-requested', sys-iface-state: 'managed')
Nov 15 15:24:16 zhonderich-pri NetworkManager[988]: <info>  [1605471856.9761] audit: op="connection-deactivate" uuid="818e68b2-15e9-38a1-b0b8-7019400de19d" name="Wired connection 1" pid=3012 uid=0 result="success"
Nov 15 15:24:16 zhonderich-pri dbus-daemon[959]: [system] Activating via systemd: service name='org.freedesktop.nm_dispatcher' unit='dbus-org.freedesktop.nm-dispatcher.service' requested by ':1.7' (uid=0 pid=988 comm="/usr/sbin/NetworkManager --no-daemon " label="system_u:system_r:NetworkManager_t:s0")
Nov 15 15:24:16 zhonderich-pri systemd[1]: Starting Network Manager Script Dispatcher Service...
Nov 15 15:24:16 zhonderich-pri dbus-daemon[959]: [system] Successfully activated service 'org.freedesktop.nm_dispatcher'
Nov 15 15:24:16 zhonderich-pri systemd[1]: Started Network Manager Script Dispatcher Service.
Nov 15 15:24:16 zhonderich-pri NetworkManager[988]: <info>  [1605471856.9969] device (ens224): state change: deactivating -> disconnected (reason 'user-requested', sys-iface-state: 'managed')
Nov 15 15:24:17 zhonderich-pri named[2237]: no longer listening on 192.168.12.3#53
Nov 15 15:24:17 zhonderich-pri named[2237]: no longer listening on 192.168.12.53#53
Nov 15 15:24:17 zhonderich-pri NetworkManager[988]: <info>  [1605471857.0137] policy: set 'ens192' (ens192) as default for IPv4 routing and DNS
Nov 15 15:24:51 zhonderich-pri kernel: Command line: BOOT_IMAGE=(hd0,msdos1)/vmlinuz-4.18.0-193.el8.x86_64 root=/dev/mapper/cl-root ro crashkernel=auto resume=/dev/mapper/cl-swap rd.lvm.lv=cl/root rd.lvm.lv=cl/swap rhgb quiet
Nov 15 15:24:51 zhonderich-pri kernel: Disabled fast string operations
Nov 15 15:24:51 zhonderich-pri kernel: x86/fpu: Supporting XSAVE feature 0x001: 'x87 floating point registers'
Nov 15 15:24:51 zhonderich-pri kernel: x86/fpu: Supporting XSAVE feature 0x002: 'SSE registers'
Nov 15 15:24:51 zhonderich-pri kernel: x86/fpu: Supporting XSAVE feature 0x004: 'AVX registers'
Nov 15 15:24:51 zhonderich-pri kernel: x86/fpu: xstate_offset[2]:  576, xstate_sizes[2]:  256
Nov 15 15:24:51 zhonderich-pri kernel: x86/fpu: Enabled xstate features 0x7, context size is 832 bytes, using 'standard' format.
Nov 15 15:24:51 zhonderich-pri kernel: BIOS-provided physical RAM map:
Nov 15 15:24:51 zhonderich-pri kernel: BIOS-e820: [mem 0x0000000000000000-0x000000000009f3ff] usable
Nov 15 15:24:51 zhonderich-pri kernel: BIOS-e820: [mem 0x000000000009f400-0x000000000009ffff] reserved
Nov 15 15:24:51 zhonderich-pri kernel: BIOS-e820: [mem 0x00000000000dc000-0x00000000000fffff] reserved
Nov 15 15:24:51 zhonderich-pri kernel: BIOS-e820: [mem 0x0000000000100000-0x000000007fedffff] usable
Nov 15 15:24:51 zhonderich-pri kernel: BIOS-e820: [mem 0x000000007fee0000-0x000000007fefefff] ACPI data
Nov 15 15:24:51 zhonderich-pri kernel: BIOS-e820: [mem 0x000000007feff000-0x000000007fefffff] ACPI NVS
Nov 15 15:24:51 zhonderich-pri kernel: BIOS-e820: [mem 0x000000007ff00000-0x000000007fffffff] usable
Nov 15 15:24:51 zhonderich-pri kernel: BIOS-e820: [mem 0x00000000f0000000-0x00000000f7ffffff] reserved
Nov 15 15:24:51 zhonderich-pri kernel: BIOS-e820: [mem 0x00000000fec00000-0x00000000fec0ffff] reserved
Nov 15 15:24:51 zhonderich-pri kernel: BIOS-e820: [mem 0x00000000fee00000-0x00000000fee00fff] reserved
Nov 15 15:24:51 zhonderich-pri kernel: BIOS-e820: [mem 0x00000000fffe0000-0x00000000ffffffff] reserved
Nov 15 15:24:51 zhonderich-pri kernel: NX (Execute Disable) protection: active
Nov 15 15:24:51 zhonderich-pri kernel: SMBIOS 2.7 present.
Nov 15 15:24:51 zhonderich-pri kernel: DMI: VMware, Inc. VMware Virtual Platform/440BX Desktop Reference Platform, BIOS 6.00 12/09/2019
Nov 15 15:24:51 zhonderich-pri kernel: Hypervisor detected: VMware
Nov 15 15:24:51 zhonderich-pri kernel: vmware: TSC freq read from hypervisor : 2700.000 MHz
Nov 15 15:24:51 zhonderich-pri kernel: vmware: Host bus clock speed read from hypervisor : 66000000 Hz
Nov 15 15:24:51 zhonderich-pri kernel: vmware: using sched offset of 4954611270 ns
Nov 15 15:24:51 zhonderich-pri kernel: tsc: Detected 2700.000 MHz processor
Nov 15 15:24:51 zhonderich-pri kernel: last_pfn = 0x80000 max_arch_pfn = 0x400000000
Nov 15 15:24:51 zhonderich-pri kernel: x86/PAT: Configuration [0-7]: WB  WC  UC- UC  WB  WP  UC- WT  
Nov 15 15:24:51 zhonderich-pri kernel: total RAM covered: 2048M
Nov 15 15:24:51 zhonderich-pri kernel: Found optimal setting for mtrr clean up
Nov 15 15:24:51 zhonderich-pri kernel: gran_size: 64K #011chunk_size: 64K #011num_reg: 1  #011lose cover RAM: 0G
Nov 15 15:24:51 zhonderich-pri kernel: found SMP MP-table at [mem 0x000f6a70-0x000f6a7f]
Nov 15 15:24:51 zhonderich-pri kernel: kexec: Reserving the low 1M of memory for crashkernel
Nov 15 15:24:51 zhonderich-pri kernel: RAMDISK: [mem 0x346de000-0x36366fff]
Nov 15 15:24:51 zhonderich-pri kernel: ACPI: Early table checksum verification disabled
Nov 15 15:24:51 zhonderich-pri kernel: ACPI: RSDP 0x00000000000F6A00 000024 (v02 PTLTD )
Nov 15 15:24:51 zhonderich-pri kernel: ACPI: XSDT 0x000000007FEEEAC0 00005C (v01 INTEL  440BX    06040000 VMW  01324272)
Nov 15 15:24:51 zhonderich-pri kernel: ACPI: FACP 0x000000007FEFEE73 0000F4 (v04 INTEL  440BX    06040000 PTL  000F4240)
Nov 15 15:24:51 zhonderich-pri kernel: ACPI: DSDT 0x000000007FEEED00 010173 (v01 PTLTD  Custom   06040000 MSFT 03000001)
Nov 15 15:24:51 zhonderich-pri kernel: ACPI: FACS 0x000000007FEFFFC0 000040
Nov 15 15:24:51 zhonderich-pri kernel: ACPI: FACS 0x000000007FEFFFC0 000040
Nov 15 15:24:51 zhonderich-pri kernel: ACPI: BOOT 0x000000007FEEECD8 000028 (v01 PTLTD  $SBFTBL$ 06040000  LTP 00000001)
Nov 15 15:24:51 zhonderich-pri kernel: ACPI: APIC 0x000000007FEEEC88 000050 (v01 PTLTD  ? APIC   06040000  LTP 00000000)
Nov 15 15:24:51 zhonderich-pri kernel: ACPI: MCFG 0x000000007FEEEC4C 00003C (v01 PTLTD  $PCITBL$ 06040000  LTP 00000001)
Nov 15 15:24:51 zhonderich-pri kernel: ACPI: SRAT 0x000000007FEEEBBC 000090 (v02 VMWARE MEMPLUG  06040000 VMW  00000001)
Nov 15 15:24:51 zhonderich-pri kernel: ACPI: HPET 0x000000007FEEEB84 000038 (v01 VMWARE VMW HPET 06040000 VMW  00000001)
Nov 15 15:24:51 zhonderich-pri kernel: ACPI: WAET 0x000000007FEEEB5C 000028 (v01 VMWARE VMW WAET 06040000 VMW  00000001)
Nov 15 15:24:51 zhonderich-pri kernel: SRAT: PXM 0 -> APIC 0x00 -> Node 0
Nov 15 15:24:51 zhonderich-pri kernel: ACPI: SRAT: Node 0 PXM 0 [mem 0x00000000-0x0009ffff]
Nov 15 15:24:51 zhonderich-pri kernel: ACPI: SRAT: Node 0 PXM 0 [mem 0x00100000-0x7fffffff]
Nov 15 15:24:51 zhonderich-pri kernel: NUMA: Node 0 [mem 0x00000000-0x0009ffff] + [mem 0x00100000-0x7fffffff] -> [mem 0x00000000-0x7fffffff]
Nov 15 15:24:51 zhonderich-pri kernel: NODE_DATA(0) allocated [mem 0x7ffd6000-0x7fffffff]
Nov 15 15:24:51 zhonderich-pri kernel: Using crashkernel=auto, the size chosen is a best effort estimation.
Nov 15 15:24:51 zhonderich-pri kernel: Reserving 160MB of memory at 1872MB for crashkernel (System RAM: 2047MB)
Nov 15 15:24:51 zhonderich-pri kernel: Zone ranges:
Nov 15 15:24:51 zhonderich-pri kernel:  DMA      [mem 0x0000000000001000-0x0000000000ffffff]
Nov 15 15:24:51 zhonderich-pri kernel:  DMA32    [mem 0x0000000001000000-0x000000007fffffff]
Nov 15 15:24:51 zhonderich-pri kernel:  Normal   empty
Nov 15 15:24:51 zhonderich-pri kernel:  Device   empty
Nov 15 15:24:51 zhonderich-pri kernel: Movable zone start for each node
Nov 15 15:24:51 zhonderich-pri kernel: Early memory node ranges
Nov 15 15:24:51 zhonderich-pri kernel:  node   0: [mem 0x0000000000001000-0x000000000009efff]
Nov 15 15:24:51 zhonderich-pri kernel:  node   0: [mem 0x0000000000100000-0x000000007fedffff]
Nov 15 15:24:51 zhonderich-pri kernel:  node   0: [mem 0x000000007ff00000-0x000000007fffffff]
Nov 15 15:24:51 zhonderich-pri kernel: Zeroed struct page in unavailable ranges: 130 pages
Nov 15 15:24:51 zhonderich-pri kernel: Initmem setup node 0 [mem 0x0000000000001000-0x000000007fffffff]
Nov 15 15:24:51 zhonderich-pri kernel: ACPI: PM-Timer IO Port: 0x1008
Nov 15 15:24:51 zhonderich-pri kernel: ACPI: LAPIC_NMI (acpi_id[0x00] high edge lint[0x1])
Nov 15 15:24:51 zhonderich-pri kernel: IOAPIC[0]: apic_id 1, version 17, address 0xfec00000, GSI 0-23
Nov 15 15:24:51 zhonderich-pri kernel: ACPI: INT_SRC_OVR (bus 0 bus_irq 0 global_irq 2 high edge)
Nov 15 15:24:51 zhonderich-pri kernel: Using ACPI (MADT) for SMP configuration information
Nov 15 15:24:51 zhonderich-pri kernel: ACPI: HPET id: 0x8086af01 base: 0xfed00000
Nov 15 15:24:51 zhonderich-pri kernel: smpboot: Allowing 1 CPUs, 0 hotplug CPUs
Nov 15 15:24:51 zhonderich-pri kernel: PM: Registered nosave memory: [mem 0x00000000-0x00000fff]
Nov 15 15:24:51 zhonderich-pri kernel: PM: Registered nosave memory: [mem 0x0009f000-0x0009ffff]
Nov 15 15:24:51 zhonderich-pri kernel: PM: Registered nosave memory: [mem 0x000a0000-0x000dbfff]
Nov 15 15:24:51 zhonderich-pri kernel: PM: Registered nosave memory: [mem 0x000dc000-0x000fffff]
Nov 15 15:24:51 zhonderich-pri kernel: PM: Registered nosave memory: [mem 0x7fee0000-0x7fefefff]
Nov 15 15:24:51 zhonderich-pri kernel: PM: Registered nosave memory: [mem 0x7feff000-0x7fefffff]
Nov 15 15:24:51 zhonderich-pri kernel: [mem 0x80000000-0xefffffff] available for PCI devices
Nov 15 15:24:51 zhonderich-pri kernel: Booting paravirtualized kernel on VMware hypervisor
Nov 15 15:24:51 zhonderich-pri kernel: clocksource: refined-jiffies: mask: 0xffffffff max_cycles: 0xffffffff, max_idle_ns: 1910969940391419 ns
Nov 15 15:24:51 zhonderich-pri kernel: setup_percpu: NR_CPUS:8192 nr_cpumask_bits:1 nr_cpu_ids:1 nr_node_ids:1
Nov 15 15:24:51 zhonderich-pri kernel: percpu: Embedded 53 pages/cpu s180224 r8192 d28672 u2097152
Nov 15 15:24:51 zhonderich-pri kernel: Built 1 zonelists, mobility grouping on.  Total pages: 515808
Nov 15 15:24:51 zhonderich-pri kernel: Policy zone: DMA32
Nov 15 15:24:51 zhonderich-pri kernel: Kernel command line: BOOT_IMAGE=(hd0,msdos1)/vmlinuz-4.18.0-193.el8.x86_64 root=/dev/mapper/cl-root ro crashkernel=auto resume=/dev/mapper/cl-swap rd.lvm.lv=cl/root rd.lvm.lv=cl/swap rhgb quiet
Nov 15 15:24:51 zhonderich-pri kernel: Specific versions of hardware are certified with Red Hat Enterprise Linux 8. Please see the list of hardware certified with Red Hat Enterprise Linux 8 at https://access.redhat.com/ecosystem.
Nov 15 15:24:51 zhonderich-pri kernel: Memory: 261120K/2096632K available (12292K kernel code, 2151K rwdata, 3848K rodata, 2404K init, 6476K bss, 261764K reserved, 0K cma-reserved)
Nov 15 15:24:51 zhonderich-pri kernel: random: get_random_u64 called from cache_random_seq_create+0x7c/0x140 with crng_init=0
Nov 15 15:24:51 zhonderich-pri kernel: SLUB: HWalign=64, Order=0-3, MinObjects=0, CPUs=1, Nodes=1
Nov 15 15:24:51 zhonderich-pri kernel: Kernel/User page tables isolation: enabled
Nov 15 15:24:51 zhonderich-pri kernel: ftrace: allocating 36334 entries in 142 pages
Nov 15 15:24:51 zhonderich-pri kernel: rcu: Hierarchical RCU implementation.
Nov 15 15:24:51 zhonderich-pri kernel: rcu: #011RCU restricting CPUs from NR_CPUS=8192 to nr_cpu_ids=1.
Nov 15 15:24:51 zhonderich-pri kernel: rcu: RCU calculated value of scheduler-enlistment delay is 100 jiffies.
Nov 15 15:24:51 zhonderich-pri kernel: rcu: Adjusting geometry for rcu_fanout_leaf=16, nr_cpu_ids=1
Nov 15 15:24:51 zhonderich-pri kernel: NR_IRQS: 524544, nr_irqs: 256, preallocated irqs: 16
Nov 15 15:24:51 zhonderich-pri kernel: Console: colour VGA+ 80x25
Nov 15 15:24:51 zhonderich-pri kernel: printk: console [tty0] enabled
Nov 15 15:24:51 zhonderich-pri kernel: ACPI: Core revision 20190703
Nov 15 15:24:51 zhonderich-pri kernel: clocksource: hpet: mask: 0xffffffff max_cycles: 0xffffffff, max_idle_ns: 133484882848 ns
Nov 15 15:24:51 zhonderich-pri kernel: APIC: Switch to symmetric I/O mode setup
Nov 15 15:24:51 zhonderich-pri kernel: x2apic enabled
Nov 15 15:24:51 zhonderich-pri kernel: Switched APIC routing to physical x2apic.
Nov 15 15:24:51 zhonderich-pri kernel: ..TIMER: vector=0x30 apic1=0 pin1=2 apic2=-1 pin2=-1
Nov 15 15:24:51 zhonderich-pri kernel: clocksource: tsc-early: mask: 0xffffffffffffffff max_cycles: 0x26eb3e3cc63, max_idle_ns: 440795236593 ns
Nov 15 15:24:51 zhonderich-pri kernel: Calibrating delay loop (skipped) preset value.. 5400.00 BogoMIPS (lpj=2700000)
Nov 15 15:24:51 zhonderich-pri kernel: pid_max: default: 32768 minimum: 301
Nov 15 15:24:51 zhonderich-pri kernel: Security Framework initialized
Nov 15 15:24:51 zhonderich-pri kernel: Yama: becoming mindful.
Nov 15 15:24:51 zhonderich-pri kernel: SELinux:  Initializing.
Nov 15 15:24:51 zhonderich-pri kernel: Dentry cache hash table entries: 262144 (order: 9, 2097152 bytes)
Nov 15 15:24:51 zhonderich-pri kernel: Inode-cache hash table entries: 131072 (order: 8, 1048576 bytes)
Nov 15 15:24:51 zhonderich-pri kernel: Mount-cache hash table entries: 4096 (order: 3, 32768 bytes)
Nov 15 15:24:51 zhonderich-pri kernel: Mountpoint-cache hash table entries: 4096 (order: 3, 32768 bytes)
Nov 15 15:24:51 zhonderich-pri kernel: Disabled fast string operations
Nov 15 15:24:51 zhonderich-pri kernel: Last level iTLB entries: 4KB 512, 2MB 8, 4MB 8
Nov 15 15:24:51 zhonderich-pri kernel: Last level dTLB entries: 4KB 512, 2MB 32, 4MB 32, 1GB 0
Nov 15 15:24:51 zhonderich-pri kernel: FEATURE SPEC_CTRL Present
Nov 15 15:24:51 zhonderich-pri kernel: FEATURE IBPB_SUPPORT Present
Nov 15 15:24:51 zhonderich-pri kernel: Spectre V1 : Mitigation: usercopy/swapgs barriers and __user pointer sanitization
Nov 15 15:24:51 zhonderich-pri kernel: Spectre V2 : Mitigation: Full generic retpoline
Nov 15 15:24:51 zhonderich-pri kernel: Spectre V2 : Spectre v2 / SpectreRSB mitigation: Filling RSB on context switch
Nov 15 15:24:51 zhonderich-pri kernel: Spectre V2 : Enabling Restricted Speculation for firmware calls
Nov 15 15:24:51 zhonderich-pri kernel: Spectre V2 : mitigation: Enabling conditional Indirect Branch Prediction Barrier
Nov 15 15:24:51 zhonderich-pri kernel: Speculative Store Bypass: Mitigation: Speculative Store Bypass disabled via prctl and seccomp
Nov 15 15:24:51 zhonderich-pri kernel: MDS: Mitigation: Clear CPU buffers
Nov 15 15:24:51 zhonderich-pri kernel: Freeing SMP alternatives memory: 32K
Nov 15 15:24:51 zhonderich-pri kernel: smpboot: CPU0: Intel(R) Xeon(R) CPU E5-2680 0 @ 2.70GHz (family: 0x6, model: 0x2d, stepping: 0x7)
Nov 15 15:24:51 zhonderich-pri kernel: Performance Events: SandyBridge events, core PMU driver.
Nov 15 15:24:51 zhonderich-pri kernel: core: CPUID marked event: 'cpu cycles' unavailable
Nov 15 15:24:51 zhonderich-pri kernel: core: CPUID marked event: 'instructions' unavailable
Nov 15 15:24:51 zhonderich-pri kernel: core: CPUID marked event: 'bus cycles' unavailable
Nov 15 15:24:51 zhonderich-pri kernel: core: CPUID marked event: 'cache references' unavailable
Nov 15 15:24:51 zhonderich-pri kernel: core: CPUID marked event: 'cache misses' unavailable
Nov 15 15:24:51 zhonderich-pri kernel: core: CPUID marked event: 'branch instructions' unavailable
Nov 15 15:24:51 zhonderich-pri kernel: core: CPUID marked event: 'branch misses' unavailable
Nov 15 15:24:51 zhonderich-pri kernel: ... version:                1
Nov 15 15:24:51 zhonderich-pri kernel: ... bit width:              48
Nov 15 15:24:51 zhonderich-pri kernel: ... generic registers:      4
Nov 15 15:24:51 zhonderich-pri kernel: ... value mask:             0000ffffffffffff
Nov 15 15:24:51 zhonderich-pri kernel: ... max period:             000000007fffffff
Nov 15 15:24:51 zhonderich-pri kernel: ... fixed-purpose events:   0
Nov 15 15:24:51 zhonderich-pri kernel: ... event mask:             000000000000000f
Nov 15 15:24:51 zhonderich-pri kernel: rcu: Hierarchical SRCU implementation.
Nov 15 15:24:51 zhonderich-pri kernel: NMI watchdog: Perf NMI watchdog permanently disabled
Nov 15 15:24:51 zhonderich-pri kernel: smp: Bringing up secondary CPUs ...
Nov 15 15:24:51 zhonderich-pri kernel: smp: Brought up 1 node, 1 CPU
Nov 15 15:24:51 zhonderich-pri kernel: smpboot: Max logical packages: 1
Nov 15 15:24:51 zhonderich-pri kernel: smpboot: Total of 1 processors activated (5400.00 BogoMIPS)
Nov 15 15:24:51 zhonderich-pri kernel: node 0 initialised, 393437 pages in 1ms
Nov 15 15:24:51 zhonderich-pri kernel: devtmpfs: initialized
Nov 15 15:24:51 zhonderich-pri kernel: x86/mm: Memory block size: 128MB
Nov 15 15:24:51 zhonderich-pri kernel: PM: Registering ACPI NVS region [mem 0x7feff000-0x7fefffff] (4096 bytes)
Nov 15 15:24:51 zhonderich-pri kernel: clocksource: jiffies: mask: 0xffffffff max_cycles: 0xffffffff, max_idle_ns: 1911260446275000 ns
Nov 15 15:24:51 zhonderich-pri kernel: futex hash table entries: 256 (order: 2, 16384 bytes)
Nov 15 15:24:51 zhonderich-pri kernel: pinctrl core: initialized pinctrl subsystem
Nov 15 15:24:51 zhonderich-pri kernel: NET: Registered protocol family 16
Nov 15 15:24:51 zhonderich-pri kernel: audit: initializing netlink subsys (disabled)
Nov 15 15:24:51 zhonderich-pri kernel: cpuidle: using governor menu
Nov 15 15:24:51 zhonderich-pri kernel: Simple Boot Flag at 0x36 set to 0x80
Nov 15 15:24:51 zhonderich-pri kernel: ACPI: bus type PCI registered
Nov 15 15:24:51 zhonderich-pri kernel: acpiphp: ACPI Hot Plug PCI Controller Driver version: 0.5
Nov 15 15:24:51 zhonderich-pri kernel: PCI: MMCONFIG for domain 0000 [bus 00-7f] at [mem 0xf0000000-0xf7ffffff] (base 0xf0000000)
Nov 15 15:24:51 zhonderich-pri kernel: PCI: MMCONFIG at [mem 0xf0000000-0xf7ffffff] reserved in E820
Nov 15 15:24:51 zhonderich-pri kernel: PCI: Using configuration type 1 for base access
Nov 15 15:24:51 zhonderich-pri kernel: core: PMU erratum BJ122, BV98, HSD29 workaround disabled, HT off
Nov 15 15:24:51 zhonderich-pri kernel: audit: type=2000 audit(1605471889.013:1): state=initialized audit_enabled=0 res=1
Nov 15 15:24:51 zhonderich-pri kernel: HugeTLB registered 2.00 MiB page size, pre-allocated 0 pages
Nov 15 15:24:51 zhonderich-pri kernel: cryptd: max_cpu_qlen set to 1000
Nov 15 15:24:51 zhonderich-pri kernel: ACPI: Added _OSI(Module Device)
Nov 15 15:24:51 zhonderich-pri kernel: ACPI: Added _OSI(Processor Device)
Nov 15 15:24:51 zhonderich-pri kernel: ACPI: Added _OSI(3.0 _SCP Extensions)
Nov 15 15:24:51 zhonderich-pri kernel: ACPI: Added _OSI(Processor Aggregator Device)
Nov 15 15:24:51 zhonderich-pri kernel: ACPI: Added _OSI(Linux-Dell-Video)
Nov 15 15:24:51 zhonderich-pri kernel: ACPI: Added _OSI(Linux-Lenovo-NV-HDMI-Audio)
Nov 15 15:24:51 zhonderich-pri kernel: ACPI: Added _OSI(Linux-HPI-Hybrid-Graphics)
Nov 15 15:24:51 zhonderich-pri kernel: ACPI: 1 ACPI AML tables successfully acquired and loaded
Nov 15 15:24:51 zhonderich-pri kernel: ACPI: [Firmware Bug]: BIOS _OSI(Linux) query ignored
Nov 15 15:24:51 zhonderich-pri kernel: ACPI: Interpreter enabled
Nov 15 15:24:51 zhonderich-pri kernel: ACPI: (supports S0 S1 S4 S5)
Nov 15 15:24:51 zhonderich-pri kernel: ACPI: Using IOAPIC for interrupt routing
Nov 15 15:24:51 zhonderich-pri kernel: PCI: Using host bridge windows from ACPI; if necessary, use "pci=nocrs" and report a bug
Nov 15 15:24:51 zhonderich-pri kernel: ACPI: Enabled 4 GPEs in block 00 to 0F
Nov 15 15:24:51 zhonderich-pri kernel: ACPI: PCI Root Bridge [PCI0] (domain 0000 [bus 00-7f])
Nov 15 15:24:51 zhonderich-pri kernel: acpi PNP0A03:00: _OSC: OS supports [ExtendedConfig ASPM ClockPM Segments MSI HPX-Type3]
Nov 15 15:24:51 zhonderich-pri kernel: acpi PNP0A03:00: _OSC: platform does not support [AER LTR]
Nov 15 15:24:51 zhonderich-pri kernel: acpi PNP0A03:00: _OSC: OS now controls [PCIeHotplug SHPCHotplug PME PCIeCapability]
Nov 15 15:24:51 zhonderich-pri kernel: PCI host bridge to bus 0000:00
Nov 15 15:24:51 zhonderich-pri kernel: pci_bus 0000:00: root bus resource [mem 0x000a0000-0x000bffff window]
Nov 15 15:24:51 zhonderich-pri kernel: pci_bus 0000:00: root bus resource [mem 0x000d0000-0x000d3fff window]
Nov 15 15:24:51 zhonderich-pri kernel: pci_bus 0000:00: root bus resource [mem 0x000d4000-0x000d7fff window]
Nov 15 15:24:51 zhonderich-pri kernel: pci_bus 0000:00: root bus resource [mem 0x000d8000-0x000dbfff window]
Nov 15 15:24:51 zhonderich-pri kernel: pci_bus 0000:00: root bus resource [mem 0x80000000-0xfebfffff window]
Nov 15 15:24:51 zhonderich-pri kernel: pci_bus 0000:00: root bus resource [io  0x0000-0x0cf7 window]
Nov 15 15:24:51 zhonderich-pri kernel: pci_bus 0000:00: root bus resource [io  0x0d00-0xfeff window]
Nov 15 15:24:51 zhonderich-pri kernel: pci_bus 0000:00: root bus resource [bus 00-7f]
Nov 15 15:24:51 zhonderich-pri kernel: pci 0000:00:00.0: [8086:7190] type 00 class 0x060000
Nov 15 15:24:51 zhonderich-pri kernel: pci 0000:00:01.0: [8086:7191] type 01 class 0x060400
Nov 15 15:24:51 zhonderich-pri kernel: pci 0000:00:07.0: [8086:7110] type 00 class 0x060100
Nov 15 15:24:51 zhonderich-pri kernel: pci 0000:00:07.1: [8086:7111] type 00 class 0x01018a
Nov 15 15:24:51 zhonderich-pri kernel: pci 0000:00:07.1: reg 0x20: [io  0x1060-0x106f]
Nov 15 15:24:51 zhonderich-pri kernel: pci 0000:00:07.1: legacy IDE quirk: reg 0x10: [io  0x01f0-0x01f7]
Nov 15 15:24:51 zhonderich-pri kernel: pci 0000:00:07.1: legacy IDE quirk: reg 0x14: [io  0x03f6]
Nov 15 15:24:51 zhonderich-pri kernel: pci 0000:00:07.1: legacy IDE quirk: reg 0x18: [io  0x0170-0x0177]
Nov 15 15:24:51 zhonderich-pri kernel: pci 0000:00:07.1: legacy IDE quirk: reg 0x1c: [io  0x0376]
Nov 15 15:24:51 zhonderich-pri kernel: pci 0000:00:07.3: [8086:7113] type 00 class 0x068000
Nov 15 15:24:51 zhonderich-pri kernel: pci 0000:00:07.3: quirk: [io  0x1000-0x103f] claimed by PIIX4 ACPI
Nov 15 15:24:51 zhonderich-pri kernel: pci 0000:00:07.3: quirk: [io  0x1040-0x104f] claimed by PIIX4 SMB
Nov 15 15:24:51 zhonderich-pri kernel: pci 0000:00:07.7: [15ad:0740] type 00 class 0x088000
Nov 15 15:24:51 zhonderich-pri kernel: pci 0000:00:07.7: reg 0x10: [io  0x1080-0x10bf]
Nov 15 15:24:51 zhonderich-pri kernel: pci 0000:00:07.7: reg 0x14: [mem 0xfebfe000-0xfebfffff 64bit]
Nov 15 15:24:51 zhonderich-pri kernel: pci 0000:00:0f.0: [15ad:0405] type 00 class 0x030000
Nov 15 15:24:51 zhonderich-pri kernel: pci 0000:00:0f.0: reg 0x10: [io  0x1070-0x107f]
Nov 15 15:24:51 zhonderich-pri kernel: pci 0000:00:0f.0: reg 0x14: [mem 0xe8000000-0xefffffff pref]
Nov 15 15:24:51 zhonderich-pri kernel: pci 0000:00:0f.0: reg 0x18: [mem 0xfe000000-0xfe7fffff]
Nov 15 15:24:51 zhonderich-pri kernel: pci 0000:00:0f.0: reg 0x30: [mem 0x00000000-0x00007fff pref]
Nov 15 15:24:51 zhonderich-pri kernel: pci 0000:00:11.0: [15ad:0790] type 01 class 0x060401
Nov 15 15:24:51 zhonderich-pri kernel: pci 0000:00:15.0: [15ad:07a0] type 01 class 0x060400
Nov 15 15:24:51 zhonderich-pri kernel: pci 0000:00:15.0: PME# supported from D0 D3hot D3cold
Nov 15 15:24:51 zhonderich-pri kernel: pci 0000:00:15.1: [15ad:07a0] type 01 class 0x060400
Nov 15 15:24:51 zhonderich-pri kernel: pci 0000:00:15.1: PME# supported from D0 D3hot D3cold
Nov 15 15:24:51 zhonderich-pri kernel: pci 0000:00:15.2: [15ad:07a0] type 01 class 0x060400
Nov 15 15:24:51 zhonderich-pri kernel: pci 0000:00:15.2: PME# supported from D0 D3hot D3cold
Nov 15 15:24:51 zhonderich-pri kernel: pci 0000:00:15.3: [15ad:07a0] type 01 class 0x060400
Nov 15 15:24:51 zhonderich-pri kernel: pci 0000:00:15.3: PME# supported from D0 D3hot D3cold
Nov 15 15:24:51 zhonderich-pri kernel: pci 0000:00:15.4: [15ad:07a0] type 01 class 0x060400
Nov 15 15:24:51 zhonderich-pri kernel: pci 0000:00:15.4: PME# supported from D0 D3hot D3cold
Nov 15 15:24:51 zhonderich-pri kernel: pci 0000:00:15.5: [15ad:07a0] type 01 class 0x060400
Nov 15 15:24:51 zhonderich-pri kernel: pci 0000:00:15.5: PME# supported from D0 D3hot D3cold
Nov 15 15:24:51 zhonderich-pri kernel: pci 0000:00:15.6: [15ad:07a0] type 01 class 0x060400
Nov 15 15:24:51 zhonderich-pri kernel: pci 0000:00:15.6: PME# supported from D0 D3hot D3cold
Nov 15 15:24:51 zhonderich-pri kernel: pci 0000:00:15.7: [15ad:07a0] type 01 class 0x060400
Nov 15 15:24:51 zhonderich-pri kernel: pci 0000:00:15.7: PME# supported from D0 D3hot D3cold
Nov 15 15:24:51 zhonderich-pri kernel: pci 0000:00:16.0: [15ad:07a0] type 01 class 0x060400
Nov 15 15:24:51 zhonderich-pri kernel: pci 0000:00:16.0: PME# supported from D0 D3hot D3cold
Nov 15 15:24:51 zhonderich-pri kernel: pci 0000:00:16.1: [15ad:07a0] type 01 class 0x060400
Nov 15 15:24:51 zhonderich-pri kernel: pci 0000:00:16.1: PME# supported from D0 D3hot D3cold
Nov 15 15:24:51 zhonderich-pri kernel: pci 0000:00:16.2: [15ad:07a0] type 01 class 0x060400
Nov 15 15:24:51 zhonderich-pri kernel: pci 0000:00:16.2: PME# supported from D0 D3hot D3cold
Nov 15 15:24:51 zhonderich-pri kernel: pci 0000:00:16.3: [15ad:07a0] type 01 class 0x060400
Nov 15 15:24:51 zhonderich-pri kernel: pci 0000:00:16.3: PME# supported from D0 D3hot D3cold
Nov 15 15:24:51 zhonderich-pri kernel: pci 0000:00:16.4: [15ad:07a0] type 01 class 0x060400
Nov 15 15:24:51 zhonderich-pri kernel: pci 0000:00:16.4: PME# supported from D0 D3hot D3cold
Nov 15 15:24:51 zhonderich-pri kernel: pci 0000:00:16.5: [15ad:07a0] type 01 class 0x060400
Nov 15 15:24:51 zhonderich-pri kernel: pci 0000:00:16.5: PME# supported from D0 D3hot D3cold
Nov 15 15:24:51 zhonderich-pri kernel: pci 0000:00:16.6: [15ad:07a0] type 01 class 0x060400
Nov 15 15:24:51 zhonderich-pri kernel: pci 0000:00:16.6: PME# supported from D0 D3hot D3cold
Nov 15 15:24:51 zhonderich-pri kernel: pci 0000:00:16.7: [15ad:07a0] type 01 class 0x060400
Nov 15 15:24:51 zhonderich-pri kernel: pci 0000:00:16.7: PME# supported from D0 D3hot D3cold
Nov 15 15:24:51 zhonderich-pri kernel: pci 0000:00:17.0: [15ad:07a0] type 01 class 0x060400
Nov 15 15:24:51 zhonderich-pri kernel: pci 0000:00:17.0: PME# supported from D0 D3hot D3cold
Nov 15 15:24:51 zhonderich-pri kernel: pci 0000:00:17.1: [15ad:07a0] type 01 class 0x060400
Nov 15 15:24:51 zhonderich-pri kernel: pci 0000:00:17.1: PME# supported from D0 D3hot D3cold
Nov 15 15:24:51 zhonderich-pri kernel: pci 0000:00:17.2: [15ad:07a0] type 01 class 0x060400
Nov 15 15:24:51 zhonderich-pri kernel: pci 0000:00:17.2: PME# supported from D0 D3hot D3cold
Nov 15 15:24:51 zhonderich-pri kernel: pci 0000:00:17.3: [15ad:07a0] type 01 class 0x060400
Nov 15 15:24:51 zhonderich-pri kernel: pci 0000:00:17.3: PME# supported from D0 D3hot D3cold
Nov 15 15:24:51 zhonderich-pri kernel: pci 0000:00:17.4: [15ad:07a0] type 01 class 0x060400
Nov 15 15:24:51 zhonderich-pri kernel: pci 0000:00:17.4: PME# supported from D0 D3hot D3cold
Nov 15 15:24:51 zhonderich-pri kernel: pci 0000:00:17.5: [15ad:07a0] type 01 class 0x060400
Nov 15 15:24:51 zhonderich-pri kernel: pci 0000:00:17.5: PME# supported from D0 D3hot D3cold
Nov 15 15:24:51 zhonderich-pri kernel: pci 0000:00:17.6: [15ad:07a0] type 01 class 0x060400
Nov 15 15:24:51 zhonderich-pri kernel: pci 0000:00:17.6: PME# supported from D0 D3hot D3cold
Nov 15 15:24:51 zhonderich-pri kernel: pci 0000:00:17.7: [15ad:07a0] type 01 class 0x060400
Nov 15 15:24:51 zhonderich-pri kernel: pci 0000:00:17.7: PME# supported from D0 D3hot D3cold
Nov 15 15:24:51 zhonderich-pri kernel: pci 0000:00:18.0: [15ad:07a0] type 01 class 0x060400
Nov 15 15:24:51 zhonderich-pri kernel: pci 0000:00:18.0: PME# supported from D0 D3hot D3cold
Nov 15 15:24:51 zhonderich-pri kernel: pci 0000:00:18.1: [15ad:07a0] type 01 class 0x060400
Nov 15 15:24:51 zhonderich-pri kernel: pci 0000:00:18.1: PME# supported from D0 D3hot D3cold
Nov 15 15:24:51 zhonderich-pri kernel: pci 0000:00:18.2: [15ad:07a0] type 01 class 0x060400
Nov 15 15:24:51 zhonderich-pri kernel: pci 0000:00:18.2: PME# supported from D0 D3hot D3cold
Nov 15 15:24:51 zhonderich-pri kernel: pci 0000:00:18.3: [15ad:07a0] type 01 class 0x060400
Nov 15 15:24:51 zhonderich-pri kernel: pci 0000:00:18.3: PME# supported from D0 D3hot D3cold
Nov 15 15:24:51 zhonderich-pri kernel: pci 0000:00:18.4: [15ad:07a0] type 01 class 0x060400
Nov 15 15:24:51 zhonderich-pri kernel: pci 0000:00:18.4: PME# supported from D0 D3hot D3cold
Nov 15 15:24:51 zhonderich-pri kernel: pci 0000:00:18.5: [15ad:07a0] type 01 class 0x060400
Nov 15 15:24:51 zhonderich-pri kernel: pci 0000:00:18.5: PME# supported from D0 D3hot D3cold
Nov 15 15:24:51 zhonderich-pri kernel: pci 0000:00:18.6: [15ad:07a0] type 01 class 0x060400
Nov 15 15:24:51 zhonderich-pri kernel: pci 0000:00:18.6: PME# supported from D0 D3hot D3cold
Nov 15 15:24:51 zhonderich-pri kernel: pci 0000:00:18.7: [15ad:07a0] type 01 class 0x060400
Nov 15 15:24:51 zhonderich-pri kernel: pci 0000:00:18.7: PME# supported from D0 D3hot D3cold
Nov 15 15:24:51 zhonderich-pri kernel: pci_bus 0000:01: extended config space not accessible
Nov 15 15:24:51 zhonderich-pri kernel: pci 0000:00:01.0: PCI bridge to [bus 01]
Nov 15 15:24:51 zhonderich-pri kernel: pci_bus 0000:02: extended config space not accessible
Nov 15 15:24:51 zhonderich-pri kernel: acpiphp: Slot [32] registered
Nov 15 15:24:51 zhonderich-pri kernel: acpiphp: Slot [33] registered
Nov 15 15:24:51 zhonderich-pri kernel: acpiphp: Slot [34] registered
Nov 15 15:24:51 zhonderich-pri kernel: acpiphp: Slot [35] registered
Nov 15 15:24:51 zhonderich-pri kernel: acpiphp: Slot [36] registered
Nov 15 15:24:51 zhonderich-pri kernel: acpiphp: Slot [37] registered
Nov 15 15:24:51 zhonderich-pri kernel: acpiphp: Slot [38] registered
Nov 15 15:24:51 zhonderich-pri kernel: acpiphp: Slot [39] registered
Nov 15 15:24:51 zhonderich-pri kernel: acpiphp: Slot [40] registered
Nov 15 15:24:51 zhonderich-pri kernel: acpiphp: Slot [41] registered
Nov 15 15:24:51 zhonderich-pri kernel: acpiphp: Slot [42] registered
Nov 15 15:24:51 zhonderich-pri kernel: acpiphp: Slot [43] registered
Nov 15 15:24:51 zhonderich-pri kernel: acpiphp: Slot [44] registered
Nov 15 15:24:51 zhonderich-pri kernel: acpiphp: Slot [45] registered
Nov 15 15:24:51 zhonderich-pri kernel: acpiphp: Slot [46] registered
Nov 15 15:24:51 zhonderich-pri kernel: acpiphp: Slot [47] registered
Nov 15 15:24:51 zhonderich-pri kernel: acpiphp: Slot [48] registered
Nov 15 15:24:51 zhonderich-pri kernel: acpiphp: Slot [49] registered
Nov 15 15:24:51 zhonderich-pri kernel: acpiphp: Slot [50] registered
Nov 15 15:24:51 zhonderich-pri kernel: acpiphp: Slot [51] registered
Nov 15 15:24:51 zhonderich-pri kernel: acpiphp: Slot [52] registered
Nov 15 15:24:51 zhonderich-pri kernel: acpiphp: Slot [53] registered
Nov 15 15:24:51 zhonderich-pri kernel: acpiphp: Slot [54] registered
Nov 15 15:24:51 zhonderich-pri kernel: acpiphp: Slot [55] registered
Nov 15 15:24:51 zhonderich-pri kernel: acpiphp: Slot [56] registered
Nov 15 15:24:51 zhonderich-pri kernel: acpiphp: Slot [57] registered
Nov 15 15:24:51 zhonderich-pri kernel: acpiphp: Slot [58] registered
Nov 15 15:24:51 zhonderich-pri kernel: acpiphp: Slot [59] registered
Nov 15 15:24:51 zhonderich-pri kernel: acpiphp: Slot [60] registered
Nov 15 15:24:51 zhonderich-pri kernel: acpiphp: Slot [61] registered
Nov 15 15:24:51 zhonderich-pri kernel: acpiphp: Slot [62] registered
Nov 15 15:24:51 zhonderich-pri kernel: acpiphp: Slot [63] registered
Nov 15 15:24:51 zhonderich-pri kernel: pci 0000:02:00.0: [15ad:0774] type 00 class 0x0c0300
Nov 15 15:24:51 zhonderich-pri kernel: pci 0000:02:00.0: reg 0x20: [io  0x2000-0x201f]
Nov 15 15:24:51 zhonderich-pri kernel: pci 0000:02:01.0: [15ad:0770] type 00 class 0x0c0320
Nov 15 15:24:51 zhonderich-pri kernel: pci 0000:02:01.0: reg 0x10: [mem 0xfd5ff000-0xfd5fffff]
Nov 15 15:24:51 zhonderich-pri kernel: pci 0000:02:03.0: [15ad:07e0] type 00 class 0x010601
Nov 15 15:24:51 zhonderich-pri kernel: pci 0000:02:03.0: reg 0x24: [mem 0xfd5fe000-0xfd5fefff]
Nov 15 15:24:51 zhonderich-pri kernel: pci 0000:02:03.0: reg 0x30: [mem 0x00000000-0x0000ffff pref]
Nov 15 15:24:51 zhonderich-pri kernel: pci 0000:02:03.0: PME# supported from D3hot
Nov 15 15:24:51 zhonderich-pri kernel: pci 0000:00:11.0: PCI bridge to [bus 02] (subtractive decode)
Nov 15 15:24:51 zhonderich-pri kernel: pci 0000:00:11.0:   bridge window [io  0x2000-0x3fff]
Nov 15 15:24:51 zhonderich-pri kernel: pci 0000:00:11.0:   bridge window [mem 0xfd500000-0xfdffffff]
Nov 15 15:24:51 zhonderich-pri kernel: pci 0000:00:11.0:   bridge window [mem 0xe7b00000-0xe7ffffff 64bit pref]
Nov 15 15:24:51 zhonderich-pri kernel: pci 0000:00:11.0:   bridge window [mem 0x000a0000-0x000bffff window] (subtractive decode)
Nov 15 15:24:51 zhonderich-pri kernel: pci 0000:00:11.0:   bridge window [mem 0x000d0000-0x000d3fff window] (subtractive decode)
Nov 15 15:24:51 zhonderich-pri kernel: pci 0000:00:11.0:   bridge window [mem 0x000d4000-0x000d7fff window] (subtractive decode)
Nov 15 15:24:51 zhonderich-pri kernel: pci 0000:00:11.0:   bridge window [mem 0x000d8000-0x000dbfff window] (subtractive decode)
Nov 15 15:24:51 zhonderich-pri kernel: pci 0000:00:11.0:   bridge window [mem 0x80000000-0xfebfffff window] (subtractive decode)
Nov 15 15:24:51 zhonderich-pri kernel: pci 0000:00:11.0:   bridge window [io  0x0000-0x0cf7 window] (subtractive decode)
Nov 15 15:24:51 zhonderich-pri kernel: pci 0000:00:11.0:   bridge window [io  0x0d00-0xfeff window] (subtractive decode)
Nov 15 15:24:51 zhonderich-pri kernel: pci 0000:03:00.0: [15ad:07c0] type 00 class 0x010700
Nov 15 15:24:51 zhonderich-pri kernel: pci 0000:03:00.0: reg 0x10: [io  0x4000-0x4007]
Nov 15 15:24:51 zhonderich-pri kernel: pci 0000:03:00.0: reg 0x14: [mem 0xfd4f8000-0xfd4fffff 64bit]
Nov 15 15:24:51 zhonderich-pri kernel: pci 0000:03:00.0: reg 0x30: [mem 0x00000000-0x0000ffff pref]
Nov 15 15:24:51 zhonderich-pri kernel: pci 0000:03:00.0: PME# supported from D0 D3hot D3cold
Nov 15 15:24:51 zhonderich-pri kernel: pci 0000:03:00.0: disabling ASPM on pre-1.1 PCIe device.  You can enable it with 'pcie_aspm=force'
Nov 15 15:24:51 zhonderich-pri kernel: pci 0000:00:15.0: PCI bridge to [bus 03]
Nov 15 15:24:51 zhonderich-pri kernel: pci 0000:00:15.0:   bridge window [io  0x4000-0x4fff]
Nov 15 15:24:51 zhonderich-pri kernel: pci 0000:00:15.0:   bridge window [mem 0xfd400000-0xfd4fffff]
Nov 15 15:24:51 zhonderich-pri kernel: pci 0000:00:15.1: PCI bridge to [bus 04]
Nov 15 15:24:51 zhonderich-pri kernel: pci 0000:00:15.1:   bridge window [io  0x8000-0x8fff]
Nov 15 15:24:51 zhonderich-pri kernel: pci 0000:00:15.1:   bridge window [mem 0xfd000000-0xfd0fffff]
Nov 15 15:24:51 zhonderich-pri kernel: pci 0000:00:15.1:   bridge window [mem 0xe7900000-0xe79fffff 64bit pref]
Nov 15 15:24:51 zhonderich-pri kernel: pci 0000:00:15.2: PCI bridge to [bus 05]
Nov 15 15:24:51 zhonderich-pri kernel: pci 0000:00:15.2:   bridge window [io  0xc000-0xcfff]
Nov 15 15:24:51 zhonderich-pri kernel: pci 0000:00:15.2:   bridge window [mem 0xfcc00000-0xfccfffff]
Nov 15 15:24:51 zhonderich-pri kernel: pci 0000:00:15.2:   bridge window [mem 0xe7500000-0xe75fffff 64bit pref]
Nov 15 15:24:51 zhonderich-pri kernel: pci 0000:00:15.3: PCI bridge to [bus 06]
Nov 15 15:24:51 zhonderich-pri kernel: pci 0000:00:15.3:   bridge window [mem 0xfc800000-0xfc8fffff]
Nov 15 15:24:51 zhonderich-pri kernel: pci 0000:00:15.3:   bridge window [mem 0xe7100000-0xe71fffff 64bit pref]
Nov 15 15:24:51 zhonderich-pri kernel: pci 0000:00:15.4: PCI bridge to [bus 07]
Nov 15 15:24:51 zhonderich-pri kernel: pci 0000:00:15.4:   bridge window [mem 0xfc400000-0xfc4fffff]
Nov 15 15:24:51 zhonderich-pri kernel: pci 0000:00:15.4:   bridge window [mem 0xe6d00000-0xe6dfffff 64bit pref]
Nov 15 15:24:51 zhonderich-pri kernel: pci 0000:00:15.5: PCI bridge to [bus 08]
Nov 15 15:24:51 zhonderich-pri kernel: pci 0000:00:15.5:   bridge window [mem 0xfc000000-0xfc0fffff]
Nov 15 15:24:51 zhonderich-pri kernel: pci 0000:00:15.5:   bridge window [mem 0xe6900000-0xe69fffff 64bit pref]
Nov 15 15:24:51 zhonderich-pri kernel: pci 0000:00:15.6: PCI bridge to [bus 09]
Nov 15 15:24:51 zhonderich-pri kernel: pci 0000:00:15.6:   bridge window [mem 0xfbc00000-0xfbcfffff]
Nov 15 15:24:51 zhonderich-pri kernel: pci 0000:00:15.6:   bridge window [mem 0xe6500000-0xe65fffff 64bit pref]
Nov 15 15:24:51 zhonderich-pri kernel: pci 0000:00:15.7: PCI bridge to [bus 0a]
Nov 15 15:24:51 zhonderich-pri kernel: pci 0000:00:15.7:   bridge window [mem 0xfb800000-0xfb8fffff]
Nov 15 15:24:51 zhonderich-pri kernel: pci 0000:00:15.7:   bridge window [mem 0xe6100000-0xe61fffff 64bit pref]
Nov 15 15:24:51 zhonderich-pri kernel: pci 0000:0b:00.0: [15ad:07b0] type 00 class 0x020000
Nov 15 15:24:51 zhonderich-pri kernel: pci 0000:0b:00.0: reg 0x10: [mem 0xfd3fc000-0xfd3fcfff]
Nov 15 15:24:51 zhonderich-pri kernel: pci 0000:0b:00.0: reg 0x14: [mem 0xfd3fd000-0xfd3fdfff]
Nov 15 15:24:51 zhonderich-pri kernel: pci 0000:0b:00.0: reg 0x18: [mem 0xfd3fe000-0xfd3fffff]
Nov 15 15:24:51 zhonderich-pri kernel: pci 0000:0b:00.0: reg 0x1c: [io  0x5000-0x500f]
Nov 15 15:24:51 zhonderich-pri kernel: pci 0000:0b:00.0: reg 0x30: [mem 0x00000000-0x0000ffff pref]
Nov 15 15:24:51 zhonderich-pri kernel: pci 0000:0b:00.0: supports D1 D2
Nov 15 15:24:51 zhonderich-pri kernel: pci 0000:0b:00.0: PME# supported from D0 D1 D2 D3hot D3cold
Nov 15 15:24:51 zhonderich-pri kernel: pci 0000:0b:00.0: disabling ASPM on pre-1.1 PCIe device.  You can enable it with 'pcie_aspm=force'
Nov 15 15:24:51 zhonderich-pri kernel: pci 0000:00:16.0: PCI bridge to [bus 0b]
Nov 15 15:24:51 zhonderich-pri kernel: pci 0000:00:16.0:   bridge window [io  0x5000-0x5fff]
Nov 15 15:24:51 zhonderich-pri kernel: pci 0000:00:16.0:   bridge window [mem 0xfd300000-0xfd3fffff]
Nov 15 15:24:51 zhonderich-pri kernel: pci 0000:00:16.1: PCI bridge to [bus 0c]
Nov 15 15:24:51 zhonderich-pri kernel: pci 0000:00:16.1:   bridge window [io  0x9000-0x9fff]
Nov 15 15:24:51 zhonderich-pri kernel: pci 0000:00:16.1:   bridge window [mem 0xfcf00000-0xfcffffff]
Nov 15 15:24:51 zhonderich-pri kernel: pci 0000:00:16.1:   bridge window [mem 0xe7800000-0xe78fffff 64bit pref]
Nov 15 15:24:51 zhonderich-pri kernel: pci 0000:00:16.2: PCI bridge to [bus 0d]
Nov 15 15:24:51 zhonderich-pri kernel: pci 0000:00:16.2:   bridge window [io  0xd000-0xdfff]
Nov 15 15:24:51 zhonderich-pri kernel: pci 0000:00:16.2:   bridge window [mem 0xfcb00000-0xfcbfffff]
Nov 15 15:24:51 zhonderich-pri kernel: pci 0000:00:16.2:   bridge window [mem 0xe7400000-0xe74fffff 64bit pref]
Nov 15 15:24:51 zhonderich-pri kernel: pci 0000:00:16.3: PCI bridge to [bus 0e]
Nov 15 15:24:51 zhonderich-pri kernel: pci 0000:00:16.3:   bridge window [mem 0xfc700000-0xfc7fffff]
Nov 15 15:24:51 zhonderich-pri kernel: pci 0000:00:16.3:   bridge window [mem 0xe7000000-0xe70fffff 64bit pref]
Nov 15 15:24:51 zhonderich-pri kernel: pci 0000:00:16.4: PCI bridge to [bus 0f]
Nov 15 15:24:51 zhonderich-pri kernel: pci 0000:00:16.4:   bridge window [mem 0xfc300000-0xfc3fffff]
Nov 15 15:24:51 zhonderich-pri kernel: pci 0000:00:16.4:   bridge window [mem 0xe6c00000-0xe6cfffff 64bit pref]
Nov 15 15:24:51 zhonderich-pri kernel: pci 0000:00:16.5: PCI bridge to [bus 10]
Nov 15 15:24:51 zhonderich-pri kernel: pci 0000:00:16.5:   bridge window [mem 0xfbf00000-0xfbffffff]
Nov 15 15:24:51 zhonderich-pri kernel: pci 0000:00:16.5:   bridge window [mem 0xe6800000-0xe68fffff 64bit pref]
Nov 15 15:24:51 zhonderich-pri kernel: pci 0000:00:16.6: PCI bridge to [bus 11]
Nov 15 15:24:51 zhonderich-pri kernel: pci 0000:00:16.6:   bridge window [mem 0xfbb00000-0xfbbfffff]
Nov 15 15:24:51 zhonderich-pri kernel: pci 0000:00:16.6:   bridge window [mem 0xe6400000-0xe64fffff 64bit pref]
Nov 15 15:24:51 zhonderich-pri kernel: pci 0000:00:16.7: PCI bridge to [bus 12]
Nov 15 15:24:51 zhonderich-pri kernel: pci 0000:00:16.7:   bridge window [mem 0xfb700000-0xfb7fffff]
Nov 15 15:24:51 zhonderich-pri kernel: pci 0000:00:16.7:   bridge window [mem 0xe6000000-0xe60fffff 64bit pref]
Nov 15 15:24:51 zhonderich-pri kernel: pci 0000:13:00.0: [15ad:07b0] type 00 class 0x020000
Nov 15 15:24:51 zhonderich-pri kernel: pci 0000:13:00.0: reg 0x10: [mem 0xfd2fc000-0xfd2fcfff]
Nov 15 15:24:51 zhonderich-pri kernel: pci 0000:13:00.0: reg 0x14: [mem 0xfd2fd000-0xfd2fdfff]
Nov 15 15:24:51 zhonderich-pri kernel: pci 0000:13:00.0: reg 0x18: [mem 0xfd2fe000-0xfd2fffff]
Nov 15 15:24:51 zhonderich-pri kernel: pci 0000:13:00.0: reg 0x1c: [io  0x6000-0x600f]
Nov 15 15:24:51 zhonderich-pri kernel: pci 0000:13:00.0: reg 0x30: [mem 0x00000000-0x0000ffff pref]
Nov 15 15:24:51 zhonderich-pri kernel: pci 0000:13:00.0: supports D1 D2
Nov 15 15:24:51 zhonderich-pri kernel: pci 0000:13:00.0: PME# supported from D0 D1 D2 D3hot D3cold
Nov 15 15:24:51 zhonderich-pri kernel: pci 0000:13:00.0: disabling ASPM on pre-1.1 PCIe device.  You can enable it with 'pcie_aspm=force'
Nov 15 15:24:51 zhonderich-pri kernel: pci 0000:00:17.0: PCI bridge to [bus 13]
Nov 15 15:24:51 zhonderich-pri kernel: pci 0000:00:17.0:   bridge window [io  0x6000-0x6fff]
Nov 15 15:24:51 zhonderich-pri kernel: pci 0000:00:17.0:   bridge window [mem 0xfd200000-0xfd2fffff]
Nov 15 15:24:51 zhonderich-pri kernel: pci 0000:00:17.1: PCI bridge to [bus 14]
Nov 15 15:24:51 zhonderich-pri kernel: pci 0000:00:17.1:   bridge window [io  0xa000-0xafff]
Nov 15 15:24:51 zhonderich-pri kernel: pci 0000:00:17.1:   bridge window [mem 0xfce00000-0xfcefffff]
Nov 15 15:24:51 zhonderich-pri kernel: pci 0000:00:17.1:   bridge window [mem 0xe7700000-0xe77fffff 64bit pref]
Nov 15 15:24:51 zhonderich-pri kernel: pci 0000:00:17.2: PCI bridge to [bus 15]
Nov 15 15:24:51 zhonderich-pri kernel: pci 0000:00:17.2:   bridge window [io  0xe000-0xefff]
Nov 15 15:24:51 zhonderich-pri kernel: pci 0000:00:17.2:   bridge window [mem 0xfca00000-0xfcafffff]
Nov 15 15:24:51 zhonderich-pri kernel: pci 0000:00:17.2:   bridge window [mem 0xe7300000-0xe73fffff 64bit pref]
Nov 15 15:24:51 zhonderich-pri kernel: pci 0000:00:17.3: PCI bridge to [bus 16]
Nov 15 15:24:51 zhonderich-pri kernel: pci 0000:00:17.3:   bridge window [mem 0xfc600000-0xfc6fffff]
Nov 15 15:24:51 zhonderich-pri kernel: pci 0000:00:17.3:   bridge window [mem 0xe6f00000-0xe6ffffff 64bit pref]
Nov 15 15:24:51 zhonderich-pri kernel: pci 0000:00:17.4: PCI bridge to [bus 17]
Nov 15 15:24:51 zhonderich-pri kernel: pci 0000:00:17.4:   bridge window [mem 0xfc200000-0xfc2fffff]
Nov 15 15:24:51 zhonderich-pri kernel: pci 0000:00:17.4:   bridge window [mem 0xe6b00000-0xe6bfffff 64bit pref]
Nov 15 15:24:51 zhonderich-pri kernel: pci 0000:00:17.5: PCI bridge to [bus 18]
Nov 15 15:24:51 zhonderich-pri kernel: pci 0000:00:17.5:   bridge window [mem 0xfbe00000-0xfbefffff]
Nov 15 15:24:51 zhonderich-pri kernel: pci 0000:00:17.5:   bridge window [mem 0xe6700000-0xe67fffff 64bit pref]
Nov 15 15:24:51 zhonderich-pri kernel: pci 0000:00:17.6: PCI bridge to [bus 19]
Nov 15 15:24:51 zhonderich-pri kernel: pci 0000:00:17.6:   bridge window [mem 0xfba00000-0xfbafffff]
Nov 15 15:24:51 zhonderich-pri kernel: pci 0000:00:17.6:   bridge window [mem 0xe6300000-0xe63fffff 64bit pref]
Nov 15 15:24:51 zhonderich-pri kernel: pci 0000:00:17.7: PCI bridge to [bus 1a]
Nov 15 15:24:51 zhonderich-pri kernel: pci 0000:00:17.7:   bridge window [mem 0xfb600000-0xfb6fffff]
Nov 15 15:24:51 zhonderich-pri kernel: pci 0000:00:17.7:   bridge window [mem 0xe5f00000-0xe5ffffff 64bit pref]
Nov 15 15:24:51 zhonderich-pri kernel: pci 0000:00:18.0: PCI bridge to [bus 1b]
Nov 15 15:24:51 zhonderich-pri kernel: pci 0000:00:18.0:   bridge window [io  0x7000-0x7fff]
Nov 15 15:24:51 zhonderich-pri kernel: pci 0000:00:18.0:   bridge window [mem 0xfd100000-0xfd1fffff]
Nov 15 15:24:51 zhonderich-pri kernel: pci 0000:00:18.0:   bridge window [mem 0xe7a00000-0xe7afffff 64bit pref]
Nov 15 15:24:51 zhonderich-pri kernel: pci 0000:00:18.1: PCI bridge to [bus 1c]
Nov 15 15:24:51 zhonderich-pri kernel: pci 0000:00:18.1:   bridge window [io  0xb000-0xbfff]
Nov 15 15:24:51 zhonderich-pri kernel: pci 0000:00:18.1:   bridge window [mem 0xfcd00000-0xfcdfffff]
Nov 15 15:24:51 zhonderich-pri kernel: pci 0000:00:18.1:   bridge window [mem 0xe7600000-0xe76fffff 64bit pref]
Nov 15 15:24:51 zhonderich-pri kernel: pci 0000:00:18.2: PCI bridge to [bus 1d]
Nov 15 15:24:51 zhonderich-pri kernel: pci 0000:00:18.2:   bridge window [mem 0xfc900000-0xfc9fffff]
Nov 15 15:24:51 zhonderich-pri kernel: pci 0000:00:18.2:   bridge window [mem 0xe7200000-0xe72fffff 64bit pref]
Nov 15 15:24:51 zhonderich-pri kernel: pci 0000:00:18.3: PCI bridge to [bus 1e]
Nov 15 15:24:51 zhonderich-pri kernel: pci 0000:00:18.3:   bridge window [mem 0xfc500000-0xfc5fffff]
Nov 15 15:24:51 zhonderich-pri kernel: pci 0000:00:18.3:   bridge window [mem 0xe6e00000-0xe6efffff 64bit pref]
Nov 15 15:24:51 zhonderich-pri kernel: pci 0000:00:18.4: PCI bridge to [bus 1f]
Nov 15 15:24:51 zhonderich-pri kernel: pci 0000:00:18.4:   bridge window [mem 0xfc100000-0xfc1fffff]
Nov 15 15:24:51 zhonderich-pri kernel: pci 0000:00:18.4:   bridge window [mem 0xe6a00000-0xe6afffff 64bit pref]
Nov 15 15:24:51 zhonderich-pri kernel: pci 0000:00:18.5: PCI bridge to [bus 20]
Nov 15 15:24:51 zhonderich-pri kernel: pci 0000:00:18.5:   bridge window [mem 0xfbd00000-0xfbdfffff]
Nov 15 15:24:51 zhonderich-pri kernel: pci 0000:00:18.5:   bridge window [mem 0xe6600000-0xe66fffff 64bit pref]
Nov 15 15:24:51 zhonderich-pri kernel: pci 0000:00:18.6: PCI bridge to [bus 21]
Nov 15 15:24:51 zhonderich-pri kernel: pci 0000:00:18.6:   bridge window [mem 0xfb900000-0xfb9fffff]
Nov 15 15:24:51 zhonderich-pri kernel: pci 0000:00:18.6:   bridge window [mem 0xe6200000-0xe62fffff 64bit pref]
Nov 15 15:24:51 zhonderich-pri kernel: pci 0000:00:18.7: PCI bridge to [bus 22]
Nov 15 15:24:51 zhonderich-pri kernel: pci 0000:00:18.7:   bridge window [mem 0xfb500000-0xfb5fffff]
Nov 15 15:24:51 zhonderich-pri kernel: pci 0000:00:18.7:   bridge window [mem 0xe5e00000-0xe5efffff 64bit pref]
Nov 15 15:24:51 zhonderich-pri kernel: ACPI: PCI Interrupt Link [LNKA] (IRQs 3 4 5 6 7 *9 10 11 14 15)
Nov 15 15:24:51 zhonderich-pri kernel: ACPI: PCI Interrupt Link [LNKB] (IRQs 3 4 5 6 *7 9 10 11 14 15)
Nov 15 15:24:51 zhonderich-pri kernel: ACPI: PCI Interrupt Link [LNKC] (IRQs 3 4 5 6 7 9 10 *11 14 15)
Nov 15 15:24:51 zhonderich-pri kernel: ACPI: PCI Interrupt Link [LNKD] (IRQs 3 4 5 6 7 9 *10 11 14 15)
Nov 15 15:24:51 zhonderich-pri kernel: iommu: Default domain type: Passthrough 
Nov 15 15:24:51 zhonderich-pri kernel: pci 0000:00:0f.0: vgaarb: setting as boot VGA device
Nov 15 15:24:51 zhonderich-pri kernel: pci 0000:00:0f.0: vgaarb: VGA device added: decodes=io+mem,owns=io+mem,locks=none
Nov 15 15:24:51 zhonderich-pri kernel: pci 0000:00:0f.0: vgaarb: bridge control possible
Nov 15 15:24:51 zhonderich-pri kernel: vgaarb: loaded
Nov 15 15:24:51 zhonderich-pri kernel: SCSI subsystem initialized
Nov 15 15:24:51 zhonderich-pri kernel: ACPI: bus type USB registered
Nov 15 15:24:51 zhonderich-pri kernel: usbcore: registered new interface driver usbfs
Nov 15 15:24:51 zhonderich-pri kernel: usbcore: registered new interface driver hub
Nov 15 15:24:51 zhonderich-pri kernel: usbcore: registered new device driver usb
Nov 15 15:24:51 zhonderich-pri kernel: pps_core: LinuxPPS API ver. 1 registered
Nov 15 15:24:51 zhonderich-pri kernel: pps_core: Software ver. 5.3.6 - Copyright 2005-2007 Rodolfo Giometti <giometti@linux.it>
Nov 15 15:24:51 zhonderich-pri kernel: PTP clock support registered
Nov 15 15:24:51 zhonderich-pri kernel: EDAC MC: Ver: 3.0.0
Nov 15 15:24:51 zhonderich-pri kernel: PCI: Using ACPI for IRQ routing
Nov 15 15:24:51 zhonderich-pri kernel: NetLabel: Initializing
Nov 15 15:24:51 zhonderich-pri kernel: NetLabel:  domain hash size = 128
Nov 15 15:24:51 zhonderich-pri kernel: NetLabel:  protocols = UNLABELED CIPSOv4 CALIPSO
Nov 15 15:24:51 zhonderich-pri kernel: NetLabel:  unlabeled traffic allowed by default
Nov 15 15:24:51 zhonderich-pri kernel: hpet0: at MMIO 0xfed00000, IRQs 2, 8, 0, 0, 0, 0, 0, 0, 0, 0, 0, 0, 0, 0, 0, 0
Nov 15 15:24:51 zhonderich-pri kernel: hpet0: 16 comparators, 64-bit 14.318180 MHz counter
Nov 15 15:24:51 zhonderich-pri kernel: clocksource: Switched to clocksource tsc-early
Nov 15 15:24:51 zhonderich-pri kernel: VFS: Disk quotas dquot_6.6.0
Nov 15 15:24:51 zhonderich-pri kernel: VFS: Dquot-cache hash table entries: 512 (order 0, 4096 bytes)
Nov 15 15:24:51 zhonderich-pri kernel: pnp: PnP ACPI init
Nov 15 15:24:51 zhonderich-pri kernel: system 00:00: [io  0x1000-0x103f] has been reserved
Nov 15 15:24:51 zhonderich-pri kernel: system 00:00: [io  0x1040-0x104f] has been reserved
Nov 15 15:24:51 zhonderich-pri kernel: system 00:00: [io  0x0cf0-0x0cf1] has been reserved
Nov 15 15:24:51 zhonderich-pri kernel: system 00:04: [mem 0xfed00000-0xfed003ff] has been reserved
Nov 15 15:24:51 zhonderich-pri kernel: system 00:05: [io  0xfce0-0xfcff] has been reserved
Nov 15 15:24:51 zhonderich-pri kernel: system 00:05: [mem 0xf0000000-0xf7ffffff] has been reserved
Nov 15 15:24:51 zhonderich-pri kernel: system 00:05: [mem 0xfe800000-0xfe9fffff] has been reserved
Nov 15 15:24:51 zhonderich-pri kernel: pnp: PnP ACPI: found 6 devices
Nov 15 15:24:51 zhonderich-pri kernel: clocksource: acpi_pm: mask: 0xffffff max_cycles: 0xffffff, max_idle_ns: 2085701024 ns
Nov 15 15:24:51 zhonderich-pri kernel: pci 0000:00:15.0: bridge window [mem 0x00100000-0x000fffff 64bit pref] to [bus 03] add_size 200000 add_align 100000
Nov 15 15:24:51 zhonderich-pri kernel: pci 0000:00:15.3: bridge window [io  0x1000-0x0fff] to [bus 06] add_size 1000
Nov 15 15:24:51 zhonderich-pri kernel: pci 0000:00:15.4: bridge window [io  0x1000-0x0fff] to [bus 07] add_size 1000
Nov 15 15:24:51 zhonderich-pri kernel: pci 0000:00:15.5: bridge window [io  0x1000-0x0fff] to [bus 08] add_size 1000
Nov 15 15:24:51 zhonderich-pri kernel: pci 0000:00:15.6: bridge window [io  0x1000-0x0fff] to [bus 09] add_size 1000
Nov 15 15:24:51 zhonderich-pri kernel: pci 0000:00:15.7: bridge window [io  0x1000-0x0fff] to [bus 0a] add_size 1000
Nov 15 15:24:51 zhonderich-pri kernel: pci 0000:00:16.0: bridge window [mem 0x00100000-0x000fffff 64bit pref] to [bus 0b] add_size 200000 add_align 100000
Nov 15 15:24:51 zhonderich-pri kernel: pci 0000:00:16.3: bridge window [io  0x1000-0x0fff] to [bus 0e] add_size 1000
Nov 15 15:24:51 zhonderich-pri kernel: pci 0000:00:16.4: bridge window [io  0x1000-0x0fff] to [bus 0f] add_size 1000
Nov 15 15:24:51 zhonderich-pri kernel: pci 0000:00:16.5: bridge window [io  0x1000-0x0fff] to [bus 10] add_size 1000
Nov 15 15:24:51 zhonderich-pri kernel: pci 0000:00:16.6: bridge window [io  0x1000-0x0fff] to [bus 11] add_size 1000
Nov 15 15:24:51 zhonderich-pri kernel: pci 0000:00:16.7: bridge window [io  0x1000-0x0fff] to [bus 12] add_size 1000
Nov 15 15:24:51 zhonderich-pri kernel: pci 0000:00:17.0: bridge window [mem 0x00100000-0x000fffff 64bit pref] to [bus 13] add_size 200000 add_align 100000
Nov 15 15:24:51 zhonderich-pri kernel: pci 0000:00:17.3: bridge window [io  0x1000-0x0fff] to [bus 16] add_size 1000
Nov 15 15:24:51 zhonderich-pri kernel: pci 0000:00:17.4: bridge window [io  0x1000-0x0fff] to [bus 17] add_size 1000
Nov 15 15:24:51 zhonderich-pri kernel: pci 0000:00:17.5: bridge window [io  0x1000-0x0fff] to [bus 18] add_size 1000
Nov 15 15:24:51 zhonderich-pri kernel: pci 0000:00:17.6: bridge window [io  0x1000-0x0fff] to [bus 19] add_size 1000
Nov 15 15:24:51 zhonderich-pri kernel: pci 0000:00:17.7: bridge window [io  0x1000-0x0fff] to [bus 1a] add_size 1000
Nov 15 15:24:51 zhonderich-pri kernel: pci 0000:00:18.2: bridge window [io  0x1000-0x0fff] to [bus 1d] add_size 1000
Nov 15 15:24:51 zhonderich-pri kernel: pci 0000:00:18.3: bridge window [io  0x1000-0x0fff] to [bus 1e] add_size 1000
Nov 15 15:24:51 zhonderich-pri kernel: pci 0000:00:18.4: bridge window [io  0x1000-0x0fff] to [bus 1f] add_size 1000
Nov 15 15:24:51 zhonderich-pri kernel: pci 0000:00:18.5: bridge window [io  0x1000-0x0fff] to [bus 20] add_size 1000
Nov 15 15:24:51 zhonderich-pri kernel: pci 0000:00:18.6: bridge window [io  0x1000-0x0fff] to [bus 21] add_size 1000
Nov 15 15:24:51 zhonderich-pri kernel: pci 0000:00:18.7: bridge window [io  0x1000-0x0fff] to [bus 22] add_size 1000
Nov 15 15:24:51 zhonderich-pri kernel: pci 0000:00:15.0: BAR 15: assigned [mem 0x80000000-0x801fffff 64bit pref]
Nov 15 15:24:51 zhonderich-pri kernel: pci 0000:00:16.0: BAR 15: assigned [mem 0x80200000-0x803fffff 64bit pref]
Nov 15 15:24:51 zhonderich-pri kernel: pci 0000:00:17.0: BAR 15: assigned [mem 0x80400000-0x805fffff 64bit pref]
Nov 15 15:24:51 zhonderich-pri kernel: pci 0000:00:0f.0: BAR 6: assigned [mem 0x80600000-0x80607fff pref]
Nov 15 15:24:51 zhonderich-pri kernel: pci 0000:00:15.3: BAR 13: no space for [io  size 0x1000]
Nov 15 15:24:51 zhonderich-pri kernel: pci 0000:00:15.3: BAR 13: failed to assign [io  size 0x1000]
Nov 15 15:24:51 zhonderich-pri kernel: pci 0000:00:15.4: BAR 13: no space for [io  size 0x1000]
Nov 15 15:24:51 zhonderich-pri kernel: pci 0000:00:15.4: BAR 13: failed to assign [io  size 0x1000]
Nov 15 15:24:51 zhonderich-pri kernel: pci 0000:00:15.5: BAR 13: no space for [io  size 0x1000]
Nov 15 15:24:51 zhonderich-pri kernel: pci 0000:00:15.5: BAR 13: failed to assign [io  size 0x1000]
Nov 15 15:24:51 zhonderich-pri kernel: pci 0000:00:15.6: BAR 13: no space for [io  size 0x1000]
Nov 15 15:24:51 zhonderich-pri kernel: pci 0000:00:15.6: BAR 13: failed to assign [io  size 0x1000]
Nov 15 15:24:51 zhonderich-pri kernel: pci 0000:00:15.7: BAR 13: no space for [io  size 0x1000]
Nov 15 15:24:51 zhonderich-pri kernel: pci 0000:00:15.7: BAR 13: failed to assign [io  size 0x1000]
Nov 15 15:24:51 zhonderich-pri kernel: pci 0000:00:16.3: BAR 13: no space for [io  size 0x1000]
Nov 15 15:24:51 zhonderich-pri kernel: pci 0000:00:16.3: BAR 13: failed to assign [io  size 0x1000]
Nov 15 15:24:51 zhonderich-pri kernel: pci 0000:00:16.4: BAR 13: no space for [io  size 0x1000]
Nov 15 15:24:51 zhonderich-pri kernel: pci 0000:00:16.4: BAR 13: failed to assign [io  size 0x1000]
Nov 15 15:24:51 zhonderich-pri kernel: pci 0000:00:16.5: BAR 13: no space for [io  size 0x1000]
Nov 15 15:24:51 zhonderich-pri kernel: pci 0000:00:16.5: BAR 13: failed to assign [io  size 0x1000]
Nov 15 15:24:51 zhonderich-pri kernel: pci 0000:00:16.6: BAR 13: no space for [io  size 0x1000]
Nov 15 15:24:51 zhonderich-pri kernel: pci 0000:00:16.6: BAR 13: failed to assign [io  size 0x1000]
Nov 15 15:24:51 zhonderich-pri kernel: pci 0000:00:16.7: BAR 13: no space for [io  size 0x1000]
Nov 15 15:24:51 zhonderich-pri kernel: pci 0000:00:16.7: BAR 13: failed to assign [io  size 0x1000]
Nov 15 15:24:51 zhonderich-pri kernel: pci 0000:00:17.3: BAR 13: no space for [io  size 0x1000]
Nov 15 15:24:51 zhonderich-pri kernel: pci 0000:00:17.3: BAR 13: failed to assign [io  size 0x1000]
Nov 15 15:24:51 zhonderich-pri kernel: pci 0000:00:17.4: BAR 13: no space for [io  size 0x1000]
Nov 15 15:24:51 zhonderich-pri kernel: pci 0000:00:17.4: BAR 13: failed to assign [io  size 0x1000]
Nov 15 15:24:51 zhonderich-pri kernel: pci 0000:00:17.5: BAR 13: no space for [io  size 0x1000]
Nov 15 15:24:51 zhonderich-pri kernel: pci 0000:00:17.5: BAR 13: failed to assign [io  size 0x1000]
Nov 15 15:24:51 zhonderich-pri kernel: pci 0000:00:17.6: BAR 13: no space for [io  size 0x1000]
Nov 15 15:24:51 zhonderich-pri kernel: pci 0000:00:17.6: BAR 13: failed to assign [io  size 0x1000]
Nov 15 15:24:51 zhonderich-pri kernel: pci 0000:00:17.7: BAR 13: no space for [io  size 0x1000]
Nov 15 15:24:51 zhonderich-pri kernel: pci 0000:00:17.7: BAR 13: failed to assign [io  size 0x1000]
Nov 15 15:24:51 zhonderich-pri kernel: pci 0000:00:18.2: BAR 13: no space for [io  size 0x1000]
Nov 15 15:24:51 zhonderich-pri kernel: pci 0000:00:18.2: BAR 13: failed to assign [io  size 0x1000]
Nov 15 15:24:51 zhonderich-pri kernel: pci 0000:00:18.3: BAR 13: no space for [io  size 0x1000]
Nov 15 15:24:51 zhonderich-pri kernel: pci 0000:00:18.3: BAR 13: failed to assign [io  size 0x1000]
Nov 15 15:24:51 zhonderich-pri kernel: pci 0000:00:18.4: BAR 13: no space for [io  size 0x1000]
Nov 15 15:24:51 zhonderich-pri kernel: pci 0000:00:18.4: BAR 13: failed to assign [io  size 0x1000]
Nov 15 15:24:51 zhonderich-pri kernel: pci 0000:00:18.5: BAR 13: no space for [io  size 0x1000]
Nov 15 15:24:51 zhonderich-pri kernel: pci 0000:00:18.5: BAR 13: failed to assign [io  size 0x1000]
Nov 15 15:24:51 zhonderich-pri kernel: pci 0000:00:18.6: BAR 13: no space for [io  size 0x1000]
Nov 15 15:24:51 zhonderich-pri kernel: pci 0000:00:18.6: BAR 13: failed to assign [io  size 0x1000]
Nov 15 15:24:51 zhonderich-pri kernel: pci 0000:00:18.7: BAR 13: no space for [io  size 0x1000]
Nov 15 15:24:51 zhonderich-pri kernel: pci 0000:00:18.7: BAR 13: failed to assign [io  size 0x1000]
Nov 15 15:24:51 zhonderich-pri kernel: pci 0000:00:18.7: BAR 13: no space for [io  size 0x1000]
Nov 15 15:24:51 zhonderich-pri kernel: pci 0000:00:18.7: BAR 13: failed to assign [io  size 0x1000]
Nov 15 15:24:51 zhonderich-pri kernel: pci 0000:00:18.6: BAR 13: no space for [io  size 0x1000]
Nov 15 15:24:51 zhonderich-pri kernel: pci 0000:00:18.6: BAR 13: failed to assign [io  size 0x1000]
Nov 15 15:24:51 zhonderich-pri kernel: pci 0000:00:18.5: BAR 13: no space for [io  size 0x1000]
Nov 15 15:24:51 zhonderich-pri kernel: pci 0000:00:18.5: BAR 13: failed to assign [io  size 0x1000]
Nov 15 15:24:51 zhonderich-pri kernel: pci 0000:00:18.4: BAR 13: no space for [io  size 0x1000]
Nov 15 15:24:51 zhonderich-pri kernel: pci 0000:00:18.4: BAR 13: failed to assign [io  size 0x1000]
Nov 15 15:24:51 zhonderich-pri kernel: pci 0000:00:18.3: BAR 13: no space for [io  size 0x1000]
Nov 15 15:24:51 zhonderich-pri kernel: pci 0000:00:18.3: BAR 13: failed to assign [io  size 0x1000]
Nov 15 15:24:51 zhonderich-pri kernel: pci 0000:00:18.2: BAR 13: no space for [io  size 0x1000]
Nov 15 15:24:51 zhonderich-pri kernel: pci 0000:00:18.2: BAR 13: failed to assign [io  size 0x1000]
Nov 15 15:24:51 zhonderich-pri kernel: pci 0000:00:17.7: BAR 13: no space for [io  size 0x1000]
Nov 15 15:24:51 zhonderich-pri kernel: pci 0000:00:17.7: BAR 13: failed to assign [io  size 0x1000]
Nov 15 15:24:51 zhonderich-pri kernel: pci 0000:00:17.6: BAR 13: no space for [io  size 0x1000]
Nov 15 15:24:51 zhonderich-pri kernel: pci 0000:00:17.6: BAR 13: failed to assign [io  size 0x1000]
Nov 15 15:24:51 zhonderich-pri kernel: pci 0000:00:17.5: BAR 13: no space for [io  size 0x1000]
Nov 15 15:24:51 zhonderich-pri kernel: pci 0000:00:17.5: BAR 13: failed to assign [io  size 0x1000]
Nov 15 15:24:51 zhonderich-pri kernel: pci 0000:00:17.4: BAR 13: no space for [io  size 0x1000]
Nov 15 15:24:51 zhonderich-pri kernel: pci 0000:00:17.4: BAR 13: failed to assign [io  size 0x1000]
Nov 15 15:24:51 zhonderich-pri kernel: pci 0000:00:17.3: BAR 13: no space for [io  size 0x1000]
Nov 15 15:24:51 zhonderich-pri kernel: pci 0000:00:17.3: BAR 13: failed to assign [io  size 0x1000]
Nov 15 15:24:51 zhonderich-pri kernel: pci 0000:00:16.7: BAR 13: no space for [io  size 0x1000]
Nov 15 15:24:51 zhonderich-pri kernel: pci 0000:00:16.7: BAR 13: failed to assign [io  size 0x1000]
Nov 15 15:24:51 zhonderich-pri kernel: pci 0000:00:16.6: BAR 13: no space for [io  size 0x1000]
Nov 15 15:24:51 zhonderich-pri kernel: pci 0000:00:16.6: BAR 13: failed to assign [io  size 0x1000]
Nov 15 15:24:51 zhonderich-pri kernel: pci 0000:00:16.5: BAR 13: no space for [io  size 0x1000]
Nov 15 15:24:51 zhonderich-pri kernel: pci 0000:00:16.5: BAR 13: failed to assign [io  size 0x1000]
Nov 15 15:24:51 zhonderich-pri kernel: pci 0000:00:16.4: BAR 13: no space for [io  size 0x1000]
Nov 15 15:24:51 zhonderich-pri kernel: pci 0000:00:16.4: BAR 13: failed to assign [io  size 0x1000]
Nov 15 15:24:51 zhonderich-pri kernel: pci 0000:00:16.3: BAR 13: no space for [io  size 0x1000]
Nov 15 15:24:51 zhonderich-pri kernel: pci 0000:00:16.3: BAR 13: failed to assign [io  size 0x1000]
Nov 15 15:24:51 zhonderich-pri kernel: pci 0000:00:15.7: BAR 13: no space for [io  size 0x1000]
Nov 15 15:24:51 zhonderich-pri kernel: pci 0000:00:15.7: BAR 13: failed to assign [io  size 0x1000]
Nov 15 15:24:51 zhonderich-pri kernel: pci 0000:00:15.6: BAR 13: no space for [io  size 0x1000]
Nov 15 15:24:51 zhonderich-pri kernel: pci 0000:00:15.6: BAR 13: failed to assign [io  size 0x1000]
Nov 15 15:24:51 zhonderich-pri kernel: pci 0000:00:15.5: BAR 13: no space for [io  size 0x1000]
Nov 15 15:24:51 zhonderich-pri kernel: pci 0000:00:15.5: BAR 13: failed to assign [io  size 0x1000]
Nov 15 15:24:51 zhonderich-pri kernel: pci 0000:00:15.4: BAR 13: no space for [io  size 0x1000]
Nov 15 15:24:51 zhonderich-pri kernel: pci 0000:00:15.4: BAR 13: failed to assign [io  size 0x1000]
Nov 15 15:24:51 zhonderich-pri kernel: pci 0000:00:15.3: BAR 13: no space for [io  size 0x1000]
Nov 15 15:24:51 zhonderich-pri kernel: pci 0000:00:15.3: BAR 13: failed to assign [io  size 0x1000]
Nov 15 15:24:51 zhonderich-pri kernel: pci 0000:00:01.0: PCI bridge to [bus 01]
Nov 15 15:24:51 zhonderich-pri kernel: pci 0000:02:03.0: BAR 6: assigned [mem 0xfd500000-0xfd50ffff pref]
Nov 15 15:24:51 zhonderich-pri kernel: pci 0000:00:11.0: PCI bridge to [bus 02]
Nov 15 15:24:51 zhonderich-pri kernel: pci 0000:00:11.0:   bridge window [io  0x2000-0x3fff]
Nov 15 15:24:51 zhonderich-pri kernel: pci 0000:00:11.0:   bridge window [mem 0xfd500000-0xfdffffff]
Nov 15 15:24:51 zhonderich-pri kernel: pci 0000:00:11.0:   bridge window [mem 0xe7b00000-0xe7ffffff 64bit pref]
Nov 15 15:24:51 zhonderich-pri kernel: pci 0000:03:00.0: BAR 6: assigned [mem 0xfd400000-0xfd40ffff pref]
Nov 15 15:24:51 zhonderich-pri kernel: pci 0000:00:15.0: PCI bridge to [bus 03]
Nov 15 15:24:51 zhonderich-pri kernel: pci 0000:00:15.0:   bridge window [io  0x4000-0x4fff]
Nov 15 15:24:51 zhonderich-pri kernel: pci 0000:00:15.0:   bridge window [mem 0xfd400000-0xfd4fffff]
Nov 15 15:24:51 zhonderich-pri kernel: pci 0000:00:15.0:   bridge window [mem 0x80000000-0x801fffff 64bit pref]
Nov 15 15:24:51 zhonderich-pri kernel: pci 0000:00:15.1: PCI bridge to [bus 04]
Nov 15 15:24:51 zhonderich-pri kernel: pci 0000:00:15.1:   bridge window [io  0x8000-0x8fff]
Nov 15 15:24:51 zhonderich-pri kernel: pci 0000:00:15.1:   bridge window [mem 0xfd000000-0xfd0fffff]
Nov 15 15:24:51 zhonderich-pri kernel: pci 0000:00:15.1:   bridge window [mem 0xe7900000-0xe79fffff 64bit pref]
Nov 15 15:24:51 zhonderich-pri kernel: pci 0000:00:15.2: PCI bridge to [bus 05]
Nov 15 15:24:51 zhonderich-pri kernel: pci 0000:00:15.2:   bridge window [io  0xc000-0xcfff]
Nov 15 15:24:51 zhonderich-pri kernel: pci 0000:00:15.2:   bridge window [mem 0xfcc00000-0xfccfffff]
Nov 15 15:24:51 zhonderich-pri kernel: pci 0000:00:15.2:   bridge window [mem 0xe7500000-0xe75fffff 64bit pref]
Nov 15 15:24:51 zhonderich-pri kernel: pci 0000:00:15.3: PCI bridge to [bus 06]
Nov 15 15:24:51 zhonderich-pri kernel: pci 0000:00:15.3:   bridge window [mem 0xfc800000-0xfc8fffff]
Nov 15 15:24:51 zhonderich-pri kernel: pci 0000:00:15.3:   bridge window [mem 0xe7100000-0xe71fffff 64bit pref]
Nov 15 15:24:51 zhonderich-pri kernel: pci 0000:00:15.4: PCI bridge to [bus 07]
Nov 15 15:24:51 zhonderich-pri kernel: pci 0000:00:15.4:   bridge window [mem 0xfc400000-0xfc4fffff]
Nov 15 15:24:51 zhonderich-pri kernel: pci 0000:00:15.4:   bridge window [mem 0xe6d00000-0xe6dfffff 64bit pref]
Nov 15 15:24:51 zhonderich-pri kernel: pci 0000:00:15.5: PCI bridge to [bus 08]
Nov 15 15:24:51 zhonderich-pri kernel: pci 0000:00:15.5:   bridge window [mem 0xfc000000-0xfc0fffff]
Nov 15 15:24:51 zhonderich-pri kernel: pci 0000:00:15.5:   bridge window [mem 0xe6900000-0xe69fffff 64bit pref]
Nov 15 15:24:51 zhonderich-pri kernel: pci 0000:00:15.6: PCI bridge to [bus 09]
Nov 15 15:24:51 zhonderich-pri kernel: pci 0000:00:15.6:   bridge window [mem 0xfbc00000-0xfbcfffff]
Nov 15 15:24:51 zhonderich-pri kernel: pci 0000:00:15.6:   bridge window [mem 0xe6500000-0xe65fffff 64bit pref]
Nov 15 15:24:51 zhonderich-pri kernel: pci 0000:00:15.7: PCI bridge to [bus 0a]
Nov 15 15:24:51 zhonderich-pri kernel: pci 0000:00:15.7:   bridge window [mem 0xfb800000-0xfb8fffff]
Nov 15 15:24:51 zhonderich-pri kernel: pci 0000:00:15.7:   bridge window [mem 0xe6100000-0xe61fffff 64bit pref]
Nov 15 15:24:51 zhonderich-pri kernel: pci 0000:0b:00.0: BAR 6: assigned [mem 0xfd300000-0xfd30ffff pref]
Nov 15 15:24:51 zhonderich-pri kernel: pci 0000:00:16.0: PCI bridge to [bus 0b]
Nov 15 15:24:51 zhonderich-pri kernel: pci 0000:00:16.0:   bridge window [io  0x5000-0x5fff]
Nov 15 15:24:51 zhonderich-pri kernel: pci 0000:00:16.0:   bridge window [mem 0xfd300000-0xfd3fffff]
Nov 15 15:24:51 zhonderich-pri kernel: pci 0000:00:16.0:   bridge window [mem 0x80200000-0x803fffff 64bit pref]
Nov 15 15:24:51 zhonderich-pri kernel: pci 0000:00:16.1: PCI bridge to [bus 0c]
Nov 15 15:24:51 zhonderich-pri kernel: pci 0000:00:16.1:   bridge window [io  0x9000-0x9fff]
Nov 15 15:24:51 zhonderich-pri kernel: pci 0000:00:16.1:   bridge window [mem 0xfcf00000-0xfcffffff]
Nov 15 15:24:51 zhonderich-pri kernel: pci 0000:00:16.1:   bridge window [mem 0xe7800000-0xe78fffff 64bit pref]
Nov 15 15:24:51 zhonderich-pri kernel: pci 0000:00:16.2: PCI bridge to [bus 0d]
Nov 15 15:24:51 zhonderich-pri kernel: pci 0000:00:16.2:   bridge window [io  0xd000-0xdfff]
Nov 15 15:24:51 zhonderich-pri kernel: pci 0000:00:16.2:   bridge window [mem 0xfcb00000-0xfcbfffff]
Nov 15 15:24:51 zhonderich-pri kernel: pci 0000:00:16.2:   bridge window [mem 0xe7400000-0xe74fffff 64bit pref]
Nov 15 15:24:51 zhonderich-pri kernel: pci 0000:00:16.3: PCI bridge to [bus 0e]
Nov 15 15:24:51 zhonderich-pri kernel: pci 0000:00:16.3:   bridge window [mem 0xfc700000-0xfc7fffff]
Nov 15 15:24:51 zhonderich-pri kernel: pci 0000:00:16.3:   bridge window [mem 0xe7000000-0xe70fffff 64bit pref]
Nov 15 15:24:51 zhonderich-pri kernel: pci 0000:00:16.4: PCI bridge to [bus 0f]
Nov 15 15:24:51 zhonderich-pri kernel: pci 0000:00:16.4:   bridge window [mem 0xfc300000-0xfc3fffff]
Nov 15 15:24:51 zhonderich-pri kernel: pci 0000:00:16.4:   bridge window [mem 0xe6c00000-0xe6cfffff 64bit pref]
Nov 15 15:24:51 zhonderich-pri kernel: pci 0000:00:16.5: PCI bridge to [bus 10]
Nov 15 15:24:51 zhonderich-pri kernel: pci 0000:00:16.5:   bridge window [mem 0xfbf00000-0xfbffffff]
Nov 15 15:24:51 zhonderich-pri kernel: pci 0000:00:16.5:   bridge window [mem 0xe6800000-0xe68fffff 64bit pref]
Nov 15 15:24:51 zhonderich-pri kernel: pci 0000:00:16.6: PCI bridge to [bus 11]
Nov 15 15:24:51 zhonderich-pri kernel: pci 0000:00:16.6:   bridge window [mem 0xfbb00000-0xfbbfffff]
Nov 15 15:24:51 zhonderich-pri kernel: pci 0000:00:16.6:   bridge window [mem 0xe6400000-0xe64fffff 64bit pref]
Nov 15 15:24:51 zhonderich-pri kernel: pci 0000:00:16.7: PCI bridge to [bus 12]
Nov 15 15:24:51 zhonderich-pri kernel: pci 0000:00:16.7:   bridge window [mem 0xfb700000-0xfb7fffff]
Nov 15 15:24:51 zhonderich-pri kernel: pci 0000:00:16.7:   bridge window [mem 0xe6000000-0xe60fffff 64bit pref]
Nov 15 15:24:51 zhonderich-pri kernel: pci 0000:13:00.0: BAR 6: assigned [mem 0xfd200000-0xfd20ffff pref]
Nov 15 15:24:51 zhonderich-pri kernel: pci 0000:00:17.0: PCI bridge to [bus 13]
Nov 15 15:24:51 zhonderich-pri kernel: pci 0000:00:17.0:   bridge window [io  0x6000-0x6fff]
Nov 15 15:24:51 zhonderich-pri kernel: pci 0000:00:17.0:   bridge window [mem 0xfd200000-0xfd2fffff]
Nov 15 15:24:51 zhonderich-pri kernel: pci 0000:00:17.0:   bridge window [mem 0x80400000-0x805fffff 64bit pref]
Nov 15 15:24:51 zhonderich-pri kernel: pci 0000:00:17.1: PCI bridge to [bus 14]
Nov 15 15:24:51 zhonderich-pri kernel: pci 0000:00:17.1:   bridge window [io  0xa000-0xafff]
Nov 15 15:24:51 zhonderich-pri kernel: pci 0000:00:17.1:   bridge window [mem 0xfce00000-0xfcefffff]
Nov 15 15:24:51 zhonderich-pri kernel: pci 0000:00:17.1:   bridge window [mem 0xe7700000-0xe77fffff 64bit pref]
Nov 15 15:24:51 zhonderich-pri kernel: pci 0000:00:17.2: PCI bridge to [bus 15]
Nov 15 15:24:51 zhonderich-pri kernel: pci 0000:00:17.2:   bridge window [io  0xe000-0xefff]
Nov 15 15:24:51 zhonderich-pri kernel: pci 0000:00:17.2:   bridge window [mem 0xfca00000-0xfcafffff]
Nov 15 15:24:51 zhonderich-pri kernel: pci 0000:00:17.2:   bridge window [mem 0xe7300000-0xe73fffff 64bit pref]
Nov 15 15:24:51 zhonderich-pri kernel: pci 0000:00:17.3: PCI bridge to [bus 16]
Nov 15 15:24:51 zhonderich-pri kernel: pci 0000:00:17.3:   bridge window [mem 0xfc600000-0xfc6fffff]
Nov 15 15:24:51 zhonderich-pri kernel: pci 0000:00:17.3:   bridge window [mem 0xe6f00000-0xe6ffffff 64bit pref]
Nov 15 15:24:51 zhonderich-pri kernel: pci 0000:00:17.4: PCI bridge to [bus 17]
Nov 15 15:24:51 zhonderich-pri kernel: pci 0000:00:17.4:   bridge window [mem 0xfc200000-0xfc2fffff]
Nov 15 15:24:51 zhonderich-pri kernel: pci 0000:00:17.4:   bridge window [mem 0xe6b00000-0xe6bfffff 64bit pref]
Nov 15 15:24:51 zhonderich-pri kernel: pci 0000:00:17.5: PCI bridge to [bus 18]
Nov 15 15:24:51 zhonderich-pri kernel: pci 0000:00:17.5:   bridge window [mem 0xfbe00000-0xfbefffff]
Nov 15 15:24:51 zhonderich-pri kernel: pci 0000:00:17.5:   bridge window [mem 0xe6700000-0xe67fffff 64bit pref]
Nov 15 15:24:51 zhonderich-pri kernel: pci 0000:00:17.6: PCI bridge to [bus 19]
Nov 15 15:24:51 zhonderich-pri kernel: pci 0000:00:17.6:   bridge window [mem 0xfba00000-0xfbafffff]
Nov 15 15:24:51 zhonderich-pri kernel: pci 0000:00:17.6:   bridge window [mem 0xe6300000-0xe63fffff 64bit pref]
Nov 15 15:24:51 zhonderich-pri kernel: pci 0000:00:17.7: PCI bridge to [bus 1a]
Nov 15 15:24:51 zhonderich-pri kernel: pci 0000:00:17.7:   bridge window [mem 0xfb600000-0xfb6fffff]
Nov 15 15:24:51 zhonderich-pri kernel: pci 0000:00:17.7:   bridge window [mem 0xe5f00000-0xe5ffffff 64bit pref]
Nov 15 15:24:51 zhonderich-pri kernel: pci 0000:00:18.0: PCI bridge to [bus 1b]
Nov 15 15:24:51 zhonderich-pri kernel: pci 0000:00:18.0:   bridge window [io  0x7000-0x7fff]
Nov 15 15:24:51 zhonderich-pri kernel: pci 0000:00:18.0:   bridge window [mem 0xfd100000-0xfd1fffff]
Nov 15 15:24:51 zhonderich-pri kernel: pci 0000:00:18.0:   bridge window [mem 0xe7a00000-0xe7afffff 64bit pref]
Nov 15 15:24:51 zhonderich-pri kernel: pci 0000:00:18.1: PCI bridge to [bus 1c]
Nov 15 15:24:51 zhonderich-pri kernel: pci 0000:00:18.1:   bridge window [io  0xb000-0xbfff]
Nov 15 15:24:51 zhonderich-pri kernel: pci 0000:00:18.1:   bridge window [mem 0xfcd00000-0xfcdfffff]
Nov 15 15:24:51 zhonderich-pri kernel: pci 0000:00:18.1:   bridge window [mem 0xe7600000-0xe76fffff 64bit pref]
Nov 15 15:24:51 zhonderich-pri kernel: pci 0000:00:18.2: PCI bridge to [bus 1d]
Nov 15 15:24:51 zhonderich-pri kernel: pci 0000:00:18.2:   bridge window [mem 0xfc900000-0xfc9fffff]
Nov 15 15:24:51 zhonderich-pri kernel: pci 0000:00:18.2:   bridge window [mem 0xe7200000-0xe72fffff 64bit pref]
Nov 15 15:24:51 zhonderich-pri kernel: pci 0000:00:18.3: PCI bridge to [bus 1e]
Nov 15 15:24:51 zhonderich-pri kernel: pci 0000:00:18.3:   bridge window [mem 0xfc500000-0xfc5fffff]
Nov 15 15:24:51 zhonderich-pri kernel: pci 0000:00:18.3:   bridge window [mem 0xe6e00000-0xe6efffff 64bit pref]
Nov 15 15:24:51 zhonderich-pri kernel: pci 0000:00:18.4: PCI bridge to [bus 1f]
Nov 15 15:24:51 zhonderich-pri kernel: pci 0000:00:18.4:   bridge window [mem 0xfc100000-0xfc1fffff]
Nov 15 15:24:51 zhonderich-pri kernel: pci 0000:00:18.4:   bridge window [mem 0xe6a00000-0xe6afffff 64bit pref]
Nov 15 15:24:51 zhonderich-pri kernel: pci 0000:00:18.5: PCI bridge to [bus 20]
Nov 15 15:24:51 zhonderich-pri kernel: pci 0000:00:18.5:   bridge window [mem 0xfbd00000-0xfbdfffff]
Nov 15 15:24:51 zhonderich-pri kernel: pci 0000:00:18.5:   bridge window [mem 0xe6600000-0xe66fffff 64bit pref]
Nov 15 15:24:51 zhonderich-pri kernel: pci 0000:00:18.6: PCI bridge to [bus 21]
Nov 15 15:24:51 zhonderich-pri kernel: pci 0000:00:18.6:   bridge window [mem 0xfb900000-0xfb9fffff]
Nov 15 15:24:51 zhonderich-pri kernel: pci 0000:00:18.6:   bridge window [mem 0xe6200000-0xe62fffff 64bit pref]
Nov 15 15:24:51 zhonderich-pri kernel: pci 0000:00:18.7: PCI bridge to [bus 22]
Nov 15 15:24:51 zhonderich-pri kernel: pci 0000:00:18.7:   bridge window [mem 0xfb500000-0xfb5fffff]
Nov 15 15:24:51 zhonderich-pri kernel: pci 0000:00:18.7:   bridge window [mem 0xe5e00000-0xe5efffff 64bit pref]
Nov 15 15:24:51 zhonderich-pri kernel: pci_bus 0000:00: resource 4 [mem 0x000a0000-0x000bffff window]
Nov 15 15:24:51 zhonderich-pri kernel: pci_bus 0000:00: resource 5 [mem 0x000d0000-0x000d3fff window]
Nov 15 15:24:51 zhonderich-pri kernel: pci_bus 0000:00: resource 6 [mem 0x000d4000-0x000d7fff window]
Nov 15 15:24:51 zhonderich-pri kernel: pci_bus 0000:00: resource 7 [mem 0x000d8000-0x000dbfff window]
Nov 15 15:24:51 zhonderich-pri kernel: pci_bus 0000:00: resource 8 [mem 0x80000000-0xfebfffff window]
Nov 15 15:24:51 zhonderich-pri kernel: pci_bus 0000:00: resource 9 [io  0x0000-0x0cf7 window]
Nov 15 15:24:51 zhonderich-pri kernel: pci_bus 0000:00: resource 10 [io  0x0d00-0xfeff window]
Nov 15 15:24:51 zhonderich-pri kernel: pci_bus 0000:02: resource 0 [io  0x2000-0x3fff]
Nov 15 15:24:51 zhonderich-pri kernel: pci_bus 0000:02: resource 1 [mem 0xfd500000-0xfdffffff]
Nov 15 15:24:51 zhonderich-pri kernel: pci_bus 0000:02: resource 2 [mem 0xe7b00000-0xe7ffffff 64bit pref]
Nov 15 15:24:51 zhonderich-pri kernel: pci_bus 0000:02: resource 4 [mem 0x000a0000-0x000bffff window]
Nov 15 15:24:51 zhonderich-pri kernel: pci_bus 0000:02: resource 5 [mem 0x000d0000-0x000d3fff window]
Nov 15 15:24:51 zhonderich-pri kernel: pci_bus 0000:02: resource 6 [mem 0x000d4000-0x000d7fff window]
Nov 15 15:24:51 zhonderich-pri kernel: pci_bus 0000:02: resource 7 [mem 0x000d8000-0x000dbfff window]
Nov 15 15:24:51 zhonderich-pri kernel: pci_bus 0000:02: resource 8 [mem 0x80000000-0xfebfffff window]
Nov 15 15:24:51 zhonderich-pri kernel: pci_bus 0000:02: resource 9 [io  0x0000-0x0cf7 window]
Nov 15 15:24:51 zhonderich-pri kernel: pci_bus 0000:02: resource 10 [io  0x0d00-0xfeff window]
Nov 15 15:24:51 zhonderich-pri kernel: pci_bus 0000:03: resource 0 [io  0x4000-0x4fff]
Nov 15 15:24:51 zhonderich-pri kernel: pci_bus 0000:03: resource 1 [mem 0xfd400000-0xfd4fffff]
Nov 15 15:24:51 zhonderich-pri kernel: pci_bus 0000:03: resource 2 [mem 0x80000000-0x801fffff 64bit pref]
Nov 15 15:24:51 zhonderich-pri kernel: pci_bus 0000:04: resource 0 [io  0x8000-0x8fff]
Nov 15 15:24:51 zhonderich-pri kernel: pci_bus 0000:04: resource 1 [mem 0xfd000000-0xfd0fffff]
Nov 15 15:24:51 zhonderich-pri kernel: pci_bus 0000:04: resource 2 [mem 0xe7900000-0xe79fffff 64bit pref]
Nov 15 15:24:51 zhonderich-pri kernel: pci_bus 0000:05: resource 0 [io  0xc000-0xcfff]
Nov 15 15:24:51 zhonderich-pri kernel: pci_bus 0000:05: resource 1 [mem 0xfcc00000-0xfccfffff]
Nov 15 15:24:51 zhonderich-pri kernel: pci_bus 0000:05: resource 2 [mem 0xe7500000-0xe75fffff 64bit pref]
Nov 15 15:24:51 zhonderich-pri kernel: pci_bus 0000:06: resource 1 [mem 0xfc800000-0xfc8fffff]
Nov 15 15:24:51 zhonderich-pri kernel: pci_bus 0000:06: resource 2 [mem 0xe7100000-0xe71fffff 64bit pref]
Nov 15 15:24:51 zhonderich-pri kernel: pci_bus 0000:07: resource 1 [mem 0xfc400000-0xfc4fffff]
Nov 15 15:24:51 zhonderich-pri kernel: pci_bus 0000:07: resource 2 [mem 0xe6d00000-0xe6dfffff 64bit pref]
Nov 15 15:24:51 zhonderich-pri kernel: pci_bus 0000:08: resource 1 [mem 0xfc000000-0xfc0fffff]
Nov 15 15:24:51 zhonderich-pri kernel: pci_bus 0000:08: resource 2 [mem 0xe6900000-0xe69fffff 64bit pref]
Nov 15 15:24:51 zhonderich-pri kernel: pci_bus 0000:09: resource 1 [mem 0xfbc00000-0xfbcfffff]
Nov 15 15:24:51 zhonderich-pri kernel: pci_bus 0000:09: resource 2 [mem 0xe6500000-0xe65fffff 64bit pref]
Nov 15 15:24:51 zhonderich-pri kernel: pci_bus 0000:0a: resource 1 [mem 0xfb800000-0xfb8fffff]
Nov 15 15:24:51 zhonderich-pri kernel: pci_bus 0000:0a: resource 2 [mem 0xe6100000-0xe61fffff 64bit pref]
Nov 15 15:24:51 zhonderich-pri kernel: pci_bus 0000:0b: resource 0 [io  0x5000-0x5fff]
Nov 15 15:24:51 zhonderich-pri kernel: pci_bus 0000:0b: resource 1 [mem 0xfd300000-0xfd3fffff]
Nov 15 15:24:51 zhonderich-pri kernel: pci_bus 0000:0b: resource 2 [mem 0x80200000-0x803fffff 64bit pref]
Nov 15 15:24:51 zhonderich-pri kernel: pci_bus 0000:0c: resource 0 [io  0x9000-0x9fff]
Nov 15 15:24:51 zhonderich-pri kernel: pci_bus 0000:0c: resource 1 [mem 0xfcf00000-0xfcffffff]
Nov 15 15:24:51 zhonderich-pri kernel: pci_bus 0000:0c: resource 2 [mem 0xe7800000-0xe78fffff 64bit pref]
Nov 15 15:24:51 zhonderich-pri kernel: pci_bus 0000:0d: resource 0 [io  0xd000-0xdfff]
Nov 15 15:24:51 zhonderich-pri kernel: pci_bus 0000:0d: resource 1 [mem 0xfcb00000-0xfcbfffff]
Nov 15 15:24:51 zhonderich-pri kernel: pci_bus 0000:0d: resource 2 [mem 0xe7400000-0xe74fffff 64bit pref]
Nov 15 15:24:51 zhonderich-pri kernel: pci_bus 0000:0e: resource 1 [mem 0xfc700000-0xfc7fffff]
Nov 15 15:24:51 zhonderich-pri kernel: pci_bus 0000:0e: resource 2 [mem 0xe7000000-0xe70fffff 64bit pref]
Nov 15 15:24:51 zhonderich-pri kernel: pci_bus 0000:0f: resource 1 [mem 0xfc300000-0xfc3fffff]
Nov 15 15:24:51 zhonderich-pri kernel: pci_bus 0000:0f: resource 2 [mem 0xe6c00000-0xe6cfffff 64bit pref]
Nov 15 15:24:51 zhonderich-pri kernel: pci_bus 0000:10: resource 1 [mem 0xfbf00000-0xfbffffff]
Nov 15 15:24:51 zhonderich-pri kernel: pci_bus 0000:10: resource 2 [mem 0xe6800000-0xe68fffff 64bit pref]
Nov 15 15:24:51 zhonderich-pri kernel: pci_bus 0000:11: resource 1 [mem 0xfbb00000-0xfbbfffff]
Nov 15 15:24:51 zhonderich-pri kernel: pci_bus 0000:11: resource 2 [mem 0xe6400000-0xe64fffff 64bit pref]
Nov 15 15:24:51 zhonderich-pri kernel: pci_bus 0000:12: resource 1 [mem 0xfb700000-0xfb7fffff]
Nov 15 15:24:51 zhonderich-pri kernel: pci_bus 0000:12: resource 2 [mem 0xe6000000-0xe60fffff 64bit pref]
Nov 15 15:24:51 zhonderich-pri kernel: pci_bus 0000:13: resource 0 [io  0x6000-0x6fff]
Nov 15 15:24:51 zhonderich-pri kernel: pci_bus 0000:13: resource 1 [mem 0xfd200000-0xfd2fffff]
Nov 15 15:24:51 zhonderich-pri kernel: pci_bus 0000:13: resource 2 [mem 0x80400000-0x805fffff 64bit pref]
Nov 15 15:24:51 zhonderich-pri kernel: pci_bus 0000:14: resource 0 [io  0xa000-0xafff]
Nov 15 15:24:51 zhonderich-pri kernel: pci_bus 0000:14: resource 1 [mem 0xfce00000-0xfcefffff]
Nov 15 15:24:51 zhonderich-pri kernel: pci_bus 0000:14: resource 2 [mem 0xe7700000-0xe77fffff 64bit pref]
Nov 15 15:24:51 zhonderich-pri kernel: pci_bus 0000:15: resource 0 [io  0xe000-0xefff]
Nov 15 15:24:51 zhonderich-pri kernel: pci_bus 0000:15: resource 1 [mem 0xfca00000-0xfcafffff]
Nov 15 15:24:51 zhonderich-pri kernel: pci_bus 0000:15: resource 2 [mem 0xe7300000-0xe73fffff 64bit pref]
Nov 15 15:24:51 zhonderich-pri kernel: pci_bus 0000:16: resource 1 [mem 0xfc600000-0xfc6fffff]
Nov 15 15:24:51 zhonderich-pri kernel: pci_bus 0000:16: resource 2 [mem 0xe6f00000-0xe6ffffff 64bit pref]
Nov 15 15:24:51 zhonderich-pri kernel: pci_bus 0000:17: resource 1 [mem 0xfc200000-0xfc2fffff]
Nov 15 15:24:51 zhonderich-pri kernel: pci_bus 0000:17: resource 2 [mem 0xe6b00000-0xe6bfffff 64bit pref]
Nov 15 15:24:51 zhonderich-pri kernel: pci_bus 0000:18: resource 1 [mem 0xfbe00000-0xfbefffff]
Nov 15 15:24:51 zhonderich-pri kernel: pci_bus 0000:18: resource 2 [mem 0xe6700000-0xe67fffff 64bit pref]
Nov 15 15:24:51 zhonderich-pri kernel: pci_bus 0000:19: resource 1 [mem 0xfba00000-0xfbafffff]
Nov 15 15:24:51 zhonderich-pri kernel: pci_bus 0000:19: resource 2 [mem 0xe6300000-0xe63fffff 64bit pref]
Nov 15 15:24:51 zhonderich-pri kernel: pci_bus 0000:1a: resource 1 [mem 0xfb600000-0xfb6fffff]
Nov 15 15:24:51 zhonderich-pri kernel: pci_bus 0000:1a: resource 2 [mem 0xe5f00000-0xe5ffffff 64bit pref]
Nov 15 15:24:51 zhonderich-pri kernel: pci_bus 0000:1b: resource 0 [io  0x7000-0x7fff]
Nov 15 15:24:51 zhonderich-pri kernel: pci_bus 0000:1b: resource 1 [mem 0xfd100000-0xfd1fffff]
Nov 15 15:24:51 zhonderich-pri kernel: pci_bus 0000:1b: resource 2 [mem 0xe7a00000-0xe7afffff 64bit pref]
Nov 15 15:24:51 zhonderich-pri kernel: pci_bus 0000:1c: resource 0 [io  0xb000-0xbfff]
Nov 15 15:24:51 zhonderich-pri kernel: pci_bus 0000:1c: resource 1 [mem 0xfcd00000-0xfcdfffff]
Nov 15 15:24:51 zhonderich-pri kernel: pci_bus 0000:1c: resource 2 [mem 0xe7600000-0xe76fffff 64bit pref]
Nov 15 15:24:51 zhonderich-pri kernel: pci_bus 0000:1d: resource 1 [mem 0xfc900000-0xfc9fffff]
Nov 15 15:24:51 zhonderich-pri kernel: pci_bus 0000:1d: resource 2 [mem 0xe7200000-0xe72fffff 64bit pref]
Nov 15 15:24:51 zhonderich-pri kernel: pci_bus 0000:1e: resource 1 [mem 0xfc500000-0xfc5fffff]
Nov 15 15:24:51 zhonderich-pri kernel: pci_bus 0000:1e: resource 2 [mem 0xe6e00000-0xe6efffff 64bit pref]
Nov 15 15:24:51 zhonderich-pri kernel: pci_bus 0000:1f: resource 1 [mem 0xfc100000-0xfc1fffff]
Nov 15 15:24:51 zhonderich-pri kernel: pci_bus 0000:1f: resource 2 [mem 0xe6a00000-0xe6afffff 64bit pref]
Nov 15 15:24:51 zhonderich-pri kernel: pci_bus 0000:20: resource 1 [mem 0xfbd00000-0xfbdfffff]
Nov 15 15:24:51 zhonderich-pri kernel: pci_bus 0000:20: resource 2 [mem 0xe6600000-0xe66fffff 64bit pref]
Nov 15 15:24:51 zhonderich-pri kernel: pci_bus 0000:21: resource 1 [mem 0xfb900000-0xfb9fffff]
Nov 15 15:24:51 zhonderich-pri kernel: pci_bus 0000:21: resource 2 [mem 0xe6200000-0xe62fffff 64bit pref]
Nov 15 15:24:51 zhonderich-pri kernel: pci_bus 0000:22: resource 1 [mem 0xfb500000-0xfb5fffff]
Nov 15 15:24:51 zhonderich-pri kernel: pci_bus 0000:22: resource 2 [mem 0xe5e00000-0xe5efffff 64bit pref]
Nov 15 15:24:51 zhonderich-pri kernel: NET: Registered protocol family 2
Nov 15 15:24:51 zhonderich-pri kernel: tcp_listen_portaddr_hash hash table entries: 1024 (order: 2, 16384 bytes)
Nov 15 15:24:51 zhonderich-pri kernel: TCP established hash table entries: 16384 (order: 5, 131072 bytes)
Nov 15 15:24:51 zhonderich-pri kernel: TCP bind hash table entries: 16384 (order: 6, 262144 bytes)
Nov 15 15:24:51 zhonderich-pri kernel: TCP: Hash tables configured (established 16384 bind 16384)
Nov 15 15:24:51 zhonderich-pri kernel: UDP hash table entries: 1024 (order: 3, 32768 bytes)
Nov 15 15:24:51 zhonderich-pri kernel: UDP-Lite hash table entries: 1024 (order: 3, 32768 bytes)
Nov 15 15:24:51 zhonderich-pri kernel: NET: Registered protocol family 1
Nov 15 15:24:51 zhonderich-pri kernel: NET: Registered protocol family 44
Nov 15 15:24:51 zhonderich-pri kernel: pci 0000:00:00.0: Limiting direct PCI/PCI transfers
Nov 15 15:24:51 zhonderich-pri kernel: pci 0000:00:0f.0: Video device with shadowed ROM at [mem 0x000c0000-0x000dffff]
Nov 15 15:24:51 zhonderich-pri kernel: PCI: CLS 32 bytes, default 64
Nov 15 15:24:51 zhonderich-pri kernel: Unpacking initramfs...
Nov 15 15:24:51 zhonderich-pri kernel: Freeing initrd memory: 29220K
Nov 15 15:24:51 zhonderich-pri kernel: Initialise system trusted keyrings
Nov 15 15:24:51 zhonderich-pri kernel: Key type blacklist registered
Nov 15 15:24:51 zhonderich-pri kernel: workingset: timestamp_bits=36 max_order=19 bucket_order=0
Nov 15 15:24:51 zhonderich-pri kernel: zbud: loaded
Nov 15 15:24:51 zhonderich-pri kernel: pstore: using deflate compression
Nov 15 15:24:51 zhonderich-pri kernel: Platform Keyring initialized
Nov 15 15:24:51 zhonderich-pri kernel: NET: Registered protocol family 38
Nov 15 15:24:51 zhonderich-pri kernel: Key type asymmetric registered
Nov 15 15:24:51 zhonderich-pri kernel: Asymmetric key parser 'x509' registered
Nov 15 15:24:51 zhonderich-pri kernel: Block layer SCSI generic (bsg) driver version 0.4 loaded (major 246)
Nov 15 15:24:51 zhonderich-pri kernel: io scheduler mq-deadline registered
Nov 15 15:24:51 zhonderich-pri kernel: io scheduler kyber registered
Nov 15 15:24:51 zhonderich-pri kernel: io scheduler bfq registered
Nov 15 15:24:51 zhonderich-pri kernel: atomic64_test: passed for x86-64 platform with CX8 and with SSE
Nov 15 15:24:51 zhonderich-pri kernel: pcieport 0000:00:15.0: Signaling with IRQ 24
Nov 15 15:24:51 zhonderich-pri kernel: pcieport 0000:00:15.0: Slot #160 AttnBtn+ PwrCtrl+ MRL- AttnInd- PwrInd- HotPlug+ Surprise- Interlock- NoCompl+ IbPresDis- LLActRep+
Nov 15 15:24:51 zhonderich-pri kernel: pcieport 0000:00:15.1: Signaling with IRQ 25
Nov 15 15:24:51 zhonderich-pri kernel: pcieport 0000:00:15.1: Slot #161 AttnBtn+ PwrCtrl+ MRL- AttnInd- PwrInd- HotPlug+ Surprise- Interlock- NoCompl+ IbPresDis- LLActRep+
Nov 15 15:24:51 zhonderich-pri kernel: pcieport 0000:00:15.2: Signaling with IRQ 26
Nov 15 15:24:51 zhonderich-pri kernel: pcieport 0000:00:15.2: Slot #162 AttnBtn+ PwrCtrl+ MRL- AttnInd- PwrInd- HotPlug+ Surprise- Interlock- NoCompl+ IbPresDis- LLActRep+
Nov 15 15:24:51 zhonderich-pri kernel: pcieport 0000:00:15.3: Signaling with IRQ 27
Nov 15 15:24:51 zhonderich-pri kernel: pcieport 0000:00:15.3: Slot #163 AttnBtn+ PwrCtrl+ MRL- AttnInd- PwrInd- HotPlug+ Surprise- Interlock- NoCompl+ IbPresDis- LLActRep+
Nov 15 15:24:51 zhonderich-pri kernel: pcieport 0000:00:15.4: Signaling with IRQ 28
Nov 15 15:24:51 zhonderich-pri kernel: pcieport 0000:00:15.4: Slot #164 AttnBtn+ PwrCtrl+ MRL- AttnInd- PwrInd- HotPlug+ Surprise- Interlock- NoCompl+ IbPresDis- LLActRep+
Nov 15 15:24:51 zhonderich-pri kernel: pcieport 0000:00:15.5: Signaling with IRQ 29
Nov 15 15:24:51 zhonderich-pri kernel: pcieport 0000:00:15.5: Slot #165 AttnBtn+ PwrCtrl+ MRL- AttnInd- PwrInd- HotPlug+ Surprise- Interlock- NoCompl+ IbPresDis- LLActRep+
Nov 15 15:24:51 zhonderich-pri kernel: pcieport 0000:00:15.6: Signaling with IRQ 30
