-- Logs begin at Tue 2020-06-23 14:27:48 UTC, end at Tue 2020-06-23 15:10:19 UTC. --
Jun 23 14:27:48 localhost kernel: Linux version 4.18.0-193.el8.x86_64 (mockbuild@kbuilder.bsys.centos.org) (gcc version 8.3.1 20191121 (Red Hat 8.3.1-5) (GCC)) #1 SMP Fri May 8 10:59:10 UTC 2020
Jun 23 14:27:48 localhost kernel: Command line: BOOT_IMAGE=vmlinuz initrd=initrd.img inst.stage2=hd:LABEL=CentOS-8-2-2004-x86_64-dvd quiet
Jun 23 14:27:48 localhost kernel: Disabled fast string operations
Jun 23 14:27:48 localhost kernel: x86/fpu: Supporting XSAVE feature 0x001: 'x87 floating point registers'
Jun 23 14:27:48 localhost kernel: x86/fpu: Supporting XSAVE feature 0x002: 'SSE registers'
Jun 23 14:27:48 localhost kernel: x86/fpu: Supporting XSAVE feature 0x004: 'AVX registers'
Jun 23 14:27:48 localhost kernel: x86/fpu: xstate_offset[2]:  576, xstate_sizes[2]:  256
Jun 23 14:27:48 localhost kernel: x86/fpu: Enabled xstate features 0x7, context size is 832 bytes, using 'standard' format.
Jun 23 14:27:48 localhost kernel: BIOS-provided physical RAM map:
Jun 23 14:27:48 localhost kernel: BIOS-e820: [mem 0x0000000000000000-0x000000000009f3ff] usable
Jun 23 14:27:48 localhost kernel: BIOS-e820: [mem 0x000000000009f400-0x000000000009ffff] reserved
Jun 23 14:27:48 localhost kernel: BIOS-e820: [mem 0x00000000000dc000-0x00000000000fffff] reserved
Jun 23 14:27:48 localhost kernel: BIOS-e820: [mem 0x0000000000100000-0x000000007fedffff] usable
Jun 23 14:27:48 localhost kernel: BIOS-e820: [mem 0x000000007fee0000-0x000000007fefefff] ACPI data
Jun 23 14:27:48 localhost kernel: BIOS-e820: [mem 0x000000007feff000-0x000000007fefffff] ACPI NVS
Jun 23 14:27:48 localhost kernel: BIOS-e820: [mem 0x000000007ff00000-0x000000007fffffff] usable
Jun 23 14:27:48 localhost kernel: BIOS-e820: [mem 0x00000000f0000000-0x00000000f7ffffff] reserved
Jun 23 14:27:48 localhost kernel: BIOS-e820: [mem 0x00000000fec00000-0x00000000fec0ffff] reserved
Jun 23 14:27:48 localhost kernel: BIOS-e820: [mem 0x00000000fee00000-0x00000000fee00fff] reserved
Jun 23 14:27:48 localhost kernel: BIOS-e820: [mem 0x00000000fffe0000-0x00000000ffffffff] reserved
Jun 23 14:27:48 localhost kernel: NX (Execute Disable) protection: active
Jun 23 14:27:48 localhost kernel: SMBIOS 2.7 present.
Jun 23 14:27:48 localhost kernel: DMI: VMware, Inc. VMware Virtual Platform/440BX Desktop Reference Platform, BIOS 6.00 12/09/2019
Jun 23 14:27:48 localhost kernel: Hypervisor detected: VMware
Jun 23 14:27:48 localhost kernel: vmware: TSC freq read from hypervisor : 2700.000 MHz
Jun 23 14:27:48 localhost kernel: vmware: Host bus clock speed read from hypervisor : 66000000 Hz
Jun 23 14:27:48 localhost kernel: vmware: using sched offset of 6521250242 ns
Jun 23 14:27:48 localhost kernel: tsc: Detected 2700.000 MHz processor
Jun 23 14:27:48 localhost kernel: e820: update [mem 0x00000000-0x00000fff] usable ==> reserved
Jun 23 14:27:48 localhost kernel: e820: remove [mem 0x000a0000-0x000fffff] usable
Jun 23 14:27:48 localhost kernel: last_pfn = 0x80000 max_arch_pfn = 0x400000000
Jun 23 14:27:48 localhost kernel: MTRR default type: uncachable
Jun 23 14:27:48 localhost kernel: MTRR fixed ranges enabled:
Jun 23 14:27:48 localhost kernel:   00000-9FFFF write-back
Jun 23 14:27:48 localhost kernel:   A0000-BFFFF uncachable
Jun 23 14:27:48 localhost kernel:   C0000-CFFFF write-protect
Jun 23 14:27:48 localhost kernel:   D0000-EFFFF uncachable
Jun 23 14:27:48 localhost kernel:   F0000-FFFFF write-protect
Jun 23 14:27:48 localhost kernel: MTRR variable ranges enabled:
Jun 23 14:27:48 localhost kernel:   0 base 00000000000 mask 7FF80000000 write-back
Jun 23 14:27:48 localhost kernel:   1 base 00080000000 mask 7FF80000000 uncachable
Jun 23 14:27:48 localhost kernel:   2 disabled
Jun 23 14:27:48 localhost kernel:   3 disabled
Jun 23 14:27:48 localhost kernel:   4 disabled
Jun 23 14:27:48 localhost kernel:   5 disabled
Jun 23 14:27:48 localhost kernel:   6 disabled
Jun 23 14:27:48 localhost kernel:   7 disabled
Jun 23 14:27:48 localhost kernel: x86/PAT: Configuration [0-7]: WB  WC  UC- UC  WB  WP  UC- WT  
Jun 23 14:27:48 localhost kernel: total RAM covered: 2048M
Jun 23 14:27:48 localhost kernel: Found optimal setting for mtrr clean up
Jun 23 14:27:48 localhost kernel:  gran_size: 64K         chunk_size: 64K         num_reg: 1          lose cover RAM: 0G
Jun 23 14:27:48 localhost kernel: found SMP MP-table at [mem 0x000f6a70-0x000f6a7f]
Jun 23 14:27:48 localhost kernel: BRK [0x5be02000, 0x5be02fff] PGTABLE
Jun 23 14:27:48 localhost kernel: BRK [0x5be03000, 0x5be03fff] PGTABLE
Jun 23 14:27:48 localhost kernel: BRK [0x5be04000, 0x5be04fff] PGTABLE
Jun 23 14:27:48 localhost kernel: BRK [0x5be05000, 0x5be05fff] PGTABLE
Jun 23 14:27:48 localhost kernel: BRK [0x5be06000, 0x5be06fff] PGTABLE
Jun 23 14:27:48 localhost kernel: BRK [0x5be07000, 0x5be07fff] PGTABLE
Jun 23 14:27:48 localhost kernel: RAMDISK: [mem 0x7c0c6000-0x7fedffff]
Jun 23 14:27:48 localhost kernel: ACPI: Early table checksum verification disabled
Jun 23 14:27:48 localhost kernel: ACPI: RSDP 0x00000000000F6A00 000024 (v02 PTLTD )
Jun 23 14:27:48 localhost kernel: ACPI: XSDT 0x000000007FEEEAC0 00005C (v01 INTEL  440BX    06040000 VMW  01324272)
Jun 23 14:27:48 localhost kernel: ACPI: FACP 0x000000007FEFEE73 0000F4 (v04 INTEL  440BX    06040000 PTL  000F4240)
Jun 23 14:27:48 localhost kernel: ACPI: DSDT 0x000000007FEEED00 010173 (v01 PTLTD  Custom   06040000 MSFT 03000001)
Jun 23 14:27:48 localhost kernel: ACPI: FACS 0x000000007FEFFFC0 000040
Jun 23 14:27:48 localhost kernel: ACPI: FACS 0x000000007FEFFFC0 000040
Jun 23 14:27:48 localhost kernel: ACPI: BOOT 0x000000007FEEECD8 000028 (v01 PTLTD  $SBFTBL$ 06040000  LTP 00000001)
Jun 23 14:27:48 localhost kernel: ACPI: APIC 0x000000007FEEEC88 000050 (v01 PTLTD  ? APIC   06040000  LTP 00000000)
Jun 23 14:27:48 localhost kernel: ACPI: MCFG 0x000000007FEEEC4C 00003C (v01 PTLTD  $PCITBL$ 06040000  LTP 00000001)
Jun 23 14:27:48 localhost kernel: ACPI: SRAT 0x000000007FEEEBBC 000090 (v02 VMWARE MEMPLUG  06040000 VMW  00000001)
Jun 23 14:27:48 localhost kernel: ACPI: HPET 0x000000007FEEEB84 000038 (v01 VMWARE VMW HPET 06040000 VMW  00000001)
Jun 23 14:27:48 localhost kernel: ACPI: WAET 0x000000007FEEEB5C 000028 (v01 VMWARE VMW WAET 06040000 VMW  00000001)
Jun 23 14:27:48 localhost kernel: ACPI: Local APIC address 0xfee00000
Jun 23 14:27:48 localhost kernel: SRAT: PXM 0 -> APIC 0x00 -> Node 0
Jun 23 14:27:48 localhost kernel: ACPI: SRAT: Node 0 PXM 0 [mem 0x00000000-0x0009ffff]
Jun 23 14:27:48 localhost kernel: ACPI: SRAT: Node 0 PXM 0 [mem 0x00100000-0x7fffffff]
Jun 23 14:27:48 localhost kernel: NUMA: Node 0 [mem 0x00000000-0x0009ffff] + [mem 0x00100000-0x7fffffff] -> [mem 0x00000000-0x7fffffff]
Jun 23 14:27:48 localhost kernel: NODE_DATA(0) allocated [mem 0x7ffd6000-0x7fffffff]
Jun 23 14:27:48 localhost kernel: Zone ranges:
Jun 23 14:27:48 localhost kernel:   DMA      [mem 0x0000000000001000-0x0000000000ffffff]
Jun 23 14:27:48 localhost kernel:   DMA32    [mem 0x0000000001000000-0x000000007fffffff]
Jun 23 14:27:48 localhost kernel:   Normal   empty
Jun 23 14:27:48 localhost kernel:   Device   empty
Jun 23 14:27:48 localhost kernel: Movable zone start for each node
Jun 23 14:27:48 localhost kernel: Early memory node ranges
Jun 23 14:27:48 localhost kernel:   node   0: [mem 0x0000000000001000-0x000000000009efff]
Jun 23 14:27:48 localhost kernel:   node   0: [mem 0x0000000000100000-0x000000007fedffff]
Jun 23 14:27:48 localhost kernel:   node   0: [mem 0x000000007ff00000-0x000000007fffffff]
Jun 23 14:27:48 localhost kernel: Zeroed struct page in unavailable ranges: 130 pages
Jun 23 14:27:48 localhost kernel: Initmem setup node 0 [mem 0x0000000000001000-0x000000007fffffff]
Jun 23 14:27:48 localhost kernel: On node 0 totalpages: 524158
Jun 23 14:27:48 localhost kernel:   DMA zone: 64 pages used for memmap
Jun 23 14:27:48 localhost kernel:   DMA zone: 21 pages reserved
Jun 23 14:27:48 localhost kernel:   DMA zone: 3998 pages, LIFO batch:0
Jun 23 14:27:48 localhost kernel:   DMA32 zone: 8128 pages used for memmap
Jun 23 14:27:48 localhost kernel:   DMA32 zone: 520160 pages, LIFO batch:31
Jun 23 14:27:48 localhost kernel: ACPI: PM-Timer IO Port: 0x1008
Jun 23 14:27:48 localhost kernel: ACPI: Local APIC address 0xfee00000
Jun 23 14:27:48 localhost kernel: ACPI: LAPIC_NMI (acpi_id[0x00] high edge lint[0x1])
Jun 23 14:27:48 localhost kernel: IOAPIC[0]: apic_id 1, version 17, address 0xfec00000, GSI 0-23
Jun 23 14:27:48 localhost kernel: ACPI: INT_SRC_OVR (bus 0 bus_irq 0 global_irq 2 high edge)
Jun 23 14:27:48 localhost kernel: ACPI: IRQ0 used by override.
Jun 23 14:27:48 localhost kernel: ACPI: IRQ9 used by override.
Jun 23 14:27:48 localhost kernel: Using ACPI (MADT) for SMP configuration information
Jun 23 14:27:48 localhost kernel: ACPI: HPET id: 0x8086af01 base: 0xfed00000
Jun 23 14:27:48 localhost kernel: smpboot: Allowing 1 CPUs, 0 hotplug CPUs
Jun 23 14:27:48 localhost kernel: PM: Registered nosave memory: [mem 0x00000000-0x00000fff]
Jun 23 14:27:48 localhost kernel: PM: Registered nosave memory: [mem 0x0009f000-0x0009ffff]
Jun 23 14:27:48 localhost kernel: PM: Registered nosave memory: [mem 0x000a0000-0x000dbfff]
Jun 23 14:27:48 localhost kernel: PM: Registered nosave memory: [mem 0x000dc000-0x000fffff]
Jun 23 14:27:48 localhost kernel: PM: Registered nosave memory: [mem 0x7fee0000-0x7fefefff]
Jun 23 14:27:48 localhost kernel: PM: Registered nosave memory: [mem 0x7feff000-0x7fefffff]
Jun 23 14:27:48 localhost kernel: [mem 0x80000000-0xefffffff] available for PCI devices
Jun 23 14:27:48 localhost kernel: Booting paravirtualized kernel on VMware hypervisor
Jun 23 14:27:48 localhost kernel: clocksource: refined-jiffies: mask: 0xffffffff max_cycles: 0xffffffff, max_idle_ns: 1910969940391419 ns
Jun 23 14:27:48 localhost kernel: setup_percpu: NR_CPUS:8192 nr_cpumask_bits:1 nr_cpu_ids:1 nr_node_ids:1
Jun 23 14:27:48 localhost kernel: percpu: Embedded 53 pages/cpu s180224 r8192 d28672 u2097152
Jun 23 14:27:48 localhost kernel: pcpu-alloc: s180224 r8192 d28672 u2097152 alloc=1*2097152
Jun 23 14:27:48 localhost kernel: pcpu-alloc: [0] 0 
Jun 23 14:27:48 localhost kernel: Built 1 zonelists, mobility grouping on.  Total pages: 515945
Jun 23 14:27:48 localhost kernel: Policy zone: DMA32
Jun 23 14:27:48 localhost kernel: Kernel command line: BOOT_IMAGE=vmlinuz initrd=initrd.img inst.stage2=hd:LABEL=CentOS-8-2-2004-x86_64-dvd quiet
Jun 23 14:27:48 localhost kernel: Specific versions of hardware are certified with Red Hat Enterprise Linux 8. Please see the list of hardware certified with Red Hat Enterprise Linux 8 at https://access.redhat.com/ecosystem.
Jun 23 14:27:48 localhost kernel: Memory: 261668K/2096632K available (12292K kernel code, 2151K rwdata, 3848K rodata, 2404K init, 6476K bss, 133008K reserved, 0K cma-reserved)
Jun 23 14:27:48 localhost kernel: random: get_random_u64 called from cache_random_seq_create+0x7c/0x140 with crng_init=0
Jun 23 14:27:48 localhost kernel: SLUB: HWalign=64, Order=0-3, MinObjects=0, CPUs=1, Nodes=1
Jun 23 14:27:48 localhost kernel: Kernel/User page tables isolation: enabled
Jun 23 14:27:48 localhost kernel: ftrace: allocating 36334 entries in 142 pages
Jun 23 14:27:48 localhost kernel: rcu: Hierarchical RCU implementation.
Jun 23 14:27:48 localhost kernel: rcu:         RCU restricting CPUs from NR_CPUS=8192 to nr_cpu_ids=1.
Jun 23 14:27:48 localhost kernel: rcu: RCU calculated value of scheduler-enlistment delay is 100 jiffies.
Jun 23 14:27:48 localhost kernel: rcu: Adjusting geometry for rcu_fanout_leaf=16, nr_cpu_ids=1
Jun 23 14:27:48 localhost kernel: NR_IRQS: 524544, nr_irqs: 256, preallocated irqs: 16
Jun 23 14:27:48 localhost kernel: Console: colour VGA+ 80x25
Jun 23 14:27:48 localhost kernel: printk: console [tty0] enabled
Jun 23 14:27:48 localhost kernel: ACPI: Core revision 20190703
Jun 23 14:27:48 localhost kernel: clocksource: hpet: mask: 0xffffffff max_cycles: 0xffffffff, max_idle_ns: 133484882848 ns
Jun 23 14:27:48 localhost kernel: hpet clockevent registered
Jun 23 14:27:48 localhost kernel: APIC: Switch to symmetric I/O mode setup
Jun 23 14:27:48 localhost kernel: x2apic enabled
Jun 23 14:27:48 localhost kernel: Switched APIC routing to physical x2apic.
Jun 23 14:27:48 localhost kernel: ..TIMER: vector=0x30 apic1=0 pin1=2 apic2=-1 pin2=-1
Jun 23 14:27:48 localhost kernel: clocksource: tsc-early: mask: 0xffffffffffffffff max_cycles: 0x26eb3e3cc63, max_idle_ns: 440795236593 ns
Jun 23 14:27:48 localhost kernel: Calibrating delay loop (skipped) preset value.. 5400.00 BogoMIPS (lpj=2700000)
Jun 23 14:27:48 localhost kernel: pid_max: default: 32768 minimum: 301
Jun 23 14:27:48 localhost kernel: Security Framework initialized
Jun 23 14:27:48 localhost kernel: Yama: becoming mindful.
Jun 23 14:27:48 localhost kernel: SELinux:  Initializing.
Jun 23 14:27:48 localhost kernel: Dentry cache hash table entries: 262144 (order: 9, 2097152 bytes)
Jun 23 14:27:48 localhost kernel: Inode-cache hash table entries: 131072 (order: 8, 1048576 bytes)
Jun 23 14:27:48 localhost kernel: Mount-cache hash table entries: 4096 (order: 3, 32768 bytes)
Jun 23 14:27:48 localhost kernel: Mountpoint-cache hash table entries: 4096 (order: 3, 32768 bytes)
Jun 23 14:27:48 localhost kernel: Disabled fast string operations
Jun 23 14:27:48 localhost kernel: Last level iTLB entries: 4KB 512, 2MB 8, 4MB 8
Jun 23 14:27:48 localhost kernel: Last level dTLB entries: 4KB 512, 2MB 32, 4MB 32, 1GB 0
Jun 23 14:27:48 localhost kernel: FEATURE SPEC_CTRL Present
Jun 23 14:27:48 localhost kernel: FEATURE IBPB_SUPPORT Present
Jun 23 14:27:48 localhost kernel: Spectre V1 : Mitigation: usercopy/swapgs barriers and __user pointer sanitization
Jun 23 14:27:48 localhost kernel: Spectre V2 : Mitigation: Full generic retpoline
Jun 23 14:27:48 localhost kernel: Spectre V2 : Spectre v2 / SpectreRSB mitigation: Filling RSB on context switch
Jun 23 14:27:48 localhost kernel: Spectre V2 : Enabling Restricted Speculation for firmware calls
Jun 23 14:27:48 localhost kernel: Spectre V2 : mitigation: Enabling conditional Indirect Branch Prediction Barrier
Jun 23 14:27:48 localhost kernel: Speculative Store Bypass: Mitigation: Speculative Store Bypass disabled via prctl and seccomp
Jun 23 14:27:48 localhost kernel: MDS: Mitigation: Clear CPU buffers
Jun 23 14:27:48 localhost kernel: Freeing SMP alternatives memory: 32K
Jun 23 14:27:48 localhost kernel: TSC deadline timer enabled
Jun 23 14:27:48 localhost kernel: smpboot: CPU0: Intel(R) Xeon(R) CPU E5-2680 0 @ 2.70GHz (family: 0x6, model: 0x2d, stepping: 0x7)
Jun 23 14:27:48 localhost kernel: Performance Events: SandyBridge events, core PMU driver.
Jun 23 14:27:48 localhost kernel: core: CPUID marked event: 'cpu cycles' unavailable
Jun 23 14:27:48 localhost kernel: core: CPUID marked event: 'instructions' unavailable
Jun 23 14:27:48 localhost kernel: core: CPUID marked event: 'bus cycles' unavailable
Jun 23 14:27:48 localhost kernel: core: CPUID marked event: 'cache references' unavailable
Jun 23 14:27:48 localhost kernel: core: CPUID marked event: 'cache misses' unavailable
Jun 23 14:27:48 localhost kernel: core: CPUID marked event: 'branch instructions' unavailable
Jun 23 14:27:48 localhost kernel: core: CPUID marked event: 'branch misses' unavailable
Jun 23 14:27:48 localhost kernel: ... version:                1
Jun 23 14:27:48 localhost kernel: ... bit width:              48
Jun 23 14:27:48 localhost kernel: ... generic registers:      4
Jun 23 14:27:48 localhost kernel: ... value mask:             0000ffffffffffff
Jun 23 14:27:48 localhost kernel: ... max period:             000000007fffffff
Jun 23 14:27:48 localhost kernel: ... fixed-purpose events:   0
Jun 23 14:27:48 localhost kernel: ... event mask:             000000000000000f
Jun 23 14:27:48 localhost kernel: rcu: Hierarchical SRCU implementation.
Jun 23 14:27:48 localhost kernel: NMI watchdog: Perf NMI watchdog permanently disabled
Jun 23 14:27:48 localhost kernel: smp: Bringing up secondary CPUs ...
Jun 23 14:27:48 localhost kernel: smp: Brought up 1 node, 1 CPU
Jun 23 14:27:48 localhost kernel: smpboot: Max logical packages: 1
Jun 23 14:27:48 localhost kernel: smpboot: Total of 1 processors activated (5400.00 BogoMIPS)
Jun 23 14:27:48 localhost kernel: node 0 initialised, 425489 pages in 1ms
Jun 23 14:27:48 localhost kernel: devtmpfs: initialized
Jun 23 14:27:48 localhost kernel: x86/mm: Memory block size: 128MB
Jun 23 14:27:48 localhost kernel: PM: Registering ACPI NVS region [mem 0x7feff000-0x7fefffff] (4096 bytes)
Jun 23 14:27:48 localhost kernel: clocksource: jiffies: mask: 0xffffffff max_cycles: 0xffffffff, max_idle_ns: 1911260446275000 ns
Jun 23 14:27:48 localhost kernel: futex hash table entries: 256 (order: 2, 16384 bytes)
Jun 23 14:27:48 localhost kernel: pinctrl core: initialized pinctrl subsystem
Jun 23 14:27:48 localhost kernel: NET: Registered protocol family 16
Jun 23 14:27:48 localhost kernel: audit: initializing netlink subsys (disabled)
Jun 23 14:27:48 localhost kernel: cpuidle: using governor menu
Jun 23 14:27:48 localhost kernel: Simple Boot Flag at 0x36 set to 0x80
Jun 23 14:27:48 localhost kernel: ACPI: bus type PCI registered
Jun 23 14:27:48 localhost kernel: acpiphp: ACPI Hot Plug PCI Controller Driver version: 0.5
Jun 23 14:27:48 localhost kernel: PCI: MMCONFIG for domain 0000 [bus 00-7f] at [mem 0xf0000000-0xf7ffffff] (base 0xf0000000)
Jun 23 14:27:48 localhost kernel: PCI: MMCONFIG at [mem 0xf0000000-0xf7ffffff] reserved in E820
Jun 23 14:27:48 localhost kernel: PCI: Using configuration type 1 for base access
Jun 23 14:27:48 localhost kernel: core: PMU erratum BJ122, BV98, HSD29 workaround disabled, HT off
Jun 23 14:27:48 localhost kernel: audit: type=2000 audit(1592922462.014:1): state=initialized audit_enabled=0 res=1
Jun 23 14:27:48 localhost kernel: HugeTLB registered 2.00 MiB page size, pre-allocated 0 pages
Jun 23 14:27:48 localhost kernel: cryptd: max_cpu_qlen set to 1000
Jun 23 14:27:48 localhost kernel: ACPI: Added _OSI(Module Device)
Jun 23 14:27:48 localhost kernel: ACPI: Added _OSI(Processor Device)
Jun 23 14:27:48 localhost kernel: ACPI: Added _OSI(3.0 _SCP Extensions)
Jun 23 14:27:48 localhost kernel: ACPI: Added _OSI(Processor Aggregator Device)
Jun 23 14:27:48 localhost kernel: ACPI: Added _OSI(Linux-Dell-Video)
Jun 23 14:27:48 localhost kernel: ACPI: Added _OSI(Linux-Lenovo-NV-HDMI-Audio)
Jun 23 14:27:48 localhost kernel: ACPI: Added _OSI(Linux-HPI-Hybrid-Graphics)
Jun 23 14:27:48 localhost kernel: ACPI: 1 ACPI AML tables successfully acquired and loaded
Jun 23 14:27:48 localhost kernel: ACPI: [Firmware Bug]: BIOS _OSI(Linux) query ignored
Jun 23 14:27:48 localhost kernel: ACPI: Interpreter enabled
Jun 23 14:27:48 localhost kernel: ACPI: (supports S0 S1 S4 S5)
Jun 23 14:27:48 localhost kernel: ACPI: Using IOAPIC for interrupt routing
Jun 23 14:27:48 localhost kernel: PCI: Using host bridge windows from ACPI; if necessary, use "pci=nocrs" and report a bug
Jun 23 14:27:48 localhost kernel: ACPI: Enabled 4 GPEs in block 00 to 0F
Jun 23 14:27:48 localhost kernel: ACPI: PCI Root Bridge [PCI0] (domain 0000 [bus 00-7f])
Jun 23 14:27:48 localhost kernel: acpi PNP0A03:00: _OSC: OS supports [ExtendedConfig ASPM ClockPM Segments MSI HPX-Type3]
Jun 23 14:27:48 localhost kernel: acpi PNP0A03:00: _OSC: platform does not support [AER LTR]
Jun 23 14:27:48 localhost kernel: acpi PNP0A03:00: _OSC: OS now controls [PCIeHotplug SHPCHotplug PME PCIeCapability]
Jun 23 14:27:48 localhost kernel: PCI host bridge to bus 0000:00
Jun 23 14:27:48 localhost kernel: pci_bus 0000:00: root bus resource [mem 0x000a0000-0x000bffff window]
Jun 23 14:27:48 localhost kernel: pci_bus 0000:00: root bus resource [mem 0x000d0000-0x000d3fff window]
Jun 23 14:27:48 localhost kernel: pci_bus 0000:00: root bus resource [mem 0x000d4000-0x000d7fff window]
Jun 23 14:27:48 localhost kernel: pci_bus 0000:00: root bus resource [mem 0x000d8000-0x000dbfff window]
Jun 23 14:27:48 localhost kernel: pci_bus 0000:00: root bus resource [mem 0x80000000-0xfebfffff window]
Jun 23 14:27:48 localhost kernel: pci_bus 0000:00: root bus resource [io  0x0000-0x0cf7 window]
Jun 23 14:27:48 localhost kernel: pci_bus 0000:00: root bus resource [io  0x0d00-0xfeff window]
Jun 23 14:27:48 localhost kernel: pci_bus 0000:00: root bus resource [bus 00-7f]
Jun 23 14:27:48 localhost kernel: pci 0000:00:00.0: [8086:7190] type 00 class 0x060000
Jun 23 14:27:48 localhost kernel: pci 0000:00:01.0: [8086:7191] type 01 class 0x060400
Jun 23 14:27:48 localhost kernel: pci 0000:00:07.0: [8086:7110] type 00 class 0x060100
Jun 23 14:27:48 localhost kernel: pci 0000:00:07.1: [8086:7111] type 00 class 0x01018a
Jun 23 14:27:48 localhost kernel: pci 0000:00:07.1: reg 0x20: [io  0x1060-0x106f]
Jun 23 14:27:48 localhost kernel: pci 0000:00:07.1: legacy IDE quirk: reg 0x10: [io  0x01f0-0x01f7]
Jun 23 14:27:48 localhost kernel: pci 0000:00:07.1: legacy IDE quirk: reg 0x14: [io  0x03f6]
Jun 23 14:27:48 localhost kernel: pci 0000:00:07.1: legacy IDE quirk: reg 0x18: [io  0x0170-0x0177]
Jun 23 14:27:48 localhost kernel: pci 0000:00:07.1: legacy IDE quirk: reg 0x1c: [io  0x0376]
Jun 23 14:27:48 localhost kernel: pci 0000:00:07.3: [8086:7113] type 00 class 0x068000
Jun 23 14:27:48 localhost kernel: pci 0000:00:07.3: quirk: [io  0x1000-0x103f] claimed by PIIX4 ACPI
Jun 23 14:27:48 localhost kernel: pci 0000:00:07.3: quirk: [io  0x1040-0x104f] claimed by PIIX4 SMB
Jun 23 14:27:48 localhost kernel: pci 0000:00:07.7: [15ad:0740] type 00 class 0x088000
Jun 23 14:27:48 localhost kernel: pci 0000:00:07.7: reg 0x10: [io  0x1080-0x10bf]
Jun 23 14:27:48 localhost kernel: pci 0000:00:07.7: reg 0x14: [mem 0xfebfe000-0xfebfffff 64bit]
Jun 23 14:27:48 localhost kernel: pci 0000:00:0f.0: [15ad:0405] type 00 class 0x030000
Jun 23 14:27:48 localhost kernel: pci 0000:00:0f.0: reg 0x10: [io  0x1070-0x107f]
Jun 23 14:27:48 localhost kernel: pci 0000:00:0f.0: reg 0x14: [mem 0xe8000000-0xefffffff pref]
Jun 23 14:27:48 localhost kernel: pci 0000:00:0f.0: reg 0x18: [mem 0xfe000000-0xfe7fffff]
Jun 23 14:27:48 localhost kernel: pci 0000:00:0f.0: reg 0x30: [mem 0x00000000-0x00007fff pref]
Jun 23 14:27:48 localhost kernel: pci 0000:00:11.0: [15ad:0790] type 01 class 0x060401
Jun 23 14:27:48 localhost kernel: pci 0000:00:15.0: [15ad:07a0] type 01 class 0x060400
Jun 23 14:27:48 localhost kernel: pci 0000:00:15.0: PME# supported from D0 D3hot D3cold
Jun 23 14:27:48 localhost kernel: pci 0000:00:15.1: [15ad:07a0] type 01 class 0x060400
Jun 23 14:27:48 localhost kernel: pci 0000:00:15.1: PME# supported from D0 D3hot D3cold
Jun 23 14:27:48 localhost kernel: pci 0000:00:15.2: [15ad:07a0] type 01 class 0x060400
Jun 23 14:27:48 localhost kernel: pci 0000:00:15.2: PME# supported from D0 D3hot D3cold
Jun 23 14:27:48 localhost kernel: pci 0000:00:15.3: [15ad:07a0] type 01 class 0x060400
Jun 23 14:27:48 localhost kernel: pci 0000:00:15.3: PME# supported from D0 D3hot D3cold
Jun 23 14:27:48 localhost kernel: pci 0000:00:15.4: [15ad:07a0] type 01 class 0x060400
Jun 23 14:27:48 localhost kernel: pci 0000:00:15.4: PME# supported from D0 D3hot D3cold
Jun 23 14:27:48 localhost kernel: pci 0000:00:15.5: [15ad:07a0] type 01 class 0x060400
Jun 23 14:27:48 localhost kernel: pci 0000:00:15.5: PME# supported from D0 D3hot D3cold
Jun 23 14:27:48 localhost kernel: pci 0000:00:15.6: [15ad:07a0] type 01 class 0x060400
Jun 23 14:27:48 localhost kernel: pci 0000:00:15.6: PME# supported from D0 D3hot D3cold
Jun 23 14:27:48 localhost kernel: pci 0000:00:15.7: [15ad:07a0] type 01 class 0x060400
Jun 23 14:27:48 localhost kernel: pci 0000:00:15.7: PME# supported from D0 D3hot D3cold
Jun 23 14:27:48 localhost kernel: pci 0000:00:16.0: [15ad:07a0] type 01 class 0x060400
Jun 23 14:27:48 localhost kernel: pci 0000:00:16.0: PME# supported from D0 D3hot D3cold
Jun 23 14:27:48 localhost kernel: pci 0000:00:16.1: [15ad:07a0] type 01 class 0x060400
Jun 23 14:27:48 localhost kernel: pci 0000:00:16.1: PME# supported from D0 D3hot D3cold
Jun 23 14:27:48 localhost kernel: pci 0000:00:16.2: [15ad:07a0] type 01 class 0x060400
Jun 23 14:27:48 localhost kernel: pci 0000:00:16.2: PME# supported from D0 D3hot D3cold
Jun 23 14:27:48 localhost kernel: pci 0000:00:16.3: [15ad:07a0] type 01 class 0x060400
Jun 23 14:27:48 localhost kernel: pci 0000:00:16.3: PME# supported from D0 D3hot D3cold
Jun 23 14:27:48 localhost kernel: pci 0000:00:16.4: [15ad:07a0] type 01 class 0x060400
Jun 23 14:27:48 localhost kernel: pci 0000:00:16.4: PME# supported from D0 D3hot D3cold
Jun 23 14:27:48 localhost kernel: pci 0000:00:16.5: [15ad:07a0] type 01 class 0x060400
Jun 23 14:27:48 localhost kernel: pci 0000:00:16.5: PME# supported from D0 D3hot D3cold
Jun 23 14:27:48 localhost kernel: pci 0000:00:16.6: [15ad:07a0] type 01 class 0x060400
Jun 23 14:27:48 localhost kernel: pci 0000:00:16.6: PME# supported from D0 D3hot D3cold
Jun 23 14:27:48 localhost kernel: pci 0000:00:16.7: [15ad:07a0] type 01 class 0x060400
Jun 23 14:27:48 localhost kernel: pci 0000:00:16.7: PME# supported from D0 D3hot D3cold
Jun 23 14:27:48 localhost kernel: pci 0000:00:17.0: [15ad:07a0] type 01 class 0x060400
Jun 23 14:27:48 localhost kernel: pci 0000:00:17.0: PME# supported from D0 D3hot D3cold
Jun 23 14:27:48 localhost kernel: pci 0000:00:17.1: [15ad:07a0] type 01 class 0x060400
Jun 23 14:27:48 localhost kernel: pci 0000:00:17.1: PME# supported from D0 D3hot D3cold
Jun 23 14:27:48 localhost kernel: pci 0000:00:17.2: [15ad:07a0] type 01 class 0x060400
Jun 23 14:27:48 localhost kernel: pci 0000:00:17.2: PME# supported from D0 D3hot D3cold
Jun 23 14:27:48 localhost kernel: pci 0000:00:17.3: [15ad:07a0] type 01 class 0x060400
Jun 23 14:27:48 localhost kernel: pci 0000:00:17.3: PME# supported from D0 D3hot D3cold
Jun 23 14:27:48 localhost kernel: pci 0000:00:17.4: [15ad:07a0] type 01 class 0x060400
Jun 23 14:27:48 localhost kernel: pci 0000:00:17.4: PME# supported from D0 D3hot D3cold
Jun 23 14:27:48 localhost kernel: pci 0000:00:17.5: [15ad:07a0] type 01 class 0x060400
Jun 23 14:27:48 localhost kernel: pci 0000:00:17.5: PME# supported from D0 D3hot D3cold
Jun 23 14:27:48 localhost kernel: pci 0000:00:17.6: [15ad:07a0] type 01 class 0x060400
Jun 23 14:27:48 localhost kernel: pci 0000:00:17.6: PME# supported from D0 D3hot D3cold
Jun 23 14:27:48 localhost kernel: pci 0000:00:17.7: [15ad:07a0] type 01 class 0x060400
Jun 23 14:27:48 localhost kernel: pci 0000:00:17.7: PME# supported from D0 D3hot D3cold
Jun 23 14:27:48 localhost kernel: pci 0000:00:18.0: [15ad:07a0] type 01 class 0x060400
Jun 23 14:27:48 localhost kernel: pci 0000:00:18.0: PME# supported from D0 D3hot D3cold
Jun 23 14:27:48 localhost kernel: pci 0000:00:18.1: [15ad:07a0] type 01 class 0x060400
Jun 23 14:27:48 localhost kernel: pci 0000:00:18.1: PME# supported from D0 D3hot D3cold
Jun 23 14:27:48 localhost kernel: pci 0000:00:18.2: [15ad:07a0] type 01 class 0x060400
Jun 23 14:27:48 localhost kernel: pci 0000:00:18.2: PME# supported from D0 D3hot D3cold
Jun 23 14:27:48 localhost kernel: pci 0000:00:18.3: [15ad:07a0] type 01 class 0x060400
Jun 23 14:27:48 localhost kernel: pci 0000:00:18.3: PME# supported from D0 D3hot D3cold
Jun 23 14:27:48 localhost kernel: pci 0000:00:18.4: [15ad:07a0] type 01 class 0x060400
Jun 23 14:27:48 localhost kernel: pci 0000:00:18.4: PME# supported from D0 D3hot D3cold
Jun 23 14:27:48 localhost kernel: pci 0000:00:18.5: [15ad:07a0] type 01 class 0x060400
Jun 23 14:27:48 localhost kernel: pci 0000:00:18.5: PME# supported from D0 D3hot D3cold
Jun 23 14:27:48 localhost kernel: pci 0000:00:18.6: [15ad:07a0] type 01 class 0x060400
Jun 23 14:27:48 localhost kernel: pci 0000:00:18.6: PME# supported from D0 D3hot D3cold
Jun 23 14:27:48 localhost kernel: pci 0000:00:18.7: [15ad:07a0] type 01 class 0x060400
Jun 23 14:27:48 localhost kernel: pci 0000:00:18.7: PME# supported from D0 D3hot D3cold
Jun 23 14:27:48 localhost kernel: pci_bus 0000:01: extended config space not accessible
Jun 23 14:27:48 localhost kernel: pci 0000:00:01.0: PCI bridge to [bus 01]
Jun 23 14:27:48 localhost kernel: pci_bus 0000:02: extended config space not accessible
Jun 23 14:27:48 localhost kernel: acpiphp: Slot [32] registered
Jun 23 14:27:48 localhost kernel: acpiphp: Slot [33] registered
Jun 23 14:27:48 localhost kernel: acpiphp: Slot [34] registered
Jun 23 14:27:48 localhost kernel: acpiphp: Slot [35] registered
Jun 23 14:27:48 localhost kernel: acpiphp: Slot [36] registered
Jun 23 14:27:48 localhost kernel: acpiphp: Slot [37] registered
Jun 23 14:27:48 localhost kernel: acpiphp: Slot [38] registered
Jun 23 14:27:48 localhost kernel: acpiphp: Slot [39] registered
Jun 23 14:27:48 localhost kernel: acpiphp: Slot [40] registered
Jun 23 14:27:48 localhost kernel: acpiphp: Slot [41] registered
Jun 23 14:27:48 localhost kernel: acpiphp: Slot [42] registered
Jun 23 14:27:48 localhost kernel: acpiphp: Slot [43] registered
Jun 23 14:27:48 localhost kernel: acpiphp: Slot [44] registered
Jun 23 14:27:48 localhost kernel: acpiphp: Slot [45] registered
Jun 23 14:27:48 localhost kernel: acpiphp: Slot [46] registered
Jun 23 14:27:48 localhost kernel: acpiphp: Slot [47] registered
Jun 23 14:27:48 localhost kernel: acpiphp: Slot [48] registered
Jun 23 14:27:48 localhost kernel: acpiphp: Slot [49] registered
Jun 23 14:27:48 localhost kernel: acpiphp: Slot [50] registered
Jun 23 14:27:48 localhost kernel: acpiphp: Slot [51] registered
Jun 23 14:27:48 localhost kernel: acpiphp: Slot [52] registered
Jun 23 14:27:48 localhost kernel: acpiphp: Slot [53] registered
Jun 23 14:27:48 localhost kernel: acpiphp: Slot [54] registered
Jun 23 14:27:48 localhost kernel: acpiphp: Slot [55] registered
Jun 23 14:27:48 localhost kernel: acpiphp: Slot [56] registered
Jun 23 14:27:48 localhost kernel: acpiphp: Slot [57] registered
Jun 23 14:27:48 localhost kernel: acpiphp: Slot [58] registered
Jun 23 14:27:48 localhost kernel: acpiphp: Slot [59] registered
Jun 23 14:27:48 localhost kernel: acpiphp: Slot [60] registered
Jun 23 14:27:48 localhost kernel: acpiphp: Slot [61] registered
Jun 23 14:27:48 localhost kernel: acpiphp: Slot [62] registered
Jun 23 14:27:48 localhost kernel: acpiphp: Slot [63] registered
Jun 23 14:27:48 localhost kernel: pci 0000:02:00.0: [15ad:0774] type 00 class 0x0c0300
Jun 23 14:27:48 localhost kernel: pci 0000:02:00.0: reg 0x20: [io  0x2000-0x201f]
Jun 23 14:27:48 localhost kernel: pci 0000:02:01.0: [15ad:0770] type 00 class 0x0c0320
Jun 23 14:27:48 localhost kernel: pci 0000:02:01.0: reg 0x10: [mem 0xfd5ff000-0xfd5fffff]
Jun 23 14:27:48 localhost kernel: pci 0000:02:03.0: [15ad:07e0] type 00 class 0x010601
Jun 23 14:27:48 localhost kernel: pci 0000:02:03.0: reg 0x24: [mem 0xfd5fe000-0xfd5fefff]
Jun 23 14:27:48 localhost kernel: pci 0000:02:03.0: reg 0x30: [mem 0x00000000-0x0000ffff pref]
Jun 23 14:27:48 localhost kernel: pci 0000:02:03.0: PME# supported from D3hot
Jun 23 14:27:48 localhost kernel: pci 0000:00:11.0: PCI bridge to [bus 02] (subtractive decode)
Jun 23 14:27:48 localhost kernel: pci 0000:00:11.0:   bridge window [io  0x2000-0x3fff]
Jun 23 14:27:48 localhost kernel: pci 0000:00:11.0:   bridge window [mem 0xfd500000-0xfdffffff]
Jun 23 14:27:48 localhost kernel: pci 0000:00:11.0:   bridge window [mem 0xe7b00000-0xe7ffffff 64bit pref]
Jun 23 14:27:48 localhost kernel: pci 0000:00:11.0:   bridge window [mem 0x000a0000-0x000bffff window] (subtractive decode)
Jun 23 14:27:48 localhost kernel: pci 0000:00:11.0:   bridge window [mem 0x000d0000-0x000d3fff window] (subtractive decode)
Jun 23 14:27:48 localhost kernel: pci 0000:00:11.0:   bridge window [mem 0x000d4000-0x000d7fff window] (subtractive decode)
Jun 23 14:27:48 localhost kernel: pci 0000:00:11.0:   bridge window [mem 0x000d8000-0x000dbfff window] (subtractive decode)
Jun 23 14:27:48 localhost kernel: pci 0000:00:11.0:   bridge window [mem 0x80000000-0xfebfffff window] (subtractive decode)
Jun 23 14:27:48 localhost kernel: pci 0000:00:11.0:   bridge window [io  0x0000-0x0cf7 window] (subtractive decode)
Jun 23 14:27:48 localhost kernel: pci 0000:00:11.0:   bridge window [io  0x0d00-0xfeff window] (subtractive decode)
Jun 23 14:27:48 localhost kernel: pci 0000:03:00.0: [15ad:07c0] type 00 class 0x010700
Jun 23 14:27:48 localhost kernel: pci 0000:03:00.0: reg 0x10: [io  0x4000-0x4007]
Jun 23 14:27:48 localhost kernel: pci 0000:03:00.0: reg 0x14: [mem 0xfd4f8000-0xfd4fffff 64bit]
Jun 23 14:27:48 localhost kernel: pci 0000:03:00.0: reg 0x30: [mem 0x00000000-0x0000ffff pref]
Jun 23 14:27:48 localhost kernel: pci 0000:03:00.0: PME# supported from D0 D3hot D3cold
Jun 23 14:27:48 localhost kernel: pci 0000:03:00.0: disabling ASPM on pre-1.1 PCIe device.  You can enable it with 'pcie_aspm=force'
Jun 23 14:27:48 localhost kernel: pci 0000:00:15.0: PCI bridge to [bus 03]
Jun 23 14:27:48 localhost kernel: pci 0000:00:15.0:   bridge window [io  0x4000-0x4fff]
Jun 23 14:27:48 localhost kernel: pci 0000:00:15.0:   bridge window [mem 0xfd400000-0xfd4fffff]
Jun 23 14:27:48 localhost kernel: pci 0000:00:15.1: PCI bridge to [bus 04]
Jun 23 14:27:48 localhost kernel: pci 0000:00:15.1:   bridge window [io  0x8000-0x8fff]
Jun 23 14:27:48 localhost kernel: pci 0000:00:15.1:   bridge window [mem 0xfd000000-0xfd0fffff]
Jun 23 14:27:48 localhost kernel: pci 0000:00:15.1:   bridge window [mem 0xe7800000-0xe78fffff 64bit pref]
Jun 23 14:27:48 localhost kernel: pci 0000:00:15.2: PCI bridge to [bus 05]
Jun 23 14:27:48 localhost kernel: pci 0000:00:15.2:   bridge window [io  0xc000-0xcfff]
Jun 23 14:27:48 localhost kernel: pci 0000:00:15.2:   bridge window [mem 0xfcc00000-0xfccfffff]
Jun 23 14:27:48 localhost kernel: pci 0000:00:15.2:   bridge window [mem 0xe7400000-0xe74fffff 64bit pref]
Jun 23 14:27:48 localhost kernel: pci 0000:00:15.3: PCI bridge to [bus 06]
Jun 23 14:27:48 localhost kernel: pci 0000:00:15.3:   bridge window [mem 0xfc800000-0xfc8fffff]
Jun 23 14:27:48 localhost kernel: pci 0000:00:15.3:   bridge window [mem 0xe7000000-0xe70fffff 64bit pref]
Jun 23 14:27:48 localhost kernel: pci 0000:00:15.4: PCI bridge to [bus 07]
Jun 23 14:27:48 localhost kernel: pci 0000:00:15.4:   bridge window [mem 0xfc400000-0xfc4fffff]
Jun 23 14:27:48 localhost kernel: pci 0000:00:15.4:   bridge window [mem 0xe6c00000-0xe6cfffff 64bit pref]
Jun 23 14:27:48 localhost kernel: pci 0000:00:15.5: PCI bridge to [bus 08]
Jun 23 14:27:48 localhost kernel: pci 0000:00:15.5:   bridge window [mem 0xfc000000-0xfc0fffff]
Jun 23 14:27:48 localhost kernel: pci 0000:00:15.5:   bridge window [mem 0xe6800000-0xe68fffff 64bit pref]
Jun 23 14:27:48 localhost kernel: pci 0000:00:15.6: PCI bridge to [bus 09]
Jun 23 14:27:48 localhost kernel: pci 0000:00:15.6:   bridge window [mem 0xfbc00000-0xfbcfffff]
Jun 23 14:27:48 localhost kernel: pci 0000:00:15.6:   bridge window [mem 0xe6400000-0xe64fffff 64bit pref]
Jun 23 14:27:48 localhost kernel: pci 0000:00:15.7: PCI bridge to [bus 0a]
Jun 23 14:27:48 localhost kernel: pci 0000:00:15.7:   bridge window [mem 0xfb800000-0xfb8fffff]
Jun 23 14:27:48 localhost kernel: pci 0000:00:15.7:   bridge window [mem 0xe6000000-0xe60fffff 64bit pref]
Jun 23 14:27:48 localhost kernel: pci 0000:0b:00.0: [15ad:07b0] type 00 class 0x020000
Jun 23 14:27:48 localhost kernel: pci 0000:0b:00.0: reg 0x10: [mem 0xfd3fc000-0xfd3fcfff]
Jun 23 14:27:48 localhost kernel: pci 0000:0b:00.0: reg 0x14: [mem 0xfd3fd000-0xfd3fdfff]
Jun 23 14:27:48 localhost kernel: pci 0000:0b:00.0: reg 0x18: [mem 0xfd3fe000-0xfd3fffff]
Jun 23 14:27:48 localhost kernel: pci 0000:0b:00.0: reg 0x1c: [io  0x5000-0x500f]
Jun 23 14:27:48 localhost kernel: pci 0000:0b:00.0: reg 0x30: [mem 0x00000000-0x0000ffff pref]
Jun 23 14:27:48 localhost kernel: pci 0000:0b:00.0: supports D1 D2
Jun 23 14:27:48 localhost kernel: pci 0000:0b:00.0: PME# supported from D0 D1 D2 D3hot D3cold
Jun 23 14:27:48 localhost kernel: pci 0000:0b:00.0: disabling ASPM on pre-1.1 PCIe device.  You can enable it with 'pcie_aspm=force'
Jun 23 14:27:48 localhost kernel: pci 0000:00:16.0: PCI bridge to [bus 0b]
Jun 23 14:27:48 localhost kernel: pci 0000:00:16.0:   bridge window [io  0x5000-0x5fff]
Jun 23 14:27:48 localhost kernel: pci 0000:00:16.0:   bridge window [mem 0xfd300000-0xfd3fffff]
Jun 23 14:27:48 localhost kernel: pci 0000:00:16.1: PCI bridge to [bus 0c]
Jun 23 14:27:48 localhost kernel: pci 0000:00:16.1:   bridge window [io  0x9000-0x9fff]
Jun 23 14:27:48 localhost kernel: pci 0000:00:16.1:   bridge window [mem 0xfcf00000-0xfcffffff]
Jun 23 14:27:48 localhost kernel: pci 0000:00:16.1:   bridge window [mem 0xe7700000-0xe77fffff 64bit pref]
Jun 23 14:27:48 localhost kernel: pci 0000:00:16.2: PCI bridge to [bus 0d]
Jun 23 14:27:48 localhost kernel: pci 0000:00:16.2:   bridge window [io  0xd000-0xdfff]
Jun 23 14:27:48 localhost kernel: pci 0000:00:16.2:   bridge window [mem 0xfcb00000-0xfcbfffff]
Jun 23 14:27:48 localhost kernel: pci 0000:00:16.2:   bridge window [mem 0xe7300000-0xe73fffff 64bit pref]
Jun 23 14:27:48 localhost kernel: pci 0000:00:16.3: PCI bridge to [bus 0e]
Jun 23 14:27:48 localhost kernel: pci 0000:00:16.3:   bridge window [mem 0xfc700000-0xfc7fffff]
Jun 23 14:27:48 localhost kernel: pci 0000:00:16.3:   bridge window [mem 0xe6f00000-0xe6ffffff 64bit pref]
Jun 23 14:27:48 localhost kernel: pci 0000:00:16.4: PCI bridge to [bus 0f]
Jun 23 14:27:48 localhost kernel: pci 0000:00:16.4:   bridge window [mem 0xfc300000-0xfc3fffff]
Jun 23 14:27:48 localhost kernel: pci 0000:00:16.4:   bridge window [mem 0xe6b00000-0xe6bfffff 64bit pref]
Jun 23 14:27:48 localhost kernel: pci 0000:00:16.5: PCI bridge to [bus 10]
Jun 23 14:27:48 localhost kernel: pci 0000:00:16.5:   bridge window [mem 0xfbf00000-0xfbffffff]
Jun 23 14:27:48 localhost kernel: pci 0000:00:16.5:   bridge window [mem 0xe6700000-0xe67fffff 64bit pref]
Jun 23 14:27:48 localhost kernel: pci 0000:00:16.6: PCI bridge to [bus 11]
Jun 23 14:27:48 localhost kernel: pci 0000:00:16.6:   bridge window [mem 0xfbb00000-0xfbbfffff]
Jun 23 14:27:48 localhost kernel: pci 0000:00:16.6:   bridge window [mem 0xe6300000-0xe63fffff 64bit pref]
Jun 23 14:27:48 localhost kernel: pci 0000:00:16.7: PCI bridge to [bus 12]
Jun 23 14:27:48 localhost kernel: pci 0000:00:16.7:   bridge window [mem 0xfb700000-0xfb7fffff]
Jun 23 14:27:48 localhost kernel: pci 0000:00:16.7:   bridge window [mem 0xe5f00000-0xe5ffffff 64bit pref]
Jun 23 14:27:48 localhost kernel: pci 0000:00:17.0: PCI bridge to [bus 13]
Jun 23 14:27:48 localhost kernel: pci 0000:00:17.0:   bridge window [io  0x6000-0x6fff]
Jun 23 14:27:48 localhost kernel: pci 0000:00:17.0:   bridge window [mem 0xfd200000-0xfd2fffff]
Jun 23 14:27:48 localhost kernel: pci 0000:00:17.0:   bridge window [mem 0xe7a00000-0xe7afffff 64bit pref]
Jun 23 14:27:48 localhost kernel: pci 0000:00:17.1: PCI bridge to [bus 14]
Jun 23 14:27:48 localhost kernel: pci 0000:00:17.1:   bridge window [io  0xa000-0xafff]
Jun 23 14:27:48 localhost kernel: pci 0000:00:17.1:   bridge window [mem 0xfce00000-0xfcefffff]
Jun 23 14:27:48 localhost kernel: pci 0000:00:17.1:   bridge window [mem 0xe7600000-0xe76fffff 64bit pref]
Jun 23 14:27:48 localhost kernel: pci 0000:00:17.2: PCI bridge to [bus 15]
Jun 23 14:27:48 localhost kernel: pci 0000:00:17.2:   bridge window [io  0xe000-0xefff]
Jun 23 14:27:48 localhost kernel: pci 0000:00:17.2:   bridge window [mem 0xfca00000-0xfcafffff]
Jun 23 14:27:48 localhost kernel: pci 0000:00:17.2:   bridge window [mem 0xe7200000-0xe72fffff 64bit pref]
Jun 23 14:27:48 localhost kernel: pci 0000:00:17.3: PCI bridge to [bus 16]
Jun 23 14:27:48 localhost kernel: pci 0000:00:17.3:   bridge window [mem 0xfc600000-0xfc6fffff]
Jun 23 14:27:48 localhost kernel: pci 0000:00:17.3:   bridge window [mem 0xe6e00000-0xe6efffff 64bit pref]
Jun 23 14:27:48 localhost kernel: pci 0000:00:17.4: PCI bridge to [bus 17]
Jun 23 14:27:48 localhost kernel: pci 0000:00:17.4:   bridge window [mem 0xfc200000-0xfc2fffff]
Jun 23 14:27:48 localhost kernel: pci 0000:00:17.4:   bridge window [mem 0xe6a00000-0xe6afffff 64bit pref]
Jun 23 14:27:48 localhost kernel: pci 0000:00:17.5: PCI bridge to [bus 18]
Jun 23 14:27:48 localhost kernel: pci 0000:00:17.5:   bridge window [mem 0xfbe00000-0xfbefffff]
Jun 23 14:27:48 localhost kernel: pci 0000:00:17.5:   bridge window [mem 0xe6600000-0xe66fffff 64bit pref]
Jun 23 14:27:48 localhost kernel: pci 0000:00:17.6: PCI bridge to [bus 19]
Jun 23 14:27:48 localhost kernel: pci 0000:00:17.6:   bridge window [mem 0xfba00000-0xfbafffff]
Jun 23 14:27:48 localhost kernel: pci 0000:00:17.6:   bridge window [mem 0xe6200000-0xe62fffff 64bit pref]
Jun 23 14:27:48 localhost kernel: pci 0000:00:17.7: PCI bridge to [bus 1a]
Jun 23 14:27:48 localhost kernel: pci 0000:00:17.7:   bridge window [mem 0xfb600000-0xfb6fffff]
Jun 23 14:27:48 localhost kernel: pci 0000:00:17.7:   bridge window [mem 0xe5e00000-0xe5efffff 64bit pref]
Jun 23 14:27:48 localhost kernel: pci 0000:00:18.0: PCI bridge to [bus 1b]
Jun 23 14:27:48 localhost kernel: pci 0000:00:18.0:   bridge window [io  0x7000-0x7fff]
Jun 23 14:27:48 localhost kernel: pci 0000:00:18.0:   bridge window [mem 0xfd100000-0xfd1fffff]
Jun 23 14:27:48 localhost kernel: pci 0000:00:18.0:   bridge window [mem 0xe7900000-0xe79fffff 64bit pref]
Jun 23 14:27:48 localhost kernel: pci 0000:00:18.1: PCI bridge to [bus 1c]
Jun 23 14:27:48 localhost kernel: pci 0000:00:18.1:   bridge window [io  0xb000-0xbfff]
Jun 23 14:27:48 localhost kernel: pci 0000:00:18.1:   bridge window [mem 0xfcd00000-0xfcdfffff]
Jun 23 14:27:48 localhost kernel: pci 0000:00:18.1:   bridge window [mem 0xe7500000-0xe75fffff 64bit pref]
Jun 23 14:27:48 localhost kernel: pci 0000:00:18.2: PCI bridge to [bus 1d]
Jun 23 14:27:48 localhost kernel: pci 0000:00:18.2:   bridge window [mem 0xfc900000-0xfc9fffff]
Jun 23 14:27:48 localhost kernel: pci 0000:00:18.2:   bridge window [mem 0xe7100000-0xe71fffff 64bit pref]
Jun 23 14:27:48 localhost kernel: pci 0000:00:18.3: PCI bridge to [bus 1e]
Jun 23 14:27:48 localhost kernel: pci 0000:00:18.3:   bridge window [mem 0xfc500000-0xfc5fffff]
Jun 23 14:27:48 localhost kernel: pci 0000:00:18.3:   bridge window [mem 0xe6d00000-0xe6dfffff 64bit pref]
Jun 23 14:27:48 localhost kernel: pci 0000:00:18.4: PCI bridge to [bus 1f]
Jun 23 14:27:48 localhost kernel: pci 0000:00:18.4:   bridge window [mem 0xfc100000-0xfc1fffff]
Jun 23 14:27:48 localhost kernel: pci 0000:00:18.4:   bridge window [mem 0xe6900000-0xe69fffff 64bit pref]
Jun 23 14:27:48 localhost kernel: pci 0000:00:18.5: PCI bridge to [bus 20]
Jun 23 14:27:48 localhost kernel: pci 0000:00:18.5:   bridge window [mem 0xfbd00000-0xfbdfffff]
Jun 23 14:27:48 localhost kernel: pci 0000:00:18.5:   bridge window [mem 0xe6500000-0xe65fffff 64bit pref]
Jun 23 14:27:48 localhost kernel: pci 0000:00:18.6: PCI bridge to [bus 21]
Jun 23 14:27:48 localhost kernel: pci 0000:00:18.6:   bridge window [mem 0xfb900000-0xfb9fffff]
Jun 23 14:27:48 localhost kernel: pci 0000:00:18.6:   bridge window [mem 0xe6100000-0xe61fffff 64bit pref]
Jun 23 14:27:48 localhost kernel: pci 0000:00:18.7: PCI bridge to [bus 22]
Jun 23 14:27:48 localhost kernel: pci 0000:00:18.7:   bridge window [mem 0xfb500000-0xfb5fffff]
Jun 23 14:27:48 localhost kernel: pci 0000:00:18.7:   bridge window [mem 0xe5d00000-0xe5dfffff 64bit pref]
Jun 23 14:27:48 localhost kernel: ACPI: PCI Interrupt Link [LNKA] (IRQs 3 4 5 6 7 *9 10 11 14 15)
Jun 23 14:27:48 localhost kernel: ACPI: PCI Interrupt Link [LNKB] (IRQs 3 4 5 6 *7 9 10 11 14 15)
Jun 23 14:27:48 localhost kernel: ACPI: PCI Interrupt Link [LNKC] (IRQs 3 4 5 6 7 9 10 *11 14 15)
Jun 23 14:27:48 localhost kernel: ACPI: PCI Interrupt Link [LNKD] (IRQs 3 4 5 6 7 9 *10 11 14 15)
Jun 23 14:27:48 localhost kernel: iommu: Default domain type: Passthrough 
Jun 23 14:27:48 localhost kernel: pci 0000:00:0f.0: vgaarb: setting as boot VGA device
Jun 23 14:27:48 localhost kernel: pci 0000:00:0f.0: vgaarb: VGA device added: decodes=io+mem,owns=io+mem,locks=none
Jun 23 14:27:48 localhost kernel: pci 0000:00:0f.0: vgaarb: bridge control possible
Jun 23 14:27:48 localhost kernel: vgaarb: loaded
Jun 23 14:27:48 localhost kernel: SCSI subsystem initialized
Jun 23 14:27:48 localhost kernel: ACPI: bus type USB registered
Jun 23 14:27:48 localhost kernel: usbcore: registered new interface driver usbfs
Jun 23 14:27:48 localhost kernel: usbcore: registered new interface driver hub
Jun 23 14:27:48 localhost kernel: usbcore: registered new device driver usb
Jun 23 14:27:48 localhost kernel: pps_core: LinuxPPS API ver. 1 registered
Jun 23 14:27:48 localhost kernel: pps_core: Software ver. 5.3.6 - Copyright 2005-2007 Rodolfo Giometti <giometti@linux.it>
Jun 23 14:27:48 localhost kernel: PTP clock support registered
Jun 23 14:27:48 localhost kernel: EDAC MC: Ver: 3.0.0
Jun 23 14:27:48 localhost kernel: PCI: Using ACPI for IRQ routing
Jun 23 14:27:48 localhost kernel: PCI: pci_cache_line_size set to 64 bytes
Jun 23 14:27:48 localhost kernel: e820: reserve RAM buffer [mem 0x0009f400-0x0009ffff]
Jun 23 14:27:48 localhost kernel: e820: reserve RAM buffer [mem 0x7fee0000-0x7fffffff]
Jun 23 14:27:48 localhost kernel: NetLabel: Initializing
Jun 23 14:27:48 localhost kernel: NetLabel:  domain hash size = 128
Jun 23 14:27:48 localhost kernel: NetLabel:  protocols = UNLABELED CIPSOv4 CALIPSO
Jun 23 14:27:48 localhost kernel: NetLabel:  unlabeled traffic allowed by default
Jun 23 14:27:48 localhost kernel: hpet0: at MMIO 0xfed00000, IRQs 2, 8, 0, 0, 0, 0, 0, 0, 0, 0, 0, 0, 0, 0, 0, 0
Jun 23 14:27:48 localhost kernel: hpet0: 16 comparators, 64-bit 14.318180 MHz counter
Jun 23 14:27:48 localhost kernel: clocksource: Switched to clocksource tsc-early
Jun 23 14:27:48 localhost kernel: VFS: Disk quotas dquot_6.6.0
Jun 23 14:27:48 localhost kernel: VFS: Dquot-cache hash table entries: 512 (order 0, 4096 bytes)
Jun 23 14:27:48 localhost kernel: pnp: PnP ACPI init
Jun 23 14:27:48 localhost kernel: system 00:00: [io  0x1000-0x103f] has been reserved
Jun 23 14:27:48 localhost kernel: system 00:00: [io  0x1040-0x104f] has been reserved
Jun 23 14:27:48 localhost kernel: system 00:00: [io  0x0cf0-0x0cf1] has been reserved
Jun 23 14:27:48 localhost kernel: system 00:00: Plug and Play ACPI device, IDs PNP0c02 (active)
Jun 23 14:27:48 localhost kernel: pnp 00:01: Plug and Play ACPI device, IDs PNP0b00 (active)
Jun 23 14:27:48 localhost kernel: pnp 00:02: Plug and Play ACPI device, IDs PNP0303 (active)
Jun 23 14:27:48 localhost kernel: pnp 00:03: Plug and Play ACPI device, IDs VMW0003 PNP0f13 (active)
Jun 23 14:27:48 localhost kernel: system 00:04: [mem 0xfed00000-0xfed003ff] has been reserved
Jun 23 14:27:48 localhost kernel: system 00:04: Plug and Play ACPI device, IDs PNP0103 PNP0c01 (active)
Jun 23 14:27:48 localhost kernel: system 00:05: [io  0xfce0-0xfcff] has been reserved
Jun 23 14:27:48 localhost kernel: system 00:05: [mem 0xf0000000-0xf7ffffff] has been reserved
Jun 23 14:27:48 localhost kernel: system 00:05: [mem 0xfe800000-0xfe9fffff] has been reserved
Jun 23 14:27:48 localhost kernel: system 00:05: Plug and Play ACPI device, IDs PNP0c02 (active)
Jun 23 14:27:48 localhost kernel: pnp: PnP ACPI: found 6 devices
Jun 23 14:27:48 localhost kernel: clocksource: acpi_pm: mask: 0xffffff max_cycles: 0xffffff, max_idle_ns: 2085701024 ns
Jun 23 14:27:48 localhost kernel: pci 0000:00:15.0: bridge window [mem 0x00100000-0x000fffff 64bit pref] to [bus 03] add_size 200000 add_align 100000
Jun 23 14:27:48 localhost kernel: pci 0000:00:15.3: bridge window [io  0x1000-0x0fff] to [bus 06] add_size 1000
Jun 23 14:27:48 localhost kernel: pci 0000:00:15.4: bridge window [io  0x1000-0x0fff] to [bus 07] add_size 1000
Jun 23 14:27:48 localhost kernel: pci 0000:00:15.5: bridge window [io  0x1000-0x0fff] to [bus 08] add_size 1000
Jun 23 14:27:48 localhost kernel: pci 0000:00:15.6: bridge window [io  0x1000-0x0fff] to [bus 09] add_size 1000
Jun 23 14:27:48 localhost kernel: pci 0000:00:15.7: bridge window [io  0x1000-0x0fff] to [bus 0a] add_size 1000
Jun 23 14:27:48 localhost kernel: pci 0000:00:16.0: bridge window [mem 0x00100000-0x000fffff 64bit pref] to [bus 0b] add_size 200000 add_align 100000
Jun 23 14:27:48 localhost kernel: pci 0000:00:16.3: bridge window [io  0x1000-0x0fff] to [bus 0e] add_size 1000
Jun 23 14:27:48 localhost kernel: pci 0000:00:16.4: bridge window [io  0x1000-0x0fff] to [bus 0f] add_size 1000
Jun 23 14:27:48 localhost kernel: pci 0000:00:16.5: bridge window [io  0x1000-0x0fff] to [bus 10] add_size 1000
Jun 23 14:27:48 localhost kernel: pci 0000:00:16.6: bridge window [io  0x1000-0x0fff] to [bus 11] add_size 1000
Jun 23 14:27:48 localhost kernel: pci 0000:00:16.7: bridge window [io  0x1000-0x0fff] to [bus 12] add_size 1000
Jun 23 14:27:48 localhost kernel: pci 0000:00:17.3: bridge window [io  0x1000-0x0fff] to [bus 16] add_size 1000
Jun 23 14:27:48 localhost kernel: pci 0000:00:17.4: bridge window [io  0x1000-0x0fff] to [bus 17] add_size 1000
Jun 23 14:27:48 localhost kernel: pci 0000:00:17.5: bridge window [io  0x1000-0x0fff] to [bus 18] add_size 1000
Jun 23 14:27:48 localhost kernel: pci 0000:00:17.6: bridge window [io  0x1000-0x0fff] to [bus 19] add_size 1000
Jun 23 14:27:48 localhost kernel: pci 0000:00:17.7: bridge window [io  0x1000-0x0fff] to [bus 1a] add_size 1000
Jun 23 14:27:48 localhost kernel: pci 0000:00:18.2: bridge window [io  0x1000-0x0fff] to [bus 1d] add_size 1000
Jun 23 14:27:48 localhost kernel: pci 0000:00:18.3: bridge window [io  0x1000-0x0fff] to [bus 1e] add_size 1000
Jun 23 14:27:48 localhost kernel: pci 0000:00:18.4: bridge window [io  0x1000-0x0fff] to [bus 1f] add_size 1000
Jun 23 14:27:48 localhost kernel: pci 0000:00:18.5: bridge window [io  0x1000-0x0fff] to [bus 20] add_size 1000
Jun 23 14:27:48 localhost kernel: pci 0000:00:18.6: bridge window [io  0x1000-0x0fff] to [bus 21] add_size 1000
Jun 23 14:27:48 localhost kernel: pci 0000:00:18.7: bridge window [io  0x1000-0x0fff] to [bus 22] add_size 1000
Jun 23 14:27:48 localhost kernel: pci 0000:00:15.0: BAR 15: assigned [mem 0x80000000-0x801fffff 64bit pref]
Jun 23 14:27:48 localhost kernel: pci 0000:00:16.0: BAR 15: assigned [mem 0x80200000-0x803fffff 64bit pref]
Jun 23 14:27:48 localhost kernel: pci 0000:00:0f.0: BAR 6: assigned [mem 0x80400000-0x80407fff pref]
Jun 23 14:27:48 localhost kernel: pci 0000:00:15.3: BAR 13: no space for [io  size 0x1000]
Jun 23 14:27:48 localhost kernel: pci 0000:00:15.3: BAR 13: failed to assign [io  size 0x1000]
Jun 23 14:27:48 localhost kernel: pci 0000:00:15.4: BAR 13: no space for [io  size 0x1000]
Jun 23 14:27:48 localhost kernel: pci 0000:00:15.4: BAR 13: failed to assign [io  size 0x1000]
Jun 23 14:27:48 localhost kernel: pci 0000:00:15.5: BAR 13: no space for [io  size 0x1000]
Jun 23 14:27:48 localhost kernel: pci 0000:00:15.5: BAR 13: failed to assign [io  size 0x1000]
Jun 23 14:27:48 localhost kernel: pci 0000:00:15.6: BAR 13: no space for [io  size 0x1000]
Jun 23 14:27:48 localhost kernel: pci 0000:00:15.6: BAR 13: failed to assign [io  size 0x1000]
Jun 23 14:27:48 localhost kernel: pci 0000:00:15.7: BAR 13: no space for [io  size 0x1000]
Jun 23 14:27:48 localhost kernel: pci 0000:00:15.7: BAR 13: failed to assign [io  size 0x1000]
Jun 23 14:27:48 localhost kernel: pci 0000:00:16.3: BAR 13: no space for [io  size 0x1000]
Jun 23 14:27:48 localhost kernel: pci 0000:00:16.3: BAR 13: failed to assign [io  size 0x1000]
Jun 23 14:27:48 localhost kernel: pci 0000:00:16.4: BAR 13: no space for [io  size 0x1000]
Jun 23 14:27:48 localhost kernel: pci 0000:00:16.4: BAR 13: failed to assign [io  size 0x1000]
Jun 23 14:27:48 localhost kernel: pci 0000:00:16.5: BAR 13: no space for [io  size 0x1000]
Jun 23 14:27:48 localhost kernel: pci 0000:00:16.5: BAR 13: failed to assign [io  size 0x1000]
Jun 23 14:27:48 localhost kernel: pci 0000:00:16.6: BAR 13: no space for [io  size 0x1000]
Jun 23 14:27:48 localhost kernel: pci 0000:00:16.6: BAR 13: failed to assign [io  size 0x1000]
Jun 23 14:27:48 localhost kernel: pci 0000:00:16.7: BAR 13: no space for [io  size 0x1000]
Jun 23 14:27:48 localhost kernel: pci 0000:00:16.7: BAR 13: failed to assign [io  size 0x1000]
Jun 23 14:27:48 localhost kernel: pci 0000:00:17.3: BAR 13: no space for [io  size 0x1000]
Jun 23 14:27:48 localhost kernel: pci 0000:00:17.3: BAR 13: failed to assign [io  size 0x1000]
Jun 23 14:27:48 localhost kernel: pci 0000:00:17.4: BAR 13: no space for [io  size 0x1000]
Jun 23 14:27:48 localhost kernel: pci 0000:00:17.4: BAR 13: failed to assign [io  size 0x1000]
Jun 23 14:27:48 localhost kernel: pci 0000:00:17.5: BAR 13: no space for [io  size 0x1000]
Jun 23 14:27:48 localhost kernel: pci 0000:00:17.5: BAR 13: failed to assign [io  size 0x1000]
Jun 23 14:27:48 localhost kernel: pci 0000:00:17.6: BAR 13: no space for [io  size 0x1000]
Jun 23 14:27:48 localhost kernel: pci 0000:00:17.6: BAR 13: failed to assign [io  size 0x1000]
Jun 23 14:27:48 localhost kernel: pci 0000:00:17.7: BAR 13: no space for [io  size 0x1000]
Jun 23 14:27:48 localhost kernel: pci 0000:00:17.7: BAR 13: failed to assign [io  size 0x1000]
Jun 23 14:27:48 localhost kernel: pci 0000:00:18.2: BAR 13: no space for [io  size 0x1000]
Jun 23 14:27:48 localhost kernel: pci 0000:00:18.2: BAR 13: failed to assign [io  size 0x1000]
Jun 23 14:27:48 localhost kernel: pci 0000:00:18.3: BAR 13: no space for [io  size 0x1000]
Jun 23 14:27:48 localhost kernel: pci 0000:00:18.3: BAR 13: failed to assign [io  size 0x1000]
Jun 23 14:27:48 localhost kernel: pci 0000:00:18.4: BAR 13: no space for [io  size 0x1000]
Jun 23 14:27:48 localhost kernel: pci 0000:00:18.4: BAR 13: failed to assign [io  size 0x1000]
Jun 23 14:27:48 localhost kernel: pci 0000:00:18.5: BAR 13: no space for [io  size 0x1000]
Jun 23 14:27:48 localhost kernel: pci 0000:00:18.5: BAR 13: failed to assign [io  size 0x1000]
Jun 23 14:27:48 localhost kernel: pci 0000:00:18.6: BAR 13: no space for [io  size 0x1000]
Jun 23 14:27:48 localhost kernel: pci 0000:00:18.6: BAR 13: failed to assign [io  size 0x1000]
Jun 23 14:27:48 localhost kernel: pci 0000:00:18.7: BAR 13: no space for [io  size 0x1000]
Jun 23 14:27:48 localhost kernel: pci 0000:00:18.7: BAR 13: failed to assign [io  size 0x1000]
Jun 23 14:27:48 localhost kernel: pci 0000:00:18.7: BAR 13: no space for [io  size 0x1000]
Jun 23 14:27:48 localhost kernel: pci 0000:00:18.7: BAR 13: failed to assign [io  size 0x1000]
Jun 23 14:27:48 localhost kernel: pci 0000:00:18.6: BAR 13: no space for [io  size 0x1000]
Jun 23 14:27:48 localhost kernel: pci 0000:00:18.6: BAR 13: failed to assign [io  size 0x1000]
Jun 23 14:27:48 localhost kernel: pci 0000:00:18.5: BAR 13: no space for [io  size 0x1000]
Jun 23 14:27:48 localhost kernel: pci 0000:00:18.5: BAR 13: failed to assign [io  size 0x1000]
Jun 23 14:27:48 localhost kernel: pci 0000:00:18.4: BAR 13: no space for [io  size 0x1000]
Jun 23 14:27:48 localhost kernel: pci 0000:00:18.4: BAR 13: failed to assign [io  size 0x1000]
Jun 23 14:27:48 localhost kernel: pci 0000:00:18.3: BAR 13: no space for [io  size 0x1000]
Jun 23 14:27:48 localhost kernel: pci 0000:00:18.3: BAR 13: failed to assign [io  size 0x1000]
Jun 23 14:27:48 localhost kernel: pci 0000:00:18.2: BAR 13: no space for [io  size 0x1000]
Jun 23 14:27:48 localhost kernel: pci 0000:00:18.2: BAR 13: failed to assign [io  size 0x1000]
Jun 23 14:27:48 localhost kernel: pci 0000:00:17.7: BAR 13: no space for [io  size 0x1000]
Jun 23 14:27:48 localhost kernel: pci 0000:00:17.7: BAR 13: failed to assign [io  size 0x1000]
Jun 23 14:27:48 localhost kernel: pci 0000:00:17.6: BAR 13: no space for [io  size 0x1000]
Jun 23 14:27:48 localhost kernel: pci 0000:00:17.6: BAR 13: failed to assign [io  size 0x1000]
Jun 23 14:27:48 localhost kernel: pci 0000:00:17.5: BAR 13: no space for [io  size 0x1000]
Jun 23 14:27:48 localhost kernel: pci 0000:00:17.5: BAR 13: failed to assign [io  size 0x1000]
Jun 23 14:27:48 localhost kernel: pci 0000:00:17.4: BAR 13: no space for [io  size 0x1000]
Jun 23 14:27:48 localhost kernel: pci 0000:00:17.4: BAR 13: failed to assign [io  size 0x1000]
Jun 23 14:27:48 localhost kernel: pci 0000:00:17.3: BAR 13: no space for [io  size 0x1000]
Jun 23 14:27:48 localhost kernel: pci 0000:00:17.3: BAR 13: failed to assign [io  size 0x1000]
Jun 23 14:27:48 localhost kernel: pci 0000:00:16.7: BAR 13: no space for [io  size 0x1000]
Jun 23 14:27:48 localhost kernel: pci 0000:00:16.7: BAR 13: failed to assign [io  size 0x1000]
Jun 23 14:27:48 localhost kernel: pci 0000:00:16.6: BAR 13: no space for [io  size 0x1000]
Jun 23 14:27:48 localhost kernel: pci 0000:00:16.6: BAR 13: failed to assign [io  size 0x1000]
Jun 23 14:27:48 localhost kernel: pci 0000:00:16.5: BAR 13: no space for [io  size 0x1000]
Jun 23 14:27:48 localhost kernel: pci 0000:00:16.5: BAR 13: failed to assign [io  size 0x1000]
Jun 23 14:27:48 localhost kernel: pci 0000:00:16.4: BAR 13: no space for [io  size 0x1000]
Jun 23 14:27:48 localhost kernel: pci 0000:00:16.4: BAR 13: failed to assign [io  size 0x1000]
Jun 23 14:27:48 localhost kernel: pci 0000:00:16.3: BAR 13: no space for [io  size 0x1000]
Jun 23 14:27:48 localhost kernel: pci 0000:00:16.3: BAR 13: failed to assign [io  size 0x1000]
Jun 23 14:27:48 localhost kernel: pci 0000:00:15.7: BAR 13: no space for [io  size 0x1000]
Jun 23 14:27:48 localhost kernel: pci 0000:00:15.7: BAR 13: failed to assign [io  size 0x1000]
Jun 23 14:27:48 localhost kernel: pci 0000:00:15.6: BAR 13: no space for [io  size 0x1000]
Jun 23 14:27:48 localhost kernel: pci 0000:00:15.6: BAR 13: failed to assign [io  size 0x1000]
Jun 23 14:27:48 localhost kernel: pci 0000:00:15.5: BAR 13: no space for [io  size 0x1000]
Jun 23 14:27:48 localhost kernel: pci 0000:00:15.5: BAR 13: failed to assign [io  size 0x1000]
Jun 23 14:27:48 localhost kernel: pci 0000:00:15.4: BAR 13: no space for [io  size 0x1000]
Jun 23 14:27:48 localhost kernel: pci 0000:00:15.4: BAR 13: failed to assign [io  size 0x1000]
Jun 23 14:27:48 localhost kernel: pci 0000:00:15.3: BAR 13: no space for [io  size 0x1000]
Jun 23 14:27:48 localhost kernel: pci 0000:00:15.3: BAR 13: failed to assign [io  size 0x1000]
Jun 23 14:27:48 localhost kernel: pci 0000:00:01.0: PCI bridge to [bus 01]
Jun 23 14:27:48 localhost kernel: pci 0000:02:03.0: BAR 6: assigned [mem 0xfd500000-0xfd50ffff pref]
Jun 23 14:27:48 localhost kernel: pci 0000:00:11.0: PCI bridge to [bus 02]
Jun 23 14:27:48 localhost kernel: pci 0000:00:11.0:   bridge window [io  0x2000-0x3fff]
Jun 23 14:27:48 localhost kernel: pci 0000:00:11.0:   bridge window [mem 0xfd500000-0xfdffffff]
Jun 23 14:27:48 localhost kernel: pci 0000:00:11.0:   bridge window [mem 0xe7b00000-0xe7ffffff 64bit pref]
Jun 23 14:27:48 localhost kernel: pci 0000:03:00.0: BAR 6: assigned [mem 0xfd400000-0xfd40ffff pref]
Jun 23 14:27:48 localhost kernel: pci 0000:00:15.0: PCI bridge to [bus 03]
Jun 23 14:27:48 localhost kernel: pci 0000:00:15.0:   bridge window [io  0x4000-0x4fff]
Jun 23 14:27:48 localhost kernel: pci 0000:00:15.0:   bridge window [mem 0xfd400000-0xfd4fffff]
Jun 23 14:27:48 localhost kernel: pci 0000:00:15.0:   bridge window [mem 0x80000000-0x801fffff 64bit pref]
Jun 23 14:27:48 localhost kernel: pci 0000:00:15.1: PCI bridge to [bus 04]
Jun 23 14:27:48 localhost kernel: pci 0000:00:15.1:   bridge window [io  0x8000-0x8fff]
Jun 23 14:27:48 localhost kernel: pci 0000:00:15.1:   bridge window [mem 0xfd000000-0xfd0fffff]
Jun 23 14:27:48 localhost kernel: pci 0000:00:15.1:   bridge window [mem 0xe7800000-0xe78fffff 64bit pref]
Jun 23 14:27:48 localhost kernel: pci 0000:00:15.2: PCI bridge to [bus 05]
Jun 23 14:27:48 localhost kernel: pci 0000:00:15.2:   bridge window [io  0xc000-0xcfff]
Jun 23 14:27:48 localhost kernel: pci 0000:00:15.2:   bridge window [mem 0xfcc00000-0xfccfffff]
Jun 23 14:27:48 localhost kernel: pci 0000:00:15.2:   bridge window [mem 0xe7400000-0xe74fffff 64bit pref]
Jun 23 14:27:48 localhost kernel: pci 0000:00:15.3: PCI bridge to [bus 06]
Jun 23 14:27:48 localhost kernel: pci 0000:00:15.3:   bridge window [mem 0xfc800000-0xfc8fffff]
Jun 23 14:27:48 localhost kernel: pci 0000:00:15.3:   bridge window [mem 0xe7000000-0xe70fffff 64bit pref]
Jun 23 14:27:48 localhost kernel: pci 0000:00:15.4: PCI bridge to [bus 07]
Jun 23 14:27:48 localhost kernel: pci 0000:00:15.4:   bridge window [mem 0xfc400000-0xfc4fffff]
Jun 23 14:27:48 localhost kernel: pci 0000:00:15.4:   bridge window [mem 0xe6c00000-0xe6cfffff 64bit pref]
Jun 23 14:27:48 localhost kernel: pci 0000:00:15.5: PCI bridge to [bus 08]
Jun 23 14:27:48 localhost kernel: pci 0000:00:15.5:   bridge window [mem 0xfc000000-0xfc0fffff]
Jun 23 14:27:48 localhost kernel: pci 0000:00:15.5:   bridge window [mem 0xe6800000-0xe68fffff 64bit pref]
Jun 23 14:27:48 localhost kernel: pci 0000:00:15.6: PCI bridge to [bus 09]
Jun 23 14:27:48 localhost kernel: pci 0000:00:15.6:   bridge window [mem 0xfbc00000-0xfbcfffff]
Jun 23 14:27:48 localhost kernel: pci 0000:00:15.6:   bridge window [mem 0xe6400000-0xe64fffff 64bit pref]
Jun 23 14:27:48 localhost kernel: pci 0000:00:15.7: PCI bridge to [bus 0a]
Jun 23 14:27:48 localhost kernel: pci 0000:00:15.7:   bridge window [mem 0xfb800000-0xfb8fffff]
Jun 23 14:27:48 localhost kernel: pci 0000:00:15.7:   bridge window [mem 0xe6000000-0xe60fffff 64bit pref]
Jun 23 14:27:48 localhost kernel: pci 0000:0b:00.0: BAR 6: assigned [mem 0xfd300000-0xfd30ffff pref]
Jun 23 14:27:48 localhost kernel: pci 0000:00:16.0: PCI bridge to [bus 0b]
Jun 23 14:27:48 localhost kernel: pci 0000:00:16.0:   bridge window [io  0x5000-0x5fff]
Jun 23 14:27:48 localhost kernel: pci 0000:00:16.0:   bridge window [mem 0xfd300000-0xfd3fffff]
Jun 23 14:27:48 localhost kernel: pci 0000:00:16.0:   bridge window [mem 0x80200000-0x803fffff 64bit pref]
Jun 23 14:27:48 localhost kernel: pci 0000:00:16.1: PCI bridge to [bus 0c]
Jun 23 14:27:48 localhost kernel: pci 0000:00:16.1:   bridge window [io  0x9000-0x9fff]
Jun 23 14:27:48 localhost kernel: pci 0000:00:16.1:   bridge window [mem 0xfcf00000-0xfcffffff]
Jun 23 14:27:48 localhost kernel: pci 0000:00:16.1:   bridge window [mem 0xe7700000-0xe77fffff 64bit pref]
Jun 23 14:27:48 localhost kernel: pci 0000:00:16.2: PCI bridge to [bus 0d]
Jun 23 14:27:48 localhost kernel: pci 0000:00:16.2:   bridge window [io  0xd000-0xdfff]
Jun 23 14:27:48 localhost kernel: pci 0000:00:16.2:   bridge window [mem 0xfcb00000-0xfcbfffff]
Jun 23 14:27:48 localhost kernel: pci 0000:00:16.2:   bridge window [mem 0xe7300000-0xe73fffff 64bit pref]
Jun 23 14:27:48 localhost kernel: pci 0000:00:16.3: PCI bridge to [bus 0e]
Jun 23 14:27:48 localhost kernel: pci 0000:00:16.3:   bridge window [mem 0xfc700000-0xfc7fffff]
Jun 23 14:27:48 localhost kernel: pci 0000:00:16.3:   bridge window [mem 0xe6f00000-0xe6ffffff 64bit pref]
Jun 23 14:27:48 localhost kernel: pci 0000:00:16.4: PCI bridge to [bus 0f]
Jun 23 14:27:48 localhost kernel: pci 0000:00:16.4:   bridge window [mem 0xfc300000-0xfc3fffff]
Jun 23 14:27:48 localhost kernel: pci 0000:00:16.4:   bridge window [mem 0xe6b00000-0xe6bfffff 64bit pref]
Jun 23 14:27:48 localhost kernel: pci 0000:00:16.5: PCI bridge to [bus 10]
Jun 23 14:27:48 localhost kernel: pci 0000:00:16.5:   bridge window [mem 0xfbf00000-0xfbffffff]
Jun 23 14:27:48 localhost kernel: pci 0000:00:16.5:   bridge window [mem 0xe6700000-0xe67fffff 64bit pref]
Jun 23 14:27:48 localhost kernel: pci 0000:00:16.6: PCI bridge to [bus 11]
Jun 23 14:27:48 localhost kernel: pci 0000:00:16.6:   bridge window [mem 0xfbb00000-0xfbbfffff]
Jun 23 14:27:48 localhost kernel: pci 0000:00:16.6:   bridge window [mem 0xe6300000-0xe63fffff 64bit pref]
Jun 23 14:27:48 localhost kernel: pci 0000:00:16.7: PCI bridge to [bus 12]
Jun 23 14:27:48 localhost kernel: pci 0000:00:16.7:   bridge window [mem 0xfb700000-0xfb7fffff]
Jun 23 14:27:48 localhost kernel: pci 0000:00:16.7:   bridge window [mem 0xe5f00000-0xe5ffffff 64bit pref]
Jun 23 14:27:48 localhost kernel: pci 0000:00:17.0: PCI bridge to [bus 13]
Jun 23 14:27:48 localhost kernel: pci 0000:00:17.0:   bridge window [io  0x6000-0x6fff]
Jun 23 14:27:48 localhost kernel: pci 0000:00:17.0:   bridge window [mem 0xfd200000-0xfd2fffff]
Jun 23 14:27:48 localhost kernel: pci 0000:00:17.0:   bridge window [mem 0xe7a00000-0xe7afffff 64bit pref]
Jun 23 14:27:48 localhost kernel: pci 0000:00:17.1: PCI bridge to [bus 14]
Jun 23 14:27:48 localhost kernel: pci 0000:00:17.1:   bridge window [io  0xa000-0xafff]
Jun 23 14:27:48 localhost kernel: pci 0000:00:17.1:   bridge window [mem 0xfce00000-0xfcefffff]
Jun 23 14:27:48 localhost kernel: pci 0000:00:17.1:   bridge window [mem 0xe7600000-0xe76fffff 64bit pref]
Jun 23 14:27:48 localhost kernel: pci 0000:00:17.2: PCI bridge to [bus 15]
Jun 23 14:27:48 localhost kernel: pci 0000:00:17.2:   bridge window [io  0xe000-0xefff]
Jun 23 14:27:48 localhost kernel: pci 0000:00:17.2:   bridge window [mem 0xfca00000-0xfcafffff]
Jun 23 14:27:48 localhost kernel: pci 0000:00:17.2:   bridge window [mem 0xe7200000-0xe72fffff 64bit pref]
Jun 23 14:27:48 localhost kernel: pci 0000:00:17.3: PCI bridge to [bus 16]
Jun 23 14:27:48 localhost kernel: pci 0000:00:17.3:   bridge window [mem 0xfc600000-0xfc6fffff]
Jun 23 14:27:48 localhost kernel: pci 0000:00:17.3:   bridge window [mem 0xe6e00000-0xe6efffff 64bit pref]
Jun 23 14:27:48 localhost kernel: pci 0000:00:17.4: PCI bridge to [bus 17]
Jun 23 14:27:48 localhost kernel: pci 0000:00:17.4:   bridge window [mem 0xfc200000-0xfc2fffff]
Jun 23 14:27:48 localhost kernel: pci 0000:00:17.4:   bridge window [mem 0xe6a00000-0xe6afffff 64bit pref]
Jun 23 14:27:48 localhost kernel: pci 0000:00:17.5: PCI bridge to [bus 18]
Jun 23 14:27:48 localhost kernel: pci 0000:00:17.5:   bridge window [mem 0xfbe00000-0xfbefffff]
Jun 23 14:27:48 localhost kernel: pci 0000:00:17.5:   bridge window [mem 0xe6600000-0xe66fffff 64bit pref]
Jun 23 14:27:48 localhost kernel: pci 0000:00:17.6: PCI bridge to [bus 19]
Jun 23 14:27:48 localhost kernel: pci 0000:00:17.6:   bridge window [mem 0xfba00000-0xfbafffff]
Jun 23 14:27:48 localhost kernel: pci 0000:00:17.6:   bridge window [mem 0xe6200000-0xe62fffff 64bit pref]
Jun 23 14:27:48 localhost kernel: pci 0000:00:17.7: PCI bridge to [bus 1a]
Jun 23 14:27:48 localhost kernel: pci 0000:00:17.7:   bridge window [mem 0xfb600000-0xfb6fffff]
Jun 23 14:27:48 localhost kernel: pci 0000:00:17.7:   bridge window [mem 0xe5e00000-0xe5efffff 64bit pref]
Jun 23 14:27:48 localhost kernel: pci 0000:00:18.0: PCI bridge to [bus 1b]
Jun 23 14:27:48 localhost kernel: pci 0000:00:18.0:   bridge window [io  0x7000-0x7fff]
Jun 23 14:27:48 localhost kernel: pci 0000:00:18.0:   bridge window [mem 0xfd100000-0xfd1fffff]
Jun 23 14:27:48 localhost kernel: pci 0000:00:18.0:   bridge window [mem 0xe7900000-0xe79fffff 64bit pref]
Jun 23 14:27:48 localhost kernel: pci 0000:00:18.1: PCI bridge to [bus 1c]
Jun 23 14:27:48 localhost kernel: pci 0000:00:18.1:   bridge window [io  0xb000-0xbfff]
Jun 23 14:27:48 localhost kernel: pci 0000:00:18.1:   bridge window [mem 0xfcd00000-0xfcdfffff]
Jun 23 14:27:48 localhost kernel: pci 0000:00:18.1:   bridge window [mem 0xe7500000-0xe75fffff 64bit pref]
Jun 23 14:27:48 localhost kernel: pci 0000:00:18.2: PCI bridge to [bus 1d]
Jun 23 14:27:48 localhost kernel: pci 0000:00:18.2:   bridge window [mem 0xfc900000-0xfc9fffff]
Jun 23 14:27:48 localhost kernel: pci 0000:00:18.2:   bridge window [mem 0xe7100000-0xe71fffff 64bit pref]
Jun 23 14:27:48 localhost kernel: pci 0000:00:18.3: PCI bridge to [bus 1e]
Jun 23 14:27:48 localhost kernel: pci 0000:00:18.3:   bridge window [mem 0xfc500000-0xfc5fffff]
Jun 23 14:27:48 localhost kernel: pci 0000:00:18.3:   bridge window [mem 0xe6d00000-0xe6dfffff 64bit pref]
Jun 23 14:27:48 localhost kernel: pci 0000:00:18.4: PCI bridge to [bus 1f]
Jun 23 14:27:48 localhost kernel: pci 0000:00:18.4:   bridge window [mem 0xfc100000-0xfc1fffff]
Jun 23 14:27:48 localhost kernel: pci 0000:00:18.4:   bridge window [mem 0xe6900000-0xe69fffff 64bit pref]
Jun 23 14:27:48 localhost kernel: pci 0000:00:18.5: PCI bridge to [bus 20]
Jun 23 14:27:48 localhost kernel: pci 0000:00:18.5:   bridge window [mem 0xfbd00000-0xfbdfffff]
Jun 23 14:27:48 localhost kernel: pci 0000:00:18.5:   bridge window [mem 0xe6500000-0xe65fffff 64bit pref]
Jun 23 14:27:48 localhost kernel: pci 0000:00:18.6: PCI bridge to [bus 21]
Jun 23 14:27:48 localhost kernel: pci 0000:00:18.6:   bridge window [mem 0xfb900000-0xfb9fffff]
Jun 23 14:27:48 localhost kernel: pci 0000:00:18.6:   bridge window [mem 0xe6100000-0xe61fffff 64bit pref]
Jun 23 14:27:48 localhost kernel: pci 0000:00:18.7: PCI bridge to [bus 22]
Jun 23 14:27:48 localhost kernel: pci 0000:00:18.7:   bridge window [mem 0xfb500000-0xfb5fffff]
Jun 23 14:27:48 localhost kernel: pci 0000:00:18.7:   bridge window [mem 0xe5d00000-0xe5dfffff 64bit pref]
Jun 23 14:27:48 localhost kernel: pci_bus 0000:00: resource 4 [mem 0x000a0000-0x000bffff window]
Jun 23 14:27:48 localhost kernel: pci_bus 0000:00: resource 5 [mem 0x000d0000-0x000d3fff window]
Jun 23 14:27:48 localhost kernel: pci_bus 0000:00: resource 6 [mem 0x000d4000-0x000d7fff window]
Jun 23 14:27:48 localhost kernel: pci_bus 0000:00: resource 7 [mem 0x000d8000-0x000dbfff window]
Jun 23 14:27:48 localhost kernel: pci_bus 0000:00: resource 8 [mem 0x80000000-0xfebfffff window]
Jun 23 14:27:48 localhost kernel: pci_bus 0000:00: resource 9 [io  0x0000-0x0cf7 window]
Jun 23 14:27:48 localhost kernel: pci_bus 0000:00: resource 10 [io  0x0d00-0xfeff window]
Jun 23 14:27:48 localhost kernel: pci_bus 0000:02: resource 0 [io  0x2000-0x3fff]
Jun 23 14:27:48 localhost kernel: pci_bus 0000:02: resource 1 [mem 0xfd500000-0xfdffffff]
Jun 23 14:27:48 localhost kernel: pci_bus 0000:02: resource 2 [mem 0xe7b00000-0xe7ffffff 64bit pref]
Jun 23 14:27:48 localhost kernel: pci_bus 0000:02: resource 4 [mem 0x000a0000-0x000bffff window]
Jun 23 14:27:48 localhost kernel: pci_bus 0000:02: resource 5 [mem 0x000d0000-0x000d3fff window]
Jun 23 14:27:48 localhost kernel: pci_bus 0000:02: resource 6 [mem 0x000d4000-0x000d7fff window]
Jun 23 14:27:48 localhost kernel: pci_bus 0000:02: resource 7 [mem 0x000d8000-0x000dbfff window]
Jun 23 14:27:48 localhost kernel: pci_bus 0000:02: resource 8 [mem 0x80000000-0xfebfffff window]
Jun 23 14:27:48 localhost kernel: pci_bus 0000:02: resource 9 [io  0x0000-0x0cf7 window]
Jun 23 14:27:48 localhost kernel: pci_bus 0000:02: resource 10 [io  0x0d00-0xfeff window]
Jun 23 14:27:48 localhost kernel: pci_bus 0000:03: resource 0 [io  0x4000-0x4fff]
Jun 23 14:27:48 localhost kernel: pci_bus 0000:03: resource 1 [mem 0xfd400000-0xfd4fffff]
Jun 23 14:27:48 localhost kernel: pci_bus 0000:03: resource 2 [mem 0x80000000-0x801fffff 64bit pref]
Jun 23 14:27:48 localhost kernel: pci_bus 0000:04: resource 0 [io  0x8000-0x8fff]
Jun 23 14:27:48 localhost kernel: pci_bus 0000:04: resource 1 [mem 0xfd000000-0xfd0fffff]
Jun 23 14:27:48 localhost kernel: pci_bus 0000:04: resource 2 [mem 0xe7800000-0xe78fffff 64bit pref]
Jun 23 14:27:48 localhost kernel: pci_bus 0000:05: resource 0 [io  0xc000-0xcfff]
Jun 23 14:27:48 localhost kernel: pci_bus 0000:05: resource 1 [mem 0xfcc00000-0xfccfffff]
Jun 23 14:27:48 localhost kernel: pci_bus 0000:05: resource 2 [mem 0xe7400000-0xe74fffff 64bit pref]
Jun 23 14:27:48 localhost kernel: pci_bus 0000:06: resource 1 [mem 0xfc800000-0xfc8fffff]
Jun 23 14:27:48 localhost kernel: pci_bus 0000:06: resource 2 [mem 0xe7000000-0xe70fffff 64bit pref]
Jun 23 14:27:48 localhost kernel: pci_bus 0000:07: resource 1 [mem 0xfc400000-0xfc4fffff]
Jun 23 14:27:48 localhost kernel: pci_bus 0000:07: resource 2 [mem 0xe6c00000-0xe6cfffff 64bit pref]
Jun 23 14:27:48 localhost kernel: pci_bus 0000:08: resource 1 [mem 0xfc000000-0xfc0fffff]
Jun 23 14:27:48 localhost kernel: pci_bus 0000:08: resource 2 [mem 0xe6800000-0xe68fffff 64bit pref]
Jun 23 14:27:48 localhost kernel: pci_bus 0000:09: resource 1 [mem 0xfbc00000-0xfbcfffff]
Jun 23 14:27:48 localhost kernel: pci_bus 0000:09: resource 2 [mem 0xe6400000-0xe64fffff 64bit pref]
Jun 23 14:27:48 localhost kernel: pci_bus 0000:0a: resource 1 [mem 0xfb800000-0xfb8fffff]
Jun 23 14:27:48 localhost kernel: pci_bus 0000:0a: resource 2 [mem 0xe6000000-0xe60fffff 64bit pref]
Jun 23 14:27:48 localhost kernel: pci_bus 0000:0b: resource 0 [io  0x5000-0x5fff]
Jun 23 14:27:48 localhost kernel: pci_bus 0000:0b: resource 1 [mem 0xfd300000-0xfd3fffff]
Jun 23 14:27:48 localhost kernel: pci_bus 0000:0b: resource 2 [mem 0x80200000-0x803fffff 64bit pref]
Jun 23 14:27:48 localhost kernel: pci_bus 0000:0c: resource 0 [io  0x9000-0x9fff]
Jun 23 14:27:48 localhost kernel: pci_bus 0000:0c: resource 1 [mem 0xfcf00000-0xfcffffff]
Jun 23 14:27:48 localhost kernel: pci_bus 0000:0c: resource 2 [mem 0xe7700000-0xe77fffff 64bit pref]
Jun 23 14:27:48 localhost kernel: pci_bus 0000:0d: resource 0 [io  0xd000-0xdfff]
Jun 23 14:27:48 localhost kernel: pci_bus 0000:0d: resource 1 [mem 0xfcb00000-0xfcbfffff]
Jun 23 14:27:48 localhost kernel: pci_bus 0000:0d: resource 2 [mem 0xe7300000-0xe73fffff 64bit pref]
Jun 23 14:27:48 localhost kernel: pci_bus 0000:0e: resource 1 [mem 0xfc700000-0xfc7fffff]
Jun 23 14:27:48 localhost kernel: pci_bus 0000:0e: resource 2 [mem 0xe6f00000-0xe6ffffff 64bit pref]
Jun 23 14:27:48 localhost kernel: pci_bus 0000:0f: resource 1 [mem 0xfc300000-0xfc3fffff]
Jun 23 14:27:48 localhost kernel: pci_bus 0000:0f: resource 2 [mem 0xe6b00000-0xe6bfffff 64bit pref]
Jun 23 14:27:48 localhost kernel: pci_bus 0000:10: resource 1 [mem 0xfbf00000-0xfbffffff]
Jun 23 14:27:48 localhost kernel: pci_bus 0000:10: resource 2 [mem 0xe6700000-0xe67fffff 64bit pref]
Jun 23 14:27:48 localhost kernel: pci_bus 0000:11: resource 1 [mem 0xfbb00000-0xfbbfffff]
Jun 23 14:27:48 localhost kernel: pci_bus 0000:11: resource 2 [mem 0xe6300000-0xe63fffff 64bit pref]
Jun 23 14:27:48 localhost kernel: pci_bus 0000:12: resource 1 [mem 0xfb700000-0xfb7fffff]
Jun 23 14:27:48 localhost kernel: pci_bus 0000:12: resource 2 [mem 0xe5f00000-0xe5ffffff 64bit pref]
Jun 23 14:27:48 localhost kernel: pci_bus 0000:13: resource 0 [io  0x6000-0x6fff]
Jun 23 14:27:48 localhost kernel: pci_bus 0000:13: resource 1 [mem 0xfd200000-0xfd2fffff]
Jun 23 14:27:48 localhost kernel: pci_bus 0000:13: resource 2 [mem 0xe7a00000-0xe7afffff 64bit pref]
Jun 23 14:27:48 localhost kernel: pci_bus 0000:14: resource 0 [io  0xa000-0xafff]
Jun 23 14:27:48 localhost kernel: pci_bus 0000:14: resource 1 [mem 0xfce00000-0xfcefffff]
Jun 23 14:27:48 localhost kernel: pci_bus 0000:14: resource 2 [mem 0xe7600000-0xe76fffff 64bit pref]
Jun 23 14:27:48 localhost kernel: pci_bus 0000:15: resource 0 [io  0xe000-0xefff]
Jun 23 14:27:48 localhost kernel: pci_bus 0000:15: resource 1 [mem 0xfca00000-0xfcafffff]
Jun 23 14:27:48 localhost kernel: pci_bus 0000:15: resource 2 [mem 0xe7200000-0xe72fffff 64bit pref]
Jun 23 14:27:48 localhost kernel: pci_bus 0000:16: resource 1 [mem 0xfc600000-0xfc6fffff]
Jun 23 14:27:48 localhost kernel: pci_bus 0000:16: resource 2 [mem 0xe6e00000-0xe6efffff 64bit pref]
Jun 23 14:27:48 localhost kernel: pci_bus 0000:17: resource 1 [mem 0xfc200000-0xfc2fffff]
Jun 23 14:27:48 localhost kernel: pci_bus 0000:17: resource 2 [mem 0xe6a00000-0xe6afffff 64bit pref]
Jun 23 14:27:48 localhost kernel: pci_bus 0000:18: resource 1 [mem 0xfbe00000-0xfbefffff]
Jun 23 14:27:48 localhost kernel: pci_bus 0000:18: resource 2 [mem 0xe6600000-0xe66fffff 64bit pref]
Jun 23 14:27:48 localhost kernel: pci_bus 0000:19: resource 1 [mem 0xfba00000-0xfbafffff]
Jun 23 14:27:48 localhost kernel: pci_bus 0000:19: resource 2 [mem 0xe6200000-0xe62fffff 64bit pref]
Jun 23 14:27:48 localhost kernel: pci_bus 0000:1a: resource 1 [mem 0xfb600000-0xfb6fffff]
Jun 23 14:27:48 localhost kernel: pci_bus 0000:1a: resource 2 [mem 0xe5e00000-0xe5efffff 64bit pref]
Jun 23 14:27:48 localhost kernel: pci_bus 0000:1b: resource 0 [io  0x7000-0x7fff]
Jun 23 14:27:48 localhost kernel: pci_bus 0000:1b: resource 1 [mem 0xfd100000-0xfd1fffff]
Jun 23 14:27:48 localhost kernel: pci_bus 0000:1b: resource 2 [mem 0xe7900000-0xe79fffff 64bit pref]
Jun 23 14:27:48 localhost kernel: pci_bus 0000:1c: resource 0 [io  0xb000-0xbfff]
Jun 23 14:27:48 localhost kernel: pci_bus 0000:1c: resource 1 [mem 0xfcd00000-0xfcdfffff]
Jun 23 14:27:48 localhost kernel: pci_bus 0000:1c: resource 2 [mem 0xe7500000-0xe75fffff 64bit pref]
Jun 23 14:27:48 localhost kernel: pci_bus 0000:1d: resource 1 [mem 0xfc900000-0xfc9fffff]
Jun 23 14:27:48 localhost kernel: pci_bus 0000:1d: resource 2 [mem 0xe7100000-0xe71fffff 64bit pref]
Jun 23 14:27:48 localhost kernel: pci_bus 0000:1e: resource 1 [mem 0xfc500000-0xfc5fffff]
Jun 23 14:27:48 localhost kernel: pci_bus 0000:1e: resource 2 [mem 0xe6d00000-0xe6dfffff 64bit pref]
Jun 23 14:27:48 localhost kernel: pci_bus 0000:1f: resource 1 [mem 0xfc100000-0xfc1fffff]
Jun 23 14:27:48 localhost kernel: pci_bus 0000:1f: resource 2 [mem 0xe6900000-0xe69fffff 64bit pref]
Jun 23 14:27:48 localhost kernel: pci_bus 0000:20: resource 1 [mem 0xfbd00000-0xfbdfffff]
Jun 23 14:27:48 localhost kernel: pci_bus 0000:20: resource 2 [mem 0xe6500000-0xe65fffff 64bit pref]
Jun 23 14:27:48 localhost kernel: pci_bus 0000:21: resource 1 [mem 0xfb900000-0xfb9fffff]
Jun 23 14:27:48 localhost kernel: pci_bus 0000:21: resource 2 [mem 0xe6100000-0xe61fffff 64bit pref]
Jun 23 14:27:48 localhost kernel: pci_bus 0000:22: resource 1 [mem 0xfb500000-0xfb5fffff]
Jun 23 14:27:48 localhost kernel: pci_bus 0000:22: resource 2 [mem 0xe5d00000-0xe5dfffff 64bit pref]
Jun 23 14:27:48 localhost kernel: NET: Registered protocol family 2
Jun 23 14:27:48 localhost kernel: tcp_listen_portaddr_hash hash table entries: 1024 (order: 2, 16384 bytes)
Jun 23 14:27:48 localhost kernel: TCP established hash table entries: 16384 (order: 5, 131072 bytes)
Jun 23 14:27:48 localhost kernel: TCP bind hash table entries: 16384 (order: 6, 262144 bytes)
Jun 23 14:27:48 localhost kernel: TCP: Hash tables configured (established 16384 bind 16384)
Jun 23 14:27:48 localhost kernel: UDP hash table entries: 1024 (order: 3, 32768 bytes)
Jun 23 14:27:48 localhost kernel: UDP-Lite hash table entries: 1024 (order: 3, 32768 bytes)
Jun 23 14:27:48 localhost kernel: NET: Registered protocol family 1
Jun 23 14:27:48 localhost kernel: NET: Registered protocol family 44
Jun 23 14:27:48 localhost kernel: pci 0000:00:00.0: Limiting direct PCI/PCI transfers
Jun 23 14:27:48 localhost kernel: pci 0000:00:0f.0: Video device with shadowed ROM at [mem 0x000c0000-0x000dffff]
Jun 23 14:27:48 localhost kernel: PCI: CLS 32 bytes, default 64
Jun 23 14:27:48 localhost kernel: Unpacking initramfs...
Jun 23 14:27:48 localhost kernel: Freeing initrd memory: 63592K
Jun 23 14:27:48 localhost kernel: Initialise system trusted keyrings
Jun 23 14:27:48 localhost kernel: Key type blacklist registered
Jun 23 14:27:48 localhost kernel: workingset: timestamp_bits=36 max_order=19 bucket_order=0
Jun 23 14:27:48 localhost kernel: zbud: loaded
Jun 23 14:27:48 localhost kernel: pstore: using deflate compression
Jun 23 14:27:48 localhost kernel: Platform Keyring initialized
Jun 23 14:27:48 localhost kernel: NET: Registered protocol family 38
Jun 23 14:27:48 localhost kernel: Key type asymmetric registered
Jun 23 14:27:48 localhost kernel: Asymmetric key parser 'x509' registered
Jun 23 14:27:48 localhost kernel: Block layer SCSI generic (bsg) driver version 0.4 loaded (major 246)
Jun 23 14:27:48 localhost kernel: io scheduler mq-deadline registered
Jun 23 14:27:48 localhost kernel: io scheduler kyber registered
Jun 23 14:27:48 localhost kernel: io scheduler bfq registered
Jun 23 14:27:48 localhost kernel: atomic64_test: passed for x86-64 platform with CX8 and with SSE
Jun 23 14:27:48 localhost kernel: pcieport 0000:00:15.0: Signaling with IRQ 24
Jun 23 14:27:48 localhost kernel: pcieport 0000:00:15.0: Slot #160 AttnBtn+ PwrCtrl+ MRL- AttnInd- PwrInd- HotPlug+ Surprise- Interlock- NoCompl+ IbPresDis- LLActRep+
Jun 23 14:27:48 localhost kernel: pcieport 0000:00:15.1: Signaling with IRQ 25
Jun 23 14:27:48 localhost kernel: pcieport 0000:00:15.1: Slot #161 AttnBtn+ PwrCtrl+ MRL- AttnInd- PwrInd- HotPlug+ Surprise- Interlock- NoCompl+ IbPresDis- LLActRep+
Jun 23 14:27:48 localhost kernel: pcieport 0000:00:15.2: Signaling with IRQ 26
Jun 23 14:27:48 localhost kernel: pcieport 0000:00:15.2: Slot #162 AttnBtn+ PwrCtrl+ MRL- AttnInd- PwrInd- HotPlug+ Surprise- Interlock- NoCompl+ IbPresDis- LLActRep+
Jun 23 14:27:48 localhost kernel: pcieport 0000:00:15.3: Signaling with IRQ 27
Jun 23 14:27:48 localhost kernel: pcieport 0000:00:15.3: Slot #163 AttnBtn+ PwrCtrl+ MRL- AttnInd- PwrInd- HotPlug+ Surprise- Interlock- NoCompl+ IbPresDis- LLActRep+
Jun 23 14:27:48 localhost kernel: pcieport 0000:00:15.4: Signaling with IRQ 28
Jun 23 14:27:48 localhost kernel: pcieport 0000:00:15.4: Slot #164 AttnBtn+ PwrCtrl+ MRL- AttnInd- PwrInd- HotPlug+ Surprise- Interlock- NoCompl+ IbPresDis- LLActRep+
Jun 23 14:27:48 localhost kernel: pcieport 0000:00:15.5: Signaling with IRQ 29
Jun 23 14:27:48 localhost kernel: pcieport 0000:00:15.5: Slot #165 AttnBtn+ PwrCtrl+ MRL- AttnInd- PwrInd- HotPlug+ Surprise- Interlock- NoCompl+ IbPresDis- LLActRep+
Jun 23 14:27:48 localhost kernel: pcieport 0000:00:15.6: Signaling with IRQ 30
Jun 23 14:27:48 localhost kernel: pcieport 0000:00:15.6: Slot #166 AttnBtn+ PwrCtrl+ MRL- AttnInd- PwrInd- HotPlug+ Surprise- Interlock- NoCompl+ IbPresDis- LLActRep+
Jun 23 14:27:48 localhost kernel: pcieport 0000:00:15.7: Signaling with IRQ 31
Jun 23 14:27:48 localhost kernel: pcieport 0000:00:15.7: Slot #167 AttnBtn+ PwrCtrl+ MRL- AttnInd- PwrInd- HotPlug+ Surprise- Interlock- NoCompl+ IbPresDis- LLActRep+
Jun 23 14:27:48 localhost kernel: pcieport 0000:00:16.0: Signaling with IRQ 32
Jun 23 14:27:48 localhost kernel: pcieport 0000:00:16.0: Slot #192 AttnBtn+ PwrCtrl+ MRL- AttnInd- PwrInd- HotPlug+ Surprise- Interlock- NoCompl+ IbPresDis- LLActRep+
Jun 23 14:27:48 localhost kernel: pcieport 0000:00:16.1: Signaling with IRQ 33
Jun 23 14:27:48 localhost kernel: pcieport 0000:00:16.1: Slot #193 AttnBtn+ PwrCtrl+ MRL- AttnInd- PwrInd- HotPlug+ Surprise- Interlock- NoCompl+ IbPresDis- LLActRep+
Jun 23 14:27:48 localhost kernel: pcieport 0000:00:16.2: Signaling with IRQ 34
Jun 23 14:27:48 localhost kernel: pcieport 0000:00:16.2: Slot #194 AttnBtn+ PwrCtrl+ MRL- AttnInd- PwrInd- HotPlug+ Surprise- Interlock- NoCompl+ IbPresDis- LLActRep+
Jun 23 14:27:48 localhost kernel: pcieport 0000:00:16.3: Signaling with IRQ 35
Jun 23 14:27:48 localhost kernel: pcieport 0000:00:16.3: Slot #195 AttnBtn+ PwrCtrl+ MRL- AttnInd- PwrInd- HotPlug+ Surprise- Interlock- NoCompl+ IbPresDis- LLActRep+
Jun 23 14:27:48 localhost kernel: pcieport 0000:00:16.4: Signaling with IRQ 36
Jun 23 14:27:48 localhost kernel: pcieport 0000:00:16.4: Slot #196 AttnBtn+ PwrCtrl+ MRL- AttnInd- PwrInd- HotPlug+ Surprise- Interlock- NoCompl+ IbPresDis- LLActRep+
Jun 23 14:27:48 localhost kernel: pcieport 0000:00:16.5: Signaling with IRQ 37
Jun 23 14:27:48 localhost kernel: pcieport 0000:00:16.5: Slot #197 AttnBtn+ PwrCtrl+ MRL- AttnInd- PwrInd- HotPlug+ Surprise- Interlock- NoCompl+ IbPresDis- LLActRep+
Jun 23 14:27:48 localhost kernel: pcieport 0000:00:16.6: Signaling with IRQ 38
Jun 23 14:27:48 localhost kernel: pcieport 0000:00:16.6: Slot #198 AttnBtn+ PwrCtrl+ MRL- AttnInd- PwrInd- HotPlug+ Surprise- Interlock- NoCompl+ IbPresDis- LLActRep+
Jun 23 14:27:48 localhost kernel: pcieport 0000:00:16.7: Signaling with IRQ 39
Jun 23 14:27:48 localhost kernel: pcieport 0000:00:16.7: Slot #199 AttnBtn+ PwrCtrl+ MRL- AttnInd- PwrInd- HotPlug+ Surprise- Interlock- NoCompl+ IbPresDis- LLActRep+
Jun 23 14:27:48 localhost kernel: pcieport 0000:00:17.0: Signaling with IRQ 40
Jun 23 14:27:48 localhost kernel: pcieport 0000:00:17.0: Slot #224 AttnBtn+ PwrCtrl+ MRL- AttnInd- PwrInd- HotPlug+ Surprise- Interlock- NoCompl+ IbPresDis- LLActRep+
Jun 23 14:27:48 localhost kernel: pcieport 0000:00:17.1: Signaling with IRQ 41
Jun 23 14:27:48 localhost kernel: pcieport 0000:00:17.1: Slot #225 AttnBtn+ PwrCtrl+ MRL- AttnInd- PwrInd- HotPlug+ Surprise- Interlock- NoCompl+ IbPresDis- LLActRep+
Jun 23 14:27:48 localhost kernel: pcieport 0000:00:17.2: Signaling with IRQ 42
Jun 23 14:27:48 localhost kernel: pcieport 0000:00:17.2: Slot #226 AttnBtn+ PwrCtrl+ MRL- AttnInd- PwrInd- HotPlug+ Surprise- Interlock- NoCompl+ IbPresDis- LLActRep+
Jun 23 14:27:48 localhost kernel: pcieport 0000:00:17.3: Signaling with IRQ 43
Jun 23 14:27:48 localhost kernel: pcieport 0000:00:17.3: Slot #227 AttnBtn+ PwrCtrl+ MRL- AttnInd- PwrInd- HotPlug+ Surprise- Interlock- NoCompl+ IbPresDis- LLActRep+
Jun 23 14:27:48 localhost kernel: pcieport 0000:00:17.4: Signaling with IRQ 44
Jun 23 14:27:48 localhost kernel: pcieport 0000:00:17.4: Slot #228 AttnBtn+ PwrCtrl+ MRL- AttnInd- PwrInd- HotPlug+ Surprise- Interlock- NoCompl+ IbPresDis- LLActRep+
Jun 23 14:27:48 localhost kernel: pcieport 0000:00:17.5: Signaling with IRQ 45
Jun 23 14:27:48 localhost kernel: pcieport 0000:00:17.5: Slot #229 AttnBtn+ PwrCtrl+ MRL- AttnInd- PwrInd- HotPlug+ Surprise- Interlock- NoCompl+ IbPresDis- LLActRep+
Jun 23 14:27:48 localhost kernel: pcieport 0000:00:17.6: Signaling with IRQ 46
Jun 23 14:27:48 localhost kernel: pcieport 0000:00:17.6: Slot #230 AttnBtn+ PwrCtrl+ MRL- AttnInd- PwrInd- HotPlug+ Surprise- Interlock- NoCompl+ IbPresDis- LLActRep+
Jun 23 14:27:48 localhost kernel: pcieport 0000:00:17.7: Signaling with IRQ 47
Jun 23 14:27:48 localhost kernel: pcieport 0000:00:17.7: Slot #231 AttnBtn+ PwrCtrl+ MRL- AttnInd- PwrInd- HotPlug+ Surprise- Interlock- NoCompl+ IbPresDis- LLActRep+
Jun 23 14:27:48 localhost kernel: pcieport 0000:00:18.0: Signaling with IRQ 48
Jun 23 14:27:48 localhost kernel: pcieport 0000:00:18.0: Slot #256 AttnBtn+ PwrCtrl+ MRL- AttnInd- PwrInd- HotPlug+ Surprise- Interlock- NoCompl+ IbPresDis- LLActRep+
Jun 23 14:27:48 localhost kernel: pcieport 0000:00:18.1: Signaling with IRQ 49
Jun 23 14:27:48 localhost kernel: pcieport 0000:00:18.1: Slot #257 AttnBtn+ PwrCtrl+ MRL- AttnInd- PwrInd- HotPlug+ Surprise- Interlock- NoCompl+ IbPresDis- LLActRep+
Jun 23 14:27:48 localhost kernel: pcieport 0000:00:18.2: Signaling with IRQ 50
Jun 23 14:27:48 localhost kernel: pcieport 0000:00:18.2: Slot #258 AttnBtn+ PwrCtrl+ MRL- AttnInd- PwrInd- HotPlug+ Surprise- Interlock- NoCompl+ IbPresDis- LLActRep+
Jun 23 14:27:48 localhost kernel: pcieport 0000:00:18.3: Signaling with IRQ 51
Jun 23 14:27:48 localhost kernel: pcieport 0000:00:18.3: Slot #259 AttnBtn+ PwrCtrl+ MRL- AttnInd- PwrInd- HotPlug+ Surprise- Interlock- NoCompl+ IbPresDis- LLActRep+
Jun 23 14:27:48 localhost kernel: pcieport 0000:00:18.4: Signaling with IRQ 52
Jun 23 14:27:48 localhost kernel: pcieport 0000:00:18.4: Slot #260 AttnBtn+ PwrCtrl+ MRL- AttnInd- PwrInd- HotPlug+ Surprise- Interlock- NoCompl+ IbPresDis- LLActRep+
Jun 23 14:27:48 localhost kernel: pcieport 0000:00:18.5: Signaling with IRQ 53
Jun 23 14:27:48 localhost kernel: pcieport 0000:00:18.5: Slot #261 AttnBtn+ PwrCtrl+ MRL- AttnInd- PwrInd- HotPlug+ Surprise- Interlock- NoCompl+ IbPresDis- LLActRep+
Jun 23 14:27:48 localhost kernel: pcieport 0000:00:18.6: Signaling with IRQ 54
Jun 23 14:27:48 localhost kernel: pcieport 0000:00:18.6: Slot #262 AttnBtn+ PwrCtrl+ MRL- AttnInd- PwrInd- HotPlug+ Surprise- Interlock- NoCompl+ IbPresDis- LLActRep+
Jun 23 14:27:48 localhost kernel: pcieport 0000:00:18.7: Signaling with IRQ 55
Jun 23 14:27:48 localhost kernel: pcieport 0000:00:18.7: Slot #263 AttnBtn+ PwrCtrl+ MRL- AttnInd- PwrInd- HotPlug+ Surprise- Interlock- NoCompl+ IbPresDis- LLActRep+
Jun 23 14:27:48 localhost kernel: shpchp: Standard Hot Plug PCI Controller Driver version: 0.4
Jun 23 14:27:48 localhost kernel: intel_idle: Please enable MWAIT in BIOS SETUP
Jun 23 14:27:48 localhost kernel: ACPI: AC Adapter [ACAD] (on-line)
Jun 23 14:27:48 localhost kernel: input: Power Button as /devices/LNXSYSTM:00/LNXPWRBN:00/input/input0
Jun 23 14:27:48 localhost kernel: ACPI: Power Button [PWRF]
Jun 23 14:27:48 localhost kernel: Serial: 8250/16550 driver, 4 ports, IRQ sharing enabled
Jun 23 14:27:48 localhost kernel: Non-volatile memory driver v1.3
Jun 23 14:27:48 localhost kernel: rdac: device handler registered
Jun 23 14:27:48 localhost kernel: hp_sw: device handler registered
Jun 23 14:27:48 localhost kernel: emc: device handler registered
Jun 23 14:27:48 localhost kernel: alua: device handler registered
Jun 23 14:27:48 localhost kernel: libphy: Fixed MDIO Bus: probed
Jun 23 14:27:48 localhost kernel: ehci_hcd: USB 2.0 'Enhanced' Host Controller (EHCI) Driver
Jun 23 14:27:48 localhost kernel: ehci-pci: EHCI PCI platform driver
Jun 23 14:27:48 localhost kernel: ehci-pci 0000:02:01.0: EHCI Host Controller
Jun 23 14:27:48 localhost kernel: ehci-pci 0000:02:01.0: new USB bus registered, assigned bus number 1
Jun 23 14:27:48 localhost kernel: ehci-pci 0000:02:01.0: cache line size of 32 is not supported
Jun 23 14:27:48 localhost kernel: ehci-pci 0000:02:01.0: irq 19, io mem 0xfd5ff000
Jun 23 14:27:48 localhost kernel: ehci-pci 0000:02:01.0: USB 2.0 started, EHCI 1.00
Jun 23 14:27:48 localhost kernel: usb usb1: New USB device found, idVendor=1d6b, idProduct=0002, bcdDevice= 4.18
Jun 23 14:27:48 localhost kernel: usb usb1: New USB device strings: Mfr=3, Product=2, SerialNumber=1
Jun 23 14:27:48 localhost kernel: usb usb1: Product: EHCI Host Controller
Jun 23 14:27:48 localhost kernel: usb usb1: Manufacturer: Linux 4.18.0-193.el8.x86_64 ehci_hcd
Jun 23 14:27:48 localhost kernel: usb usb1: SerialNumber: 0000:02:01.0
Jun 23 14:27:48 localhost kernel: hub 1-0:1.0: USB hub found
Jun 23 14:27:48 localhost kernel: hub 1-0:1.0: 6 ports detected
Jun 23 14:27:48 localhost kernel: ohci_hcd: USB 1.1 'Open' Host Controller (OHCI) Driver
Jun 23 14:27:48 localhost kernel: ohci-pci: OHCI PCI platform driver
Jun 23 14:27:48 localhost kernel: uhci_hcd: USB Universal Host Controller Interface driver
Jun 23 14:27:48 localhost kernel: uhci_hcd 0000:02:00.0: UHCI Host Controller
Jun 23 14:27:48 localhost kernel: uhci_hcd 0000:02:00.0: new USB bus registered, assigned bus number 2
Jun 23 14:27:48 localhost kernel: uhci_hcd 0000:02:00.0: detected 2 ports
Jun 23 14:27:48 localhost kernel: uhci_hcd 0000:02:00.0: irq 18, io base 0x00002000
Jun 23 14:27:48 localhost kernel: usb usb2: New USB device found, idVendor=1d6b, idProduct=0001, bcdDevice= 4.18
Jun 23 14:27:48 localhost kernel: usb usb2: New USB device strings: Mfr=3, Product=2, SerialNumber=1
Jun 23 14:27:48 localhost kernel: usb usb2: Product: UHCI Host Controller
Jun 23 14:27:48 localhost kernel: usb usb2: Manufacturer: Linux 4.18.0-193.el8.x86_64 uhci_hcd
Jun 23 14:27:48 localhost kernel: usb usb2: SerialNumber: 0000:02:00.0
Jun 23 14:27:48 localhost kernel: hub 2-0:1.0: USB hub found
Jun 23 14:27:48 localhost kernel: hub 2-0:1.0: 2 ports detected
Jun 23 14:27:48 localhost kernel: usbcore: registered new interface driver usbserial_generic
Jun 23 14:27:48 localhost kernel: usbserial: USB Serial support registered for generic
Jun 23 14:27:48 localhost kernel: i8042: PNP: PS/2 Controller [PNP0303:KBC,PNP0f13:MOUS] at 0x60,0x64 irq 1,12
Jun 23 14:27:48 localhost kernel: serio: i8042 KBD port at 0x60,0x64 irq 1
Jun 23 14:27:48 localhost kernel: serio: i8042 AUX port at 0x60,0x64 irq 12
Jun 23 14:27:48 localhost kernel: mousedev: PS/2 mouse device common for all mice
Jun 23 14:27:48 localhost kernel: rtc_cmos 00:01: registered as rtc0
Jun 23 14:27:48 localhost kernel: rtc_cmos 00:01: alarms up to one month, y3k, 114 bytes nvram, hpet irqs
Jun 23 14:27:48 localhost kernel: intel_pstate: CPU model not supported
Jun 23 14:27:48 localhost kernel: hidraw: raw HID events driver (C) Jiri Kosina
Jun 23 14:27:48 localhost kernel: usbcore: registered new interface driver usbhid
Jun 23 14:27:48 localhost kernel: usbhid: USB HID core driver
Jun 23 14:27:48 localhost kernel: drop_monitor: Initializing network drop monitor service
Jun 23 14:27:48 localhost kernel: Initializing XFRM netlink socket
Jun 23 14:27:48 localhost kernel: NET: Registered protocol family 10
Jun 23 14:27:48 localhost kernel: input: AT Translated Set 2 keyboard as /devices/platform/i8042/serio0/input/input1
Jun 23 14:27:48 localhost kernel: input: VirtualPS/2 VMware VMMouse as /devices/platform/i8042/serio1/input/input4
Jun 23 14:27:48 localhost kernel: input: VirtualPS/2 VMware VMMouse as /devices/platform/i8042/serio1/input/input3
Jun 23 14:27:48 localhost kernel: Segment Routing with IPv6
Jun 23 14:27:48 localhost kernel: NET: Registered protocol family 17
Jun 23 14:27:48 localhost kernel: mpls_gso: MPLS GSO support
Jun 23 14:27:48 localhost kernel: core: Using 8 MCE banks
Jun 23 14:27:48 localhost kernel: AVX version of gcm_enc/dec engaged.
Jun 23 14:27:48 localhost kernel: AES CTR mode by8 optimization enabled
Jun 23 14:27:48 localhost kernel: sched_clock: Marking stable (4912006669, 0)->(5086677510, -174670841)
Jun 23 14:27:48 localhost kernel: registered taskstats version 1
Jun 23 14:27:48 localhost kernel: Loading compiled-in X.509 certificates
Jun 23 14:27:48 localhost kernel: Loaded X.509 cert 'CentOS Linux kernel signing key: 5e845a6615b39bf1de63e0d9551f41c3de386d7f'
Jun 23 14:27:48 localhost kernel: Loaded X.509 cert 'CentOS Linux Driver update signing key: 29bd4c0d06d2e9911044b5dc973309139b51d6d5'
Jun 23 14:27:48 localhost kernel: Loaded X.509 cert 'CentOS Linux kpatch signing key: b49f086205909dc4da2cfa99376fb191d2f09e78'
Jun 23 14:27:48 localhost kernel: zswap: loaded using pool lzo/zbud
Jun 23 14:27:48 localhost kernel: Key type big_key registered
Jun 23 14:27:48 localhost kernel: Key type encrypted registered
Jun 23 14:27:48 localhost kernel: ima: No TPM chip found, activating TPM-bypass!
Jun 23 14:27:48 localhost kernel: ima: Allocated hash algorithm: sha1
Jun 23 14:27:48 localhost kernel: evm: Initialising EVM extended attributes:
Jun 23 14:27:48 localhost kernel: evm: security.selinux
Jun 23 14:27:48 localhost kernel: evm: security.ima
Jun 23 14:27:48 localhost kernel: evm: security.capability
Jun 23 14:27:48 localhost kernel: evm: HMAC attrs: 0x1
Jun 23 14:27:48 localhost kernel: rtc_cmos 00:01: setting system clock to 2020-06-23 14:27:47 UTC (1592922467)
Jun 23 14:27:48 localhost kernel: Freeing unused decrypted memory: 2040K
Jun 23 14:27:48 localhost kernel: Freeing unused kernel memory: 2404K
Jun 23 14:27:48 localhost kernel: Write protecting the kernel read-only data: 18432k
Jun 23 14:27:48 localhost kernel: Freeing unused kernel memory: 2020K
Jun 23 14:27:48 localhost kernel: Freeing unused kernel memory: 248K
Jun 23 14:27:48 localhost systemd[1]: systemd 239 running in system mode. (+PAM +AUDIT +SELINUX +IMA -APPARMOR +SMACK +SYSVINIT +UTMP +LIBCRYPTSETUP +GCRYPT +GNUTLS +ACL +XZ +LZ4 +SECCOMP +BLKID +ELFUTILS +KMOD +IDN2 -IDN +PCRE2 default-hierarchy=legacy)
Jun 23 14:27:48 localhost systemd[1]: Detected virtualization vmware.
Jun 23 14:27:48 localhost systemd[1]: Detected architecture x86-64.
Jun 23 14:27:48 localhost systemd[1]: Running in initial RAM disk.
Jun 23 14:27:48 localhost systemd[1]: No hostname configured.
Jun 23 14:27:48 localhost systemd[1]: Set hostname to <localhost>.
Jun 23 14:27:48 localhost kernel: random: systemd: uninitialized urandom read (16 bytes read)
Jun 23 14:27:48 localhost systemd[1]: Initializing machine ID from random generator.
Jun 23 14:27:48 localhost kernel: random: ln: uninitialized urandom read (6 bytes read)
Jun 23 14:27:48 localhost kernel: random: systemd: uninitialized urandom read (16 bytes read)
Jun 23 14:27:48 localhost systemd[1]: Reached target Swap.
Jun 23 14:27:48 localhost systemd[1]: Listening on Journal Socket (/dev/log).
Jun 23 14:27:48 localhost systemd[1]: Listening on Journal Socket.
Jun 23 14:27:48 localhost kernel: Loading iSCSI transport class v2.0-870.
Jun 23 14:27:48 localhost kernel: usb 2-1: new full-speed USB device number 2 using uhci_hcd
Jun 23 14:27:48 localhost kernel: BIOS EDD facility v0.16 2004-Jun-25, 1 devices found
Jun 23 14:27:48 localhost kernel: usb 2-1: New USB device found, idVendor=0e0f, idProduct=0003, bcdDevice= 1.03
Jun 23 14:27:48 localhost kernel: usb 2-1: New USB device strings: Mfr=1, Product=2, SerialNumber=0
Jun 23 14:27:48 localhost kernel: usb 2-1: Product: VMware Virtual USB Mouse
Jun 23 14:27:48 localhost kernel: usb 2-1: Manufacturer: VMware
Jun 23 14:27:48 localhost kernel: input: VMware VMware Virtual USB Mouse as /devices/pci0000:00/0000:00:11.0/0000:02:00.0/usb2/2-1/2-1:1.0/0003:0E0F:0003.0001/input/input5
Jun 23 14:27:48 localhost kernel: hid-generic 0003:0E0F:0003.0001: input,hidraw0: USB HID v1.10 Mouse [VMware VMware Virtual USB Mouse] on usb-0000:02:00.0-1/input0
Jun 23 14:27:48 localhost kernel: usb 2-2: new full-speed USB device number 3 using uhci_hcd
Jun 23 14:27:48 localhost kernel: usb 2-2: New USB device found, idVendor=0e0f, idProduct=0002, bcdDevice= 1.00
Jun 23 14:27:48 localhost kernel: usb 2-2: New USB device strings: Mfr=1, Product=2, SerialNumber=0
Jun 23 14:27:48 localhost kernel: usb 2-2: Product: VMware Virtual USB Hub
Jun 23 14:27:48 localhost kernel: usb 2-2: Manufacturer: VMware, Inc.
Jun 23 14:27:48 localhost kernel: hub 2-2:1.0: USB hub found
Jun 23 14:27:48 localhost kernel: hub 2-2:1.0: 7 ports detected
Jun 23 14:27:48 localhost kernel: tsc: Refined TSC clocksource calibration: 2699.999 MHz
Jun 23 14:27:48 localhost kernel: clocksource: tsc: mask: 0xffffffffffffffff max_cycles: 0x26eb3d7f706, max_idle_ns: 440795268188 ns
Jun 23 14:27:48 localhost kernel: clocksource: Switched to clocksource tsc
Jun 23 14:27:48 localhost kernel: iscsi: registered transport (tcp)
Jun 23 14:27:48 localhost kernel: iscsi: registered transport (qla4xxx)
Jun 23 14:27:48 localhost kernel: QLogic iSCSI HBA Driver
Jun 23 14:27:48 localhost kernel: libcxgbi:libcxgbi_init_module: Chelsio iSCSI driver library libcxgbi v0.9.1-ko (Apr. 2015)
Jun 23 14:27:48 localhost kernel: Chelsio T4-T6 iSCSI Driver cxgb4i v0.9.5-ko (Apr. 2015)
Jun 23 14:27:48 localhost kernel: iscsi: registered transport (cxgb4i)
Jun 23 14:27:48 localhost kernel: cnic: QLogic cnicDriver v2.5.22 (July 20, 2015)
Jun 23 14:27:48 localhost kernel: QLogic NetXtreme II iSCSI Driver bnx2i v2.7.10.1 (Jul 16, 2014)
Jun 23 14:27:48 localhost kernel: iscsi: registered transport (bnx2i)
Jun 23 14:27:48 localhost kernel: iscsi: registered transport (be2iscsi)
Jun 23 14:27:48 localhost kernel: In beiscsi_module_init, tt=(____ptrval____)
Jun 23 14:27:48 localhost kernel: squashfs: version 4.0 (2009/01/31) Phillip Lougher
Jun 23 14:27:48 localhost kernel: No iBFT detected.
Jun 23 14:27:48 localhost systemd-journald[310]: Journal started
Jun 23 14:27:48 localhost systemd-journald[310]: Runtime journal (/run/log/journal/be7da19ffd2943a489a0db9c292e82a9) is 8.0M, max 99.3M, 91.3M free.
Jun 23 14:27:48 localhost rngd[309]: Initializing available sources
Jun 23 14:27:48 localhost rngd[309]: Failed to init entropy source hwrng
Jun 23 14:27:48 localhost rngd[309]: Failed to init entropy source rdrand
Jun 23 14:27:48 localhost dracut-cmdline[327]: dracut-8 (Core) dracut-049-70.git20200228.el8
Jun 23 14:27:48 localhost dracut-cmdline[327]: Using kernel command line parameters: BOOT_IMAGE=vmlinuz initrd=initrd.img inst.stage2=hd:LABEL=CentOS-8-2-2004-x86_64-dvd quiet
Jun 23 14:27:48 localhost dracut-cmdline[327]: Loading CentOS Linux 8 x86_64 installer...
Jun 23 14:27:48 localhost dracut-cmdline[327]: rd.luks=0: removing cryptoluks activation
Jun 23 14:27:48 localhost dracut-cmdline[327]: rd.lvm=0: removing LVM activation
Jun 23 14:27:48 localhost dracut-pre-udev[579]: modprobe: FATAL: Module floppy not found in directory /lib/modules/4.18.0-193.el8.x86_64
Jun 23 14:27:49 localhost kernel: raid6: sse2x1   gen()  9226 MB/s
Jun 23 14:27:49 localhost kernel: raid6: sse2x1   xor()  6626 MB/s
Jun 23 14:27:49 localhost kernel: raid6: sse2x2   gen() 11160 MB/s
Jun 23 14:27:49 localhost kernel: raid6: sse2x2   xor()  7623 MB/s
Jun 23 14:27:49 localhost kernel: raid6: sse2x4   gen() 13140 MB/s
Jun 23 14:27:49 localhost kernel: raid6: sse2x4   xor()  8757 MB/s
Jun 23 14:27:49 localhost kernel: raid6: using algorithm sse2x4 gen() 13140 MB/s
Jun 23 14:27:49 localhost kernel: raid6: .... xor() 8757 MB/s, rmw enabled
Jun 23 14:27:49 localhost kernel: raid6: using ssse3x2 recovery algorithm
Jun 23 14:27:49 localhost kernel: async_tx: api initialized (async)
Jun 23 14:27:49 localhost kernel: xor: automatically using best checksumming function   avx       
