Nov  8 03:51:01 vkim11-web systemd[1]: Reloading The Apache HTTP Server.
Nov  8 03:51:01 vkim11-web httpd[16164]: AH00558: httpd: Could not reliably determine the server's fully qualified domain name, using fe80::250:56ff:fe00:3a. Set the 'ServerName' directive globally to suppress this message
Nov  8 03:51:01 vkim11-web systemd[1]: Reloaded The Apache HTTP Server.
Nov  8 03:51:01 vkim11-web systemd[1]: Reloading Berkeley Internet Name Domain (DNS).
Nov  8 03:51:01 vkim11-web named[3231]: received control channel command 'reload'
Nov  8 03:51:01 vkim11-web named[3231]: loading configuration from '/etc/named.conf'
Nov  8 03:51:01 vkim11-web named[3231]: unable to open '/etc/bind.keys'; using built-in keys instead
Nov  8 03:51:01 vkim11-web named[3231]: looking for GeoIP2 databases in '/usr/share/GeoIP'
Nov  8 03:51:01 vkim11-web named[3231]: opened GeoIP2 database '/usr/share/GeoIP/GeoLite2-Country.mmdb'
Nov  8 03:51:01 vkim11-web named[3231]: opened GeoIP2 database '/usr/share/GeoIP/GeoLite2-City.mmdb'
Nov  8 03:51:01 vkim11-web named[3231]: using default UDP/IPv4 port range: [32768, 60999]
Nov  8 03:51:01 vkim11-web named[3231]: using default UDP/IPv6 port range: [32768, 60999]
Nov  8 03:51:01 vkim11-web named[3231]: sizing zone task pool based on 1 zones
Nov  8 03:51:01 vkim11-web named[3231]: none:104: 'max-cache-size 90%' - setting to 1644MB (out of 1826MB)
Nov  8 03:51:01 vkim11-web named[3231]: automatic empty zone: 10.IN-ADDR.ARPA
Nov  8 03:51:01 vkim11-web named[3231]: automatic empty zone: 16.172.IN-ADDR.ARPA
Nov  8 03:51:01 vkim11-web named[3231]: automatic empty zone: 17.172.IN-ADDR.ARPA
Nov  8 03:51:01 vkim11-web named[3231]: automatic empty zone: 18.172.IN-ADDR.ARPA
Nov  8 03:51:01 vkim11-web named[3231]: automatic empty zone: 19.172.IN-ADDR.ARPA
Nov  8 03:51:01 vkim11-web named[3231]: automatic empty zone: 20.172.IN-ADDR.ARPA
Nov  8 03:51:01 vkim11-web named[3231]: automatic empty zone: 21.172.IN-ADDR.ARPA
Nov  8 03:51:01 vkim11-web named[3231]: automatic empty zone: 22.172.IN-ADDR.ARPA
Nov  8 03:51:01 vkim11-web named[3231]: automatic empty zone: 23.172.IN-ADDR.ARPA
Nov  8 03:51:01 vkim11-web named[3231]: automatic empty zone: 24.172.IN-ADDR.ARPA
Nov  8 03:51:01 vkim11-web named[3231]: automatic empty zone: 25.172.IN-ADDR.ARPA
Nov  8 03:51:01 vkim11-web named[3231]: automatic empty zone: 26.172.IN-ADDR.ARPA
Nov  8 03:51:01 vkim11-web named[3231]: automatic empty zone: 27.172.IN-ADDR.ARPA
Nov  8 03:51:01 vkim11-web named[3231]: automatic empty zone: 28.172.IN-ADDR.ARPA
Nov  8 03:51:01 vkim11-web named[3231]: automatic empty zone: 29.172.IN-ADDR.ARPA
Nov  8 03:51:01 vkim11-web named[3231]: automatic empty zone: 30.172.IN-ADDR.ARPA
Nov  8 03:51:01 vkim11-web named[3231]: automatic empty zone: 31.172.IN-ADDR.ARPA
Nov  8 03:51:01 vkim11-web named[3231]: automatic empty zone: 64.100.IN-ADDR.ARPA
Nov  8 03:51:01 vkim11-web named[3231]: automatic empty zone: 65.100.IN-ADDR.ARPA
Nov  8 03:51:01 vkim11-web named[3231]: automatic empty zone: 66.100.IN-ADDR.ARPA
Nov  8 03:51:01 vkim11-web named[3231]: automatic empty zone: 67.100.IN-ADDR.ARPA
Nov  8 03:51:01 vkim11-web named[3231]: automatic empty zone: 68.100.IN-ADDR.ARPA
Nov  8 03:51:01 vkim11-web named[3231]: automatic empty zone: 69.100.IN-ADDR.ARPA
Nov  8 03:51:01 vkim11-web named[3231]: automatic empty zone: 70.100.IN-ADDR.ARPA
Nov  8 03:51:01 vkim11-web named[3231]: automatic empty zone: 71.100.IN-ADDR.ARPA
Nov  8 03:51:01 vkim11-web named[3231]: automatic empty zone: 72.100.IN-ADDR.ARPA
Nov  8 03:51:01 vkim11-web named[3231]: automatic empty zone: 73.100.IN-ADDR.ARPA
Nov  8 03:51:01 vkim11-web named[3231]: automatic empty zone: 74.100.IN-ADDR.ARPA
Nov  8 03:51:01 vkim11-web named[3231]: automatic empty zone: 75.100.IN-ADDR.ARPA
Nov  8 03:51:01 vkim11-web named[3231]: automatic empty zone: 76.100.IN-ADDR.ARPA
Nov  8 03:51:01 vkim11-web named[3231]: automatic empty zone: 77.100.IN-ADDR.ARPA
Nov  8 03:51:01 vkim11-web named[3231]: automatic empty zone: 78.100.IN-ADDR.ARPA
Nov  8 03:51:01 vkim11-web named[3231]: automatic empty zone: 79.100.IN-ADDR.ARPA
Nov  8 03:51:01 vkim11-web named[3231]: automatic empty zone: 80.100.IN-ADDR.ARPA
Nov  8 03:51:01 vkim11-web named[3231]: automatic empty zone: 81.100.IN-ADDR.ARPA
Nov  8 03:51:01 vkim11-web named[3231]: automatic empty zone: 82.100.IN-ADDR.ARPA
Nov  8 03:51:01 vkim11-web named[3231]: automatic empty zone: 83.100.IN-ADDR.ARPA
Nov  8 03:51:01 vkim11-web named[3231]: automatic empty zone: 84.100.IN-ADDR.ARPA
Nov  8 03:51:01 vkim11-web named[3231]: automatic empty zone: 85.100.IN-ADDR.ARPA
Nov  8 03:51:01 vkim11-web named[3231]: automatic empty zone: 86.100.IN-ADDR.ARPA
Nov  8 03:51:01 vkim11-web named[3231]: automatic empty zone: 87.100.IN-ADDR.ARPA
Nov  8 03:51:01 vkim11-web named[3231]: automatic empty zone: 88.100.IN-ADDR.ARPA
Nov  8 03:51:01 vkim11-web named[3231]: automatic empty zone: 89.100.IN-ADDR.ARPA
Nov  8 03:51:01 vkim11-web named[3231]: automatic empty zone: 90.100.IN-ADDR.ARPA
Nov  8 03:51:01 vkim11-web named[3231]: automatic empty zone: 91.100.IN-ADDR.ARPA
Nov  8 03:51:01 vkim11-web named[3231]: automatic empty zone: 92.100.IN-ADDR.ARPA
Nov  8 03:51:01 vkim11-web named[3231]: automatic empty zone: 93.100.IN-ADDR.ARPA
Nov  8 03:51:01 vkim11-web named[3231]: automatic empty zone: 94.100.IN-ADDR.ARPA
Nov  8 03:51:01 vkim11-web named[3231]: automatic empty zone: 95.100.IN-ADDR.ARPA
Nov  8 03:51:01 vkim11-web named[3231]: automatic empty zone: 96.100.IN-ADDR.ARPA
Nov  8 03:51:01 vkim11-web named[3231]: automatic empty zone: 97.100.IN-ADDR.ARPA
Nov  8 03:51:01 vkim11-web named[3231]: automatic empty zone: 98.100.IN-ADDR.ARPA
Nov  8 03:51:01 vkim11-web named[3231]: automatic empty zone: 99.100.IN-ADDR.ARPA
Nov  8 03:51:01 vkim11-web named[3231]: automatic empty zone: 100.100.IN-ADDR.ARPA
Nov  8 03:51:01 vkim11-web named[3231]: automatic empty zone: 101.100.IN-ADDR.ARPA
Nov  8 03:51:01 vkim11-web named[3231]: automatic empty zone: 102.100.IN-ADDR.ARPA
Nov  8 03:51:01 vkim11-web named[3231]: automatic empty zone: 103.100.IN-ADDR.ARPA
Nov  8 03:51:01 vkim11-web named[3231]: automatic empty zone: 104.100.IN-ADDR.ARPA
Nov  8 03:51:01 vkim11-web named[3231]: automatic empty zone: 105.100.IN-ADDR.ARPA
Nov  8 03:51:01 vkim11-web named[3231]: automatic empty zone: 106.100.IN-ADDR.ARPA
Nov  8 03:51:01 vkim11-web named[3231]: automatic empty zone: 107.100.IN-ADDR.ARPA
Nov  8 03:51:01 vkim11-web named[3231]: automatic empty zone: 108.100.IN-ADDR.ARPA
Nov  8 03:51:01 vkim11-web named[3231]: automatic empty zone: 109.100.IN-ADDR.ARPA
Nov  8 03:51:01 vkim11-web named[3231]: automatic empty zone: 110.100.IN-ADDR.ARPA
Nov  8 03:51:01 vkim11-web named[3231]: automatic empty zone: 111.100.IN-ADDR.ARPA
Nov  8 03:51:01 vkim11-web named[3231]: automatic empty zone: 112.100.IN-ADDR.ARPA
Nov  8 03:51:01 vkim11-web named[3231]: automatic empty zone: 113.100.IN-ADDR.ARPA
Nov  8 03:51:01 vkim11-web named[3231]: automatic empty zone: 114.100.IN-ADDR.ARPA
Nov  8 03:51:01 vkim11-web named[3231]: automatic empty zone: 115.100.IN-ADDR.ARPA
Nov  8 03:51:01 vkim11-web named[3231]: automatic empty zone: 116.100.IN-ADDR.ARPA
Nov  8 03:51:01 vkim11-web named[3231]: automatic empty zone: 117.100.IN-ADDR.ARPA
Nov  8 03:51:01 vkim11-web named[3231]: automatic empty zone: 118.100.IN-ADDR.ARPA
Nov  8 03:51:01 vkim11-web named[3231]: automatic empty zone: 119.100.IN-ADDR.ARPA
Nov  8 03:51:01 vkim11-web named[3231]: automatic empty zone: 120.100.IN-ADDR.ARPA
Nov  8 03:51:01 vkim11-web named[3231]: automatic empty zone: 121.100.IN-ADDR.ARPA
Nov  8 03:51:01 vkim11-web named[3231]: automatic empty zone: 122.100.IN-ADDR.ARPA
Nov  8 03:51:01 vkim11-web named[3231]: automatic empty zone: 123.100.IN-ADDR.ARPA
Nov  8 03:51:01 vkim11-web named[3231]: automatic empty zone: 124.100.IN-ADDR.ARPA
Nov  8 03:51:01 vkim11-web named[3231]: automatic empty zone: 125.100.IN-ADDR.ARPA
Nov  8 03:51:01 vkim11-web named[3231]: automatic empty zone: 126.100.IN-ADDR.ARPA
Nov  8 03:51:01 vkim11-web named[3231]: automatic empty zone: 127.100.IN-ADDR.ARPA
Nov  8 03:51:01 vkim11-web named[3231]: automatic empty zone: 0.IN-ADDR.ARPA
Nov  8 03:51:01 vkim11-web named[3231]: automatic empty zone: 127.IN-ADDR.ARPA
Nov  8 03:51:01 vkim11-web named[3231]: automatic empty zone: 254.169.IN-ADDR.ARPA
Nov  8 03:51:01 vkim11-web named[3231]: automatic empty zone: 2.0.192.IN-ADDR.ARPA
Nov  8 03:51:01 vkim11-web named[3231]: automatic empty zone: 100.51.198.IN-ADDR.ARPA
Nov  8 03:51:01 vkim11-web named[3231]: automatic empty zone: 113.0.203.IN-ADDR.ARPA
Nov  8 03:51:01 vkim11-web named[3231]: automatic empty zone: 255.255.255.255.IN-ADDR.ARPA
Nov  8 03:51:01 vkim11-web named[3231]: automatic empty zone: 0.0.0.0.0.0.0.0.0.0.0.0.0.0.0.0.0.0.0.0.0.0.0.0.0.0.0.0.0.0.0.0.IP6.ARPA
Nov  8 03:51:01 vkim11-web named[3231]: automatic empty zone: 1.0.0.0.0.0.0.0.0.0.0.0.0.0.0.0.0.0.0.0.0.0.0.0.0.0.0.0.0.0.0.0.IP6.ARPA
Nov  8 03:51:01 vkim11-web named[3231]: automatic empty zone: D.F.IP6.ARPA
Nov  8 03:51:01 vkim11-web named[3231]: automatic empty zone: 8.E.F.IP6.ARPA
Nov  8 03:51:01 vkim11-web named[3231]: automatic empty zone: 9.E.F.IP6.ARPA
Nov  8 03:51:01 vkim11-web named[3231]: automatic empty zone: A.E.F.IP6.ARPA
Nov  8 03:51:01 vkim11-web named[3231]: automatic empty zone: B.E.F.IP6.ARPA
Nov  8 03:51:01 vkim11-web named[3231]: automatic empty zone: 8.B.D.0.1.0.0.2.IP6.ARPA
Nov  8 03:51:01 vkim11-web named[3231]: automatic empty zone: EMPTY.AS112.ARPA
Nov  8 03:51:01 vkim11-web named[3231]: automatic empty zone: HOME.ARPA
Nov  8 03:51:01 vkim11-web named[3231]: none:104: 'max-cache-size 90%' - setting to 1644MB (out of 1826MB)
Nov  8 03:51:01 vkim11-web named[3231]: configuring command channel from '/etc/rndc.key'
Nov  8 03:51:01 vkim11-web named[3231]: configuring command channel from '/etc/rndc.key'
Nov  8 03:51:01 vkim11-web named[3231]: reloading configuration succeeded
Nov  8 03:51:01 vkim11-web named[3231]: reloading zones succeeded
Nov  8 03:51:01 vkim11-web sh[16167]: server reload successful
Nov  8 03:51:01 vkim11-web systemd[1]: Reloaded Berkeley Internet Name Domain (DNS).
Nov  8 03:51:01 vkim11-web httpd[997]: Server configured, listening on: port 80
Nov  8 03:51:01 vkim11-web named[3231]: all zones loaded
Nov  8 03:51:01 vkim11-web named[3231]: running
Nov  8 03:51:01 vkim11-web rsyslogd[1261]: [origin software="rsyslogd" swVersion="8.1911.0-3.el8" x-pid="1261" x-info="https://www.rsyslog.com"] rsyslogd was HUPed
Nov  8 04:42:12 vkim11-web systemd[1]: Starting dnf makecache...
Nov  8 04:42:13 vkim11-web dnf[16423]: CentOS-8 - AppStream                            0.0  B/s |   0  B     00:00
Nov  8 04:42:13 vkim11-web dnf[16423]: Errors during downloading metadata for repository 'AppStream':
Nov  8 04:42:13 vkim11-web dnf[16423]:  - Curl error (6): Couldn't resolve host name for http://mirrorlist.centos.org/?release=8&arch=x86_64&repo=AppStream&infra=stock [Could not resolve host: mirrorlist.centos.org]
Nov  8 04:42:13 vkim11-web dnf[16423]: Error: Failed to download metadata for repo 'AppStream': Cannot prepare internal mirrorlist: Curl error (6): Couldn't resolve host name for http://mirrorlist.centos.org/?release=8&arch=x86_64&repo=AppStream&infra=stock [Could not resolve host: mirrorlist.centos.org]
Nov  8 04:42:13 vkim11-web systemd[1]: dnf-makecache.service: Main process exited, code=exited, status=1/FAILURE
Nov  8 04:42:13 vkim11-web systemd[1]: dnf-makecache.service: Failed with result 'exit-code'.
Nov  8 04:42:13 vkim11-web systemd[1]: Failed to start dnf makecache.
Nov  8 05:42:16 vkim11-web systemd[1]: Starting dnf makecache...
Nov  8 05:42:16 vkim11-web dnf[16461]: Metadata cache refreshed recently.
Nov  8 05:42:16 vkim11-web systemd[1]: Started dnf makecache.
Nov  8 06:42:20 vkim11-web systemd[1]: Starting dnf makecache...
Nov  8 06:42:20 vkim11-web dnf[16487]: Metadata cache refreshed recently.
Nov  8 06:42:20 vkim11-web systemd[1]: Started dnf makecache.
Nov  8 07:42:23 vkim11-web systemd[1]: Starting dnf makecache...
Nov  8 07:42:24 vkim11-web dnf[16513]: CentOS-8 - AppStream                            0.0  B/s |   0  B     00:00
Nov  8 07:42:24 vkim11-web dnf[16513]: Errors during downloading metadata for repository 'AppStream':
Nov  8 07:42:24 vkim11-web dnf[16513]:  - Curl error (6): Couldn't resolve host name for http://mirrorlist.centos.org/?release=8&arch=x86_64&repo=AppStream&infra=stock [Could not resolve host: mirrorlist.centos.org]
Nov  8 07:42:24 vkim11-web dnf[16513]: Error: Failed to download metadata for repo 'AppStream': Cannot prepare internal mirrorlist: Curl error (6): Couldn't resolve host name for http://mirrorlist.centos.org/?release=8&arch=x86_64&repo=AppStream&infra=stock [Could not resolve host: mirrorlist.centos.org]
Nov  8 07:42:24 vkim11-web systemd[1]: dnf-makecache.service: Main process exited, code=exited, status=1/FAILURE
Nov  8 07:42:24 vkim11-web systemd[1]: dnf-makecache.service: Failed with result 'exit-code'.
Nov  8 07:42:24 vkim11-web systemd[1]: Failed to start dnf makecache.
Nov  8 08:42:27 vkim11-web systemd[1]: Starting dnf makecache...
Nov  8 08:42:27 vkim11-web dnf[16550]: Metadata cache refreshed recently.
Nov  8 08:42:27 vkim11-web systemd[1]: Started dnf makecache.
Nov  8 09:42:31 vkim11-web systemd[1]: Starting dnf makecache...
Nov  8 09:42:31 vkim11-web dnf[16575]: Metadata cache refreshed recently.
Nov  8 09:42:31 vkim11-web systemd[1]: Started dnf makecache.
Nov  8 10:42:34 vkim11-web systemd[1]: Starting dnf makecache...
Nov  8 10:42:35 vkim11-web dnf[16601]: CentOS-8 - AppStream                            0.0  B/s |   0  B     00:00
Nov  8 10:42:35 vkim11-web dnf[16601]: Errors during downloading metadata for repository 'AppStream':
Nov  8 10:42:35 vkim11-web dnf[16601]:  - Curl error (6): Couldn't resolve host name for http://mirrorlist.centos.org/?release=8&arch=x86_64&repo=AppStream&infra=stock [Could not resolve host: mirrorlist.centos.org]
Nov  8 10:42:35 vkim11-web dnf[16601]: Error: Failed to download metadata for repo 'AppStream': Cannot prepare internal mirrorlist: Curl error (6): Couldn't resolve host name for http://mirrorlist.centos.org/?release=8&arch=x86_64&repo=AppStream&infra=stock [Could not resolve host: mirrorlist.centos.org]
Nov  8 10:42:35 vkim11-web systemd[1]: dnf-makecache.service: Main process exited, code=exited, status=1/FAILURE
Nov  8 10:42:35 vkim11-web systemd[1]: dnf-makecache.service: Failed with result 'exit-code'.
Nov  8 10:42:35 vkim11-web systemd[1]: Failed to start dnf makecache.
Nov  8 11:42:38 vkim11-web systemd[1]: Starting dnf makecache...
Nov  8 11:42:38 vkim11-web dnf[16638]: Metadata cache refreshed recently.
Nov  8 11:42:38 vkim11-web systemd[1]: Started dnf makecache.
Nov  8 12:42:42 vkim11-web systemd[1]: Starting dnf makecache...
Nov  8 12:42:42 vkim11-web dnf[16664]: Metadata cache refreshed recently.
Nov  8 12:42:42 vkim11-web systemd[1]: Started dnf makecache.
Nov  8 13:42:45 vkim11-web systemd[1]: Starting dnf makecache...
Nov  8 13:42:46 vkim11-web dnf[16690]: CentOS-8 - AppStream                            0.0  B/s |   0  B     00:00
Nov  8 13:42:46 vkim11-web dnf[16690]: Errors during downloading metadata for repository 'AppStream':
Nov  8 13:42:46 vkim11-web dnf[16690]:  - Curl error (6): Couldn't resolve host name for http://mirrorlist.centos.org/?release=8&arch=x86_64&repo=AppStream&infra=stock [Could not resolve host: mirrorlist.centos.org]
Nov  8 13:42:46 vkim11-web dnf[16690]: Error: Failed to download metadata for repo 'AppStream': Cannot prepare internal mirrorlist: Curl error (6): Couldn't resolve host name for http://mirrorlist.centos.org/?release=8&arch=x86_64&repo=AppStream&infra=stock [Could not resolve host: mirrorlist.centos.org]
Nov  8 13:42:46 vkim11-web systemd[1]: dnf-makecache.service: Main process exited, code=exited, status=1/FAILURE
Nov  8 13:42:46 vkim11-web systemd[1]: dnf-makecache.service: Failed with result 'exit-code'.
Nov  8 13:42:46 vkim11-web systemd[1]: Failed to start dnf makecache.
Nov  8 14:32:01 vkim11-web NetworkManager[966]: <info>  [1604863921.1773] dhcp4 (ens192): option dhcp_lease_time      => '86400'
Nov  8 14:32:01 vkim11-web NetworkManager[966]: <info>  [1604863921.1780] dhcp4 (ens192): option domain_name_servers  => '10.102.100.22 10.101.100.42 10.101.100.41'
Nov  8 14:32:01 vkim11-web NetworkManager[966]: <info>  [1604863921.1780] dhcp4 (ens192): option expiry               => '1604950321'
Nov  8 14:32:01 vkim11-web NetworkManager[966]: <info>  [1604863921.1780] dhcp4 (ens192): option ip_address           => '172.16.15.2'
Nov  8 14:32:01 vkim11-web NetworkManager[966]: <info>  [1604863921.1780] dhcp4 (ens192): option requested_broadcast_address => '1'
Nov  8 14:32:01 vkim11-web NetworkManager[966]: <info>  [1604863921.1780] dhcp4 (ens192): option requested_domain_name => '1'
Nov  8 14:32:01 vkim11-web NetworkManager[966]: <info>  [1604863921.1780] dhcp4 (ens192): option requested_domain_name_servers => '1'
Nov  8 14:32:01 vkim11-web NetworkManager[966]: <info>  [1604863921.1780] dhcp4 (ens192): option requested_domain_search => '1'
Nov  8 14:32:01 vkim11-web NetworkManager[966]: <info>  [1604863921.1780] dhcp4 (ens192): option requested_host_name  => '1'
Nov  8 14:32:01 vkim11-web NetworkManager[966]: <info>  [1604863921.1781] dhcp4 (ens192): option requested_interface_mtu => '1'
Nov  8 14:32:01 vkim11-web NetworkManager[966]: <info>  [1604863921.1781] dhcp4 (ens192): option requested_ms_classless_static_routes => '1'
Nov  8 14:32:01 vkim11-web NetworkManager[966]: <info>  [1604863921.1781] dhcp4 (ens192): option requested_nis_domain => '1'
Nov  8 14:32:01 vkim11-web NetworkManager[966]: <info>  [1604863921.1781] dhcp4 (ens192): option requested_nis_servers => '1'
Nov  8 14:32:01 vkim11-web NetworkManager[966]: <info>  [1604863921.1781] dhcp4 (ens192): option requested_ntp_servers => '1'
Nov  8 14:32:01 vkim11-web NetworkManager[966]: <info>  [1604863921.1781] dhcp4 (ens192): option requested_rfc3442_classless_static_routes => '1'
Nov  8 14:32:01 vkim11-web NetworkManager[966]: <info>  [1604863921.1781] dhcp4 (ens192): option requested_root_path  => '1'
Nov  8 14:32:01 vkim11-web NetworkManager[966]: <info>  [1604863921.1781] dhcp4 (ens192): option requested_routers    => '1'
Nov  8 14:32:01 vkim11-web NetworkManager[966]: <info>  [1604863921.1782] dhcp4 (ens192): option requested_static_routes => '1'
Nov  8 14:32:01 vkim11-web NetworkManager[966]: <info>  [1604863921.1782] dhcp4 (ens192): option requested_subnet_mask => '1'
Nov  8 14:32:01 vkim11-web NetworkManager[966]: <info>  [1604863921.1782] dhcp4 (ens192): option requested_time_offset => '1'
Nov  8 14:32:01 vkim11-web NetworkManager[966]: <info>  [1604863921.1782] dhcp4 (ens192): option requested_wpad       => '1'
Nov  8 14:32:01 vkim11-web NetworkManager[966]: <info>  [1604863921.1782] dhcp4 (ens192): option routers              => '172.16.255.1'
Nov  8 14:32:01 vkim11-web NetworkManager[966]: <info>  [1604863921.1782] dhcp4 (ens192): option subnet_mask          => '255.255.0.0'
Nov  8 14:32:01 vkim11-web NetworkManager[966]: <info>  [1604863921.1782] dhcp4 (ens192): state changed extended -> extended
Nov  8 14:32:01 vkim11-web dbus-daemon[961]: [system] Activating via systemd: service name='org.freedesktop.nm_dispatcher' unit='dbus-org.freedesktop.nm-dispatcher.service' requested by ':1.4' (uid=0 pid=966 comm="/usr/sbin/NetworkManager --no-daemon " label="system_u:system_r:NetworkManager_t:s0")
Nov  8 14:32:01 vkim11-web systemd[1]: Starting Network Manager Script Dispatcher Service...
Nov  8 14:32:01 vkim11-web dbus-daemon[961]: [system] Successfully activated service 'org.freedesktop.nm_dispatcher'
Nov  8 14:32:01 vkim11-web systemd[1]: Started Network Manager Script Dispatcher Service.
Nov  8 14:42:49 vkim11-web systemd[1]: Starting dnf makecache...
Nov  8 14:42:49 vkim11-web dnf[16732]: Metadata cache refreshed recently.
Nov  8 14:42:50 vkim11-web systemd[1]: Started dnf makecache.
Nov  8 15:42:53 vkim11-web systemd[1]: Starting dnf makecache...
Nov  8 15:42:53 vkim11-web dnf[16757]: Metadata cache refreshed recently.
Nov  8 15:42:53 vkim11-web systemd[1]: Started dnf makecache.
Nov  8 16:42:57 vkim11-web systemd[1]: Starting dnf makecache...
Nov  8 16:42:57 vkim11-web dnf[16783]: CentOS-8 - AppStream                            0.0  B/s |   0  B     00:00
Nov  8 16:42:57 vkim11-web dnf[16783]: Errors during downloading metadata for repository 'AppStream':
Nov  8 16:42:57 vkim11-web dnf[16783]:  - Curl error (6): Couldn't resolve host name for http://mirrorlist.centos.org/?release=8&arch=x86_64&repo=AppStream&infra=stock [Could not resolve host: mirrorlist.centos.org]
Nov  8 16:42:57 vkim11-web dnf[16783]: Error: Failed to download metadata for repo 'AppStream': Cannot prepare internal mirrorlist: Curl error (6): Couldn't resolve host name for http://mirrorlist.centos.org/?release=8&arch=x86_64&repo=AppStream&infra=stock [Could not resolve host: mirrorlist.centos.org]
Nov  8 16:42:57 vkim11-web systemd[1]: dnf-makecache.service: Main process exited, code=exited, status=1/FAILURE
Nov  8 16:42:57 vkim11-web systemd[1]: dnf-makecache.service: Failed with result 'exit-code'.
Nov  8 16:42:57 vkim11-web systemd[1]: Failed to start dnf makecache.
Nov  8 17:08:26 vkim11-web kernel: Command line: BOOT_IMAGE=(hd0,msdos1)/vmlinuz-4.18.0-193.19.1.el8_2.x86_64 root=/dev/mapper/cl-root ro crashkernel=auto resume=/dev/mapper/cl-swap rd.lvm.lv=cl/root rd.lvm.lv=cl/swap rhgb quiet
Nov  8 17:08:26 vkim11-web kernel: Disabled fast string operations
Nov  8 17:08:26 vkim11-web kernel: x86/fpu: Supporting XSAVE feature 0x001: 'x87 floating point registers'
Nov  8 17:08:26 vkim11-web kernel: x86/fpu: Supporting XSAVE feature 0x002: 'SSE registers'
Nov  8 17:08:26 vkim11-web kernel: x86/fpu: Supporting XSAVE feature 0x004: 'AVX registers'
Nov  8 17:08:26 vkim11-web kernel: x86/fpu: xstate_offset[2]:  576, xstate_sizes[2]:  256
Nov  8 17:08:26 vkim11-web kernel: x86/fpu: Enabled xstate features 0x7, context size is 832 bytes, using 'standard' format.
Nov  8 17:08:26 vkim11-web kernel: BIOS-provided physical RAM map:
Nov  8 17:08:26 vkim11-web kernel: BIOS-e820: [mem 0x0000000000000000-0x000000000009f3ff] usable
Nov  8 17:08:26 vkim11-web kernel: BIOS-e820: [mem 0x000000000009f400-0x000000000009ffff] reserved
Nov  8 17:08:26 vkim11-web kernel: BIOS-e820: [mem 0x00000000000dc000-0x00000000000fffff] reserved
Nov  8 17:08:26 vkim11-web kernel: BIOS-e820: [mem 0x0000000000100000-0x000000007fedffff] usable
Nov  8 17:08:26 vkim11-web kernel: BIOS-e820: [mem 0x000000007fee0000-0x000000007fefefff] ACPI data
Nov  8 17:08:26 vkim11-web kernel: BIOS-e820: [mem 0x000000007feff000-0x000000007fefffff] ACPI NVS
Nov  8 17:08:26 vkim11-web kernel: BIOS-e820: [mem 0x000000007ff00000-0x000000007fffffff] usable
Nov  8 17:08:26 vkim11-web kernel: BIOS-e820: [mem 0x00000000f0000000-0x00000000f7ffffff] reserved
Nov  8 17:08:26 vkim11-web kernel: BIOS-e820: [mem 0x00000000fec00000-0x00000000fec0ffff] reserved
Nov  8 17:08:26 vkim11-web kernel: BIOS-e820: [mem 0x00000000fee00000-0x00000000fee00fff] reserved
Nov  8 17:08:26 vkim11-web kernel: BIOS-e820: [mem 0x00000000fffe0000-0x00000000ffffffff] reserved
Nov  8 17:08:26 vkim11-web kernel: NX (Execute Disable) protection: active
Nov  8 17:08:26 vkim11-web kernel: SMBIOS 2.7 present.
Nov  8 17:08:26 vkim11-web kernel: DMI: VMware, Inc. VMware Virtual Platform/440BX Desktop Reference Platform, BIOS 6.00 12/09/2019
Nov  8 17:08:26 vkim11-web kernel: Hypervisor detected: VMware
Nov  8 17:08:26 vkim11-web kernel: vmware: TSC freq read from hypervisor : 2700.000 MHz
Nov  8 17:08:26 vkim11-web kernel: vmware: Host bus clock speed read from hypervisor : 66000000 Hz
Nov  8 17:08:26 vkim11-web kernel: vmware: using sched offset of 6833712601 ns
Nov  8 17:08:26 vkim11-web kernel: tsc: Detected 2700.000 MHz processor
Nov  8 17:08:26 vkim11-web kernel: last_pfn = 0x80000 max_arch_pfn = 0x400000000
Nov  8 17:08:26 vkim11-web kernel: x86/PAT: Configuration [0-7]: WB  WC  UC- UC  WB  WP  UC- WT  
Nov  8 17:08:26 vkim11-web kernel: total RAM covered: 2048M
Nov  8 17:08:26 vkim11-web kernel: Found optimal setting for mtrr clean up
Nov  8 17:08:26 vkim11-web kernel: gran_size: 64K #011chunk_size: 64K #011num_reg: 1  #011lose cover RAM: 0G
Nov  8 17:08:26 vkim11-web kernel: found SMP MP-table at [mem 0x000f6a70-0x000f6a7f]
Nov  8 17:08:26 vkim11-web kernel: kexec: Reserving the low 1M of memory for crashkernel
Nov  8 17:08:26 vkim11-web kernel: RAMDISK: [mem 0x34aa0000-0x36547fff]
Nov  8 17:08:26 vkim11-web kernel: ACPI: Early table checksum verification disabled
Nov  8 17:08:26 vkim11-web kernel: ACPI: RSDP 0x00000000000F6A00 000024 (v02 PTLTD )
Nov  8 17:08:26 vkim11-web kernel: ACPI: XSDT 0x000000007FEEEAC0 00005C (v01 INTEL  440BX    06040000 VMW  01324272)
Nov  8 17:08:26 vkim11-web kernel: ACPI: FACP 0x000000007FEFEE73 0000F4 (v04 INTEL  440BX    06040000 PTL  000F4240)
Nov  8 17:08:26 vkim11-web kernel: ACPI: DSDT 0x000000007FEEED00 010173 (v01 PTLTD  Custom   06040000 MSFT 03000001)
Nov  8 17:08:26 vkim11-web kernel: ACPI: FACS 0x000000007FEFFFC0 000040
Nov  8 17:08:26 vkim11-web kernel: ACPI: FACS 0x000000007FEFFFC0 000040
Nov  8 17:08:26 vkim11-web kernel: ACPI: BOOT 0x000000007FEEECD8 000028 (v01 PTLTD  $SBFTBL$ 06040000  LTP 00000001)
Nov  8 17:08:26 vkim11-web kernel: ACPI: APIC 0x000000007FEEEC88 000050 (v01 PTLTD  ? APIC   06040000  LTP 00000000)
Nov  8 17:08:26 vkim11-web kernel: ACPI: MCFG 0x000000007FEEEC4C 00003C (v01 PTLTD  $PCITBL$ 06040000  LTP 00000001)
Nov  8 17:08:26 vkim11-web kernel: ACPI: SRAT 0x000000007FEEEBBC 000090 (v02 VMWARE MEMPLUG  06040000 VMW  00000001)
Nov  8 17:08:26 vkim11-web kernel: ACPI: HPET 0x000000007FEEEB84 000038 (v01 VMWARE VMW HPET 06040000 VMW  00000001)
Nov  8 17:08:26 vkim11-web kernel: ACPI: WAET 0x000000007FEEEB5C 000028 (v01 VMWARE VMW WAET 06040000 VMW  00000001)
Nov  8 17:08:26 vkim11-web kernel: SRAT: PXM 0 -> APIC 0x00 -> Node 0
Nov  8 17:08:26 vkim11-web kernel: ACPI: SRAT: Node 0 PXM 0 [mem 0x00000000-0x0009ffff]
Nov  8 17:08:26 vkim11-web kernel: ACPI: SRAT: Node 0 PXM 0 [mem 0x00100000-0x7fffffff]
Nov  8 17:08:26 vkim11-web kernel: NUMA: Node 0 [mem 0x00000000-0x0009ffff] + [mem 0x00100000-0x7fffffff] -> [mem 0x00000000-0x7fffffff]
Nov  8 17:08:26 vkim11-web kernel: NODE_DATA(0) allocated [mem 0x7ffd6000-0x7fffffff]
Nov  8 17:08:26 vkim11-web kernel: Using crashkernel=auto, the size chosen is a best effort estimation.
Nov  8 17:08:26 vkim11-web kernel: Reserving 160MB of memory at 1872MB for crashkernel (System RAM: 2047MB)
Nov  8 17:08:26 vkim11-web kernel: Zone ranges:
Nov  8 17:08:26 vkim11-web kernel:  DMA      [mem 0x0000000000001000-0x0000000000ffffff]
Nov  8 17:08:26 vkim11-web kernel:  DMA32    [mem 0x0000000001000000-0x000000007fffffff]
Nov  8 17:08:26 vkim11-web kernel:  Normal   empty
Nov  8 17:08:26 vkim11-web kernel:  Device   empty
Nov  8 17:08:26 vkim11-web kernel: Movable zone start for each node
Nov  8 17:08:26 vkim11-web kernel: Early memory node ranges
Nov  8 17:08:26 vkim11-web kernel:  node   0: [mem 0x0000000000001000-0x000000000009efff]
Nov  8 17:08:26 vkim11-web kernel:  node   0: [mem 0x0000000000100000-0x000000007fedffff]
Nov  8 17:08:26 vkim11-web kernel:  node   0: [mem 0x000000007ff00000-0x000000007fffffff]
Nov  8 17:08:26 vkim11-web kernel: Zeroed struct page in unavailable ranges: 130 pages
Nov  8 17:08:26 vkim11-web kernel: Initmem setup node 0 [mem 0x0000000000001000-0x000000007fffffff]
Nov  8 17:08:26 vkim11-web kernel: ACPI: PM-Timer IO Port: 0x1008
Nov  8 17:08:26 vkim11-web kernel: ACPI: LAPIC_NMI (acpi_id[0x00] high edge lint[0x1])
Nov  8 17:08:26 vkim11-web kernel: IOAPIC[0]: apic_id 1, version 17, address 0xfec00000, GSI 0-23
Nov  8 17:08:26 vkim11-web kernel: ACPI: INT_SRC_OVR (bus 0 bus_irq 0 global_irq 2 high edge)
Nov  8 17:08:26 vkim11-web kernel: Using ACPI (MADT) for SMP configuration information
Nov  8 17:08:26 vkim11-web kernel: ACPI: HPET id: 0x8086af01 base: 0xfed00000
Nov  8 17:08:26 vkim11-web kernel: smpboot: Allowing 1 CPUs, 0 hotplug CPUs
Nov  8 17:08:26 vkim11-web kernel: PM: Registered nosave memory: [mem 0x00000000-0x00000fff]
Nov  8 17:08:26 vkim11-web kernel: PM: Registered nosave memory: [mem 0x0009f000-0x0009ffff]
Nov  8 17:08:26 vkim11-web kernel: PM: Registered nosave memory: [mem 0x000a0000-0x000dbfff]
Nov  8 17:08:26 vkim11-web kernel: PM: Registered nosave memory: [mem 0x000dc000-0x000fffff]
Nov  8 17:08:26 vkim11-web kernel: PM: Registered nosave memory: [mem 0x7fee0000-0x7fefefff]
Nov  8 17:08:26 vkim11-web kernel: PM: Registered nosave memory: [mem 0x7feff000-0x7fefffff]
Nov  8 17:08:26 vkim11-web kernel: [mem 0x80000000-0xefffffff] available for PCI devices
Nov  8 17:08:26 vkim11-web kernel: Booting paravirtualized kernel on VMware hypervisor
Nov  8 17:08:26 vkim11-web kernel: clocksource: refined-jiffies: mask: 0xffffffff max_cycles: 0xffffffff, max_idle_ns: 1910969940391419 ns
Nov  8 17:08:26 vkim11-web kernel: setup_percpu: NR_CPUS:8192 nr_cpumask_bits:1 nr_cpu_ids:1 nr_node_ids:1
Nov  8 17:08:26 vkim11-web kernel: percpu: Embedded 53 pages/cpu s180224 r8192 d28672 u2097152
Nov  8 17:08:26 vkim11-web kernel: Built 1 zonelists, mobility grouping on.  Total pages: 515808
Nov  8 17:08:26 vkim11-web kernel: Policy zone: DMA32
Nov  8 17:08:26 vkim11-web kernel: Kernel command line: BOOT_IMAGE=(hd0,msdos1)/vmlinuz-4.18.0-193.19.1.el8_2.x86_64 root=/dev/mapper/cl-root ro crashkernel=auto resume=/dev/mapper/cl-swap rd.lvm.lv=cl/root rd.lvm.lv=cl/swap rhgb quiet
Nov  8 17:08:26 vkim11-web kernel: Specific versions of hardware are certified with Red Hat Enterprise Linux 8. Please see the list of hardware certified with Red Hat Enterprise Linux 8 at https://access.redhat.com/ecosystem.
Nov  8 17:08:26 vkim11-web kernel: Memory: 261120K/2096632K available (12292K kernel code, 2151K rwdata, 3848K rodata, 2404K init, 6476K bss, 259840K reserved, 0K cma-reserved)
Nov  8 17:08:26 vkim11-web kernel: random: get_random_u64 called from cache_random_seq_create+0x7c/0x140 with crng_init=0
Nov  8 17:08:26 vkim11-web kernel: SLUB: HWalign=64, Order=0-3, MinObjects=0, CPUs=1, Nodes=1
Nov  8 17:08:26 vkim11-web kernel: Kernel/User page tables isolation: enabled
Nov  8 17:08:26 vkim11-web kernel: ftrace: allocating 36340 entries in 142 pages
Nov  8 17:08:26 vkim11-web kernel: rcu: Hierarchical RCU implementation.
Nov  8 17:08:26 vkim11-web kernel: rcu: #011RCU restricting CPUs from NR_CPUS=8192 to nr_cpu_ids=1.
Nov  8 17:08:26 vkim11-web kernel: rcu: RCU calculated value of scheduler-enlistment delay is 100 jiffies.
Nov  8 17:08:26 vkim11-web kernel: rcu: Adjusting geometry for rcu_fanout_leaf=16, nr_cpu_ids=1
Nov  8 17:08:26 vkim11-web kernel: NR_IRQS: 524544, nr_irqs: 256, preallocated irqs: 16
Nov  8 17:08:26 vkim11-web kernel: Console: colour VGA+ 80x25
Nov  8 17:08:26 vkim11-web kernel: printk: console [tty0] enabled
Nov  8 17:08:26 vkim11-web kernel: ACPI: Core revision 20190703
Nov  8 17:08:26 vkim11-web kernel: clocksource: hpet: mask: 0xffffffff max_cycles: 0xffffffff, max_idle_ns: 133484882848 ns
Nov  8 17:08:26 vkim11-web kernel: APIC: Switch to symmetric I/O mode setup
Nov  8 17:08:26 vkim11-web kernel: x2apic enabled
Nov  8 17:08:26 vkim11-web kernel: Switched APIC routing to physical x2apic.
Nov  8 17:08:26 vkim11-web kernel: ..TIMER: vector=0x30 apic1=0 pin1=2 apic2=-1 pin2=-1
Nov  8 17:08:26 vkim11-web kernel: clocksource: tsc-early: mask: 0xffffffffffffffff max_cycles: 0x26eb3e3cc63, max_idle_ns: 440795236593 ns
Nov  8 17:08:26 vkim11-web kernel: Calibrating delay loop (skipped) preset value.. 5400.00 BogoMIPS (lpj=2700000)
Nov  8 17:08:26 vkim11-web kernel: pid_max: default: 32768 minimum: 301
Nov  8 17:08:26 vkim11-web kernel: Security Framework initialized
Nov  8 17:08:26 vkim11-web kernel: Yama: becoming mindful.
Nov  8 17:08:26 vkim11-web kernel: SELinux:  Initializing.
Nov  8 17:08:26 vkim11-web kernel: Dentry cache hash table entries: 262144 (order: 9, 2097152 bytes)
Nov  8 17:08:26 vkim11-web kernel: Inode-cache hash table entries: 131072 (order: 8, 1048576 bytes)
Nov  8 17:08:26 vkim11-web kernel: Mount-cache hash table entries: 4096 (order: 3, 32768 bytes)
Nov  8 17:08:26 vkim11-web kernel: Mountpoint-cache hash table entries: 4096 (order: 3, 32768 bytes)
Nov  8 17:08:26 vkim11-web kernel: Disabled fast string operations
Nov  8 17:08:26 vkim11-web kernel: Last level iTLB entries: 4KB 512, 2MB 8, 4MB 8
Nov  8 17:08:26 vkim11-web kernel: Last level dTLB entries: 4KB 512, 2MB 32, 4MB 32, 1GB 0
Nov  8 17:08:26 vkim11-web kernel: FEATURE SPEC_CTRL Present
Nov  8 17:08:26 vkim11-web kernel: FEATURE IBPB_SUPPORT Present
Nov  8 17:08:26 vkim11-web kernel: Spectre V1 : Mitigation: usercopy/swapgs barriers and __user pointer sanitization
Nov  8 17:08:26 vkim11-web kernel: Spectre V2 : Mitigation: Full generic retpoline
Nov  8 17:08:26 vkim11-web kernel: Spectre V2 : Spectre v2 / SpectreRSB mitigation: Filling RSB on context switch
Nov  8 17:08:26 vkim11-web kernel: Spectre V2 : Enabling Restricted Speculation for firmware calls
Nov  8 17:08:26 vkim11-web kernel: Spectre V2 : mitigation: Enabling conditional Indirect Branch Prediction Barrier
Nov  8 17:08:26 vkim11-web kernel: Speculative Store Bypass: Mitigation: Speculative Store Bypass disabled via prctl and seccomp
Nov  8 17:08:26 vkim11-web kernel: MDS: Mitigation: Clear CPU buffers
Nov  8 17:08:26 vkim11-web kernel: Freeing SMP alternatives memory: 32K
Nov  8 17:08:26 vkim11-web kernel: smpboot: CPU0: Intel(R) Xeon(R) CPU E5-2680 0 @ 2.70GHz (family: 0x6, model: 0x2d, stepping: 0x7)
Nov  8 17:08:26 vkim11-web kernel: Performance Events: SandyBridge events, core PMU driver.
Nov  8 17:08:26 vkim11-web kernel: core: CPUID marked event: 'cpu cycles' unavailable
Nov  8 17:08:26 vkim11-web kernel: core: CPUID marked event: 'instructions' unavailable
Nov  8 17:08:26 vkim11-web kernel: core: CPUID marked event: 'bus cycles' unavailable
Nov  8 17:08:26 vkim11-web kernel: core: CPUID marked event: 'cache references' unavailable
Nov  8 17:08:26 vkim11-web kernel: core: CPUID marked event: 'cache misses' unavailable
Nov  8 17:08:26 vkim11-web kernel: core: CPUID marked event: 'branch instructions' unavailable
Nov  8 17:08:26 vkim11-web kernel: core: CPUID marked event: 'branch misses' unavailable
Nov  8 17:08:26 vkim11-web kernel: ... version:                1
Nov  8 17:08:26 vkim11-web kernel: ... bit width:              48
Nov  8 17:08:26 vkim11-web kernel: ... generic registers:      4
Nov  8 17:08:26 vkim11-web kernel: ... value mask:             0000ffffffffffff
Nov  8 17:08:26 vkim11-web kernel: ... max period:             000000007fffffff
Nov  8 17:08:26 vkim11-web kernel: ... fixed-purpose events:   0
Nov  8 17:08:26 vkim11-web kernel: ... event mask:             000000000000000f
Nov  8 17:08:26 vkim11-web kernel: rcu: Hierarchical SRCU implementation.
Nov  8 17:08:26 vkim11-web kernel: NMI watchdog: Perf NMI watchdog permanently disabled
Nov  8 17:08:26 vkim11-web kernel: smp: Bringing up secondary CPUs ...
Nov  8 17:08:26 vkim11-web kernel: smp: Brought up 1 node, 1 CPU
Nov  8 17:08:26 vkim11-web kernel: smpboot: Max logical packages: 1
Nov  8 17:08:26 vkim11-web kernel: smpboot: Total of 1 processors activated (5400.00 BogoMIPS)
Nov  8 17:08:26 vkim11-web kernel: node 0 initialised, 393918 pages in 1ms
Nov  8 17:08:26 vkim11-web kernel: devtmpfs: initialized
Nov  8 17:08:26 vkim11-web kernel: x86/mm: Memory block size: 128MB
Nov  8 17:08:26 vkim11-web kernel: PM: Registering ACPI NVS region [mem 0x7feff000-0x7fefffff] (4096 bytes)
Nov  8 17:08:26 vkim11-web kernel: clocksource: jiffies: mask: 0xffffffff max_cycles: 0xffffffff, max_idle_ns: 1911260446275000 ns
Nov  8 17:08:26 vkim11-web kernel: futex hash table entries: 256 (order: 2, 16384 bytes)
Nov  8 17:08:26 vkim11-web kernel: pinctrl core: initialized pinctrl subsystem
Nov  8 17:08:26 vkim11-web kernel: NET: Registered protocol family 16
Nov  8 17:08:26 vkim11-web kernel: audit: initializing netlink subsys (disabled)
Nov  8 17:08:26 vkim11-web kernel: cpuidle: using governor menu
Nov  8 17:08:26 vkim11-web kernel: Simple Boot Flag at 0x36 set to 0x80
Nov  8 17:08:26 vkim11-web kernel: ACPI: bus type PCI registered
Nov  8 17:08:26 vkim11-web kernel: acpiphp: ACPI Hot Plug PCI Controller Driver version: 0.5
Nov  8 17:08:26 vkim11-web kernel: PCI: MMCONFIG for domain 0000 [bus 00-7f] at [mem 0xf0000000-0xf7ffffff] (base 0xf0000000)
Nov  8 17:08:26 vkim11-web kernel: PCI: MMCONFIG at [mem 0xf0000000-0xf7ffffff] reserved in E820
Nov  8 17:08:26 vkim11-web kernel: PCI: Using configuration type 1 for base access
Nov  8 17:08:26 vkim11-web kernel: core: PMU erratum BJ122, BV98, HSD29 workaround disabled, HT off
Nov  8 17:08:26 vkim11-web kernel: audit: type=2000 audit(1604873304.013:1): state=initialized audit_enabled=0 res=1
Nov  8 17:08:26 vkim11-web kernel: HugeTLB registered 2.00 MiB page size, pre-allocated 0 pages
Nov  8 17:08:26 vkim11-web kernel: cryptd: max_cpu_qlen set to 1000
Nov  8 17:08:26 vkim11-web kernel: ACPI: Added _OSI(Module Device)
Nov  8 17:08:26 vkim11-web kernel: ACPI: Added _OSI(Processor Device)
Nov  8 17:08:26 vkim11-web kernel: ACPI: Added _OSI(3.0 _SCP Extensions)
Nov  8 17:08:26 vkim11-web kernel: ACPI: Added _OSI(Processor Aggregator Device)
Nov  8 17:08:26 vkim11-web kernel: ACPI: Added _OSI(Linux-Dell-Video)
Nov  8 17:08:26 vkim11-web kernel: ACPI: Added _OSI(Linux-Lenovo-NV-HDMI-Audio)
Nov  8 17:08:26 vkim11-web kernel: ACPI: Added _OSI(Linux-HPI-Hybrid-Graphics)
Nov  8 17:08:26 vkim11-web kernel: ACPI: 1 ACPI AML tables successfully acquired and loaded
Nov  8 17:08:26 vkim11-web kernel: ACPI: [Firmware Bug]: BIOS _OSI(Linux) query ignored
Nov  8 17:08:26 vkim11-web kernel: ACPI: Interpreter enabled
Nov  8 17:08:26 vkim11-web kernel: ACPI: (supports S0 S1 S4 S5)
Nov  8 17:08:26 vkim11-web kernel: ACPI: Using IOAPIC for interrupt routing
Nov  8 17:08:26 vkim11-web kernel: PCI: Using host bridge windows from ACPI; if necessary, use "pci=nocrs" and report a bug
Nov  8 17:08:26 vkim11-web kernel: ACPI: Enabled 4 GPEs in block 00 to 0F
Nov  8 17:08:26 vkim11-web kernel: ACPI: PCI Root Bridge [PCI0] (domain 0000 [bus 00-7f])
Nov  8 17:08:26 vkim11-web kernel: acpi PNP0A03:00: _OSC: OS supports [ExtendedConfig ASPM ClockPM Segments MSI HPX-Type3]
Nov  8 17:08:26 vkim11-web kernel: acpi PNP0A03:00: _OSC: platform does not support [AER LTR]
Nov  8 17:08:26 vkim11-web kernel: acpi PNP0A03:00: _OSC: OS now controls [PCIeHotplug SHPCHotplug PME PCIeCapability]
Nov  8 17:08:26 vkim11-web kernel: PCI host bridge to bus 0000:00
Nov  8 17:08:26 vkim11-web kernel: pci_bus 0000:00: root bus resource [mem 0x000a0000-0x000bffff window]
Nov  8 17:08:26 vkim11-web kernel: pci_bus 0000:00: root bus resource [mem 0x000d0000-0x000d3fff window]
Nov  8 17:08:26 vkim11-web kernel: pci_bus 0000:00: root bus resource [mem 0x000d4000-0x000d7fff window]
Nov  8 17:08:26 vkim11-web kernel: pci_bus 0000:00: root bus resource [mem 0x000d8000-0x000dbfff window]
Nov  8 17:08:26 vkim11-web kernel: pci_bus 0000:00: root bus resource [mem 0x80000000-0xfebfffff window]
Nov  8 17:08:26 vkim11-web kernel: pci_bus 0000:00: root bus resource [io  0x0000-0x0cf7 window]
Nov  8 17:08:26 vkim11-web kernel: pci_bus 0000:00: root bus resource [io  0x0d00-0xfeff window]
Nov  8 17:08:26 vkim11-web kernel: pci_bus 0000:00: root bus resource [bus 00-7f]
Nov  8 17:08:26 vkim11-web kernel: pci 0000:00:00.0: [8086:7190] type 00 class 0x060000
Nov  8 17:08:26 vkim11-web kernel: pci 0000:00:01.0: [8086:7191] type 01 class 0x060400
Nov  8 17:08:26 vkim11-web kernel: pci 0000:00:07.0: [8086:7110] type 00 class 0x060100
Nov  8 17:08:26 vkim11-web kernel: pci 0000:00:07.1: [8086:7111] type 00 class 0x01018a
Nov  8 17:08:26 vkim11-web kernel: pci 0000:00:07.1: reg 0x20: [io  0x1060-0x106f]
Nov  8 17:08:26 vkim11-web kernel: pci 0000:00:07.1: legacy IDE quirk: reg 0x10: [io  0x01f0-0x01f7]
Nov  8 17:08:26 vkim11-web kernel: pci 0000:00:07.1: legacy IDE quirk: reg 0x14: [io  0x03f6]
Nov  8 17:08:26 vkim11-web kernel: pci 0000:00:07.1: legacy IDE quirk: reg 0x18: [io  0x0170-0x0177]
Nov  8 17:08:26 vkim11-web kernel: pci 0000:00:07.1: legacy IDE quirk: reg 0x1c: [io  0x0376]
Nov  8 17:08:26 vkim11-web kernel: pci 0000:00:07.3: [8086:7113] type 00 class 0x068000
Nov  8 17:08:26 vkim11-web kernel: pci 0000:00:07.3: quirk: [io  0x1000-0x103f] claimed by PIIX4 ACPI
Nov  8 17:08:26 vkim11-web kernel: pci 0000:00:07.3: quirk: [io  0x1040-0x104f] claimed by PIIX4 SMB
Nov  8 17:08:26 vkim11-web kernel: pci 0000:00:07.7: [15ad:0740] type 00 class 0x088000
Nov  8 17:08:26 vkim11-web kernel: pci 0000:00:07.7: reg 0x10: [io  0x1080-0x10bf]
Nov  8 17:08:26 vkim11-web kernel: pci 0000:00:07.7: reg 0x14: [mem 0xfebfe000-0xfebfffff 64bit]
Nov  8 17:08:26 vkim11-web kernel: pci 0000:00:0f.0: [15ad:0405] type 00 class 0x030000
Nov  8 17:08:26 vkim11-web kernel: pci 0000:00:0f.0: reg 0x10: [io  0x1070-0x107f]
Nov  8 17:08:26 vkim11-web kernel: pci 0000:00:0f.0: reg 0x14: [mem 0xe8000000-0xefffffff pref]
Nov  8 17:08:26 vkim11-web kernel: pci 0000:00:0f.0: reg 0x18: [mem 0xfe000000-0xfe7fffff]
Nov  8 17:08:26 vkim11-web kernel: pci 0000:00:0f.0: reg 0x30: [mem 0x00000000-0x00007fff pref]
Nov  8 17:08:26 vkim11-web kernel: pci 0000:00:11.0: [15ad:0790] type 01 class 0x060401
Nov  8 17:08:26 vkim11-web kernel: pci 0000:00:15.0: [15ad:07a0] type 01 class 0x060400
Nov  8 17:08:26 vkim11-web kernel: pci 0000:00:15.0: PME# supported from D0 D3hot D3cold
Nov  8 17:08:26 vkim11-web kernel: pci 0000:00:15.1: [15ad:07a0] type 01 class 0x060400
Nov  8 17:08:26 vkim11-web kernel: pci 0000:00:15.1: PME# supported from D0 D3hot D3cold
Nov  8 17:08:26 vkim11-web kernel: pci 0000:00:15.2: [15ad:07a0] type 01 class 0x060400
Nov  8 17:08:26 vkim11-web kernel: pci 0000:00:15.2: PME# supported from D0 D3hot D3cold
Nov  8 17:08:26 vkim11-web kernel: pci 0000:00:15.3: [15ad:07a0] type 01 class 0x060400
Nov  8 17:08:26 vkim11-web kernel: pci 0000:00:15.3: PME# supported from D0 D3hot D3cold
Nov  8 17:08:26 vkim11-web kernel: pci 0000:00:15.4: [15ad:07a0] type 01 class 0x060400
Nov  8 17:08:26 vkim11-web kernel: pci 0000:00:15.4: PME# supported from D0 D3hot D3cold
Nov  8 17:08:26 vkim11-web kernel: pci 0000:00:15.5: [15ad:07a0] type 01 class 0x060400
Nov  8 17:08:26 vkim11-web kernel: pci 0000:00:15.5: PME# supported from D0 D3hot D3cold
Nov  8 17:08:26 vkim11-web kernel: pci 0000:00:15.6: [15ad:07a0] type 01 class 0x060400
Nov  8 17:08:26 vkim11-web kernel: pci 0000:00:15.6: PME# supported from D0 D3hot D3cold
Nov  8 17:08:26 vkim11-web kernel: pci 0000:00:15.7: [15ad:07a0] type 01 class 0x060400
Nov  8 17:08:26 vkim11-web kernel: pci 0000:00:15.7: PME# supported from D0 D3hot D3cold
Nov  8 17:08:26 vkim11-web kernel: pci 0000:00:16.0: [15ad:07a0] type 01 class 0x060400
Nov  8 17:08:26 vkim11-web kernel: pci 0000:00:16.0: PME# supported from D0 D3hot D3cold
Nov  8 17:08:26 vkim11-web kernel: pci 0000:00:16.1: [15ad:07a0] type 01 class 0x060400
Nov  8 17:08:26 vkim11-web kernel: pci 0000:00:16.1: PME# supported from D0 D3hot D3cold
Nov  8 17:08:26 vkim11-web kernel: pci 0000:00:16.2: [15ad:07a0] type 01 class 0x060400
Nov  8 17:08:26 vkim11-web kernel: pci 0000:00:16.2: PME# supported from D0 D3hot D3cold
Nov  8 17:08:26 vkim11-web kernel: pci 0000:00:16.3: [15ad:07a0] type 01 class 0x060400
Nov  8 17:08:26 vkim11-web kernel: pci 0000:00:16.3: PME# supported from D0 D3hot D3cold
Nov  8 17:08:26 vkim11-web kernel: pci 0000:00:16.4: [15ad:07a0] type 01 class 0x060400
Nov  8 17:08:26 vkim11-web kernel: pci 0000:00:16.4: PME# supported from D0 D3hot D3cold
Nov  8 17:08:26 vkim11-web kernel: pci 0000:00:16.5: [15ad:07a0] type 01 class 0x060400
Nov  8 17:08:26 vkim11-web kernel: pci 0000:00:16.5: PME# supported from D0 D3hot D3cold
Nov  8 17:08:26 vkim11-web kernel: pci 0000:00:16.6: [15ad:07a0] type 01 class 0x060400
Nov  8 17:08:26 vkim11-web kernel: pci 0000:00:16.6: PME# supported from D0 D3hot D3cold
Nov  8 17:08:26 vkim11-web kernel: pci 0000:00:16.7: [15ad:07a0] type 01 class 0x060400
Nov  8 17:08:26 vkim11-web kernel: pci 0000:00:16.7: PME# supported from D0 D3hot D3cold
Nov  8 17:08:26 vkim11-web kernel: pci 0000:00:17.0: [15ad:07a0] type 01 class 0x060400
Nov  8 17:08:26 vkim11-web kernel: pci 0000:00:17.0: PME# supported from D0 D3hot D3cold
Nov  8 17:08:26 vkim11-web kernel: pci 0000:00:17.1: [15ad:07a0] type 01 class 0x060400
Nov  8 17:08:26 vkim11-web kernel: pci 0000:00:17.1: PME# supported from D0 D3hot D3cold
Nov  8 17:08:26 vkim11-web kernel: pci 0000:00:17.2: [15ad:07a0] type 01 class 0x060400
Nov  8 17:08:26 vkim11-web kernel: pci 0000:00:17.2: PME# supported from D0 D3hot D3cold
Nov  8 17:08:26 vkim11-web kernel: pci 0000:00:17.3: [15ad:07a0] type 01 class 0x060400
Nov  8 17:08:26 vkim11-web kernel: pci 0000:00:17.3: PME# supported from D0 D3hot D3cold
Nov  8 17:08:26 vkim11-web kernel: pci 0000:00:17.4: [15ad:07a0] type 01 class 0x060400
Nov  8 17:08:26 vkim11-web kernel: pci 0000:00:17.4: PME# supported from D0 D3hot D3cold
Nov  8 17:08:26 vkim11-web kernel: pci 0000:00:17.5: [15ad:07a0] type 01 class 0x060400
Nov  8 17:08:26 vkim11-web kernel: pci 0000:00:17.5: PME# supported from D0 D3hot D3cold
Nov  8 17:08:26 vkim11-web kernel: pci 0000:00:17.6: [15ad:07a0] type 01 class 0x060400
Nov  8 17:08:26 vkim11-web kernel: pci 0000:00:17.6: PME# supported from D0 D3hot D3cold
Nov  8 17:08:26 vkim11-web kernel: pci 0000:00:17.7: [15ad:07a0] type 01 class 0x060400
Nov  8 17:08:26 vkim11-web kernel: pci 0000:00:17.7: PME# supported from D0 D3hot D3cold
Nov  8 17:08:26 vkim11-web kernel: pci 0000:00:18.0: [15ad:07a0] type 01 class 0x060400
Nov  8 17:08:26 vkim11-web kernel: pci 0000:00:18.0: PME# supported from D0 D3hot D3cold
Nov  8 17:08:26 vkim11-web kernel: pci 0000:00:18.1: [15ad:07a0] type 01 class 0x060400
Nov  8 17:08:26 vkim11-web kernel: pci 0000:00:18.1: PME# supported from D0 D3hot D3cold
Nov  8 17:08:26 vkim11-web kernel: pci 0000:00:18.2: [15ad:07a0] type 01 class 0x060400
Nov  8 17:08:26 vkim11-web kernel: pci 0000:00:18.2: PME# supported from D0 D3hot D3cold
Nov  8 17:08:26 vkim11-web kernel: pci 0000:00:18.3: [15ad:07a0] type 01 class 0x060400
Nov  8 17:08:26 vkim11-web kernel: pci 0000:00:18.3: PME# supported from D0 D3hot D3cold
Nov  8 17:08:26 vkim11-web kernel: pci 0000:00:18.4: [15ad:07a0] type 01 class 0x060400
Nov  8 17:08:26 vkim11-web kernel: pci 0000:00:18.4: PME# supported from D0 D3hot D3cold
Nov  8 17:08:26 vkim11-web kernel: pci 0000:00:18.5: [15ad:07a0] type 01 class 0x060400
Nov  8 17:08:26 vkim11-web kernel: pci 0000:00:18.5: PME# supported from D0 D3hot D3cold
Nov  8 17:08:26 vkim11-web kernel: pci 0000:00:18.6: [15ad:07a0] type 01 class 0x060400
Nov  8 17:08:26 vkim11-web kernel: pci 0000:00:18.6: PME# supported from D0 D3hot D3cold
Nov  8 17:08:26 vkim11-web kernel: pci 0000:00:18.7: [15ad:07a0] type 01 class 0x060400
Nov  8 17:08:26 vkim11-web kernel: pci 0000:00:18.7: PME# supported from D0 D3hot D3cold
Nov  8 17:08:26 vkim11-web kernel: pci_bus 0000:01: extended config space not accessible
Nov  8 17:08:26 vkim11-web kernel: pci 0000:00:01.0: PCI bridge to [bus 01]
Nov  8 17:08:26 vkim11-web kernel: pci_bus 0000:02: extended config space not accessible
Nov  8 17:08:26 vkim11-web kernel: acpiphp: Slot [32] registered
Nov  8 17:08:26 vkim11-web kernel: acpiphp: Slot [33] registered
Nov  8 17:08:26 vkim11-web kernel: acpiphp: Slot [34] registered
Nov  8 17:08:26 vkim11-web kernel: acpiphp: Slot [35] registered
Nov  8 17:08:26 vkim11-web kernel: acpiphp: Slot [36] registered
Nov  8 17:08:26 vkim11-web kernel: acpiphp: Slot [37] registered
Nov  8 17:08:26 vkim11-web kernel: acpiphp: Slot [38] registered
Nov  8 17:08:26 vkim11-web kernel: acpiphp: Slot [39] registered
Nov  8 17:08:26 vkim11-web kernel: acpiphp: Slot [40] registered
Nov  8 17:08:26 vkim11-web kernel: acpiphp: Slot [41] registered
Nov  8 17:08:26 vkim11-web kernel: acpiphp: Slot [42] registered
Nov  8 17:08:26 vkim11-web kernel: acpiphp: Slot [43] registered
Nov  8 17:08:26 vkim11-web kernel: acpiphp: Slot [44] registered
Nov  8 17:08:26 vkim11-web kernel: acpiphp: Slot [45] registered
Nov  8 17:08:26 vkim11-web kernel: acpiphp: Slot [46] registered
Nov  8 17:08:26 vkim11-web kernel: acpiphp: Slot [47] registered
Nov  8 17:08:26 vkim11-web kernel: acpiphp: Slot [48] registered
Nov  8 17:08:26 vkim11-web kernel: acpiphp: Slot [49] registered
Nov  8 17:08:26 vkim11-web kernel: acpiphp: Slot [50] registered
Nov  8 17:08:26 vkim11-web kernel: acpiphp: Slot [51] registered
Nov  8 17:08:26 vkim11-web kernel: acpiphp: Slot [52] registered
Nov  8 17:08:26 vkim11-web kernel: acpiphp: Slot [53] registered
Nov  8 17:08:26 vkim11-web kernel: acpiphp: Slot [54] registered
Nov  8 17:08:26 vkim11-web kernel: acpiphp: Slot [55] registered
Nov  8 17:08:26 vkim11-web kernel: acpiphp: Slot [56] registered
Nov  8 17:08:26 vkim11-web kernel: acpiphp: Slot [57] registered
Nov  8 17:08:26 vkim11-web kernel: acpiphp: Slot [58] registered
Nov  8 17:08:26 vkim11-web kernel: acpiphp: Slot [59] registered
Nov  8 17:08:26 vkim11-web kernel: acpiphp: Slot [60] registered
Nov  8 17:08:26 vkim11-web kernel: acpiphp: Slot [61] registered
Nov  8 17:08:26 vkim11-web kernel: acpiphp: Slot [62] registered
Nov  8 17:08:26 vkim11-web kernel: acpiphp: Slot [63] registered
Nov  8 17:08:26 vkim11-web kernel: pci 0000:02:00.0: [15ad:0774] type 00 class 0x0c0300
Nov  8 17:08:26 vkim11-web kernel: pci 0000:02:00.0: reg 0x20: [io  0x2000-0x201f]
Nov  8 17:08:26 vkim11-web kernel: pci 0000:02:01.0: [15ad:0770] type 00 class 0x0c0320
Nov  8 17:08:26 vkim11-web kernel: pci 0000:02:01.0: reg 0x10: [mem 0xfd5ff000-0xfd5fffff]
Nov  8 17:08:26 vkim11-web kernel: pci 0000:02:03.0: [15ad:07e0] type 00 class 0x010601
Nov  8 17:08:26 vkim11-web kernel: pci 0000:02:03.0: reg 0x24: [mem 0xfd5fe000-0xfd5fefff]
Nov  8 17:08:26 vkim11-web kernel: pci 0000:02:03.0: reg 0x30: [mem 0x00000000-0x0000ffff pref]
Nov  8 17:08:26 vkim11-web kernel: pci 0000:02:03.0: PME# supported from D3hot
Nov  8 17:08:26 vkim11-web kernel: pci 0000:00:11.0: PCI bridge to [bus 02] (subtractive decode)
Nov  8 17:08:26 vkim11-web kernel: pci 0000:00:11.0:   bridge window [io  0x2000-0x3fff]
Nov  8 17:08:26 vkim11-web kernel: pci 0000:00:11.0:   bridge window [mem 0xfd500000-0xfdffffff]
Nov  8 17:08:26 vkim11-web kernel: pci 0000:00:11.0:   bridge window [mem 0xe7b00000-0xe7ffffff 64bit pref]
Nov  8 17:08:26 vkim11-web kernel: pci 0000:00:11.0:   bridge window [mem 0x000a0000-0x000bffff window] (subtractive decode)
Nov  8 17:08:26 vkim11-web kernel: pci 0000:00:11.0:   bridge window [mem 0x000d0000-0x000d3fff window] (subtractive decode)
Nov  8 17:08:26 vkim11-web kernel: pci 0000:00:11.0:   bridge window [mem 0x000d4000-0x000d7fff window] (subtractive decode)
Nov  8 17:08:26 vkim11-web kernel: pci 0000:00:11.0:   bridge window [mem 0x000d8000-0x000dbfff window] (subtractive decode)
Nov  8 17:08:26 vkim11-web kernel: pci 0000:00:11.0:   bridge window [mem 0x80000000-0xfebfffff window] (subtractive decode)
Nov  8 17:08:26 vkim11-web kernel: pci 0000:00:11.0:   bridge window [io  0x0000-0x0cf7 window] (subtractive decode)
Nov  8 17:08:26 vkim11-web kernel: pci 0000:00:11.0:   bridge window [io  0x0d00-0xfeff window] (subtractive decode)
Nov  8 17:08:26 vkim11-web kernel: pci 0000:03:00.0: [15ad:07c0] type 00 class 0x010700
Nov  8 17:08:26 vkim11-web kernel: pci 0000:03:00.0: reg 0x10: [io  0x4000-0x4007]
Nov  8 17:08:26 vkim11-web kernel: pci 0000:03:00.0: reg 0x14: [mem 0xfd4f8000-0xfd4fffff 64bit]
Nov  8 17:08:26 vkim11-web kernel: pci 0000:03:00.0: reg 0x30: [mem 0x00000000-0x0000ffff pref]
Nov  8 17:08:26 vkim11-web kernel: pci 0000:03:00.0: PME# supported from D0 D3hot D3cold
Nov  8 17:08:26 vkim11-web kernel: pci 0000:03:00.0: disabling ASPM on pre-1.1 PCIe device.  You can enable it with 'pcie_aspm=force'
Nov  8 17:08:26 vkim11-web kernel: pci 0000:00:15.0: PCI bridge to [bus 03]
Nov  8 17:08:26 vkim11-web kernel: pci 0000:00:15.0:   bridge window [io  0x4000-0x4fff]
Nov  8 17:08:26 vkim11-web kernel: pci 0000:00:15.0:   bridge window [mem 0xfd400000-0xfd4fffff]
Nov  8 17:08:26 vkim11-web kernel: pci 0000:00:15.1: PCI bridge to [bus 04]
Nov  8 17:08:26 vkim11-web kernel: pci 0000:00:15.1:   bridge window [io  0x8000-0x8fff]
Nov  8 17:08:26 vkim11-web kernel: pci 0000:00:15.1:   bridge window [mem 0xfd000000-0xfd0fffff]
Nov  8 17:08:26 vkim11-web kernel: pci 0000:00:15.1:   bridge window [mem 0xe7900000-0xe79fffff 64bit pref]
Nov  8 17:08:26 vkim11-web kernel: pci 0000:00:15.2: PCI bridge to [bus 05]
Nov  8 17:08:26 vkim11-web kernel: pci 0000:00:15.2:   bridge window [io  0xc000-0xcfff]
Nov  8 17:08:26 vkim11-web kernel: pci 0000:00:15.2:   bridge window [mem 0xfcc00000-0xfccfffff]
Nov  8 17:08:26 vkim11-web kernel: pci 0000:00:15.2:   bridge window [mem 0xe7500000-0xe75fffff 64bit pref]
Nov  8 17:08:26 vkim11-web kernel: pci 0000:00:15.3: PCI bridge to [bus 06]
Nov  8 17:08:26 vkim11-web kernel: pci 0000:00:15.3:   bridge window [mem 0xfc800000-0xfc8fffff]
Nov  8 17:08:26 vkim11-web kernel: pci 0000:00:15.3:   bridge window [mem 0xe7100000-0xe71fffff 64bit pref]
Nov  8 17:08:26 vkim11-web kernel: pci 0000:00:15.4: PCI bridge to [bus 07]
Nov  8 17:08:26 vkim11-web kernel: pci 0000:00:15.4:   bridge window [mem 0xfc400000-0xfc4fffff]
Nov  8 17:08:26 vkim11-web kernel: pci 0000:00:15.4:   bridge window [mem 0xe6d00000-0xe6dfffff 64bit pref]
Nov  8 17:08:26 vkim11-web kernel: pci 0000:00:15.5: PCI bridge to [bus 08]
Nov  8 17:08:26 vkim11-web kernel: pci 0000:00:15.5:   bridge window [mem 0xfc000000-0xfc0fffff]
Nov  8 17:08:26 vkim11-web kernel: pci 0000:00:15.5:   bridge window [mem 0xe6900000-0xe69fffff 64bit pref]
Nov  8 17:08:26 vkim11-web kernel: pci 0000:00:15.6: PCI bridge to [bus 09]
Nov  8 17:08:26 vkim11-web kernel: pci 0000:00:15.6:   bridge window [mem 0xfbc00000-0xfbcfffff]
Nov  8 17:08:26 vkim11-web kernel: pci 0000:00:15.6:   bridge window [mem 0xe6500000-0xe65fffff 64bit pref]
Nov  8 17:08:26 vkim11-web kernel: pci 0000:00:15.7: PCI bridge to [bus 0a]
Nov  8 17:08:26 vkim11-web kernel: pci 0000:00:15.7:   bridge window [mem 0xfb800000-0xfb8fffff]
Nov  8 17:08:26 vkim11-web kernel: pci 0000:00:15.7:   bridge window [mem 0xe6100000-0xe61fffff 64bit pref]
Nov  8 17:08:26 vkim11-web kernel: pci 0000:0b:00.0: [15ad:07b0] type 00 class 0x020000
Nov  8 17:08:26 vkim11-web kernel: pci 0000:0b:00.0: reg 0x10: [mem 0xfd3fc000-0xfd3fcfff]
Nov  8 17:08:26 vkim11-web kernel: pci 0000:0b:00.0: reg 0x14: [mem 0xfd3fd000-0xfd3fdfff]
Nov  8 17:08:26 vkim11-web kernel: pci 0000:0b:00.0: reg 0x18: [mem 0xfd3fe000-0xfd3fffff]
Nov  8 17:08:26 vkim11-web kernel: pci 0000:0b:00.0: reg 0x1c: [io  0x5000-0x500f]
Nov  8 17:08:26 vkim11-web kernel: pci 0000:0b:00.0: reg 0x30: [mem 0x00000000-0x0000ffff pref]
Nov  8 17:08:26 vkim11-web kernel: pci 0000:0b:00.0: supports D1 D2
Nov  8 17:08:26 vkim11-web kernel: pci 0000:0b:00.0: PME# supported from D0 D1 D2 D3hot D3cold
Nov  8 17:08:26 vkim11-web kernel: pci 0000:0b:00.0: disabling ASPM on pre-1.1 PCIe device.  You can enable it with 'pcie_aspm=force'
Nov  8 17:08:26 vkim11-web kernel: pci 0000:00:16.0: PCI bridge to [bus 0b]
Nov  8 17:08:26 vkim11-web kernel: pci 0000:00:16.0:   bridge window [io  0x5000-0x5fff]
Nov  8 17:08:26 vkim11-web kernel: pci 0000:00:16.0:   bridge window [mem 0xfd300000-0xfd3fffff]
Nov  8 17:08:26 vkim11-web kernel: pci 0000:00:16.1: PCI bridge to [bus 0c]
Nov  8 17:08:26 vkim11-web kernel: pci 0000:00:16.1:   bridge window [io  0x9000-0x9fff]
Nov  8 17:08:26 vkim11-web kernel: pci 0000:00:16.1:   bridge window [mem 0xfcf00000-0xfcffffff]
Nov  8 17:08:26 vkim11-web kernel: pci 0000:00:16.1:   bridge window [mem 0xe7800000-0xe78fffff 64bit pref]
Nov  8 17:08:26 vkim11-web kernel: pci 0000:00:16.2: PCI bridge to [bus 0d]
Nov  8 17:08:26 vkim11-web kernel: pci 0000:00:16.2:   bridge window [io  0xd000-0xdfff]
Nov  8 17:08:26 vkim11-web kernel: pci 0000:00:16.2:   bridge window [mem 0xfcb00000-0xfcbfffff]
Nov  8 17:08:26 vkim11-web kernel: pci 0000:00:16.2:   bridge window [mem 0xe7400000-0xe74fffff 64bit pref]
Nov  8 17:08:26 vkim11-web kernel: pci 0000:00:16.3: PCI bridge to [bus 0e]
Nov  8 17:08:26 vkim11-web kernel: pci 0000:00:16.3:   bridge window [mem 0xfc700000-0xfc7fffff]
Nov  8 17:08:26 vkim11-web kernel: pci 0000:00:16.3:   bridge window [mem 0xe7000000-0xe70fffff 64bit pref]
Nov  8 17:08:26 vkim11-web kernel: pci 0000:00:16.4: PCI bridge to [bus 0f]
Nov  8 17:08:26 vkim11-web kernel: pci 0000:00:16.4:   bridge window [mem 0xfc300000-0xfc3fffff]
Nov  8 17:08:26 vkim11-web kernel: pci 0000:00:16.4:   bridge window [mem 0xe6c00000-0xe6cfffff 64bit pref]
Nov  8 17:08:26 vkim11-web kernel: pci 0000:00:16.5: PCI bridge to [bus 10]
Nov  8 17:08:26 vkim11-web kernel: pci 0000:00:16.5:   bridge window [mem 0xfbf00000-0xfbffffff]
Nov  8 17:08:26 vkim11-web kernel: pci 0000:00:16.5:   bridge window [mem 0xe6800000-0xe68fffff 64bit pref]
Nov  8 17:08:26 vkim11-web kernel: pci 0000:00:16.6: PCI bridge to [bus 11]
Nov  8 17:08:26 vkim11-web kernel: pci 0000:00:16.6:   bridge window [mem 0xfbb00000-0xfbbfffff]
Nov  8 17:08:26 vkim11-web kernel: pci 0000:00:16.6:   bridge window [mem 0xe6400000-0xe64fffff 64bit pref]
Nov  8 17:08:26 vkim11-web kernel: pci 0000:00:16.7: PCI bridge to [bus 12]
Nov  8 17:08:26 vkim11-web kernel: pci 0000:00:16.7:   bridge window [mem 0xfb700000-0xfb7fffff]
Nov  8 17:08:26 vkim11-web kernel: pci 0000:00:16.7:   bridge window [mem 0xe6000000-0xe60fffff 64bit pref]
Nov  8 17:08:26 vkim11-web kernel: pci 0000:13:00.0: [15ad:07b0] type 00 class 0x020000
Nov  8 17:08:26 vkim11-web kernel: pci 0000:13:00.0: reg 0x10: [mem 0xfd2fc000-0xfd2fcfff]
Nov  8 17:08:26 vkim11-web kernel: pci 0000:13:00.0: reg 0x14: [mem 0xfd2fd000-0xfd2fdfff]
Nov  8 17:08:26 vkim11-web kernel: pci 0000:13:00.0: reg 0x18: [mem 0xfd2fe000-0xfd2fffff]
Nov  8 17:08:26 vkim11-web kernel: pci 0000:13:00.0: reg 0x1c: [io  0x6000-0x600f]
Nov  8 17:08:26 vkim11-web kernel: pci 0000:13:00.0: reg 0x30: [mem 0x00000000-0x0000ffff pref]
Nov  8 17:08:26 vkim11-web kernel: pci 0000:13:00.0: supports D1 D2
Nov  8 17:08:26 vkim11-web kernel: pci 0000:13:00.0: PME# supported from D0 D1 D2 D3hot D3cold
Nov  8 17:08:26 vkim11-web kernel: pci 0000:13:00.0: disabling ASPM on pre-1.1 PCIe device.  You can enable it with 'pcie_aspm=force'
Nov  8 17:08:26 vkim11-web kernel: pci 0000:00:17.0: PCI bridge to [bus 13]
Nov  8 17:08:26 vkim11-web kernel: pci 0000:00:17.0:   bridge window [io  0x6000-0x6fff]
Nov  8 17:08:26 vkim11-web kernel: pci 0000:00:17.0:   bridge window [mem 0xfd200000-0xfd2fffff]
Nov  8 17:08:26 vkim11-web kernel: pci 0000:00:17.1: PCI bridge to [bus 14]
Nov  8 17:08:26 vkim11-web kernel: pci 0000:00:17.1:   bridge window [io  0xa000-0xafff]
Nov  8 17:08:26 vkim11-web kernel: pci 0000:00:17.1:   bridge window [mem 0xfce00000-0xfcefffff]
Nov  8 17:08:26 vkim11-web kernel: pci 0000:00:17.1:   bridge window [mem 0xe7700000-0xe77fffff 64bit pref]
Nov  8 17:08:26 vkim11-web kernel: pci 0000:00:17.2: PCI bridge to [bus 15]
Nov  8 17:08:26 vkim11-web kernel: pci 0000:00:17.2:   bridge window [io  0xe000-0xefff]
Nov  8 17:08:26 vkim11-web kernel: pci 0000:00:17.2:   bridge window [mem 0xfca00000-0xfcafffff]
Nov  8 17:08:26 vkim11-web kernel: pci 0000:00:17.2:   bridge window [mem 0xe7300000-0xe73fffff 64bit pref]
Nov  8 17:08:26 vkim11-web kernel: pci 0000:00:17.3: PCI bridge to [bus 16]
Nov  8 17:08:26 vkim11-web kernel: pci 0000:00:17.3:   bridge window [mem 0xfc600000-0xfc6fffff]
Nov  8 17:08:26 vkim11-web kernel: pci 0000:00:17.3:   bridge window [mem 0xe6f00000-0xe6ffffff 64bit pref]
Nov  8 17:08:26 vkim11-web kernel: pci 0000:00:17.4: PCI bridge to [bus 17]
Nov  8 17:08:26 vkim11-web kernel: pci 0000:00:17.4:   bridge window [mem 0xfc200000-0xfc2fffff]
Nov  8 17:08:26 vkim11-web kernel: pci 0000:00:17.4:   bridge window [mem 0xe6b00000-0xe6bfffff 64bit pref]
Nov  8 17:08:26 vkim11-web kernel: pci 0000:00:17.5: PCI bridge to [bus 18]
Nov  8 17:08:26 vkim11-web kernel: pci 0000:00:17.5:   bridge window [mem 0xfbe00000-0xfbefffff]
Nov  8 17:08:26 vkim11-web kernel: pci 0000:00:17.5:   bridge window [mem 0xe6700000-0xe67fffff 64bit pref]
Nov  8 17:08:26 vkim11-web kernel: pci 0000:00:17.6: PCI bridge to [bus 19]
Nov  8 17:08:26 vkim11-web kernel: pci 0000:00:17.6:   bridge window [mem 0xfba00000-0xfbafffff]
Nov  8 17:08:26 vkim11-web kernel: pci 0000:00:17.6:   bridge window [mem 0xe6300000-0xe63fffff 64bit pref]
Nov  8 17:08:26 vkim11-web kernel: pci 0000:00:17.7: PCI bridge to [bus 1a]
Nov  8 17:08:26 vkim11-web kernel: pci 0000:00:17.7:   bridge window [mem 0xfb600000-0xfb6fffff]
Nov  8 17:08:26 vkim11-web kernel: pci 0000:00:17.7:   bridge window [mem 0xe5f00000-0xe5ffffff 64bit pref]
Nov  8 17:08:26 vkim11-web kernel: pci 0000:00:18.0: PCI bridge to [bus 1b]
Nov  8 17:08:26 vkim11-web kernel: pci 0000:00:18.0:   bridge window [io  0x7000-0x7fff]
Nov  8 17:08:26 vkim11-web kernel: pci 0000:00:18.0:   bridge window [mem 0xfd100000-0xfd1fffff]
Nov  8 17:08:26 vkim11-web kernel: pci 0000:00:18.0:   bridge window [mem 0xe7a00000-0xe7afffff 64bit pref]
Nov  8 17:08:26 vkim11-web kernel: pci 0000:00:18.1: PCI bridge to [bus 1c]
Nov  8 17:08:26 vkim11-web kernel: pci 0000:00:18.1:   bridge window [io  0xb000-0xbfff]
Nov  8 17:08:26 vkim11-web kernel: pci 0000:00:18.1:   bridge window [mem 0xfcd00000-0xfcdfffff]
Nov  8 17:08:26 vkim11-web kernel: pci 0000:00:18.1:   bridge window [mem 0xe7600000-0xe76fffff 64bit pref]
Nov  8 17:08:26 vkim11-web kernel: pci 0000:00:18.2: PCI bridge to [bus 1d]
Nov  8 17:08:26 vkim11-web kernel: pci 0000:00:18.2:   bridge window [mem 0xfc900000-0xfc9fffff]
Nov  8 17:08:26 vkim11-web kernel: pci 0000:00:18.2:   bridge window [mem 0xe7200000-0xe72fffff 64bit pref]
Nov  8 17:08:26 vkim11-web kernel: pci 0000:00:18.3: PCI bridge to [bus 1e]
Nov  8 17:08:26 vkim11-web kernel: pci 0000:00:18.3:   bridge window [mem 0xfc500000-0xfc5fffff]
Nov  8 17:08:26 vkim11-web kernel: pci 0000:00:18.3:   bridge window [mem 0xe6e00000-0xe6efffff 64bit pref]
Nov  8 17:08:26 vkim11-web kernel: pci 0000:00:18.4: PCI bridge to [bus 1f]
Nov  8 17:08:26 vkim11-web kernel: pci 0000:00:18.4:   bridge window [mem 0xfc100000-0xfc1fffff]
Nov  8 17:08:26 vkim11-web kernel: pci 0000:00:18.4:   bridge window [mem 0xe6a00000-0xe6afffff 64bit pref]
Nov  8 17:08:26 vkim11-web kernel: pci 0000:00:18.5: PCI bridge to [bus 20]
Nov  8 17:08:26 vkim11-web kernel: pci 0000:00:18.5:   bridge window [mem 0xfbd00000-0xfbdfffff]
Nov  8 17:08:26 vkim11-web kernel: pci 0000:00:18.5:   bridge window [mem 0xe6600000-0xe66fffff 64bit pref]
Nov  8 17:08:26 vkim11-web kernel: pci 0000:00:18.6: PCI bridge to [bus 21]
Nov  8 17:08:26 vkim11-web kernel: pci 0000:00:18.6:   bridge window [mem 0xfb900000-0xfb9fffff]
Nov  8 17:08:26 vkim11-web kernel: pci 0000:00:18.6:   bridge window [mem 0xe6200000-0xe62fffff 64bit pref]
Nov  8 17:08:26 vkim11-web kernel: pci 0000:00:18.7: PCI bridge to [bus 22]
Nov  8 17:08:26 vkim11-web kernel: pci 0000:00:18.7:   bridge window [mem 0xfb500000-0xfb5fffff]
Nov  8 17:08:26 vkim11-web kernel: pci 0000:00:18.7:   bridge window [mem 0xe5e00000-0xe5efffff 64bit pref]
Nov  8 17:08:26 vkim11-web kernel: ACPI: PCI Interrupt Link [LNKA] (IRQs 3 4 5 6 7 *9 10 11 14 15)
Nov  8 17:08:26 vkim11-web kernel: ACPI: PCI Interrupt Link [LNKB] (IRQs 3 4 5 6 *7 9 10 11 14 15)
Nov  8 17:08:26 vkim11-web kernel: ACPI: PCI Interrupt Link [LNKC] (IRQs 3 4 5 6 7 9 10 *11 14 15)
Nov  8 17:08:26 vkim11-web kernel: ACPI: PCI Interrupt Link [LNKD] (IRQs 3 4 5 6 7 9 *10 11 14 15)
Nov  8 17:08:26 vkim11-web kernel: iommu: Default domain type: Passthrough 
Nov  8 17:08:26 vkim11-web kernel: pci 0000:00:0f.0: vgaarb: setting as boot VGA device
Nov  8 17:08:26 vkim11-web kernel: pci 0000:00:0f.0: vgaarb: VGA device added: decodes=io+mem,owns=io+mem,locks=none
Nov  8 17:08:26 vkim11-web kernel: pci 0000:00:0f.0: vgaarb: bridge control possible
Nov  8 17:08:26 vkim11-web kernel: vgaarb: loaded
Nov  8 17:08:26 vkim11-web kernel: SCSI subsystem initialized
Nov  8 17:08:26 vkim11-web kernel: ACPI: bus type USB registered
Nov  8 17:08:26 vkim11-web kernel: usbcore: registered new interface driver usbfs
Nov  8 17:08:26 vkim11-web kernel: usbcore: registered new interface driver hub
Nov  8 17:08:26 vkim11-web kernel: usbcore: registered new device driver usb
Nov  8 17:08:26 vkim11-web kernel: pps_core: LinuxPPS API ver. 1 registered
Nov  8 17:08:26 vkim11-web kernel: pps_core: Software ver. 5.3.6 - Copyright 2005-2007 Rodolfo Giometti <giometti@linux.it>
Nov  8 17:08:26 vkim11-web kernel: PTP clock support registered
Nov  8 17:08:26 vkim11-web kernel: EDAC MC: Ver: 3.0.0
Nov  8 17:08:26 vkim11-web kernel: PCI: Using ACPI for IRQ routing
Nov  8 17:08:26 vkim11-web kernel: NetLabel: Initializing
Nov  8 17:08:26 vkim11-web kernel: NetLabel:  domain hash size = 128
Nov  8 17:08:26 vkim11-web kernel: NetLabel:  protocols = UNLABELED CIPSOv4 CALIPSO
Nov  8 17:08:26 vkim11-web kernel: NetLabel:  unlabeled traffic allowed by default
Nov  8 17:08:26 vkim11-web kernel: hpet0: at MMIO 0xfed00000, IRQs 2, 8, 0, 0, 0, 0, 0, 0, 0, 0, 0, 0, 0, 0, 0, 0
Nov  8 17:08:26 vkim11-web kernel: hpet0: 16 comparators, 64-bit 14.318180 MHz counter
Nov  8 17:08:26 vkim11-web kernel: clocksource: Switched to clocksource tsc-early
Nov  8 17:08:26 vkim11-web kernel: VFS: Disk quotas dquot_6.6.0
Nov  8 17:08:26 vkim11-web kernel: VFS: Dquot-cache hash table entries: 512 (order 0, 4096 bytes)
Nov  8 17:08:26 vkim11-web kernel: pnp: PnP ACPI init
Nov  8 17:08:26 vkim11-web kernel: system 00:00: [io  0x1000-0x103f] has been reserved
Nov  8 17:08:26 vkim11-web kernel: system 00:00: [io  0x1040-0x104f] has been reserved
Nov  8 17:08:26 vkim11-web kernel: system 00:00: [io  0x0cf0-0x0cf1] has been reserved
Nov  8 17:08:26 vkim11-web kernel: system 00:04: [mem 0xfed00000-0xfed003ff] has been reserved
Nov  8 17:08:26 vkim11-web kernel: system 00:05: [io  0xfce0-0xfcff] has been reserved
Nov  8 17:08:26 vkim11-web kernel: system 00:05: [mem 0xf0000000-0xf7ffffff] has been reserved
Nov  8 17:08:26 vkim11-web kernel: system 00:05: [mem 0xfe800000-0xfe9fffff] has been reserved
Nov  8 17:08:26 vkim11-web kernel: pnp: PnP ACPI: found 6 devices
Nov  8 17:08:26 vkim11-web kernel: clocksource: acpi_pm: mask: 0xffffff max_cycles: 0xffffff, max_idle_ns: 2085701024 ns
Nov  8 17:08:26 vkim11-web kernel: pci 0000:00:15.0: bridge window [mem 0x00100000-0x000fffff 64bit pref] to [bus 03] add_size 200000 add_align 100000
Nov  8 17:08:26 vkim11-web kernel: pci 0000:00:15.3: bridge window [io  0x1000-0x0fff] to [bus 06] add_size 1000
Nov  8 17:08:26 vkim11-web kernel: pci 0000:00:15.4: bridge window [io  0x1000-0x0fff] to [bus 07] add_size 1000
Nov  8 17:08:26 vkim11-web kernel: pci 0000:00:15.5: bridge window [io  0x1000-0x0fff] to [bus 08] add_size 1000
Nov  8 17:08:26 vkim11-web kernel: pci 0000:00:15.6: bridge window [io  0x1000-0x0fff] to [bus 09] add_size 1000
Nov  8 17:08:26 vkim11-web kernel: pci 0000:00:15.7: bridge window [io  0x1000-0x0fff] to [bus 0a] add_size 1000
Nov  8 17:08:26 vkim11-web kernel: pci 0000:00:16.0: bridge window [mem 0x00100000-0x000fffff 64bit pref] to [bus 0b] add_size 200000 add_align 100000
Nov  8 17:08:26 vkim11-web kernel: pci 0000:00:16.3: bridge window [io  0x1000-0x0fff] to [bus 0e] add_size 1000
Nov  8 17:08:26 vkim11-web kernel: pci 0000:00:16.4: bridge window [io  0x1000-0x0fff] to [bus 0f] add_size 1000
Nov  8 17:08:26 vkim11-web kernel: pci 0000:00:16.5: bridge window [io  0x1000-0x0fff] to [bus 10] add_size 1000
Nov  8 17:08:26 vkim11-web kernel: pci 0000:00:16.6: bridge window [io  0x1000-0x0fff] to [bus 11] add_size 1000
Nov  8 17:08:26 vkim11-web kernel: pci 0000:00:16.7: bridge window [io  0x1000-0x0fff] to [bus 12] add_size 1000
Nov  8 17:08:26 vkim11-web kernel: pci 0000:00:17.0: bridge window [mem 0x00100000-0x000fffff 64bit pref] to [bus 13] add_size 200000 add_align 100000
Nov  8 17:08:26 vkim11-web kernel: pci 0000:00:17.3: bridge window [io  0x1000-0x0fff] to [bus 16] add_size 1000
Nov  8 17:08:26 vkim11-web kernel: pci 0000:00:17.4: bridge window [io  0x1000-0x0fff] to [bus 17] add_size 1000
Nov  8 17:08:26 vkim11-web kernel: pci 0000:00:17.5: bridge window [io  0x1000-0x0fff] to [bus 18] add_size 1000
Nov  8 17:08:26 vkim11-web kernel: pci 0000:00:17.6: bridge window [io  0x1000-0x0fff] to [bus 19] add_size 1000
Nov  8 17:08:26 vkim11-web kernel: pci 0000:00:17.7: bridge window [io  0x1000-0x0fff] to [bus 1a] add_size 1000
Nov  8 17:08:26 vkim11-web kernel: pci 0000:00:18.2: bridge window [io  0x1000-0x0fff] to [bus 1d] add_size 1000
Nov  8 17:08:26 vkim11-web kernel: pci 0000:00:18.3: bridge window [io  0x1000-0x0fff] to [bus 1e] add_size 1000
Nov  8 17:08:26 vkim11-web kernel: pci 0000:00:18.4: bridge window [io  0x1000-0x0fff] to [bus 1f] add_size 1000
Nov  8 17:08:26 vkim11-web kernel: pci 0000:00:18.5: bridge window [io  0x1000-0x0fff] to [bus 20] add_size 1000
Nov  8 17:08:26 vkim11-web kernel: pci 0000:00:18.6: bridge window [io  0x1000-0x0fff] to [bus 21] add_size 1000
Nov  8 17:08:26 vkim11-web kernel: pci 0000:00:18.7: bridge window [io  0x1000-0x0fff] to [bus 22] add_size 1000
Nov  8 17:08:26 vkim11-web kernel: pci 0000:00:15.0: BAR 15: assigned [mem 0x80000000-0x801fffff 64bit pref]
Nov  8 17:08:26 vkim11-web kernel: pci 0000:00:16.0: BAR 15: assigned [mem 0x80200000-0x803fffff 64bit pref]
Nov  8 17:08:26 vkim11-web kernel: pci 0000:00:17.0: BAR 15: assigned [mem 0x80400000-0x805fffff 64bit pref]
Nov  8 17:08:26 vkim11-web kernel: pci 0000:00:0f.0: BAR 6: assigned [mem 0x80600000-0x80607fff pref]
Nov  8 17:08:26 vkim11-web kernel: pci 0000:00:15.3: BAR 13: no space for [io  size 0x1000]
Nov  8 17:08:26 vkim11-web kernel: pci 0000:00:15.3: BAR 13: failed to assign [io  size 0x1000]
Nov  8 17:08:26 vkim11-web kernel: pci 0000:00:15.4: BAR 13: no space for [io  size 0x1000]
Nov  8 17:08:26 vkim11-web kernel: pci 0000:00:15.4: BAR 13: failed to assign [io  size 0x1000]
Nov  8 17:08:26 vkim11-web kernel: pci 0000:00:15.5: BAR 13: no space for [io  size 0x1000]
Nov  8 17:08:26 vkim11-web kernel: pci 0000:00:15.5: BAR 13: failed to assign [io  size 0x1000]
Nov  8 17:08:26 vkim11-web kernel: pci 0000:00:15.6: BAR 13: no space for [io  size 0x1000]
Nov  8 17:08:26 vkim11-web kernel: pci 0000:00:15.6: BAR 13: failed to assign [io  size 0x1000]
Nov  8 17:08:26 vkim11-web kernel: pci 0000:00:15.7: BAR 13: no space for [io  size 0x1000]
Nov  8 17:08:26 vkim11-web kernel: pci 0000:00:15.7: BAR 13: failed to assign [io  size 0x1000]
Nov  8 17:08:26 vkim11-web kernel: pci 0000:00:16.3: BAR 13: no space for [io  size 0x1000]
Nov  8 17:08:26 vkim11-web kernel: pci 0000:00:16.3: BAR 13: failed to assign [io  size 0x1000]
Nov  8 17:08:26 vkim11-web kernel: pci 0000:00:16.4: BAR 13: no space for [io  size 0x1000]
Nov  8 17:08:26 vkim11-web kernel: pci 0000:00:16.4: BAR 13: failed to assign [io  size 0x1000]
Nov  8 17:08:26 vkim11-web kernel: pci 0000:00:16.5: BAR 13: no space for [io  size 0x1000]
Nov  8 17:08:26 vkim11-web kernel: pci 0000:00:16.5: BAR 13: failed to assign [io  size 0x1000]
Nov  8 17:08:26 vkim11-web kernel: pci 0000:00:16.6: BAR 13: no space for [io  size 0x1000]
Nov  8 17:08:26 vkim11-web kernel: pci 0000:00:16.6: BAR 13: failed to assign [io  size 0x1000]
Nov  8 17:08:26 vkim11-web kernel: pci 0000:00:16.7: BAR 13: no space for [io  size 0x1000]
Nov  8 17:08:26 vkim11-web kernel: pci 0000:00:16.7: BAR 13: failed to assign [io  size 0x1000]
Nov  8 17:08:26 vkim11-web kernel: pci 0000:00:17.3: BAR 13: no space for [io  size 0x1000]
Nov  8 17:08:26 vkim11-web kernel: pci 0000:00:17.3: BAR 13: failed to assign [io  size 0x1000]
Nov  8 17:08:26 vkim11-web kernel: pci 0000:00:17.4: BAR 13: no space for [io  size 0x1000]
Nov  8 17:08:26 vkim11-web kernel: pci 0000:00:17.4: BAR 13: failed to assign [io  size 0x1000]
Nov  8 17:08:26 vkim11-web kernel: pci 0000:00:17.5: BAR 13: no space for [io  size 0x1000]
Nov  8 17:08:26 vkim11-web kernel: pci 0000:00:17.5: BAR 13: failed to assign [io  size 0x1000]
Nov  8 17:08:26 vkim11-web kernel: pci 0000:00:17.6: BAR 13: no space for [io  size 0x1000]
Nov  8 17:08:26 vkim11-web kernel: pci 0000:00:17.6: BAR 13: failed to assign [io  size 0x1000]
Nov  8 17:08:26 vkim11-web kernel: pci 0000:00:17.7: BAR 13: no space for [io  size 0x1000]
Nov  8 17:08:26 vkim11-web kernel: pci 0000:00:17.7: BAR 13: failed to assign [io  size 0x1000]
Nov  8 17:08:26 vkim11-web kernel: pci 0000:00:18.2: BAR 13: no space for [io  size 0x1000]
Nov  8 17:08:26 vkim11-web kernel: pci 0000:00:18.2: BAR 13: failed to assign [io  size 0x1000]
Nov  8 17:08:26 vkim11-web kernel: pci 0000:00:18.3: BAR 13: no space for [io  size 0x1000]
Nov  8 17:08:26 vkim11-web kernel: pci 0000:00:18.3: BAR 13: failed to assign [io  size 0x1000]
Nov  8 17:08:26 vkim11-web kernel: pci 0000:00:18.4: BAR 13: no space for [io  size 0x1000]
Nov  8 17:08:26 vkim11-web kernel: pci 0000:00:18.4: BAR 13: failed to assign [io  size 0x1000]
Nov  8 17:08:26 vkim11-web kernel: pci 0000:00:18.5: BAR 13: no space for [io  size 0x1000]
Nov  8 17:08:26 vkim11-web kernel: pci 0000:00:18.5: BAR 13: failed to assign [io  size 0x1000]
Nov  8 17:08:26 vkim11-web kernel: pci 0000:00:18.6: BAR 13: no space for [io  size 0x1000]
Nov  8 17:08:26 vkim11-web kernel: pci 0000:00:18.6: BAR 13: failed to assign [io  size 0x1000]
Nov  8 17:08:26 vkim11-web kernel: pci 0000:00:18.7: BAR 13: no space for [io  size 0x1000]
Nov  8 17:08:26 vkim11-web kernel: pci 0000:00:18.7: BAR 13: failed to assign [io  size 0x1000]
Nov  8 17:08:26 vkim11-web kernel: pci 0000:00:18.7: BAR 13: no space for [io  size 0x1000]
Nov  8 17:08:26 vkim11-web kernel: pci 0000:00:18.7: BAR 13: failed to assign [io  size 0x1000]
Nov  8 17:08:26 vkim11-web kernel: pci 0000:00:18.6: BAR 13: no space for [io  size 0x1000]
Nov  8 17:08:26 vkim11-web kernel: pci 0000:00:18.6: BAR 13: failed to assign [io  size 0x1000]
Nov  8 17:08:26 vkim11-web kernel: pci 0000:00:18.5: BAR 13: no space for [io  size 0x1000]
Nov  8 17:08:26 vkim11-web kernel: pci 0000:00:18.5: BAR 13: failed to assign [io  size 0x1000]
Nov  8 17:08:26 vkim11-web kernel: pci 0000:00:18.4: BAR 13: no space for [io  size 0x1000]
Nov  8 17:08:26 vkim11-web kernel: pci 0000:00:18.4: BAR 13: failed to assign [io  size 0x1000]
Nov  8 17:08:26 vkim11-web kernel: pci 0000:00:18.3: BAR 13: no space for [io  size 0x1000]
Nov  8 17:08:26 vkim11-web kernel: pci 0000:00:18.3: BAR 13: failed to assign [io  size 0x1000]
Nov  8 17:08:26 vkim11-web kernel: pci 0000:00:18.2: BAR 13: no space for [io  size 0x1000]
Nov  8 17:08:26 vkim11-web kernel: pci 0000:00:18.2: BAR 13: failed to assign [io  size 0x1000]
Nov  8 17:08:26 vkim11-web kernel: pci 0000:00:17.7: BAR 13: no space for [io  size 0x1000]
Nov  8 17:08:26 vkim11-web kernel: pci 0000:00:17.7: BAR 13: failed to assign [io  size 0x1000]
Nov  8 17:08:26 vkim11-web kernel: pci 0000:00:17.6: BAR 13: no space for [io  size 0x1000]
Nov  8 17:08:26 vkim11-web kernel: pci 0000:00:17.6: BAR 13: failed to assign [io  size 0x1000]
Nov  8 17:08:26 vkim11-web kernel: pci 0000:00:17.5: BAR 13: no space for [io  size 0x1000]
Nov  8 17:08:26 vkim11-web kernel: pci 0000:00:17.5: BAR 13: failed to assign [io  size 0x1000]
Nov  8 17:08:26 vkim11-web kernel: pci 0000:00:17.4: BAR 13: no space for [io  size 0x1000]
Nov  8 17:08:26 vkim11-web kernel: pci 0000:00:17.4: BAR 13: failed to assign [io  size 0x1000]
Nov  8 17:08:26 vkim11-web kernel: pci 0000:00:17.3: BAR 13: no space for [io  size 0x1000]
Nov  8 17:08:26 vkim11-web kernel: pci 0000:00:17.3: BAR 13: failed to assign [io  size 0x1000]
Nov  8 17:08:26 vkim11-web kernel: pci 0000:00:16.7: BAR 13: no space for [io  size 0x1000]
Nov  8 17:08:26 vkim11-web kernel: pci 0000:00:16.7: BAR 13: failed to assign [io  size 0x1000]
Nov  8 17:08:26 vkim11-web kernel: pci 0000:00:16.6: BAR 13: no space for [io  size 0x1000]
Nov  8 17:08:26 vkim11-web kernel: pci 0000:00:16.6: BAR 13: failed to assign [io  size 0x1000]
Nov  8 17:08:26 vkim11-web kernel: pci 0000:00:16.5: BAR 13: no space for [io  size 0x1000]
Nov  8 17:08:26 vkim11-web kernel: pci 0000:00:16.5: BAR 13: failed to assign [io  size 0x1000]
Nov  8 17:08:26 vkim11-web kernel: pci 0000:00:16.4: BAR 13: no space for [io  size 0x1000]
Nov  8 17:08:26 vkim11-web kernel: pci 0000:00:16.4: BAR 13: failed to assign [io  size 0x1000]
Nov  8 17:08:26 vkim11-web kernel: pci 0000:00:16.3: BAR 13: no space for [io  size 0x1000]
Nov  8 17:08:26 vkim11-web kernel: pci 0000:00:16.3: BAR 13: failed to assign [io  size 0x1000]
Nov  8 17:08:26 vkim11-web kernel: pci 0000:00:15.7: BAR 13: no space for [io  size 0x1000]
Nov  8 17:08:26 vkim11-web kernel: pci 0000:00:15.7: BAR 13: failed to assign [io  size 0x1000]
Nov  8 17:08:26 vkim11-web kernel: pci 0000:00:15.6: BAR 13: no space for [io  size 0x1000]
Nov  8 17:08:26 vkim11-web kernel: pci 0000:00:15.6: BAR 13: failed to assign [io  size 0x1000]
Nov  8 17:08:26 vkim11-web kernel: pci 0000:00:15.5: BAR 13: no space for [io  size 0x1000]
Nov  8 17:08:26 vkim11-web kernel: pci 0000:00:15.5: BAR 13: failed to assign [io  size 0x1000]
Nov  8 17:08:26 vkim11-web kernel: pci 0000:00:15.4: BAR 13: no space for [io  size 0x1000]
Nov  8 17:08:26 vkim11-web kernel: pci 0000:00:15.4: BAR 13: failed to assign [io  size 0x1000]
Nov  8 17:08:26 vkim11-web kernel: pci 0000:00:15.3: BAR 13: no space for [io  size 0x1000]
Nov  8 17:08:26 vkim11-web kernel: pci 0000:00:15.3: BAR 13: failed to assign [io  size 0x1000]
Nov  8 17:08:26 vkim11-web kernel: pci 0000:00:01.0: PCI bridge to [bus 01]
Nov  8 17:08:26 vkim11-web kernel: pci 0000:02:03.0: BAR 6: assigned [mem 0xfd500000-0xfd50ffff pref]
Nov  8 17:08:26 vkim11-web kernel: pci 0000:00:11.0: PCI bridge to [bus 02]
Nov  8 17:08:26 vkim11-web kernel: pci 0000:00:11.0:   bridge window [io  0x2000-0x3fff]
Nov  8 17:08:26 vkim11-web kernel: pci 0000:00:11.0:   bridge window [mem 0xfd500000-0xfdffffff]
Nov  8 17:08:26 vkim11-web kernel: pci 0000:00:11.0:   bridge window [mem 0xe7b00000-0xe7ffffff 64bit pref]
Nov  8 17:08:26 vkim11-web kernel: pci 0000:03:00.0: BAR 6: assigned [mem 0xfd400000-0xfd40ffff pref]
Nov  8 17:08:26 vkim11-web kernel: pci 0000:00:15.0: PCI bridge to [bus 03]
Nov  8 17:08:26 vkim11-web kernel: pci 0000:00:15.0:   bridge window [io  0x4000-0x4fff]
Nov  8 17:08:26 vkim11-web kernel: pci 0000:00:15.0:   bridge window [mem 0xfd400000-0xfd4fffff]
Nov  8 17:08:26 vkim11-web kernel: pci 0000:00:15.0:   bridge window [mem 0x80000000-0x801fffff 64bit pref]
Nov  8 17:08:26 vkim11-web kernel: pci 0000:00:15.1: PCI bridge to [bus 04]
Nov  8 17:08:26 vkim11-web kernel: pci 0000:00:15.1:   bridge window [io  0x8000-0x8fff]
Nov  8 17:08:26 vkim11-web kernel: pci 0000:00:15.1:   bridge window [mem 0xfd000000-0xfd0fffff]
Nov  8 17:08:26 vkim11-web kernel: pci 0000:00:15.1:   bridge window [mem 0xe7900000-0xe79fffff 64bit pref]
Nov  8 17:08:26 vkim11-web kernel: pci 0000:00:15.2: PCI bridge to [bus 05]
Nov  8 17:08:26 vkim11-web kernel: pci 0000:00:15.2:   bridge window [io  0xc000-0xcfff]
Nov  8 17:08:26 vkim11-web kernel: pci 0000:00:15.2:   bridge window [mem 0xfcc00000-0xfccfffff]
Nov  8 17:08:26 vkim11-web kernel: pci 0000:00:15.2:   bridge window [mem 0xe7500000-0xe75fffff 64bit pref]
Nov  8 17:08:26 vkim11-web kernel: pci 0000:00:15.3: PCI bridge to [bus 06]
Nov  8 17:08:26 vkim11-web kernel: pci 0000:00:15.3:   bridge window [mem 0xfc800000-0xfc8fffff]
Nov  8 17:08:26 vkim11-web kernel: pci 0000:00:15.3:   bridge window [mem 0xe7100000-0xe71fffff 64bit pref]
Nov  8 17:08:26 vkim11-web kernel: pci 0000:00:15.4: PCI bridge to [bus 07]
Nov  8 17:08:26 vkim11-web kernel: pci 0000:00:15.4:   bridge window [mem 0xfc400000-0xfc4fffff]
Nov  8 17:08:26 vkim11-web kernel: pci 0000:00:15.4:   bridge window [mem 0xe6d00000-0xe6dfffff 64bit pref]
Nov  8 17:08:26 vkim11-web kernel: pci 0000:00:15.5: PCI bridge to [bus 08]
Nov  8 17:08:26 vkim11-web kernel: pci 0000:00:15.5:   bridge window [mem 0xfc000000-0xfc0fffff]
Nov  8 17:08:26 vkim11-web kernel: pci 0000:00:15.5:   bridge window [mem 0xe6900000-0xe69fffff 64bit pref]
Nov  8 17:08:26 vkim11-web kernel: pci 0000:00:15.6: PCI bridge to [bus 09]
Nov  8 17:08:26 vkim11-web kernel: pci 0000:00:15.6:   bridge window [mem 0xfbc00000-0xfbcfffff]
Nov  8 17:08:26 vkim11-web kernel: pci 0000:00:15.6:   bridge window [mem 0xe6500000-0xe65fffff 64bit pref]
Nov  8 17:08:26 vkim11-web kernel: pci 0000:00:15.7: PCI bridge to [bus 0a]
Nov  8 17:08:26 vkim11-web kernel: pci 0000:00:15.7:   bridge window [mem 0xfb800000-0xfb8fffff]
Nov  8 17:08:26 vkim11-web kernel: pci 0000:00:15.7:   bridge window [mem 0xe6100000-0xe61fffff 64bit pref]
Nov  8 17:08:26 vkim11-web kernel: pci 0000:0b:00.0: BAR 6: assigned [mem 0xfd300000-0xfd30ffff pref]
Nov  8 17:08:26 vkim11-web kernel: pci 0000:00:16.0: PCI bridge to [bus 0b]
Nov  8 17:08:26 vkim11-web kernel: pci 0000:00:16.0:   bridge window [io  0x5000-0x5fff]
Nov  8 17:08:26 vkim11-web kernel: pci 0000:00:16.0:   bridge window [mem 0xfd300000-0xfd3fffff]
Nov  8 17:08:26 vkim11-web kernel: pci 0000:00:16.0:   bridge window [mem 0x80200000-0x803fffff 64bit pref]
Nov  8 17:08:26 vkim11-web kernel: pci 0000:00:16.1: PCI bridge to [bus 0c]
Nov  8 17:08:26 vkim11-web kernel: pci 0000:00:16.1:   bridge window [io  0x9000-0x9fff]
Nov  8 17:08:26 vkim11-web kernel: pci 0000:00:16.1:   bridge window [mem 0xfcf00000-0xfcffffff]
Nov  8 17:08:26 vkim11-web kernel: pci 0000:00:16.1:   bridge window [mem 0xe7800000-0xe78fffff 64bit pref]
Nov  8 17:08:26 vkim11-web kernel: pci 0000:00:16.2: PCI bridge to [bus 0d]
Nov  8 17:08:26 vkim11-web kernel: pci 0000:00:16.2:   bridge window [io  0xd000-0xdfff]
Nov  8 17:08:26 vkim11-web kernel: pci 0000:00:16.2:   bridge window [mem 0xfcb00000-0xfcbfffff]
Nov  8 17:08:26 vkim11-web kernel: pci 0000:00:16.2:   bridge window [mem 0xe7400000-0xe74fffff 64bit pref]
Nov  8 17:08:26 vkim11-web kernel: pci 0000:00:16.3: PCI bridge to [bus 0e]
Nov  8 17:08:26 vkim11-web kernel: pci 0000:00:16.3:   bridge window [mem 0xfc700000-0xfc7fffff]
Nov  8 17:08:26 vkim11-web kernel: pci 0000:00:16.3:   bridge window [mem 0xe7000000-0xe70fffff 64bit pref]
Nov  8 17:08:26 vkim11-web kernel: pci 0000:00:16.4: PCI bridge to [bus 0f]
Nov  8 17:08:26 vkim11-web kernel: pci 0000:00:16.4:   bridge window [mem 0xfc300000-0xfc3fffff]
Nov  8 17:08:26 vkim11-web kernel: pci 0000:00:16.4:   bridge window [mem 0xe6c00000-0xe6cfffff 64bit pref]
Nov  8 17:08:26 vkim11-web kernel: pci 0000:00:16.5: PCI bridge to [bus 10]
Nov  8 17:08:26 vkim11-web kernel: pci 0000:00:16.5:   bridge window [mem 0xfbf00000-0xfbffffff]
Nov  8 17:08:26 vkim11-web kernel: pci 0000:00:16.5:   bridge window [mem 0xe6800000-0xe68fffff 64bit pref]
Nov  8 17:08:26 vkim11-web kernel: pci 0000:00:16.6: PCI bridge to [bus 11]
Nov  8 17:08:26 vkim11-web kernel: pci 0000:00:16.6:   bridge window [mem 0xfbb00000-0xfbbfffff]
Nov  8 17:08:26 vkim11-web kernel: pci 0000:00:16.6:   bridge window [mem 0xe6400000-0xe64fffff 64bit pref]
Nov  8 17:08:26 vkim11-web kernel: pci 0000:00:16.7: PCI bridge to [bus 12]
Nov  8 17:08:26 vkim11-web kernel: pci 0000:00:16.7:   bridge window [mem 0xfb700000-0xfb7fffff]
Nov  8 17:08:26 vkim11-web kernel: pci 0000:00:16.7:   bridge window [mem 0xe6000000-0xe60fffff 64bit pref]
Nov  8 17:08:26 vkim11-web kernel: pci 0000:13:00.0: BAR 6: assigned [mem 0xfd200000-0xfd20ffff pref]
Nov  8 17:08:26 vkim11-web kernel: pci 0000:00:17.0: PCI bridge to [bus 13]
Nov  8 17:08:26 vkim11-web kernel: pci 0000:00:17.0:   bridge window [io  0x6000-0x6fff]
Nov  8 17:08:26 vkim11-web kernel: pci 0000:00:17.0:   bridge window [mem 0xfd200000-0xfd2fffff]
Nov  8 17:08:26 vkim11-web kernel: pci 0000:00:17.0:   bridge window [mem 0x80400000-0x805fffff 64bit pref]
Nov  8 17:08:26 vkim11-web kernel: pci 0000:00:17.1: PCI bridge to [bus 14]
Nov  8 17:08:26 vkim11-web kernel: pci 0000:00:17.1:   bridge window [io  0xa000-0xafff]
Nov  8 17:08:26 vkim11-web kernel: pci 0000:00:17.1:   bridge window [mem 0xfce00000-0xfcefffff]
Nov  8 17:08:26 vkim11-web kernel: pci 0000:00:17.1:   bridge window [mem 0xe7700000-0xe77fffff 64bit pref]
Nov  8 17:08:26 vkim11-web kernel: pci 0000:00:17.2: PCI bridge to [bus 15]
Nov  8 17:08:26 vkim11-web kernel: pci 0000:00:17.2:   bridge window [io  0xe000-0xefff]
Nov  8 17:08:26 vkim11-web kernel: pci 0000:00:17.2:   bridge window [mem 0xfca00000-0xfcafffff]
Nov  8 17:08:26 vkim11-web kernel: pci 0000:00:17.2:   bridge window [mem 0xe7300000-0xe73fffff 64bit pref]
Nov  8 17:08:26 vkim11-web kernel: pci 0000:00:17.3: PCI bridge to [bus 16]
Nov  8 17:08:26 vkim11-web kernel: pci 0000:00:17.3:   bridge window [mem 0xfc600000-0xfc6fffff]
Nov  8 17:08:26 vkim11-web kernel: pci 0000:00:17.3:   bridge window [mem 0xe6f00000-0xe6ffffff 64bit pref]
Nov  8 17:08:26 vkim11-web kernel: pci 0000:00:17.4: PCI bridge to [bus 17]
Nov  8 17:08:26 vkim11-web kernel: pci 0000:00:17.4:   bridge window [mem 0xfc200000-0xfc2fffff]
Nov  8 17:08:26 vkim11-web kernel: pci 0000:00:17.4:   bridge window [mem 0xe6b00000-0xe6bfffff 64bit pref]
Nov  8 17:08:26 vkim11-web kernel: pci 0000:00:17.5: PCI bridge to [bus 18]
Nov  8 17:08:26 vkim11-web kernel: pci 0000:00:17.5:   bridge window [mem 0xfbe00000-0xfbefffff]
Nov  8 17:08:26 vkim11-web kernel: pci 0000:00:17.5:   bridge window [mem 0xe6700000-0xe67fffff 64bit pref]
Nov  8 17:08:26 vkim11-web kernel: pci 0000:00:17.6: PCI bridge to [bus 19]
Nov  8 17:08:26 vkim11-web kernel: pci 0000:00:17.6:   bridge window [mem 0xfba00000-0xfbafffff]
Nov  8 17:08:26 vkim11-web kernel: pci 0000:00:17.6:   bridge window [mem 0xe6300000-0xe63fffff 64bit pref]
Nov  8 17:08:26 vkim11-web kernel: pci 0000:00:17.7: PCI bridge to [bus 1a]
Nov  8 17:08:26 vkim11-web kernel: pci 0000:00:17.7:   bridge window [mem 0xfb600000-0xfb6fffff]
Nov  8 17:08:26 vkim11-web kernel: pci 0000:00:17.7:   bridge window [mem 0xe5f00000-0xe5ffffff 64bit pref]
Nov  8 17:08:26 vkim11-web kernel: pci 0000:00:18.0: PCI bridge to [bus 1b]
Nov  8 17:08:26 vkim11-web kernel: pci 0000:00:18.0:   bridge window [io  0x7000-0x7fff]
Nov  8 17:08:26 vkim11-web kernel: pci 0000:00:18.0:   bridge window [mem 0xfd100000-0xfd1fffff]
Nov  8 17:08:26 vkim11-web kernel: pci 0000:00:18.0:   bridge window [mem 0xe7a00000-0xe7afffff 64bit pref]
Nov  8 17:08:26 vkim11-web kernel: pci 0000:00:18.1: PCI bridge to [bus 1c]
Nov  8 17:08:26 vkim11-web kernel: pci 0000:00:18.1:   bridge window [io  0xb000-0xbfff]
Nov  8 17:08:26 vkim11-web kernel: pci 0000:00:18.1:   bridge window [mem 0xfcd00000-0xfcdfffff]
Nov  8 17:08:26 vkim11-web kernel: pci 0000:00:18.1:   bridge window [mem 0xe7600000-0xe76fffff 64bit pref]
Nov  8 17:08:26 vkim11-web kernel: pci 0000:00:18.2: PCI bridge to [bus 1d]
Nov  8 17:08:26 vkim11-web kernel: pci 0000:00:18.2:   bridge window [mem 0xfc900000-0xfc9fffff]
Nov  8 17:08:26 vkim11-web kernel: pci 0000:00:18.2:   bridge window [mem 0xe7200000-0xe72fffff 64bit pref]
Nov  8 17:08:26 vkim11-web kernel: pci 0000:00:18.3: PCI bridge to [bus 1e]
Nov  8 17:08:26 vkim11-web kernel: pci 0000:00:18.3:   bridge window [mem 0xfc500000-0xfc5fffff]
Nov  8 17:08:26 vkim11-web kernel: pci 0000:00:18.3:   bridge window [mem 0xe6e00000-0xe6efffff 64bit pref]
Nov  8 17:08:26 vkim11-web kernel: pci 0000:00:18.4: PCI bridge to [bus 1f]
Nov  8 17:08:26 vkim11-web kernel: pci 0000:00:18.4:   bridge window [mem 0xfc100000-0xfc1fffff]
Nov  8 17:08:26 vkim11-web kernel: pci 0000:00:18.4:   bridge window [mem 0xe6a00000-0xe6afffff 64bit pref]
Nov  8 17:08:26 vkim11-web kernel: pci 0000:00:18.5: PCI bridge to [bus 20]
Nov  8 17:08:26 vkim11-web kernel: pci 0000:00:18.5:   bridge window [mem 0xfbd00000-0xfbdfffff]
Nov  8 17:08:26 vkim11-web kernel: pci 0000:00:18.5:   bridge window [mem 0xe6600000-0xe66fffff 64bit pref]
Nov  8 17:08:26 vkim11-web kernel: pci 0000:00:18.6: PCI bridge to [bus 21]
Nov  8 17:08:26 vkim11-web kernel: pci 0000:00:18.6:   bridge window [mem 0xfb900000-0xfb9fffff]
Nov  8 17:08:26 vkim11-web kernel: pci 0000:00:18.6:   bridge window [mem 0xe6200000-0xe62fffff 64bit pref]
Nov  8 17:08:26 vkim11-web kernel: pci 0000:00:18.7: PCI bridge to [bus 22]
Nov  8 17:08:26 vkim11-web kernel: pci 0000:00:18.7:   bridge window [mem 0xfb500000-0xfb5fffff]
Nov  8 17:08:26 vkim11-web kernel: pci 0000:00:18.7:   bridge window [mem 0xe5e00000-0xe5efffff 64bit pref]
Nov  8 17:08:26 vkim11-web kernel: pci_bus 0000:00: resource 4 [mem 0x000a0000-0x000bffff window]
Nov  8 17:08:26 vkim11-web kernel: pci_bus 0000:00: resource 5 [mem 0x000d0000-0x000d3fff window]
Nov  8 17:08:26 vkim11-web kernel: pci_bus 0000:00: resource 6 [mem 0x000d4000-0x000d7fff window]
Nov  8 17:08:26 vkim11-web kernel: pci_bus 0000:00: resource 7 [mem 0x000d8000-0x000dbfff window]
Nov  8 17:08:26 vkim11-web kernel: pci_bus 0000:00: resource 8 [mem 0x80000000-0xfebfffff window]
Nov  8 17:08:26 vkim11-web kernel: pci_bus 0000:00: resource 9 [io  0x0000-0x0cf7 window]
Nov  8 17:08:26 vkim11-web kernel: pci_bus 0000:00: resource 10 [io  0x0d00-0xfeff window]
Nov  8 17:08:26 vkim11-web kernel: pci_bus 0000:02: resource 0 [io  0x2000-0x3fff]
Nov  8 17:08:26 vkim11-web kernel: pci_bus 0000:02: resource 1 [mem 0xfd500000-0xfdffffff]
Nov  8 17:08:26 vkim11-web kernel: pci_bus 0000:02: resource 2 [mem 0xe7b00000-0xe7ffffff 64bit pref]
Nov  8 17:08:26 vkim11-web kernel: pci_bus 0000:02: resource 4 [mem 0x000a0000-0x000bffff window]
Nov  8 17:08:26 vkim11-web kernel: pci_bus 0000:02: resource 5 [mem 0x000d0000-0x000d3fff window]
Nov  8 17:08:26 vkim11-web kernel: pci_bus 0000:02: resource 6 [mem 0x000d4000-0x000d7fff window]
Nov  8 17:08:26 vkim11-web kernel: pci_bus 0000:02: resource 7 [mem 0x000d8000-0x000dbfff window]
Nov  8 17:08:26 vkim11-web kernel: pci_bus 0000:02: resource 8 [mem 0x80000000-0xfebfffff window]
Nov  8 17:08:26 vkim11-web kernel: pci_bus 0000:02: resource 9 [io  0x0000-0x0cf7 window]
Nov  8 17:08:26 vkim11-web kernel: pci_bus 0000:02: resource 10 [io  0x0d00-0xfeff window]
Nov  8 17:08:26 vkim11-web kernel: pci_bus 0000:03: resource 0 [io  0x4000-0x4fff]
Nov  8 17:08:26 vkim11-web kernel: pci_bus 0000:03: resource 1 [mem 0xfd400000-0xfd4fffff]
Nov  8 17:08:26 vkim11-web kernel: pci_bus 0000:03: resource 2 [mem 0x80000000-0x801fffff 64bit pref]
Nov  8 17:08:26 vkim11-web kernel: pci_bus 0000:04: resource 0 [io  0x8000-0x8fff]
Nov  8 17:08:26 vkim11-web kernel: pci_bus 0000:04: resource 1 [mem 0xfd000000-0xfd0fffff]
Nov  8 17:08:26 vkim11-web kernel: pci_bus 0000:04: resource 2 [mem 0xe7900000-0xe79fffff 64bit pref]
Nov  8 17:08:26 vkim11-web kernel: pci_bus 0000:05: resource 0 [io  0xc000-0xcfff]
Nov  8 17:08:26 vkim11-web kernel: pci_bus 0000:05: resource 1 [mem 0xfcc00000-0xfccfffff]
Nov  8 17:08:26 vkim11-web kernel: pci_bus 0000:05: resource 2 [mem 0xe7500000-0xe75fffff 64bit pref]
Nov  8 17:08:26 vkim11-web kernel: pci_bus 0000:06: resource 1 [mem 0xfc800000-0xfc8fffff]
Nov  8 17:08:26 vkim11-web kernel: pci_bus 0000:06: resource 2 [mem 0xe7100000-0xe71fffff 64bit pref]
Nov  8 17:08:26 vkim11-web kernel: pci_bus 0000:07: resource 1 [mem 0xfc400000-0xfc4fffff]
Nov  8 17:08:26 vkim11-web kernel: pci_bus 0000:07: resource 2 [mem 0xe6d00000-0xe6dfffff 64bit pref]
Nov  8 17:08:26 vkim11-web kernel: pci_bus 0000:08: resource 1 [mem 0xfc000000-0xfc0fffff]
Nov  8 17:08:26 vkim11-web kernel: pci_bus 0000:08: resource 2 [mem 0xe6900000-0xe69fffff 64bit pref]
Nov  8 17:08:26 vkim11-web kernel: pci_bus 0000:09: resource 1 [mem 0xfbc00000-0xfbcfffff]
Nov  8 17:08:26 vkim11-web kernel: pci_bus 0000:09: resource 2 [mem 0xe6500000-0xe65fffff 64bit pref]
Nov  8 17:08:26 vkim11-web kernel: pci_bus 0000:0a: resource 1 [mem 0xfb800000-0xfb8fffff]
Nov  8 17:08:26 vkim11-web kernel: pci_bus 0000:0a: resource 2 [mem 0xe6100000-0xe61fffff 64bit pref]
Nov  8 17:08:26 vkim11-web kernel: pci_bus 0000:0b: resource 0 [io  0x5000-0x5fff]
Nov  8 17:08:26 vkim11-web kernel: pci_bus 0000:0b: resource 1 [mem 0xfd300000-0xfd3fffff]
Nov  8 17:08:26 vkim11-web kernel: pci_bus 0000:0b: resource 2 [mem 0x80200000-0x803fffff 64bit pref]
Nov  8 17:08:26 vkim11-web kernel: pci_bus 0000:0c: resource 0 [io  0x9000-0x9fff]
Nov  8 17:08:26 vkim11-web kernel: pci_bus 0000:0c: resource 1 [mem 0xfcf00000-0xfcffffff]
Nov  8 17:08:26 vkim11-web kernel: pci_bus 0000:0c: resource 2 [mem 0xe7800000-0xe78fffff 64bit pref]
Nov  8 17:08:26 vkim11-web kernel: pci_bus 0000:0d: resource 0 [io  0xd000-0xdfff]
Nov  8 17:08:26 vkim11-web kernel: pci_bus 0000:0d: resource 1 [mem 0xfcb00000-0xfcbfffff]
Nov  8 17:08:26 vkim11-web kernel: pci_bus 0000:0d: resource 2 [mem 0xe7400000-0xe74fffff 64bit pref]
Nov  8 17:08:26 vkim11-web kernel: pci_bus 0000:0e: resource 1 [mem 0xfc700000-0xfc7fffff]
Nov  8 17:08:26 vkim11-web kernel: pci_bus 0000:0e: resource 2 [mem 0xe7000000-0xe70fffff 64bit pref]
Nov  8 17:08:26 vkim11-web kernel: pci_bus 0000:0f: resource 1 [mem 0xfc300000-0xfc3fffff]
Nov  8 17:08:26 vkim11-web kernel: pci_bus 0000:0f: resource 2 [mem 0xe6c00000-0xe6cfffff 64bit pref]
Nov  8 17:08:26 vkim11-web kernel: pci_bus 0000:10: resource 1 [mem 0xfbf00000-0xfbffffff]
Nov  8 17:08:26 vkim11-web kernel: pci_bus 0000:10: resource 2 [mem 0xe6800000-0xe68fffff 64bit pref]
Nov  8 17:08:26 vkim11-web kernel: pci_bus 0000:11: resource 1 [mem 0xfbb00000-0xfbbfffff]
Nov  8 17:08:26 vkim11-web kernel: pci_bus 0000:11: resource 2 [mem 0xe6400000-0xe64fffff 64bit pref]
Nov  8 17:08:26 vkim11-web kernel: pci_bus 0000:12: resource 1 [mem 0xfb700000-0xfb7fffff]
Nov  8 17:08:26 vkim11-web kernel: pci_bus 0000:12: resource 2 [mem 0xe6000000-0xe60fffff 64bit pref]
Nov  8 17:08:26 vkim11-web kernel: pci_bus 0000:13: resource 0 [io  0x6000-0x6fff]
Nov  8 17:08:26 vkim11-web kernel: pci_bus 0000:13: resource 1 [mem 0xfd200000-0xfd2fffff]
Nov  8 17:08:26 vkim11-web kernel: pci_bus 0000:13: resource 2 [mem 0x80400000-0x805fffff 64bit pref]
Nov  8 17:08:26 vkim11-web kernel: pci_bus 0000:14: resource 0 [io  0xa000-0xafff]
Nov  8 17:08:26 vkim11-web kernel: pci_bus 0000:14: resource 1 [mem 0xfce00000-0xfcefffff]
Nov  8 17:08:26 vkim11-web kernel: pci_bus 0000:14: resource 2 [mem 0xe7700000-0xe77fffff 64bit pref]
Nov  8 17:08:26 vkim11-web kernel: pci_bus 0000:15: resource 0 [io  0xe000-0xefff]
Nov  8 17:08:26 vkim11-web kernel: pci_bus 0000:15: resource 1 [mem 0xfca00000-0xfcafffff]
Nov  8 17:08:26 vkim11-web kernel: pci_bus 0000:15: resource 2 [mem 0xe7300000-0xe73fffff 64bit pref]
Nov  8 17:08:26 vkim11-web kernel: pci_bus 0000:16: resource 1 [mem 0xfc600000-0xfc6fffff]
Nov  8 17:08:26 vkim11-web kernel: pci_bus 0000:16: resource 2 [mem 0xe6f00000-0xe6ffffff 64bit pref]
Nov  8 17:08:26 vkim11-web kernel: pci_bus 0000:17: resource 1 [mem 0xfc200000-0xfc2fffff]
Nov  8 17:08:26 vkim11-web kernel: pci_bus 0000:17: resource 2 [mem 0xe6b00000-0xe6bfffff 64bit pref]
Nov  8 17:08:26 vkim11-web kernel: pci_bus 0000:18: resource 1 [mem 0xfbe00000-0xfbefffff]
Nov  8 17:08:26 vkim11-web kernel: pci_bus 0000:18: resource 2 [mem 0xe6700000-0xe67fffff 64bit pref]
Nov  8 17:08:26 vkim11-web kernel: pci_bus 0000:19: resource 1 [mem 0xfba00000-0xfbafffff]
Nov  8 17:08:26 vkim11-web kernel: pci_bus 0000:19: resource 2 [mem 0xe6300000-0xe63fffff 64bit pref]
Nov  8 17:08:26 vkim11-web kernel: pci_bus 0000:1a: resource 1 [mem 0xfb600000-0xfb6fffff]
Nov  8 17:08:26 vkim11-web kernel: pci_bus 0000:1a: resource 2 [mem 0xe5f00000-0xe5ffffff 64bit pref]
Nov  8 17:08:26 vkim11-web kernel: pci_bus 0000:1b: resource 0 [io  0x7000-0x7fff]
Nov  8 17:08:26 vkim11-web kernel: pci_bus 0000:1b: resource 1 [mem 0xfd100000-0xfd1fffff]
Nov  8 17:08:26 vkim11-web kernel: pci_bus 0000:1b: resource 2 [mem 0xe7a00000-0xe7afffff 64bit pref]
Nov  8 17:08:26 vkim11-web kernel: pci_bus 0000:1c: resource 0 [io  0xb000-0xbfff]
Nov  8 17:08:26 vkim11-web kernel: pci_bus 0000:1c: resource 1 [mem 0xfcd00000-0xfcdfffff]
Nov  8 17:08:26 vkim11-web kernel: pci_bus 0000:1c: resource 2 [mem 0xe7600000-0xe76fffff 64bit pref]
Nov  8 17:08:26 vkim11-web kernel: pci_bus 0000:1d: resource 1 [mem 0xfc900000-0xfc9fffff]
Nov  8 17:08:26 vkim11-web kernel: pci_bus 0000:1d: resource 2 [mem 0xe7200000-0xe72fffff 64bit pref]
Nov  8 17:08:26 vkim11-web kernel: pci_bus 0000:1e: resource 1 [mem 0xfc500000-0xfc5fffff]
Nov  8 17:08:26 vkim11-web kernel: pci_bus 0000:1e: resource 2 [mem 0xe6e00000-0xe6efffff 64bit pref]
Nov  8 17:08:26 vkim11-web kernel: pci_bus 0000:1f: resource 1 [mem 0xfc100000-0xfc1fffff]
Nov  8 17:08:26 vkim11-web kernel: pci_bus 0000:1f: resource 2 [mem 0xe6a00000-0xe6afffff 64bit pref]
Nov  8 17:08:26 vkim11-web kernel: pci_bus 0000:20: resource 1 [mem 0xfbd00000-0xfbdfffff]
Nov  8 17:08:26 vkim11-web kernel: pci_bus 0000:20: resource 2 [mem 0xe6600000-0xe66fffff 64bit pref]
Nov  8 17:08:26 vkim11-web kernel: pci_bus 0000:21: resource 1 [mem 0xfb900000-0xfb9fffff]
Nov  8 17:08:26 vkim11-web kernel: pci_bus 0000:21: resource 2 [mem 0xe6200000-0xe62fffff 64bit pref]
Nov  8 17:08:26 vkim11-web kernel: pci_bus 0000:22: resource 1 [mem 0xfb500000-0xfb5fffff]
Nov  8 17:08:26 vkim11-web kernel: pci_bus 0000:22: resource 2 [mem 0xe5e00000-0xe5efffff 64bit pref]
Nov  8 17:08:26 vkim11-web kernel: NET: Registered protocol family 2
Nov  8 17:08:26 vkim11-web kernel: tcp_listen_portaddr_hash hash table entries: 1024 (order: 2, 16384 bytes)
Nov  8 17:08:26 vkim11-web kernel: TCP established hash table entries: 16384 (order: 5, 131072 bytes)
Nov  8 17:08:26 vkim11-web kernel: TCP bind hash table entries: 16384 (order: 6, 262144 bytes)
Nov  8 17:08:26 vkim11-web kernel: TCP: Hash tables configured (established 16384 bind 16384)
Nov  8 17:08:26 vkim11-web kernel: UDP hash table entries: 1024 (order: 3, 32768 bytes)
Nov  8 17:08:26 vkim11-web kernel: UDP-Lite hash table entries: 1024 (order: 3, 32768 bytes)
Nov  8 17:08:26 vkim11-web kernel: NET: Registered protocol family 1
Nov  8 17:08:26 vkim11-web kernel: NET: Registered protocol family 44
Nov  8 17:08:26 vkim11-web kernel: pci 0000:00:00.0: Limiting direct PCI/PCI transfers
Nov  8 17:08:26 vkim11-web kernel: pci 0000:00:0f.0: Video device with shadowed ROM at [mem 0x000c0000-0x000dffff]
Nov  8 17:08:26 vkim11-web kernel: PCI: CLS 32 bytes, default 64
Nov  8 17:08:26 vkim11-web kernel: Unpacking initramfs...
Nov  8 17:08:26 vkim11-web kernel: Freeing initrd memory: 27296K
Nov  8 17:08:26 vkim11-web kernel: Initialise system trusted keyrings
Nov  8 17:08:26 vkim11-web kernel: Key type blacklist registered
Nov  8 17:08:26 vkim11-web kernel: workingset: timestamp_bits=36 max_order=19 bucket_order=0
Nov  8 17:08:26 vkim11-web kernel: zbud: loaded
Nov  8 17:08:26 vkim11-web kernel: pstore: using deflate compression
Nov  8 17:08:26 vkim11-web kernel: Platform Keyring initialized
Nov  8 17:08:26 vkim11-web kernel: NET: Registered protocol family 38
Nov  8 17:08:26 vkim11-web kernel: Key type asymmetric registered
Nov  8 17:08:26 vkim11-web kernel: Asymmetric key parser 'x509' registered
Nov  8 17:08:26 vkim11-web kernel: Block layer SCSI generic (bsg) driver version 0.4 loaded (major 246)
Nov  8 17:08:26 vkim11-web kernel: io scheduler mq-deadline registered
Nov  8 17:08:26 vkim11-web kernel: io scheduler kyber registered
Nov  8 17:08:26 vkim11-web kernel: io scheduler bfq registered
Nov  8 17:08:26 vkim11-web kernel: atomic64_test: passed for x86-64 platform with CX8 and with SSE
Nov  8 17:08:26 vkim11-web kernel: pcieport 0000:00:15.0: Signaling with IRQ 24
Nov  8 17:08:26 vkim11-web kernel: pcieport 0000:00:15.0: Slot #160 AttnBtn+ PwrCtrl+ MRL- AttnInd- PwrInd- HotPlug+ Surprise- Interlock- NoCompl+ IbPresDis- LLActRep+
Nov  8 17:08:26 vkim11-web kernel: pcieport 0000:00:15.1: Signaling with IRQ 25
Nov  8 17:08:26 vkim11-web kernel: pcieport 0000:00:15.1: Slot #161 AttnBtn+ PwrCtrl+ MRL- AttnInd- PwrInd- HotPlug+ Surprise- Interlock- NoCompl+ IbPresDis- LLActRep+
Nov  8 17:08:26 vkim11-web kernel: pcieport 0000:00:15.2: Signaling with IRQ 26
Nov  8 17:08:26 vkim11-web kernel: pcieport 0000:00:15.2: Slot #162 AttnBtn+ PwrCtrl+ MRL- AttnInd- PwrInd- HotPlug+ Surprise- Interlock- NoCompl+ IbPresDis- LLActRep+
