Oct 18 03:19:01 Andrew-vm2 systemd[1]: Reloading The Apache HTTP Server.
Oct 18 03:19:01 Andrew-vm2 systemd[1]: Reloaded The Apache HTTP Server.
Oct 18 03:19:01 Andrew-vm2 rsyslogd[1268]: [origin software="rsyslogd" swVersion="8.1911.0-3.el8" x-pid="1268" x-info="https://www.rsyslog.com"] rsyslogd was HUPed
Oct 18 03:19:01 Andrew-vm2 httpd[1007]: Server configured, listening on: port 80
Oct 18 03:47:45 Andrew-vm2 systemd[1]: Starting dnf makecache...
Oct 18 03:47:45 Andrew-vm2 dnf[8035]: Metadata cache refreshed recently.
Oct 18 03:47:45 Andrew-vm2 systemd[1]: Started dnf makecache.
Oct 18 04:47:49 Andrew-vm2 systemd[1]: Starting dnf makecache...
Oct 18 04:47:49 Andrew-vm2 dnf[8060]: CentOS-8 - AppStream                             16 kB/s | 4.3 kB     00:00
Oct 18 04:47:50 Andrew-vm2 dnf[8060]: CentOS-8 - Base                                  10 kB/s | 3.9 kB     00:00
Oct 18 04:47:50 Andrew-vm2 dnf[8060]: CentOS-8 - Extras                               4.9 kB/s | 1.5 kB     00:00
Oct 18 04:47:50 Andrew-vm2 dnf[8060]: Metadata cache created.
Oct 18 04:47:50 Andrew-vm2 systemd[1]: Started dnf makecache.
Oct 18 05:47:52 Andrew-vm2 systemd[1]: Starting dnf makecache...
Oct 18 05:47:53 Andrew-vm2 dnf[8092]: Metadata cache refreshed recently.
Oct 18 05:47:53 Andrew-vm2 systemd[1]: Started dnf makecache.
Oct 18 06:47:56 Andrew-vm2 systemd[1]: Starting dnf makecache...
Oct 18 06:47:56 Andrew-vm2 dnf[8117]: Metadata cache refreshed recently.
Oct 18 06:47:56 Andrew-vm2 systemd[1]: Started dnf makecache.
Oct 18 07:24:47 Andrew-vm2 NetworkManager[977]: <info>  [1603020287.7839] dhcp4 (ens192): option dhcp_lease_time      => '86400'
Oct 18 07:24:47 Andrew-vm2 NetworkManager[977]: <info>  [1603020287.7851] dhcp4 (ens192): option domain_name_servers  => '10.102.100.22 10.101.100.42 10.101.100.41'
Oct 18 07:24:47 Andrew-vm2 NetworkManager[977]: <info>  [1603020287.7851] dhcp4 (ens192): option expiry               => '1603106687'
Oct 18 07:24:47 Andrew-vm2 NetworkManager[977]: <info>  [1603020287.7851] dhcp4 (ens192): option ip_address           => '172.16.17.2'
Oct 18 07:24:47 Andrew-vm2 NetworkManager[977]: <info>  [1603020287.7851] dhcp4 (ens192): option requested_broadcast_address => '1'
Oct 18 07:24:47 Andrew-vm2 NetworkManager[977]: <info>  [1603020287.7851] dhcp4 (ens192): option requested_domain_name => '1'
Oct 18 07:24:47 Andrew-vm2 NetworkManager[977]: <info>  [1603020287.7851] dhcp4 (ens192): option requested_domain_name_servers => '1'
Oct 18 07:24:47 Andrew-vm2 NetworkManager[977]: <info>  [1603020287.7851] dhcp4 (ens192): option requested_domain_search => '1'
Oct 18 07:24:47 Andrew-vm2 NetworkManager[977]: <info>  [1603020287.7851] dhcp4 (ens192): option requested_host_name  => '1'
Oct 18 07:24:47 Andrew-vm2 NetworkManager[977]: <info>  [1603020287.7852] dhcp4 (ens192): option requested_interface_mtu => '1'
Oct 18 07:24:47 Andrew-vm2 NetworkManager[977]: <info>  [1603020287.7852] dhcp4 (ens192): option requested_ms_classless_static_routes => '1'
Oct 18 07:24:47 Andrew-vm2 NetworkManager[977]: <info>  [1603020287.7852] dhcp4 (ens192): option requested_nis_domain => '1'
Oct 18 07:24:47 Andrew-vm2 NetworkManager[977]: <info>  [1603020287.7852] dhcp4 (ens192): option requested_nis_servers => '1'
Oct 18 07:24:47 Andrew-vm2 NetworkManager[977]: <info>  [1603020287.7852] dhcp4 (ens192): option requested_ntp_servers => '1'
Oct 18 07:24:47 Andrew-vm2 NetworkManager[977]: <info>  [1603020287.7852] dhcp4 (ens192): option requested_rfc3442_classless_static_routes => '1'
Oct 18 07:24:47 Andrew-vm2 NetworkManager[977]: <info>  [1603020287.7852] dhcp4 (ens192): option requested_root_path  => '1'
Oct 18 07:24:47 Andrew-vm2 NetworkManager[977]: <info>  [1603020287.7852] dhcp4 (ens192): option requested_routers    => '1'
Oct 18 07:24:47 Andrew-vm2 NetworkManager[977]: <info>  [1603020287.7852] dhcp4 (ens192): option requested_static_routes => '1'
Oct 18 07:24:47 Andrew-vm2 NetworkManager[977]: <info>  [1603020287.7852] dhcp4 (ens192): option requested_subnet_mask => '1'
Oct 18 07:24:47 Andrew-vm2 NetworkManager[977]: <info>  [1603020287.7852] dhcp4 (ens192): option requested_time_offset => '1'
Oct 18 07:24:47 Andrew-vm2 NetworkManager[977]: <info>  [1603020287.7853] dhcp4 (ens192): option requested_wpad       => '1'
Oct 18 07:24:47 Andrew-vm2 NetworkManager[977]: <info>  [1603020287.7853] dhcp4 (ens192): option routers              => '172.16.255.1'
Oct 18 07:24:47 Andrew-vm2 NetworkManager[977]: <info>  [1603020287.7853] dhcp4 (ens192): option subnet_mask          => '255.255.0.0'
Oct 18 07:24:47 Andrew-vm2 NetworkManager[977]: <info>  [1603020287.7853] dhcp4 (ens192): state changed extended -> extended
Oct 18 07:24:47 Andrew-vm2 dbus-daemon[976]: [system] Activating via systemd: service name='org.freedesktop.nm_dispatcher' unit='dbus-org.freedesktop.nm-dispatcher.service' requested by ':1.4' (uid=0 pid=977 comm="/usr/sbin/NetworkManager --no-daemon " label="system_u:system_r:NetworkManager_t:s0")
Oct 18 07:24:47 Andrew-vm2 systemd[1]: Starting Network Manager Script Dispatcher Service...
Oct 18 07:24:47 Andrew-vm2 dbus-daemon[976]: [system] Successfully activated service 'org.freedesktop.nm_dispatcher'
Oct 18 07:24:47 Andrew-vm2 systemd[1]: Started Network Manager Script Dispatcher Service.
Oct 18 07:48:00 Andrew-vm2 systemd[1]: Starting dnf makecache...
Oct 18 07:54:00 Andrew-vm2 dnf[8148]: CentOS-8 - AppStream                            0.0  B/s |   0  B     06:00
Oct 18 07:54:00 Andrew-vm2 dnf[8148]: Errors during downloading metadata for repository 'AppStream':
Oct 18 07:54:00 Andrew-vm2 dnf[8148]:  - Curl error (28): Timeout was reached for http://mirrorlist.centos.org/?release=8&arch=x86_64&repo=AppStream&infra=stock [Connection timed out after 30002 milliseconds]
Oct 18 07:54:00 Andrew-vm2 dnf[8148]:  - Curl error (28): Timeout was reached for http://mirrorlist.centos.org/?release=8&arch=x86_64&repo=AppStream&infra=stock [Connection timed out after 30003 milliseconds]
Oct 18 07:54:00 Andrew-vm2 dnf[8148]:  - Curl error (28): Timeout was reached for http://mirrorlist.centos.org/?release=8&arch=x86_64&repo=AppStream&infra=stock [Connection timed out after 30001 milliseconds]
Oct 18 07:54:00 Andrew-vm2 dnf[8148]:  - Curl error (28): Timeout was reached for http://mirrorlist.centos.org/?release=8&arch=x86_64&repo=AppStream&infra=stock [Connection timed out after 30000 milliseconds]
Oct 18 07:54:00 Andrew-vm2 dnf[8148]: Error: Failed to download metadata for repo 'AppStream': Cannot prepare internal mirrorlist: Curl error (28): Timeout was reached for http://mirrorlist.centos.org/?release=8&arch=x86_64&repo=AppStream&infra=stock [Connection timed out after 30001 milliseconds]
Oct 18 07:54:00 Andrew-vm2 systemd[1]: dnf-makecache.service: Main process exited, code=exited, status=1/FAILURE
Oct 18 07:54:00 Andrew-vm2 systemd[1]: dnf-makecache.service: Failed with result 'exit-code'.
Oct 18 07:54:00 Andrew-vm2 systemd[1]: Failed to start dnf makecache.
Oct 18 08:54:04 Andrew-vm2 systemd[1]: Starting dnf makecache...
Oct 18 08:54:04 Andrew-vm2 dnf[8180]: Metadata cache refreshed recently.
Oct 18 08:54:04 Andrew-vm2 systemd[1]: Started dnf makecache.
Oct 18 09:54:08 Andrew-vm2 systemd[1]: Starting dnf makecache...
Oct 18 09:54:08 Andrew-vm2 dnf[8205]: Metadata cache refreshed recently.
Oct 18 09:54:08 Andrew-vm2 systemd[1]: Started dnf makecache.
Oct 18 10:54:11 Andrew-vm2 systemd[1]: Starting dnf makecache...
Oct 18 10:54:12 Andrew-vm2 dnf[8230]: CentOS-8 - AppStream                             12 kB/s | 4.3 kB     00:00
Oct 18 10:54:13 Andrew-vm2 dnf[8230]: CentOS-8 - Base                                 5.5 kB/s | 3.9 kB     00:00
Oct 18 10:54:13 Andrew-vm2 dnf[8230]: CentOS-8 - Extras                               7.4 kB/s | 1.5 kB     00:00
Oct 18 10:54:13 Andrew-vm2 dnf[8230]: Metadata cache created.
Oct 18 10:54:13 Andrew-vm2 systemd[1]: Started dnf makecache.
Oct 18 11:54:15 Andrew-vm2 systemd[1]: Starting dnf makecache...
Oct 18 11:54:15 Andrew-vm2 dnf[8262]: Metadata cache refreshed recently.
Oct 18 11:54:15 Andrew-vm2 systemd[1]: Started dnf makecache.
Oct 18 12:54:19 Andrew-vm2 systemd[1]: Starting dnf makecache...
Oct 18 12:54:19 Andrew-vm2 dnf[8287]: Metadata cache refreshed recently.
Oct 18 12:54:19 Andrew-vm2 systemd[1]: Started dnf makecache.
Oct 18 13:54:22 Andrew-vm2 systemd[1]: Starting dnf makecache...
Oct 18 13:54:23 Andrew-vm2 dnf[8312]: CentOS-8 - AppStream                             25 kB/s | 4.3 kB     00:00
Oct 18 13:54:23 Andrew-vm2 dnf[8312]: CentOS-8 - Base                                  13 kB/s | 3.9 kB     00:00
Oct 18 13:54:24 Andrew-vm2 dnf[8312]: CentOS-8 - Extras                               5.5 kB/s | 1.5 kB     00:00
Oct 18 13:54:24 Andrew-vm2 dnf[8312]: Metadata cache created.
Oct 18 13:54:24 Andrew-vm2 systemd[1]: Started dnf makecache.
Oct 18 14:54:26 Andrew-vm2 systemd[1]: Starting dnf makecache...
Oct 18 14:54:26 Andrew-vm2 dnf[8343]: Metadata cache refreshed recently.
Oct 18 14:54:26 Andrew-vm2 systemd[1]: Started dnf makecache.
Oct 18 15:54:28 Andrew-vm2 systemd[1]: Starting dnf makecache...
Oct 18 15:54:28 Andrew-vm2 dnf[8369]: Metadata cache refreshed recently.
Oct 18 15:54:28 Andrew-vm2 systemd[1]: Started dnf makecache.
Oct 18 16:54:33 Andrew-vm2 systemd[1]: Starting dnf makecache...
Oct 18 16:54:34 Andrew-vm2 dnf[8394]: CentOS-8 - AppStream                             14 kB/s | 4.3 kB     00:00
Oct 18 16:54:34 Andrew-vm2 dnf[8394]: CentOS-8 - Base                                  14 kB/s | 3.9 kB     00:00
Oct 18 16:54:35 Andrew-vm2 dnf[8394]: CentOS-8 - Extras                               5.8 kB/s | 1.5 kB     00:00
Oct 18 16:54:35 Andrew-vm2 dnf[8394]: Metadata cache created.
Oct 18 16:54:35 Andrew-vm2 systemd[1]: Started dnf makecache.
Oct 18 17:54:37 Andrew-vm2 systemd[1]: Starting dnf makecache...
Oct 18 17:54:38 Andrew-vm2 dnf[8425]: Metadata cache refreshed recently.
Oct 18 17:54:38 Andrew-vm2 systemd[1]: Started dnf makecache.
Oct 18 18:54:41 Andrew-vm2 systemd[1]: Starting dnf makecache...
Oct 18 18:54:41 Andrew-vm2 dnf[8451]: Metadata cache refreshed recently.
Oct 18 18:54:41 Andrew-vm2 systemd[1]: Started dnf makecache.
Oct 18 19:24:47 Andrew-vm2 NetworkManager[977]: <info>  [1603063487.7839] dhcp4 (ens192): option dhcp_lease_time      => '86400'
Oct 18 19:24:47 Andrew-vm2 NetworkManager[977]: <info>  [1603063487.7845] dhcp4 (ens192): option domain_name_servers  => '10.102.100.22 10.101.100.42 10.101.100.41'
Oct 18 19:24:47 Andrew-vm2 NetworkManager[977]: <info>  [1603063487.7845] dhcp4 (ens192): option expiry               => '1603149887'
Oct 18 19:24:47 Andrew-vm2 NetworkManager[977]: <info>  [1603063487.7846] dhcp4 (ens192): option ip_address           => '172.16.17.2'
Oct 18 19:24:47 Andrew-vm2 NetworkManager[977]: <info>  [1603063487.7846] dhcp4 (ens192): option requested_broadcast_address => '1'
Oct 18 19:24:47 Andrew-vm2 NetworkManager[977]: <info>  [1603063487.7846] dhcp4 (ens192): option requested_domain_name => '1'
Oct 18 19:24:47 Andrew-vm2 NetworkManager[977]: <info>  [1603063487.7846] dhcp4 (ens192): option requested_domain_name_servers => '1'
Oct 18 19:24:47 Andrew-vm2 NetworkManager[977]: <info>  [1603063487.7846] dhcp4 (ens192): option requested_domain_search => '1'
Oct 18 19:24:47 Andrew-vm2 NetworkManager[977]: <info>  [1603063487.7846] dhcp4 (ens192): option requested_host_name  => '1'
Oct 18 19:24:47 Andrew-vm2 NetworkManager[977]: <info>  [1603063487.7846] dhcp4 (ens192): option requested_interface_mtu => '1'
Oct 18 19:24:47 Andrew-vm2 NetworkManager[977]: <info>  [1603063487.7846] dhcp4 (ens192): option requested_ms_classless_static_routes => '1'
Oct 18 19:24:47 Andrew-vm2 NetworkManager[977]: <info>  [1603063487.7846] dhcp4 (ens192): option requested_nis_domain => '1'
Oct 18 19:24:47 Andrew-vm2 NetworkManager[977]: <info>  [1603063487.7846] dhcp4 (ens192): option requested_nis_servers => '1'
Oct 18 19:24:47 Andrew-vm2 NetworkManager[977]: <info>  [1603063487.7847] dhcp4 (ens192): option requested_ntp_servers => '1'
Oct 18 19:24:47 Andrew-vm2 NetworkManager[977]: <info>  [1603063487.7847] dhcp4 (ens192): option requested_rfc3442_classless_static_routes => '1'
Oct 18 19:24:47 Andrew-vm2 NetworkManager[977]: <info>  [1603063487.7847] dhcp4 (ens192): option requested_root_path  => '1'
Oct 18 19:24:47 Andrew-vm2 NetworkManager[977]: <info>  [1603063487.7847] dhcp4 (ens192): option requested_routers    => '1'
Oct 18 19:24:47 Andrew-vm2 NetworkManager[977]: <info>  [1603063487.7847] dhcp4 (ens192): option requested_static_routes => '1'
Oct 18 19:24:47 Andrew-vm2 NetworkManager[977]: <info>  [1603063487.7847] dhcp4 (ens192): option requested_subnet_mask => '1'
Oct 18 19:24:47 Andrew-vm2 NetworkManager[977]: <info>  [1603063487.7847] dhcp4 (ens192): option requested_time_offset => '1'
Oct 18 19:24:47 Andrew-vm2 NetworkManager[977]: <info>  [1603063487.7847] dhcp4 (ens192): option requested_wpad       => '1'
Oct 18 19:24:47 Andrew-vm2 NetworkManager[977]: <info>  [1603063487.7847] dhcp4 (ens192): option routers              => '172.16.255.1'
Oct 18 19:24:47 Andrew-vm2 NetworkManager[977]: <info>  [1603063487.7847] dhcp4 (ens192): option subnet_mask          => '255.255.0.0'
Oct 18 19:24:47 Andrew-vm2 NetworkManager[977]: <info>  [1603063487.7848] dhcp4 (ens192): state changed extended -> extended
Oct 18 19:24:47 Andrew-vm2 dbus-daemon[976]: [system] Activating via systemd: service name='org.freedesktop.nm_dispatcher' unit='dbus-org.freedesktop.nm-dispatcher.service' requested by ':1.4' (uid=0 pid=977 comm="/usr/sbin/NetworkManager --no-daemon " label="system_u:system_r:NetworkManager_t:s0")
Oct 18 19:24:47 Andrew-vm2 systemd[1]: Starting Network Manager Script Dispatcher Service...
Oct 18 19:24:47 Andrew-vm2 dbus-daemon[976]: [system] Successfully activated service 'org.freedesktop.nm_dispatcher'
Oct 18 19:24:47 Andrew-vm2 systemd[1]: Started Network Manager Script Dispatcher Service.
Oct 18 19:40:44 Andrew-vm2 systemd[1]: Starting Cleanup of Temporary Directories...
Oct 18 19:40:44 Andrew-vm2 systemd[1]: Started Cleanup of Temporary Directories.
Oct 18 19:54:45 Andrew-vm2 systemd[1]: Starting dnf makecache...
Oct 18 19:54:45 Andrew-vm2 dnf[8483]: CentOS-8 - AppStream                             12 kB/s | 4.3 kB     00:00
Oct 18 19:54:46 Andrew-vm2 dnf[8483]: CentOS-8 - Base                                  29 kB/s | 3.9 kB     00:00
Oct 18 19:54:46 Andrew-vm2 dnf[8483]: CentOS-8 - Extras                               6.4 kB/s | 1.5 kB     00:00
Oct 18 19:54:46 Andrew-vm2 dnf[8483]: Metadata cache created.
Oct 18 19:54:46 Andrew-vm2 systemd[1]: Started dnf makecache.
Oct 18 20:54:48 Andrew-vm2 systemd[1]: Starting dnf makecache...
Oct 18 20:54:49 Andrew-vm2 dnf[8515]: Metadata cache refreshed recently.
Oct 18 20:54:49 Andrew-vm2 systemd[1]: Started dnf makecache.
Oct 18 21:54:52 Andrew-vm2 systemd[1]: Starting dnf makecache...
Oct 18 21:54:52 Andrew-vm2 dnf[8541]: Metadata cache refreshed recently.
Oct 18 21:54:52 Andrew-vm2 systemd[1]: Started dnf makecache.
Oct 18 22:54:56 Andrew-vm2 systemd[1]: Starting dnf makecache...
Oct 18 22:54:56 Andrew-vm2 dnf[8566]: CentOS-8 - AppStream                             37 kB/s | 4.3 kB     00:00
Oct 18 22:54:56 Andrew-vm2 dnf[8566]: CentOS-8 - Base                                  19 kB/s | 3.9 kB     00:00
Oct 18 22:54:57 Andrew-vm2 dnf[8566]: CentOS-8 - Extras                               8.5 kB/s | 1.5 kB     00:00
Oct 18 22:54:57 Andrew-vm2 dnf[8566]: Metadata cache created.
Oct 18 22:54:57 Andrew-vm2 systemd[1]: Started dnf makecache.
Oct 18 23:54:59 Andrew-vm2 systemd[1]: Starting dnf makecache...
Oct 18 23:55:00 Andrew-vm2 dnf[8598]: Metadata cache refreshed recently.
Oct 18 23:55:00 Andrew-vm2 systemd[1]: Started dnf makecache.
Oct 19 00:00:00 Andrew-vm2 systemd[1]: Starting update of the root trust anchor for DNSSEC validation in unbound...
Oct 19 00:00:00 Andrew-vm2 systemd[1]: Started update of the root trust anchor for DNSSEC validation in unbound.
Oct 19 00:55:03 Andrew-vm2 systemd[1]: Starting dnf makecache...
Oct 19 00:55:03 Andrew-vm2 dnf[8627]: Metadata cache refreshed recently.
Oct 19 00:55:03 Andrew-vm2 systemd[1]: Started dnf makecache.
Oct 19 01:55:07 Andrew-vm2 systemd[1]: Starting dnf makecache...
Oct 19 01:55:07 Andrew-vm2 dnf[8654]: CentOS-8 - AppStream                             12 kB/s | 4.3 kB     00:00
Oct 19 01:55:07 Andrew-vm2 dnf[8654]: CentOS-8 - Base                                  32 kB/s | 3.9 kB     00:00
Oct 19 01:55:08 Andrew-vm2 dnf[8654]: CentOS-8 - Extras                               6.6 kB/s | 1.5 kB     00:00
Oct 19 01:55:08 Andrew-vm2 dnf[8654]: Metadata cache created.
Oct 19 01:55:08 Andrew-vm2 systemd[1]: Started dnf makecache.
Oct 19 02:55:10 Andrew-vm2 systemd[1]: Starting dnf makecache...
Oct 19 02:55:11 Andrew-vm2 dnf[8688]: Metadata cache refreshed recently.
Oct 19 02:55:11 Andrew-vm2 systemd[1]: Started dnf makecache.
Oct 19 03:55:14 Andrew-vm2 systemd[1]: Starting dnf makecache...
Oct 19 03:55:14 Andrew-vm2 dnf[8724]: Metadata cache refreshed recently.
Oct 19 03:55:14 Andrew-vm2 systemd[1]: Started dnf makecache.
Oct 19 04:55:18 Andrew-vm2 systemd[1]: Starting dnf makecache...
Oct 19 04:55:19 Andrew-vm2 dnf[8749]: CentOS-8 - AppStream                            7.8 kB/s | 4.3 kB     00:00
Oct 19 04:55:19 Andrew-vm2 dnf[8749]: CentOS-8 - Base                                  13 kB/s | 3.9 kB     00:00
Oct 19 04:55:19 Andrew-vm2 dnf[8749]: CentOS-8 - Extras                               6.7 kB/s | 1.5 kB     00:00
Oct 19 04:55:19 Andrew-vm2 dnf[8749]: Metadata cache created.
Oct 19 04:55:20 Andrew-vm2 systemd[1]: Started dnf makecache.
Oct 19 05:55:21 Andrew-vm2 systemd[1]: Starting dnf makecache...
Oct 19 05:55:22 Andrew-vm2 dnf[8780]: Metadata cache refreshed recently.
Oct 19 05:55:22 Andrew-vm2 systemd[1]: Started dnf makecache.
Oct 19 06:55:25 Andrew-vm2 systemd[1]: Starting dnf makecache...
Oct 19 06:55:25 Andrew-vm2 dnf[8806]: Metadata cache refreshed recently.
Oct 19 06:55:25 Andrew-vm2 systemd[1]: Started dnf makecache.
Oct 19 07:24:47 Andrew-vm2 NetworkManager[977]: <info>  [1603106687.7849] dhcp4 (ens192): option dhcp_lease_time      => '86400'
Oct 19 07:24:47 Andrew-vm2 NetworkManager[977]: <info>  [1603106687.7855] dhcp4 (ens192): option domain_name_servers  => '10.102.100.22 10.101.100.42 10.101.100.41'
Oct 19 07:24:47 Andrew-vm2 NetworkManager[977]: <info>  [1603106687.7855] dhcp4 (ens192): option expiry               => '1603193087'
Oct 19 07:24:47 Andrew-vm2 NetworkManager[977]: <info>  [1603106687.7855] dhcp4 (ens192): option ip_address           => '172.16.17.2'
Oct 19 07:24:47 Andrew-vm2 NetworkManager[977]: <info>  [1603106687.7855] dhcp4 (ens192): option requested_broadcast_address => '1'
Oct 19 07:24:47 Andrew-vm2 NetworkManager[977]: <info>  [1603106687.7855] dhcp4 (ens192): option requested_domain_name => '1'
Oct 19 07:24:47 Andrew-vm2 NetworkManager[977]: <info>  [1603106687.7855] dhcp4 (ens192): option requested_domain_name_servers => '1'
Oct 19 07:24:47 Andrew-vm2 NetworkManager[977]: <info>  [1603106687.7855] dhcp4 (ens192): option requested_domain_search => '1'
Oct 19 07:24:47 Andrew-vm2 NetworkManager[977]: <info>  [1603106687.7855] dhcp4 (ens192): option requested_host_name  => '1'
Oct 19 07:24:47 Andrew-vm2 NetworkManager[977]: <info>  [1603106687.7855] dhcp4 (ens192): option requested_interface_mtu => '1'
Oct 19 07:24:47 Andrew-vm2 NetworkManager[977]: <info>  [1603106687.7856] dhcp4 (ens192): option requested_ms_classless_static_routes => '1'
Oct 19 07:24:47 Andrew-vm2 NetworkManager[977]: <info>  [1603106687.7856] dhcp4 (ens192): option requested_nis_domain => '1'
Oct 19 07:24:47 Andrew-vm2 NetworkManager[977]: <info>  [1603106687.7856] dhcp4 (ens192): option requested_nis_servers => '1'
Oct 19 07:24:47 Andrew-vm2 NetworkManager[977]: <info>  [1603106687.7856] dhcp4 (ens192): option requested_ntp_servers => '1'
Oct 19 07:24:47 Andrew-vm2 NetworkManager[977]: <info>  [1603106687.7856] dhcp4 (ens192): option requested_rfc3442_classless_static_routes => '1'
Oct 19 07:24:47 Andrew-vm2 NetworkManager[977]: <info>  [1603106687.7856] dhcp4 (ens192): option requested_root_path  => '1'
Oct 19 07:24:47 Andrew-vm2 NetworkManager[977]: <info>  [1603106687.7856] dhcp4 (ens192): option requested_routers    => '1'
Oct 19 07:24:47 Andrew-vm2 NetworkManager[977]: <info>  [1603106687.7856] dhcp4 (ens192): option requested_static_routes => '1'
Oct 19 07:24:47 Andrew-vm2 NetworkManager[977]: <info>  [1603106687.7856] dhcp4 (ens192): option requested_subnet_mask => '1'
Oct 19 07:24:47 Andrew-vm2 NetworkManager[977]: <info>  [1603106687.7856] dhcp4 (ens192): option requested_time_offset => '1'
Oct 19 07:24:47 Andrew-vm2 NetworkManager[977]: <info>  [1603106687.7857] dhcp4 (ens192): option requested_wpad       => '1'
Oct 19 07:24:47 Andrew-vm2 NetworkManager[977]: <info>  [1603106687.7857] dhcp4 (ens192): option routers              => '172.16.255.1'
Oct 19 07:24:47 Andrew-vm2 NetworkManager[977]: <info>  [1603106687.7857] dhcp4 (ens192): option subnet_mask          => '255.255.0.0'
Oct 19 07:24:47 Andrew-vm2 NetworkManager[977]: <info>  [1603106687.7857] dhcp4 (ens192): state changed extended -> extended
Oct 19 07:24:47 Andrew-vm2 dbus-daemon[976]: [system] Activating via systemd: service name='org.freedesktop.nm_dispatcher' unit='dbus-org.freedesktop.nm-dispatcher.service' requested by ':1.4' (uid=0 pid=977 comm="/usr/sbin/NetworkManager --no-daemon " label="system_u:system_r:NetworkManager_t:s0")
Oct 19 07:24:47 Andrew-vm2 systemd[1]: Starting Network Manager Script Dispatcher Service...
Oct 19 07:24:47 Andrew-vm2 dbus-daemon[976]: [system] Successfully activated service 'org.freedesktop.nm_dispatcher'
Oct 19 07:24:47 Andrew-vm2 systemd[1]: Started Network Manager Script Dispatcher Service.
Oct 19 07:55:28 Andrew-vm2 systemd[1]: Starting dnf makecache...
Oct 19 07:55:28 Andrew-vm2 dnf[8836]: CentOS-8 - AppStream                             14 kB/s | 4.3 kB     00:00
Oct 19 07:55:29 Andrew-vm2 dnf[8836]: CentOS-8 - Base                                  11 kB/s | 3.9 kB     00:00
Oct 19 07:55:29 Andrew-vm2 dnf[8836]: CentOS-8 - Extras                                13 kB/s | 1.5 kB     00:00
Oct 19 07:55:29 Andrew-vm2 dnf[8836]: Metadata cache created.
Oct 19 07:55:29 Andrew-vm2 systemd[1]: Started dnf makecache.
Oct 19 08:55:33 Andrew-vm2 systemd[1]: Starting dnf makecache...
Oct 19 08:55:33 Andrew-vm2 dnf[8867]: Metadata cache refreshed recently.
Oct 19 08:55:33 Andrew-vm2 systemd[1]: Started dnf makecache.
Oct 19 09:55:36 Andrew-vm2 systemd[1]: Starting dnf makecache...
Oct 19 09:55:37 Andrew-vm2 dnf[8893]: Metadata cache refreshed recently.
Oct 19 09:55:37 Andrew-vm2 systemd[1]: Started dnf makecache.
Oct 19 10:55:40 Andrew-vm2 systemd[1]: Starting dnf makecache...
Oct 19 10:55:40 Andrew-vm2 dnf[8918]: CentOS-8 - AppStream                             27 kB/s | 4.3 kB     00:00
Oct 19 10:55:41 Andrew-vm2 dnf[8918]: CentOS-8 - Base                                  19 kB/s | 3.9 kB     00:00
Oct 19 10:55:41 Andrew-vm2 dnf[8918]: CentOS-8 - Extras                               4.9 kB/s | 1.5 kB     00:00
Oct 19 10:55:41 Andrew-vm2 dnf[8918]: Metadata cache created.
Oct 19 10:55:41 Andrew-vm2 systemd[1]: Started dnf makecache.
Oct 19 11:55:44 Andrew-vm2 systemd[1]: Starting dnf makecache...
Oct 19 11:55:44 Andrew-vm2 dnf[8949]: Metadata cache refreshed recently.
Oct 19 11:55:44 Andrew-vm2 systemd[1]: Started dnf makecache.
Oct 19 12:55:47 Andrew-vm2 systemd[1]: Starting dnf makecache...
Oct 19 12:55:48 Andrew-vm2 dnf[8974]: Metadata cache refreshed recently.
Oct 19 12:55:48 Andrew-vm2 systemd[1]: Started dnf makecache.
Oct 19 13:55:51 Andrew-vm2 systemd[1]: Starting dnf makecache...
Oct 19 13:55:52 Andrew-vm2 dnf[9000]: CentOS-8 - AppStream                             14 kB/s | 4.3 kB     00:00
Oct 19 13:55:52 Andrew-vm2 dnf[9000]: CentOS-8 - Base                                  18 kB/s | 3.9 kB     00:00
Oct 19 13:55:52 Andrew-vm2 dnf[9000]: CentOS-8 - Extras                               4.3 kB/s | 1.5 kB     00:00
Oct 19 13:55:53 Andrew-vm2 dnf[9000]: Metadata cache created.
Oct 19 13:55:53 Andrew-vm2 systemd[1]: Started dnf makecache.
Oct 19 14:55:55 Andrew-vm2 systemd[1]: Starting dnf makecache...
Oct 19 14:55:55 Andrew-vm2 dnf[9031]: Metadata cache refreshed recently.
Oct 19 14:55:55 Andrew-vm2 systemd[1]: Started dnf makecache.
Oct 19 15:55:58 Andrew-vm2 systemd[1]: Starting dnf makecache...
Oct 19 15:55:59 Andrew-vm2 dnf[9057]: Metadata cache refreshed recently.
Oct 19 15:55:59 Andrew-vm2 systemd[1]: Started dnf makecache.
Oct 19 16:56:02 Andrew-vm2 systemd[1]: Starting dnf makecache...
Oct 19 16:56:03 Andrew-vm2 dnf[9082]: CentOS-8 - AppStream                             34 kB/s | 4.3 kB     00:00
Oct 19 16:56:03 Andrew-vm2 dnf[9082]: CentOS-8 - Base                                  12 kB/s | 3.9 kB     00:00
Oct 19 16:56:03 Andrew-vm2 dnf[9082]: CentOS-8 - Extras                                10 kB/s | 1.5 kB     00:00
Oct 19 16:56:03 Andrew-vm2 dnf[9082]: Metadata cache created.
Oct 19 16:56:03 Andrew-vm2 systemd[1]: Started dnf makecache.
Oct 19 17:56:06 Andrew-vm2 systemd[1]: Starting dnf makecache...
Oct 19 17:56:06 Andrew-vm2 dnf[9113]: Metadata cache refreshed recently.
Oct 19 17:56:06 Andrew-vm2 systemd[1]: Started dnf makecache.
Oct 19 18:56:10 Andrew-vm2 systemd[1]: Starting dnf makecache...
Oct 19 18:56:10 Andrew-vm2 dnf[9138]: Metadata cache refreshed recently.
Oct 19 18:56:10 Andrew-vm2 systemd[1]: Started dnf makecache.
Oct 19 19:24:47 Andrew-vm2 NetworkManager[977]: <info>  [1603149887.7827] dhcp4 (ens192): option dhcp_lease_time      => '86400'
Oct 19 19:24:47 Andrew-vm2 NetworkManager[977]: <info>  [1603149887.7835] dhcp4 (ens192): option domain_name_servers  => '10.102.100.22 10.101.100.42 10.101.100.41'
Oct 19 19:24:47 Andrew-vm2 NetworkManager[977]: <info>  [1603149887.7836] dhcp4 (ens192): option expiry               => '1603236287'
Oct 19 19:24:47 Andrew-vm2 NetworkManager[977]: <info>  [1603149887.7836] dhcp4 (ens192): option ip_address           => '172.16.17.2'
Oct 19 19:24:47 Andrew-vm2 NetworkManager[977]: <info>  [1603149887.7836] dhcp4 (ens192): option requested_broadcast_address => '1'
Oct 19 19:24:47 Andrew-vm2 NetworkManager[977]: <info>  [1603149887.7836] dhcp4 (ens192): option requested_domain_name => '1'
Oct 19 19:24:47 Andrew-vm2 NetworkManager[977]: <info>  [1603149887.7836] dhcp4 (ens192): option requested_domain_name_servers => '1'
Oct 19 19:24:47 Andrew-vm2 NetworkManager[977]: <info>  [1603149887.7836] dhcp4 (ens192): option requested_domain_search => '1'
Oct 19 19:24:47 Andrew-vm2 NetworkManager[977]: <info>  [1603149887.7836] dhcp4 (ens192): option requested_host_name  => '1'
Oct 19 19:24:47 Andrew-vm2 NetworkManager[977]: <info>  [1603149887.7836] dhcp4 (ens192): option requested_interface_mtu => '1'
Oct 19 19:24:47 Andrew-vm2 NetworkManager[977]: <info>  [1603149887.7836] dhcp4 (ens192): option requested_ms_classless_static_routes => '1'
Oct 19 19:24:47 Andrew-vm2 NetworkManager[977]: <info>  [1603149887.7836] dhcp4 (ens192): option requested_nis_domain => '1'
Oct 19 19:24:47 Andrew-vm2 NetworkManager[977]: <info>  [1603149887.7836] dhcp4 (ens192): option requested_nis_servers => '1'
Oct 19 19:24:47 Andrew-vm2 NetworkManager[977]: <info>  [1603149887.7837] dhcp4 (ens192): option requested_ntp_servers => '1'
Oct 19 19:24:47 Andrew-vm2 NetworkManager[977]: <info>  [1603149887.7837] dhcp4 (ens192): option requested_rfc3442_classless_static_routes => '1'
Oct 19 19:24:47 Andrew-vm2 NetworkManager[977]: <info>  [1603149887.7837] dhcp4 (ens192): option requested_root_path  => '1'
Oct 19 19:24:47 Andrew-vm2 NetworkManager[977]: <info>  [1603149887.7837] dhcp4 (ens192): option requested_routers    => '1'
Oct 19 19:24:47 Andrew-vm2 NetworkManager[977]: <info>  [1603149887.7837] dhcp4 (ens192): option requested_static_routes => '1'
Oct 19 19:24:47 Andrew-vm2 NetworkManager[977]: <info>  [1603149887.7837] dhcp4 (ens192): option requested_subnet_mask => '1'
Oct 19 19:24:47 Andrew-vm2 NetworkManager[977]: <info>  [1603149887.7837] dhcp4 (ens192): option requested_time_offset => '1'
Oct 19 19:24:47 Andrew-vm2 NetworkManager[977]: <info>  [1603149887.7837] dhcp4 (ens192): option requested_wpad       => '1'
Oct 19 19:24:47 Andrew-vm2 NetworkManager[977]: <info>  [1603149887.7837] dhcp4 (ens192): option routers              => '172.16.255.1'
Oct 19 19:24:47 Andrew-vm2 NetworkManager[977]: <info>  [1603149887.7837] dhcp4 (ens192): option subnet_mask          => '255.255.0.0'
Oct 19 19:24:47 Andrew-vm2 NetworkManager[977]: <info>  [1603149887.7837] dhcp4 (ens192): state changed extended -> extended
Oct 19 19:24:47 Andrew-vm2 dbus-daemon[976]: [system] Activating via systemd: service name='org.freedesktop.nm_dispatcher' unit='dbus-org.freedesktop.nm-dispatcher.service' requested by ':1.4' (uid=0 pid=977 comm="/usr/sbin/NetworkManager --no-daemon " label="system_u:system_r:NetworkManager_t:s0")
Oct 19 19:24:47 Andrew-vm2 systemd[1]: Starting Network Manager Script Dispatcher Service...
Oct 19 19:24:47 Andrew-vm2 dbus-daemon[976]: [system] Successfully activated service 'org.freedesktop.nm_dispatcher'
Oct 19 19:24:47 Andrew-vm2 systemd[1]: Started Network Manager Script Dispatcher Service.
Oct 19 19:40:52 Andrew-vm2 systemd[1]: Starting Cleanup of Temporary Directories...
Oct 19 19:40:52 Andrew-vm2 systemd[1]: Started Cleanup of Temporary Directories.
Oct 19 19:56:13 Andrew-vm2 systemd[1]: Starting dnf makecache...
Oct 19 19:56:14 Andrew-vm2 dnf[9171]: CentOS-8 - AppStream                             13 kB/s | 4.3 kB     00:00
Oct 19 19:56:15 Andrew-vm2 dnf[9171]: CentOS-8 - Base                                 6.6 kB/s | 3.9 kB     00:00
Oct 19 19:56:15 Andrew-vm2 dnf[9171]: CentOS-8 - Extras                               7.4 kB/s | 1.5 kB     00:00
Oct 19 19:56:15 Andrew-vm2 dnf[9171]: Metadata cache created.
Oct 19 19:56:15 Andrew-vm2 systemd[1]: Started dnf makecache.
Oct 19 20:56:17 Andrew-vm2 systemd[1]: Starting dnf makecache...
Oct 19 20:56:17 Andrew-vm2 dnf[9203]: Metadata cache refreshed recently.
Oct 19 20:56:17 Andrew-vm2 systemd[1]: Started dnf makecache.
Oct 19 21:56:21 Andrew-vm2 systemd[1]: Starting dnf makecache...
Oct 19 21:56:21 Andrew-vm2 dnf[9228]: Metadata cache refreshed recently.
Oct 19 21:56:21 Andrew-vm2 systemd[1]: Started dnf makecache.
Oct 19 22:56:24 Andrew-vm2 systemd[1]: Starting dnf makecache...
Oct 19 22:56:25 Andrew-vm2 dnf[9253]: CentOS-8 - AppStream                             15 kB/s | 4.3 kB     00:00
Oct 19 22:56:25 Andrew-vm2 dnf[9253]: CentOS-8 - Base                                  32 kB/s | 3.9 kB     00:00
Oct 19 22:56:26 Andrew-vm2 dnf[9253]: CentOS-8 - Extras                               5.8 kB/s | 1.5 kB     00:00
Oct 19 22:56:26 Andrew-vm2 dnf[9253]: Metadata cache created.
Oct 19 22:56:26 Andrew-vm2 systemd[1]: Started dnf makecache.
Oct 19 23:56:28 Andrew-vm2 systemd[1]: Starting dnf makecache...
Oct 19 23:56:28 Andrew-vm2 dnf[9284]: Metadata cache refreshed recently.
Oct 19 23:56:28 Andrew-vm2 systemd[1]: Started dnf makecache.
Oct 20 00:00:08 Andrew-vm2 systemd[1]: Starting update of the root trust anchor for DNSSEC validation in unbound...
Oct 20 00:00:08 Andrew-vm2 systemd[1]: Started update of the root trust anchor for DNSSEC validation in unbound.
Oct 20 00:56:32 Andrew-vm2 systemd[1]: Starting dnf makecache...
Oct 20 00:56:32 Andrew-vm2 dnf[9314]: Metadata cache refreshed recently.
Oct 20 00:56:32 Andrew-vm2 systemd[1]: Started dnf makecache.
Oct 20 01:56:36 Andrew-vm2 systemd[1]: Starting dnf makecache...
Oct 20 01:56:36 Andrew-vm2 dnf[9341]: CentOS-8 - AppStream                             12 kB/s | 4.3 kB     00:00
Oct 20 01:56:37 Andrew-vm2 dnf[9341]: CentOS-8 - Base                                  14 kB/s | 3.9 kB     00:00
Oct 20 01:56:37 Andrew-vm2 dnf[9341]: CentOS-8 - Extras                                12 kB/s | 1.5 kB     00:00
Oct 20 01:56:37 Andrew-vm2 dnf[9341]: Metadata cache created.
Oct 20 01:56:37 Andrew-vm2 systemd[1]: Started dnf makecache.
Oct 20 02:56:39 Andrew-vm2 systemd[1]: Starting dnf makecache...
Oct 20 02:56:40 Andrew-vm2 dnf[9374]: Metadata cache refreshed recently.
Oct 20 02:56:40 Andrew-vm2 systemd[1]: Started dnf makecache.
Oct 20 03:56:43 Andrew-vm2 systemd[1]: Starting dnf makecache...
Oct 20 03:56:43 Andrew-vm2 dnf[9411]: Metadata cache refreshed recently.
Oct 20 03:56:43 Andrew-vm2 systemd[1]: Started dnf makecache.
Oct 20 04:56:47 Andrew-vm2 systemd[1]: Starting dnf makecache...
Oct 20 04:56:47 Andrew-vm2 dnf[9436]: CentOS-8 - AppStream                             25 kB/s | 4.3 kB     00:00
Oct 20 04:56:48 Andrew-vm2 dnf[9436]: CentOS-8 - Base                                  14 kB/s | 3.9 kB     00:00
Oct 20 04:56:48 Andrew-vm2 dnf[9436]: CentOS-8 - Extras                               4.6 kB/s | 1.5 kB     00:00
Oct 20 04:56:48 Andrew-vm2 dnf[9436]: Metadata cache created.
Oct 20 04:56:48 Andrew-vm2 systemd[1]: Started dnf makecache.
Oct 20 05:56:50 Andrew-vm2 systemd[1]: Starting dnf makecache...
Oct 20 05:56:51 Andrew-vm2 dnf[9467]: Metadata cache refreshed recently.
Oct 20 05:56:51 Andrew-vm2 systemd[1]: Started dnf makecache.
Oct 20 06:56:54 Andrew-vm2 systemd[1]: Starting dnf makecache...
Oct 20 06:56:54 Andrew-vm2 dnf[9493]: Metadata cache refreshed recently.
Oct 20 06:56:54 Andrew-vm2 systemd[1]: Started dnf makecache.
Oct 20 07:24:47 Andrew-vm2 NetworkManager[977]: <info>  [1603193087.7842] dhcp4 (ens192): option dhcp_lease_time      => '86400'
Oct 20 07:24:47 Andrew-vm2 NetworkManager[977]: <info>  [1603193087.7851] dhcp4 (ens192): option domain_name_servers  => '10.102.100.22 10.101.100.42 10.101.100.41'
Oct 20 07:24:47 Andrew-vm2 NetworkManager[977]: <info>  [1603193087.7852] dhcp4 (ens192): option expiry               => '1603279487'
Oct 20 07:24:47 Andrew-vm2 NetworkManager[977]: <info>  [1603193087.7852] dhcp4 (ens192): option ip_address           => '172.16.17.2'
Oct 20 07:24:47 Andrew-vm2 NetworkManager[977]: <info>  [1603193087.7852] dhcp4 (ens192): option requested_broadcast_address => '1'
Oct 20 07:24:47 Andrew-vm2 NetworkManager[977]: <info>  [1603193087.7852] dhcp4 (ens192): option requested_domain_name => '1'
Oct 20 07:24:47 Andrew-vm2 NetworkManager[977]: <info>  [1603193087.7852] dhcp4 (ens192): option requested_domain_name_servers => '1'
Oct 20 07:24:47 Andrew-vm2 NetworkManager[977]: <info>  [1603193087.7852] dhcp4 (ens192): option requested_domain_search => '1'
Oct 20 07:24:47 Andrew-vm2 NetworkManager[977]: <info>  [1603193087.7852] dhcp4 (ens192): option requested_host_name  => '1'
Oct 20 07:24:47 Andrew-vm2 NetworkManager[977]: <info>  [1603193087.7852] dhcp4 (ens192): option requested_interface_mtu => '1'
Oct 20 07:24:47 Andrew-vm2 NetworkManager[977]: <info>  [1603193087.7852] dhcp4 (ens192): option requested_ms_classless_static_routes => '1'
Oct 20 07:24:47 Andrew-vm2 NetworkManager[977]: <info>  [1603193087.7852] dhcp4 (ens192): option requested_nis_domain => '1'
Oct 20 07:24:47 Andrew-vm2 NetworkManager[977]: <info>  [1603193087.7852] dhcp4 (ens192): option requested_nis_servers => '1'
Oct 20 07:24:47 Andrew-vm2 NetworkManager[977]: <info>  [1603193087.7853] dhcp4 (ens192): option requested_ntp_servers => '1'
Oct 20 07:24:47 Andrew-vm2 NetworkManager[977]: <info>  [1603193087.7853] dhcp4 (ens192): option requested_rfc3442_classless_static_routes => '1'
Oct 20 07:24:47 Andrew-vm2 NetworkManager[977]: <info>  [1603193087.7853] dhcp4 (ens192): option requested_root_path  => '1'
Oct 20 07:24:47 Andrew-vm2 NetworkManager[977]: <info>  [1603193087.7853] dhcp4 (ens192): option requested_routers    => '1'
Oct 20 07:24:47 Andrew-vm2 NetworkManager[977]: <info>  [1603193087.7853] dhcp4 (ens192): option requested_static_routes => '1'
Oct 20 07:24:47 Andrew-vm2 NetworkManager[977]: <info>  [1603193087.7853] dhcp4 (ens192): option requested_subnet_mask => '1'
Oct 20 07:24:47 Andrew-vm2 NetworkManager[977]: <info>  [1603193087.7853] dhcp4 (ens192): option requested_time_offset => '1'
Oct 20 07:24:47 Andrew-vm2 NetworkManager[977]: <info>  [1603193087.7853] dhcp4 (ens192): option requested_wpad       => '1'
Oct 20 07:24:47 Andrew-vm2 NetworkManager[977]: <info>  [1603193087.7853] dhcp4 (ens192): option routers              => '172.16.255.1'
Oct 20 07:24:47 Andrew-vm2 NetworkManager[977]: <info>  [1603193087.7853] dhcp4 (ens192): option subnet_mask          => '255.255.0.0'
Oct 20 07:24:47 Andrew-vm2 NetworkManager[977]: <info>  [1603193087.7853] dhcp4 (ens192): state changed extended -> extended
Oct 20 07:24:47 Andrew-vm2 dbus-daemon[976]: [system] Activating via systemd: service name='org.freedesktop.nm_dispatcher' unit='dbus-org.freedesktop.nm-dispatcher.service' requested by ':1.4' (uid=0 pid=977 comm="/usr/sbin/NetworkManager --no-daemon " label="system_u:system_r:NetworkManager_t:s0")
Oct 20 07:24:47 Andrew-vm2 systemd[1]: Starting Network Manager Script Dispatcher Service...
Oct 20 07:24:47 Andrew-vm2 dbus-daemon[976]: [system] Successfully activated service 'org.freedesktop.nm_dispatcher'
Oct 20 07:24:47 Andrew-vm2 systemd[1]: Started Network Manager Script Dispatcher Service.
Oct 20 07:56:58 Andrew-vm2 systemd[1]: Starting dnf makecache...
Oct 20 07:56:58 Andrew-vm2 dnf[9523]: CentOS-8 - AppStream                             20 kB/s | 4.3 kB     00:00
Oct 20 07:56:58 Andrew-vm2 dnf[9523]: CentOS-8 - Base                                  25 kB/s | 3.9 kB     00:00
Oct 20 07:56:59 Andrew-vm2 dnf[9523]: CentOS-8 - Extras                               5.9 kB/s | 1.5 kB     00:00
Oct 20 07:56:59 Andrew-vm2 dnf[9523]: Metadata cache created.
Oct 20 07:56:59 Andrew-vm2 systemd[1]: Started dnf makecache.
Oct 20 08:57:01 Andrew-vm2 systemd[1]: Starting dnf makecache...
Oct 20 08:57:02 Andrew-vm2 dnf[9554]: Metadata cache refreshed recently.
Oct 20 08:57:02 Andrew-vm2 systemd[1]: Started dnf makecache.
Oct 20 09:57:05 Andrew-vm2 systemd[1]: Starting dnf makecache...
Oct 20 09:57:05 Andrew-vm2 dnf[9579]: Metadata cache refreshed recently.
Oct 20 09:57:05 Andrew-vm2 systemd[1]: Started dnf makecache.
Oct 20 10:57:09 Andrew-vm2 systemd[1]: Starting dnf makecache...
Oct 20 10:57:09 Andrew-vm2 dnf[9605]: CentOS-8 - AppStream                             20 kB/s | 4.3 kB     00:00
Oct 20 10:57:10 Andrew-vm2 dnf[9605]: CentOS-8 - Base                                  14 kB/s | 3.9 kB     00:00
Oct 20 10:57:10 Andrew-vm2 dnf[9605]: CentOS-8 - Extras                               4.8 kB/s | 1.5 kB     00:00
Oct 20 10:57:10 Andrew-vm2 dnf[9605]: Metadata cache created.
Oct 20 10:57:10 Andrew-vm2 systemd[1]: Started dnf makecache.
Oct 20 11:57:12 Andrew-vm2 systemd[1]: Starting dnf makecache...
Oct 20 11:57:13 Andrew-vm2 dnf[9636]: Metadata cache refreshed recently.
Oct 20 11:57:13 Andrew-vm2 systemd[1]: Started dnf makecache.
Oct 20 12:57:16 Andrew-vm2 systemd[1]: Starting dnf makecache...
Oct 20 12:57:16 Andrew-vm2 dnf[9661]: Metadata cache refreshed recently.
Oct 20 12:57:17 Andrew-vm2 systemd[1]: Started dnf makecache.
Oct 20 13:57:20 Andrew-vm2 systemd[1]: Starting dnf makecache...
Oct 20 13:57:21 Andrew-vm2 dnf[9687]: CentOS-8 - AppStream                             13 kB/s | 4.3 kB     00:00
Oct 20 13:57:21 Andrew-vm2 dnf[9687]: CentOS-8 - Base                                  24 kB/s | 3.9 kB     00:00
Oct 20 13:57:21 Andrew-vm2 dnf[9687]: CentOS-8 - Extras                                12 kB/s | 1.5 kB     00:00
Oct 20 13:57:21 Andrew-vm2 dnf[9687]: Metadata cache created.
Oct 20 13:57:21 Andrew-vm2 systemd[1]: Started dnf makecache.
Oct 20 14:57:23 Andrew-vm2 systemd[1]: Starting dnf makecache...
Oct 20 14:57:24 Andrew-vm2 dnf[9718]: Metadata cache refreshed recently.
Oct 20 14:57:24 Andrew-vm2 systemd[1]: Started dnf makecache.
Oct 20 15:57:27 Andrew-vm2 systemd[1]: Starting dnf makecache...
Oct 20 15:57:28 Andrew-vm2 dnf[9743]: Metadata cache refreshed recently.
Oct 20 15:57:28 Andrew-vm2 systemd[1]: Started dnf makecache.
Oct 20 16:57:31 Andrew-vm2 systemd[1]: Starting dnf makecache...
Oct 20 16:57:32 Andrew-vm2 dnf[9769]: CentOS-8 - AppStream                             13 kB/s | 4.3 kB     00:00
Oct 20 16:57:32 Andrew-vm2 dnf[9769]: CentOS-8 - Base                                  36 kB/s | 3.9 kB     00:00
Oct 20 16:57:32 Andrew-vm2 dnf[9769]: CentOS-8 - Extras                               7.0 kB/s | 1.5 kB     00:00
Oct 20 16:57:32 Andrew-vm2 dnf[9769]: Metadata cache created.
Oct 20 16:57:32 Andrew-vm2 systemd[1]: Started dnf makecache.
Oct 20 17:57:35 Andrew-vm2 systemd[1]: Starting dnf makecache...
Oct 20 17:57:35 Andrew-vm2 dnf[9800]: Metadata cache refreshed recently.
Oct 20 17:57:35 Andrew-vm2 systemd[1]: Started dnf makecache.
Oct 20 18:57:38 Andrew-vm2 systemd[1]: Starting dnf makecache...
Oct 20 18:57:39 Andrew-vm2 dnf[9825]: Metadata cache refreshed recently.
Oct 20 18:57:39 Andrew-vm2 systemd[1]: Started dnf makecache.
Oct 20 19:24:47 Andrew-vm2 NetworkManager[977]: <info>  [1603236287.7838] dhcp4 (ens192): option dhcp_lease_time      => '86400'
Oct 20 19:24:47 Andrew-vm2 NetworkManager[977]: <info>  [1603236287.7845] dhcp4 (ens192): option domain_name_servers  => '10.102.100.22 10.101.100.42 10.101.100.41'
Oct 20 19:24:47 Andrew-vm2 NetworkManager[977]: <info>  [1603236287.7846] dhcp4 (ens192): option expiry               => '1603322687'
Oct 20 19:24:47 Andrew-vm2 NetworkManager[977]: <info>  [1603236287.7846] dhcp4 (ens192): option ip_address           => '172.16.17.2'
Oct 20 19:24:47 Andrew-vm2 NetworkManager[977]: <info>  [1603236287.7846] dhcp4 (ens192): option requested_broadcast_address => '1'
Oct 20 19:24:47 Andrew-vm2 NetworkManager[977]: <info>  [1603236287.7846] dhcp4 (ens192): option requested_domain_name => '1'
Oct 20 19:24:47 Andrew-vm2 NetworkManager[977]: <info>  [1603236287.7846] dhcp4 (ens192): option requested_domain_name_servers => '1'
Oct 20 19:24:47 Andrew-vm2 NetworkManager[977]: <info>  [1603236287.7846] dhcp4 (ens192): option requested_domain_search => '1'
Oct 20 19:24:47 Andrew-vm2 NetworkManager[977]: <info>  [1603236287.7846] dhcp4 (ens192): option requested_host_name  => '1'
Oct 20 19:24:47 Andrew-vm2 NetworkManager[977]: <info>  [1603236287.7846] dhcp4 (ens192): option requested_interface_mtu => '1'
Oct 20 19:24:47 Andrew-vm2 NetworkManager[977]: <info>  [1603236287.7846] dhcp4 (ens192): option requested_ms_classless_static_routes => '1'
Oct 20 19:24:47 Andrew-vm2 NetworkManager[977]: <info>  [1603236287.7846] dhcp4 (ens192): option requested_nis_domain => '1'
Oct 20 19:24:47 Andrew-vm2 NetworkManager[977]: <info>  [1603236287.7846] dhcp4 (ens192): option requested_nis_servers => '1'
Oct 20 19:24:47 Andrew-vm2 NetworkManager[977]: <info>  [1603236287.7847] dhcp4 (ens192): option requested_ntp_servers => '1'
Oct 20 19:24:47 Andrew-vm2 NetworkManager[977]: <info>  [1603236287.7847] dhcp4 (ens192): option requested_rfc3442_classless_static_routes => '1'
Oct 20 19:24:47 Andrew-vm2 NetworkManager[977]: <info>  [1603236287.7847] dhcp4 (ens192): option requested_root_path  => '1'
Oct 20 19:24:47 Andrew-vm2 NetworkManager[977]: <info>  [1603236287.7847] dhcp4 (ens192): option requested_routers    => '1'
Oct 20 19:24:47 Andrew-vm2 NetworkManager[977]: <info>  [1603236287.7847] dhcp4 (ens192): option requested_static_routes => '1'
Oct 20 19:24:47 Andrew-vm2 NetworkManager[977]: <info>  [1603236287.7847] dhcp4 (ens192): option requested_subnet_mask => '1'
Oct 20 19:24:47 Andrew-vm2 NetworkManager[977]: <info>  [1603236287.7847] dhcp4 (ens192): option requested_time_offset => '1'
Oct 20 19:24:47 Andrew-vm2 NetworkManager[977]: <info>  [1603236287.7847] dhcp4 (ens192): option requested_wpad       => '1'
Oct 20 19:24:47 Andrew-vm2 NetworkManager[977]: <info>  [1603236287.7847] dhcp4 (ens192): option routers              => '172.16.255.1'
Oct 20 19:24:47 Andrew-vm2 NetworkManager[977]: <info>  [1603236287.7847] dhcp4 (ens192): option subnet_mask          => '255.255.0.0'
Oct 20 19:24:47 Andrew-vm2 NetworkManager[977]: <info>  [1603236287.7847] dhcp4 (ens192): state changed extended -> extended
Oct 20 19:24:47 Andrew-vm2 dbus-daemon[976]: [system] Activating via systemd: service name='org.freedesktop.nm_dispatcher' unit='dbus-org.freedesktop.nm-dispatcher.service' requested by ':1.4' (uid=0 pid=977 comm="/usr/sbin/NetworkManager --no-daemon " label="system_u:system_r:NetworkManager_t:s0")
Oct 20 19:24:47 Andrew-vm2 systemd[1]: Starting Network Manager Script Dispatcher Service...
Oct 20 19:24:47 Andrew-vm2 dbus-daemon[976]: [system] Successfully activated service 'org.freedesktop.nm_dispatcher'
Oct 20 19:24:47 Andrew-vm2 systemd[1]: Started Network Manager Script Dispatcher Service.
Oct 20 19:41:01 Andrew-vm2 systemd[1]: Starting Cleanup of Temporary Directories...
Oct 20 19:41:01 Andrew-vm2 systemd[1]: Started Cleanup of Temporary Directories.
Oct 20 19:57:42 Andrew-vm2 systemd[1]: Starting dnf makecache...
Oct 20 19:57:43 Andrew-vm2 dnf[9858]: CentOS-8 - AppStream                             13 kB/s | 4.3 kB     00:00
Oct 20 19:57:43 Andrew-vm2 dnf[9858]: CentOS-8 - Base                                  28 kB/s | 3.9 kB     00:00
Oct 20 19:57:43 Andrew-vm2 dnf[9858]: CentOS-8 - Extras                               6.9 kB/s | 1.5 kB     00:00
Oct 20 19:57:43 Andrew-vm2 dnf[9858]: Metadata cache created.
Oct 20 19:57:43 Andrew-vm2 systemd[1]: Started dnf makecache.
Oct 20 20:57:46 Andrew-vm2 systemd[1]: Starting dnf makecache...
Oct 20 20:57:46 Andrew-vm2 dnf[9889]: Metadata cache refreshed recently.
Oct 20 20:57:46 Andrew-vm2 systemd[1]: Started dnf makecache.
Oct 20 21:04:59 aluk10_web kernel: Command line: BOOT_IMAGE=(hd0,msdos1)/vmlinuz-4.18.0-193.19.1.el8_2.x86_64 root=/dev/mapper/cl-root ro crashkernel=auto resume=/dev/mapper/cl-swap rd.lvm.lv=cl/root rd.lvm.lv=cl/swap rhgb quiet
Oct 20 21:04:59 aluk10_web kernel: Disabled fast string operations
Oct 20 21:04:59 aluk10_web kernel: x86/fpu: Supporting XSAVE feature 0x001: 'x87 floating point registers'
Oct 20 21:04:59 aluk10_web kernel: x86/fpu: Supporting XSAVE feature 0x002: 'SSE registers'
Oct 20 21:04:59 aluk10_web kernel: x86/fpu: Supporting XSAVE feature 0x004: 'AVX registers'
Oct 20 21:04:59 aluk10_web kernel: x86/fpu: xstate_offset[2]:  576, xstate_sizes[2]:  256
Oct 20 21:04:59 aluk10_web kernel: x86/fpu: Enabled xstate features 0x7, context size is 832 bytes, using 'standard' format.
Oct 20 21:04:59 aluk10_web kernel: BIOS-provided physical RAM map:
Oct 20 21:04:59 aluk10_web kernel: BIOS-e820: [mem 0x0000000000000000-0x000000000009f3ff] usable
Oct 20 21:04:59 aluk10_web kernel: BIOS-e820: [mem 0x000000000009f400-0x000000000009ffff] reserved
Oct 20 21:04:59 aluk10_web kernel: BIOS-e820: [mem 0x00000000000dc000-0x00000000000fffff] reserved
Oct 20 21:04:59 aluk10_web kernel: BIOS-e820: [mem 0x0000000000100000-0x000000007fedffff] usable
Oct 20 21:04:59 aluk10_web kernel: BIOS-e820: [mem 0x000000007fee0000-0x000000007fefefff] ACPI data
Oct 20 21:04:59 aluk10_web kernel: BIOS-e820: [mem 0x000000007feff000-0x000000007fefffff] ACPI NVS
Oct 20 21:04:59 aluk10_web kernel: BIOS-e820: [mem 0x000000007ff00000-0x000000007fffffff] usable
Oct 20 21:04:59 aluk10_web kernel: BIOS-e820: [mem 0x00000000f0000000-0x00000000f7ffffff] reserved
Oct 20 21:04:59 aluk10_web kernel: BIOS-e820: [mem 0x00000000fec00000-0x00000000fec0ffff] reserved
Oct 20 21:04:59 aluk10_web kernel: BIOS-e820: [mem 0x00000000fee00000-0x00000000fee00fff] reserved
Oct 20 21:04:59 aluk10_web kernel: BIOS-e820: [mem 0x00000000fffe0000-0x00000000ffffffff] reserved
Oct 20 21:04:59 aluk10_web kernel: NX (Execute Disable) protection: active
Oct 20 21:04:59 aluk10_web kernel: SMBIOS 2.7 present.
Oct 20 21:04:59 aluk10_web kernel: DMI: VMware, Inc. VMware Virtual Platform/440BX Desktop Reference Platform, BIOS 6.00 12/09/2019
Oct 20 21:04:59 aluk10_web kernel: Hypervisor detected: VMware
Oct 20 21:04:59 aluk10_web kernel: vmware: TSC freq read from hypervisor : 2700.000 MHz
Oct 20 21:04:59 aluk10_web kernel: vmware: Host bus clock speed read from hypervisor : 66000000 Hz
Oct 20 21:04:59 aluk10_web kernel: vmware: using sched offset of 7356348654 ns
Oct 20 21:04:59 aluk10_web kernel: tsc: Detected 2700.000 MHz processor
Oct 20 21:04:59 aluk10_web kernel: last_pfn = 0x80000 max_arch_pfn = 0x400000000
Oct 20 21:04:59 aluk10_web kernel: x86/PAT: Configuration [0-7]: WB  WC  UC- UC  WB  WP  UC- WT  
Oct 20 21:04:59 aluk10_web kernel: total RAM covered: 2048M
Oct 20 21:04:59 aluk10_web kernel: Found optimal setting for mtrr clean up
Oct 20 21:04:59 aluk10_web kernel: gran_size: 64K #011chunk_size: 64K #011num_reg: 1  #011lose cover RAM: 0G
Oct 20 21:04:59 aluk10_web kernel: found SMP MP-table at [mem 0x000f6a70-0x000f6a7f]
Oct 20 21:04:59 aluk10_web kernel: kexec: Reserving the low 1M of memory for crashkernel
Oct 20 21:04:59 aluk10_web kernel: RAMDISK: [mem 0x34aa0000-0x36547fff]
Oct 20 21:04:59 aluk10_web kernel: ACPI: Early table checksum verification disabled
Oct 20 21:04:59 aluk10_web kernel: ACPI: RSDP 0x00000000000F6A00 000024 (v02 PTLTD )
Oct 20 21:04:59 aluk10_web kernel: ACPI: XSDT 0x000000007FEEEAC0 00005C (v01 INTEL  440BX    06040000 VMW  01324272)
Oct 20 21:04:59 aluk10_web kernel: ACPI: FACP 0x000000007FEFEE73 0000F4 (v04 INTEL  440BX    06040000 PTL  000F4240)
Oct 20 21:04:59 aluk10_web kernel: ACPI: DSDT 0x000000007FEEED00 010173 (v01 PTLTD  Custom   06040000 MSFT 03000001)
Oct 20 21:04:59 aluk10_web kernel: ACPI: FACS 0x000000007FEFFFC0 000040
Oct 20 21:04:59 aluk10_web kernel: ACPI: FACS 0x000000007FEFFFC0 000040
Oct 20 21:04:59 aluk10_web kernel: ACPI: BOOT 0x000000007FEEECD8 000028 (v01 PTLTD  $SBFTBL$ 06040000  LTP 00000001)
Oct 20 21:04:59 aluk10_web kernel: ACPI: APIC 0x000000007FEEEC88 000050 (v01 PTLTD  ? APIC   06040000  LTP 00000000)
Oct 20 21:04:59 aluk10_web kernel: ACPI: MCFG 0x000000007FEEEC4C 00003C (v01 PTLTD  $PCITBL$ 06040000  LTP 00000001)
Oct 20 21:04:59 aluk10_web kernel: ACPI: SRAT 0x000000007FEEEBBC 000090 (v02 VMWARE MEMPLUG  06040000 VMW  00000001)
Oct 20 21:04:59 aluk10_web kernel: ACPI: HPET 0x000000007FEEEB84 000038 (v01 VMWARE VMW HPET 06040000 VMW  00000001)
Oct 20 21:04:59 aluk10_web kernel: ACPI: WAET 0x000000007FEEEB5C 000028 (v01 VMWARE VMW WAET 06040000 VMW  00000001)
Oct 20 21:04:59 aluk10_web kernel: SRAT: PXM 0 -> APIC 0x00 -> Node 0
Oct 20 21:04:59 aluk10_web kernel: ACPI: SRAT: Node 0 PXM 0 [mem 0x00000000-0x0009ffff]
Oct 20 21:04:59 aluk10_web kernel: ACPI: SRAT: Node 0 PXM 0 [mem 0x00100000-0x7fffffff]
Oct 20 21:04:59 aluk10_web kernel: NUMA: Node 0 [mem 0x00000000-0x0009ffff] + [mem 0x00100000-0x7fffffff] -> [mem 0x00000000-0x7fffffff]
Oct 20 21:04:59 aluk10_web kernel: NODE_DATA(0) allocated [mem 0x7ffd6000-0x7fffffff]
Oct 20 21:04:59 aluk10_web kernel: Using crashkernel=auto, the size chosen is a best effort estimation.
Oct 20 21:04:59 aluk10_web kernel: Reserving 160MB of memory at 1872MB for crashkernel (System RAM: 2047MB)
Oct 20 21:04:59 aluk10_web kernel: Zone ranges:
Oct 20 21:04:59 aluk10_web kernel:  DMA      [mem 0x0000000000001000-0x0000000000ffffff]
Oct 20 21:04:59 aluk10_web kernel:  DMA32    [mem 0x0000000001000000-0x000000007fffffff]
Oct 20 21:04:59 aluk10_web kernel:  Normal   empty
Oct 20 21:04:59 aluk10_web kernel:  Device   empty
Oct 20 21:04:59 aluk10_web kernel: Movable zone start for each node
Oct 20 21:04:59 aluk10_web kernel: Early memory node ranges
Oct 20 21:04:59 aluk10_web kernel:  node   0: [mem 0x0000000000001000-0x000000000009efff]
Oct 20 21:04:59 aluk10_web kernel:  node   0: [mem 0x0000000000100000-0x000000007fedffff]
Oct 20 21:04:59 aluk10_web kernel:  node   0: [mem 0x000000007ff00000-0x000000007fffffff]
Oct 20 21:04:59 aluk10_web kernel: Zeroed struct page in unavailable ranges: 130 pages
Oct 20 21:04:59 aluk10_web kernel: Initmem setup node 0 [mem 0x0000000000001000-0x000000007fffffff]
Oct 20 21:04:59 aluk10_web kernel: ACPI: PM-Timer IO Port: 0x1008
Oct 20 21:04:59 aluk10_web kernel: ACPI: LAPIC_NMI (acpi_id[0x00] high edge lint[0x1])
Oct 20 21:04:59 aluk10_web kernel: IOAPIC[0]: apic_id 1, version 17, address 0xfec00000, GSI 0-23
Oct 20 21:04:59 aluk10_web kernel: ACPI: INT_SRC_OVR (bus 0 bus_irq 0 global_irq 2 high edge)
Oct 20 21:04:59 aluk10_web kernel: Using ACPI (MADT) for SMP configuration information
Oct 20 21:04:59 aluk10_web kernel: ACPI: HPET id: 0x8086af01 base: 0xfed00000
Oct 20 21:04:59 aluk10_web kernel: smpboot: Allowing 1 CPUs, 0 hotplug CPUs
Oct 20 21:04:59 aluk10_web kernel: PM: Registered nosave memory: [mem 0x00000000-0x00000fff]
Oct 20 21:04:59 aluk10_web kernel: PM: Registered nosave memory: [mem 0x0009f000-0x0009ffff]
Oct 20 21:04:59 aluk10_web kernel: PM: Registered nosave memory: [mem 0x000a0000-0x000dbfff]
Oct 20 21:04:59 aluk10_web kernel: PM: Registered nosave memory: [mem 0x000dc000-0x000fffff]
Oct 20 21:04:59 aluk10_web kernel: PM: Registered nosave memory: [mem 0x7fee0000-0x7fefefff]
Oct 20 21:04:59 aluk10_web kernel: PM: Registered nosave memory: [mem 0x7feff000-0x7fefffff]
Oct 20 21:04:59 aluk10_web kernel: [mem 0x80000000-0xefffffff] available for PCI devices
Oct 20 21:04:59 aluk10_web kernel: Booting paravirtualized kernel on VMware hypervisor
Oct 20 21:04:59 aluk10_web kernel: clocksource: refined-jiffies: mask: 0xffffffff max_cycles: 0xffffffff, max_idle_ns: 1910969940391419 ns
Oct 20 21:04:59 aluk10_web kernel: setup_percpu: NR_CPUS:8192 nr_cpumask_bits:1 nr_cpu_ids:1 nr_node_ids:1
Oct 20 21:04:59 aluk10_web kernel: percpu: Embedded 53 pages/cpu s180224 r8192 d28672 u2097152
Oct 20 21:04:59 aluk10_web kernel: Built 1 zonelists, mobility grouping on.  Total pages: 515808
Oct 20 21:04:59 aluk10_web kernel: Policy zone: DMA32
Oct 20 21:04:59 aluk10_web kernel: Kernel command line: BOOT_IMAGE=(hd0,msdos1)/vmlinuz-4.18.0-193.19.1.el8_2.x86_64 root=/dev/mapper/cl-root ro crashkernel=auto resume=/dev/mapper/cl-swap rd.lvm.lv=cl/root rd.lvm.lv=cl/swap rhgb quiet
Oct 20 21:04:59 aluk10_web kernel: Specific versions of hardware are certified with Red Hat Enterprise Linux 8. Please see the list of hardware certified with Red Hat Enterprise Linux 8 at https://access.redhat.com/ecosystem.
Oct 20 21:04:59 aluk10_web kernel: Memory: 226248K/2096632K available (12292K kernel code, 2151K rwdata, 3848K rodata, 2404K init, 6476K bss, 259840K reserved, 0K cma-reserved)
Oct 20 21:04:59 aluk10_web kernel: random: get_random_u64 called from cache_random_seq_create+0x7c/0x140 with crng_init=0
Oct 20 21:04:59 aluk10_web kernel: SLUB: HWalign=64, Order=0-3, MinObjects=0, CPUs=1, Nodes=1
Oct 20 21:04:59 aluk10_web kernel: Kernel/User page tables isolation: enabled
Oct 20 21:04:59 aluk10_web kernel: ftrace: allocating 36340 entries in 142 pages
Oct 20 21:04:59 aluk10_web kernel: rcu: Hierarchical RCU implementation.
Oct 20 21:04:59 aluk10_web kernel: rcu: #011RCU restricting CPUs from NR_CPUS=8192 to nr_cpu_ids=1.
Oct 20 21:04:59 aluk10_web kernel: rcu: RCU calculated value of scheduler-enlistment delay is 100 jiffies.
Oct 20 21:04:59 aluk10_web kernel: rcu: Adjusting geometry for rcu_fanout_leaf=16, nr_cpu_ids=1
Oct 20 21:04:59 aluk10_web kernel: NR_IRQS: 524544, nr_irqs: 256, preallocated irqs: 16
Oct 20 21:04:59 aluk10_web kernel: Console: colour VGA+ 80x25
Oct 20 21:04:59 aluk10_web kernel: printk: console [tty0] enabled
Oct 20 21:04:59 aluk10_web kernel: ACPI: Core revision 20190703
Oct 20 21:04:59 aluk10_web kernel: clocksource: hpet: mask: 0xffffffff max_cycles: 0xffffffff, max_idle_ns: 133484882848 ns
Oct 20 21:04:59 aluk10_web kernel: APIC: Switch to symmetric I/O mode setup
Oct 20 21:04:59 aluk10_web kernel: x2apic enabled
Oct 20 21:04:59 aluk10_web kernel: Switched APIC routing to physical x2apic.
Oct 20 21:04:59 aluk10_web kernel: ..TIMER: vector=0x30 apic1=0 pin1=2 apic2=-1 pin2=-1
Oct 20 21:04:59 aluk10_web kernel: clocksource: tsc-early: mask: 0xffffffffffffffff max_cycles: 0x26eb3e3cc63, max_idle_ns: 440795236593 ns
Oct 20 21:04:59 aluk10_web kernel: Calibrating delay loop (skipped) preset value.. 5400.00 BogoMIPS (lpj=2700000)
Oct 20 21:04:59 aluk10_web kernel: pid_max: default: 32768 minimum: 301
Oct 20 21:04:59 aluk10_web kernel: Security Framework initialized
Oct 20 21:04:59 aluk10_web kernel: Yama: becoming mindful.
Oct 20 21:04:59 aluk10_web kernel: SELinux:  Initializing.
Oct 20 21:04:59 aluk10_web kernel: Dentry cache hash table entries: 262144 (order: 9, 2097152 bytes)
Oct 20 21:04:59 aluk10_web kernel: Inode-cache hash table entries: 131072 (order: 8, 1048576 bytes)
Oct 20 21:04:59 aluk10_web kernel: Mount-cache hash table entries: 4096 (order: 3, 32768 bytes)
Oct 20 21:04:59 aluk10_web kernel: Mountpoint-cache hash table entries: 4096 (order: 3, 32768 bytes)
Oct 20 21:04:59 aluk10_web kernel: Disabled fast string operations
Oct 20 21:04:59 aluk10_web kernel: Last level iTLB entries: 4KB 512, 2MB 8, 4MB 8
Oct 20 21:04:59 aluk10_web kernel: Last level dTLB entries: 4KB 512, 2MB 32, 4MB 32, 1GB 0
Oct 20 21:04:59 aluk10_web kernel: FEATURE SPEC_CTRL Present
Oct 20 21:04:59 aluk10_web kernel: FEATURE IBPB_SUPPORT Present
Oct 20 21:04:59 aluk10_web kernel: Spectre V1 : Mitigation: usercopy/swapgs barriers and __user pointer sanitization
Oct 20 21:04:59 aluk10_web kernel: Spectre V2 : Mitigation: Full generic retpoline
Oct 20 21:04:59 aluk10_web kernel: Spectre V2 : Spectre v2 / SpectreRSB mitigation: Filling RSB on context switch
Oct 20 21:04:59 aluk10_web kernel: Spectre V2 : Enabling Restricted Speculation for firmware calls
Oct 20 21:04:59 aluk10_web kernel: Spectre V2 : mitigation: Enabling conditional Indirect Branch Prediction Barrier
Oct 20 21:04:59 aluk10_web kernel: Speculative Store Bypass: Mitigation: Speculative Store Bypass disabled via prctl and seccomp
Oct 20 21:04:59 aluk10_web kernel: MDS: Mitigation: Clear CPU buffers
Oct 20 21:04:59 aluk10_web kernel: Freeing SMP alternatives memory: 32K
Oct 20 21:04:59 aluk10_web kernel: smpboot: CPU0: Intel(R) Xeon(R) CPU E5-2680 0 @ 2.70GHz (family: 0x6, model: 0x2d, stepping: 0x7)
Oct 20 21:04:59 aluk10_web kernel: Performance Events: SandyBridge events, core PMU driver.
Oct 20 21:04:59 aluk10_web kernel: core: CPUID marked event: 'cpu cycles' unavailable
Oct 20 21:04:59 aluk10_web kernel: core: CPUID marked event: 'instructions' unavailable
Oct 20 21:04:59 aluk10_web kernel: core: CPUID marked event: 'bus cycles' unavailable
Oct 20 21:04:59 aluk10_web kernel: core: CPUID marked event: 'cache references' unavailable
Oct 20 21:04:59 aluk10_web kernel: core: CPUID marked event: 'cache misses' unavailable
Oct 20 21:04:59 aluk10_web kernel: core: CPUID marked event: 'branch instructions' unavailable
Oct 20 21:04:59 aluk10_web kernel: core: CPUID marked event: 'branch misses' unavailable
Oct 20 21:04:59 aluk10_web kernel: ... version:                1
Oct 20 21:04:59 aluk10_web kernel: ... bit width:              48
Oct 20 21:04:59 aluk10_web kernel: ... generic registers:      4
Oct 20 21:04:59 aluk10_web kernel: ... value mask:             0000ffffffffffff
Oct 20 21:04:59 aluk10_web kernel: ... max period:             000000007fffffff
Oct 20 21:04:59 aluk10_web kernel: ... fixed-purpose events:   0
Oct 20 21:04:59 aluk10_web kernel: ... event mask:             000000000000000f
Oct 20 21:04:59 aluk10_web kernel: rcu: Hierarchical SRCU implementation.
Oct 20 21:04:59 aluk10_web kernel: NMI watchdog: Perf NMI watchdog permanently disabled
Oct 20 21:04:59 aluk10_web kernel: smp: Bringing up secondary CPUs ...
Oct 20 21:04:59 aluk10_web kernel: smp: Brought up 1 node, 1 CPU
Oct 20 21:04:59 aluk10_web kernel: smpboot: Max logical packages: 1
Oct 20 21:04:59 aluk10_web kernel: smpboot: Total of 1 processors activated (5400.00 BogoMIPS)
Oct 20 21:04:59 aluk10_web kernel: node 0 initialised, 402636 pages in 1ms
Oct 20 21:04:59 aluk10_web kernel: devtmpfs: initialized
Oct 20 21:04:59 aluk10_web kernel: x86/mm: Memory block size: 128MB
Oct 20 21:04:59 aluk10_web kernel: PM: Registering ACPI NVS region [mem 0x7feff000-0x7fefffff] (4096 bytes)
Oct 20 21:04:59 aluk10_web kernel: clocksource: jiffies: mask: 0xffffffff max_cycles: 0xffffffff, max_idle_ns: 1911260446275000 ns
Oct 20 21:04:59 aluk10_web kernel: futex hash table entries: 256 (order: 2, 16384 bytes)
Oct 20 21:04:59 aluk10_web kernel: pinctrl core: initialized pinctrl subsystem
Oct 20 21:04:59 aluk10_web kernel: NET: Registered protocol family 16
Oct 20 21:04:59 aluk10_web kernel: audit: initializing netlink subsys (disabled)
Oct 20 21:04:59 aluk10_web kernel: cpuidle: using governor menu
Oct 20 21:04:59 aluk10_web kernel: Simple Boot Flag at 0x36 set to 0x80
Oct 20 21:04:59 aluk10_web kernel: ACPI: bus type PCI registered
Oct 20 21:04:59 aluk10_web kernel: acpiphp: ACPI Hot Plug PCI Controller Driver version: 0.5
Oct 20 21:04:59 aluk10_web kernel: PCI: MMCONFIG for domain 0000 [bus 00-7f] at [mem 0xf0000000-0xf7ffffff] (base 0xf0000000)
Oct 20 21:04:59 aluk10_web kernel: PCI: MMCONFIG at [mem 0xf0000000-0xf7ffffff] reserved in E820
Oct 20 21:04:59 aluk10_web kernel: PCI: Using configuration type 1 for base access
Oct 20 21:04:59 aluk10_web kernel: core: PMU erratum BJ122, BV98, HSD29 workaround disabled, HT off
Oct 20 21:04:59 aluk10_web kernel: audit: type=2000 audit(1603242297.015:1): state=initialized audit_enabled=0 res=1
Oct 20 21:04:59 aluk10_web kernel: HugeTLB registered 2.00 MiB page size, pre-allocated 0 pages
Oct 20 21:04:59 aluk10_web kernel: cryptd: max_cpu_qlen set to 1000
Oct 20 21:04:59 aluk10_web kernel: ACPI: Added _OSI(Module Device)
Oct 20 21:04:59 aluk10_web kernel: ACPI: Added _OSI(Processor Device)
Oct 20 21:04:59 aluk10_web kernel: ACPI: Added _OSI(3.0 _SCP Extensions)
Oct 20 21:04:59 aluk10_web kernel: ACPI: Added _OSI(Processor Aggregator Device)
Oct 20 21:04:59 aluk10_web kernel: ACPI: Added _OSI(Linux-Dell-Video)
Oct 20 21:04:59 aluk10_web kernel: ACPI: Added _OSI(Linux-Lenovo-NV-HDMI-Audio)
Oct 20 21:04:59 aluk10_web kernel: ACPI: Added _OSI(Linux-HPI-Hybrid-Graphics)
Oct 20 21:04:59 aluk10_web kernel: ACPI: 1 ACPI AML tables successfully acquired and loaded
Oct 20 21:04:59 aluk10_web kernel: ACPI: [Firmware Bug]: BIOS _OSI(Linux) query ignored
Oct 20 21:04:59 aluk10_web kernel: ACPI: Interpreter enabled
Oct 20 21:04:59 aluk10_web kernel: ACPI: (supports S0 S1 S4 S5)
Oct 20 21:04:59 aluk10_web kernel: ACPI: Using IOAPIC for interrupt routing
Oct 20 21:04:59 aluk10_web kernel: PCI: Using host bridge windows from ACPI; if necessary, use "pci=nocrs" and report a bug
Oct 20 21:04:59 aluk10_web kernel: ACPI: Enabled 4 GPEs in block 00 to 0F
Oct 20 21:04:59 aluk10_web kernel: ACPI: PCI Root Bridge [PCI0] (domain 0000 [bus 00-7f])
Oct 20 21:04:59 aluk10_web kernel: acpi PNP0A03:00: _OSC: OS supports [ExtendedConfig ASPM ClockPM Segments MSI HPX-Type3]
Oct 20 21:04:59 aluk10_web kernel: acpi PNP0A03:00: _OSC: platform does not support [AER LTR]
Oct 20 21:04:59 aluk10_web kernel: acpi PNP0A03:00: _OSC: OS now controls [PCIeHotplug SHPCHotplug PME PCIeCapability]
Oct 20 21:04:59 aluk10_web kernel: PCI host bridge to bus 0000:00
Oct 20 21:04:59 aluk10_web kernel: pci_bus 0000:00: root bus resource [mem 0x000a0000-0x000bffff window]
Oct 20 21:04:59 aluk10_web kernel: pci_bus 0000:00: root bus resource [mem 0x000d0000-0x000d3fff window]
Oct 20 21:04:59 aluk10_web kernel: pci_bus 0000:00: root bus resource [mem 0x000d4000-0x000d7fff window]
Oct 20 21:04:59 aluk10_web kernel: pci_bus 0000:00: root bus resource [mem 0x000d8000-0x000dbfff window]
Oct 20 21:04:59 aluk10_web kernel: pci_bus 0000:00: root bus resource [mem 0x80000000-0xfebfffff window]
Oct 20 21:04:59 aluk10_web kernel: pci_bus 0000:00: root bus resource [io  0x0000-0x0cf7 window]
Oct 20 21:04:59 aluk10_web kernel: pci_bus 0000:00: root bus resource [io  0x0d00-0xfeff window]
Oct 20 21:04:59 aluk10_web kernel: pci_bus 0000:00: root bus resource [bus 00-7f]
Oct 20 21:04:59 aluk10_web kernel: pci 0000:00:00.0: [8086:7190] type 00 class 0x060000
Oct 20 21:04:59 aluk10_web kernel: pci 0000:00:01.0: [8086:7191] type 01 class 0x060400
Oct 20 21:04:59 aluk10_web kernel: pci 0000:00:07.0: [8086:7110] type 00 class 0x060100
Oct 20 21:04:59 aluk10_web kernel: pci 0000:00:07.1: [8086:7111] type 00 class 0x01018a
Oct 20 21:04:59 aluk10_web kernel: pci 0000:00:07.1: reg 0x20: [io  0x1060-0x106f]
Oct 20 21:04:59 aluk10_web kernel: pci 0000:00:07.1: legacy IDE quirk: reg 0x10: [io  0x01f0-0x01f7]
Oct 20 21:04:59 aluk10_web kernel: pci 0000:00:07.1: legacy IDE quirk: reg 0x14: [io  0x03f6]
Oct 20 21:04:59 aluk10_web kernel: pci 0000:00:07.1: legacy IDE quirk: reg 0x18: [io  0x0170-0x0177]
Oct 20 21:04:59 aluk10_web kernel: pci 0000:00:07.1: legacy IDE quirk: reg 0x1c: [io  0x0376]
Oct 20 21:04:59 aluk10_web kernel: pci 0000:00:07.3: [8086:7113] type 00 class 0x068000
Oct 20 21:04:59 aluk10_web kernel: pci 0000:00:07.3: quirk: [io  0x1000-0x103f] claimed by PIIX4 ACPI
Oct 20 21:04:59 aluk10_web kernel: pci 0000:00:07.3: quirk: [io  0x1040-0x104f] claimed by PIIX4 SMB
Oct 20 21:04:59 aluk10_web kernel: pci 0000:00:07.7: [15ad:0740] type 00 class 0x088000
Oct 20 21:04:59 aluk10_web kernel: pci 0000:00:07.7: reg 0x10: [io  0x1080-0x10bf]
Oct 20 21:04:59 aluk10_web kernel: pci 0000:00:07.7: reg 0x14: [mem 0xfebfe000-0xfebfffff 64bit]
Oct 20 21:04:59 aluk10_web kernel: pci 0000:00:0f.0: [15ad:0405] type 00 class 0x030000
Oct 20 21:04:59 aluk10_web kernel: pci 0000:00:0f.0: reg 0x10: [io  0x1070-0x107f]
Oct 20 21:04:59 aluk10_web kernel: pci 0000:00:0f.0: reg 0x14: [mem 0xe8000000-0xefffffff pref]
Oct 20 21:04:59 aluk10_web kernel: pci 0000:00:0f.0: reg 0x18: [mem 0xfe000000-0xfe7fffff]
Oct 20 21:04:59 aluk10_web kernel: pci 0000:00:0f.0: reg 0x30: [mem 0x00000000-0x00007fff pref]
Oct 20 21:04:59 aluk10_web kernel: pci 0000:00:11.0: [15ad:0790] type 01 class 0x060401
Oct 20 21:04:59 aluk10_web kernel: pci 0000:00:15.0: [15ad:07a0] type 01 class 0x060400
Oct 20 21:04:59 aluk10_web kernel: pci 0000:00:15.0: PME# supported from D0 D3hot D3cold
Oct 20 21:04:59 aluk10_web kernel: pci 0000:00:15.1: [15ad:07a0] type 01 class 0x060400
Oct 20 21:04:59 aluk10_web kernel: pci 0000:00:15.1: PME# supported from D0 D3hot D3cold
Oct 20 21:04:59 aluk10_web kernel: pci 0000:00:15.2: [15ad:07a0] type 01 class 0x060400
Oct 20 21:04:59 aluk10_web kernel: pci 0000:00:15.2: PME# supported from D0 D3hot D3cold
Oct 20 21:04:59 aluk10_web kernel: pci 0000:00:15.3: [15ad:07a0] type 01 class 0x060400
Oct 20 21:04:59 aluk10_web kernel: pci 0000:00:15.3: PME# supported from D0 D3hot D3cold
Oct 20 21:04:59 aluk10_web kernel: pci 0000:00:15.4: [15ad:07a0] type 01 class 0x060400
Oct 20 21:04:59 aluk10_web kernel: pci 0000:00:15.4: PME# supported from D0 D3hot D3cold
Oct 20 21:04:59 aluk10_web kernel: pci 0000:00:15.5: [15ad:07a0] type 01 class 0x060400
Oct 20 21:04:59 aluk10_web kernel: pci 0000:00:15.5: PME# supported from D0 D3hot D3cold
Oct 20 21:04:59 aluk10_web kernel: pci 0000:00:15.6: [15ad:07a0] type 01 class 0x060400
Oct 20 21:04:59 aluk10_web kernel: pci 0000:00:15.6: PME# supported from D0 D3hot D3cold
Oct 20 21:04:59 aluk10_web kernel: pci 0000:00:15.7: [15ad:07a0] type 01 class 0x060400
Oct 20 21:04:59 aluk10_web kernel: pci 0000:00:15.7: PME# supported from D0 D3hot D3cold
Oct 20 21:04:59 aluk10_web kernel: pci 0000:00:16.0: [15ad:07a0] type 01 class 0x060400
Oct 20 21:04:59 aluk10_web kernel: pci 0000:00:16.0: PME# supported from D0 D3hot D3cold
Oct 20 21:04:59 aluk10_web kernel: pci 0000:00:16.1: [15ad:07a0] type 01 class 0x060400
Oct 20 21:04:59 aluk10_web kernel: pci 0000:00:16.1: PME# supported from D0 D3hot D3cold
Oct 20 21:04:59 aluk10_web kernel: pci 0000:00:16.2: [15ad:07a0] type 01 class 0x060400
Oct 20 21:04:59 aluk10_web kernel: pci 0000:00:16.2: PME# supported from D0 D3hot D3cold
Oct 20 21:04:59 aluk10_web kernel: pci 0000:00:16.3: [15ad:07a0] type 01 class 0x060400
Oct 20 21:04:59 aluk10_web kernel: pci 0000:00:16.3: PME# supported from D0 D3hot D3cold
Oct 20 21:04:59 aluk10_web kernel: pci 0000:00:16.4: [15ad:07a0] type 01 class 0x060400
Oct 20 21:04:59 aluk10_web kernel: pci 0000:00:16.4: PME# supported from D0 D3hot D3cold
Oct 20 21:04:59 aluk10_web kernel: pci 0000:00:16.5: [15ad:07a0] type 01 class 0x060400
Oct 20 21:04:59 aluk10_web kernel: pci 0000:00:16.5: PME# supported from D0 D3hot D3cold
Oct 20 21:04:59 aluk10_web kernel: pci 0000:00:16.6: [15ad:07a0] type 01 class 0x060400
Oct 20 21:04:59 aluk10_web kernel: pci 0000:00:16.6: PME# supported from D0 D3hot D3cold
Oct 20 21:04:59 aluk10_web kernel: pci 0000:00:16.7: [15ad:07a0] type 01 class 0x060400
Oct 20 21:04:59 aluk10_web kernel: pci 0000:00:16.7: PME# supported from D0 D3hot D3cold
Oct 20 21:04:59 aluk10_web kernel: pci 0000:00:17.0: [15ad:07a0] type 01 class 0x060400
Oct 20 21:04:59 aluk10_web kernel: pci 0000:00:17.0: PME# supported from D0 D3hot D3cold
Oct 20 21:04:59 aluk10_web kernel: pci 0000:00:17.1: [15ad:07a0] type 01 class 0x060400
Oct 20 21:04:59 aluk10_web kernel: pci 0000:00:17.1: PME# supported from D0 D3hot D3cold
Oct 20 21:04:59 aluk10_web kernel: pci 0000:00:17.2: [15ad:07a0] type 01 class 0x060400
Oct 20 21:04:59 aluk10_web kernel: pci 0000:00:17.2: PME# supported from D0 D3hot D3cold
Oct 20 21:04:59 aluk10_web kernel: pci 0000:00:17.3: [15ad:07a0] type 01 class 0x060400
Oct 20 21:04:59 aluk10_web kernel: pci 0000:00:17.3: PME# supported from D0 D3hot D3cold
Oct 20 21:04:59 aluk10_web kernel: pci 0000:00:17.4: [15ad:07a0] type 01 class 0x060400
Oct 20 21:04:59 aluk10_web kernel: pci 0000:00:17.4: PME# supported from D0 D3hot D3cold
Oct 20 21:04:59 aluk10_web kernel: pci 0000:00:17.5: [15ad:07a0] type 01 class 0x060400
Oct 20 21:04:59 aluk10_web kernel: pci 0000:00:17.5: PME# supported from D0 D3hot D3cold
Oct 20 21:04:59 aluk10_web kernel: pci 0000:00:17.6: [15ad:07a0] type 01 class 0x060400
Oct 20 21:04:59 aluk10_web kernel: pci 0000:00:17.6: PME# supported from D0 D3hot D3cold
Oct 20 21:04:59 aluk10_web kernel: pci 0000:00:17.7: [15ad:07a0] type 01 class 0x060400
Oct 20 21:04:59 aluk10_web kernel: pci 0000:00:17.7: PME# supported from D0 D3hot D3cold
Oct 20 21:04:59 aluk10_web kernel: pci 0000:00:18.0: [15ad:07a0] type 01 class 0x060400
Oct 20 21:04:59 aluk10_web kernel: pci 0000:00:18.0: PME# supported from D0 D3hot D3cold
Oct 20 21:04:59 aluk10_web kernel: pci 0000:00:18.1: [15ad:07a0] type 01 class 0x060400
Oct 20 21:04:59 aluk10_web kernel: pci 0000:00:18.1: PME# supported from D0 D3hot D3cold
Oct 20 21:04:59 aluk10_web kernel: pci 0000:00:18.2: [15ad:07a0] type 01 class 0x060400
Oct 20 21:04:59 aluk10_web kernel: pci 0000:00:18.2: PME# supported from D0 D3hot D3cold
Oct 20 21:04:59 aluk10_web kernel: pci 0000:00:18.3: [15ad:07a0] type 01 class 0x060400
Oct 20 21:04:59 aluk10_web kernel: pci 0000:00:18.3: PME# supported from D0 D3hot D3cold
Oct 20 21:04:59 aluk10_web kernel: pci 0000:00:18.4: [15ad:07a0] type 01 class 0x060400
Oct 20 21:04:59 aluk10_web kernel: pci 0000:00:18.4: PME# supported from D0 D3hot D3cold
Oct 20 21:04:59 aluk10_web kernel: pci 0000:00:18.5: [15ad:07a0] type 01 class 0x060400
Oct 20 21:04:59 aluk10_web kernel: pci 0000:00:18.5: PME# supported from D0 D3hot D3cold
Oct 20 21:04:59 aluk10_web kernel: pci 0000:00:18.6: [15ad:07a0] type 01 class 0x060400
Oct 20 21:04:59 aluk10_web kernel: pci 0000:00:18.6: PME# supported from D0 D3hot D3cold
Oct 20 21:04:59 aluk10_web kernel: pci 0000:00:18.7: [15ad:07a0] type 01 class 0x060400
Oct 20 21:04:59 aluk10_web kernel: pci 0000:00:18.7: PME# supported from D0 D3hot D3cold
Oct 20 21:04:59 aluk10_web kernel: pci_bus 0000:01: extended config space not accessible
Oct 20 21:04:59 aluk10_web kernel: pci 0000:00:01.0: PCI bridge to [bus 01]
Oct 20 21:04:59 aluk10_web kernel: pci_bus 0000:02: extended config space not accessible
Oct 20 21:04:59 aluk10_web kernel: acpiphp: Slot [32] registered
Oct 20 21:04:59 aluk10_web kernel: acpiphp: Slot [33] registered
Oct 20 21:04:59 aluk10_web kernel: acpiphp: Slot [34] registered
Oct 20 21:04:59 aluk10_web kernel: acpiphp: Slot [35] registered
Oct 20 21:04:59 aluk10_web kernel: acpiphp: Slot [36] registered
Oct 20 21:04:59 aluk10_web kernel: acpiphp: Slot [37] registered
Oct 20 21:04:59 aluk10_web kernel: acpiphp: Slot [38] registered
Oct 20 21:04:59 aluk10_web kernel: acpiphp: Slot [39] registered
Oct 20 21:04:59 aluk10_web kernel: acpiphp: Slot [40] registered
Oct 20 21:04:59 aluk10_web kernel: acpiphp: Slot [41] registered
Oct 20 21:04:59 aluk10_web kernel: acpiphp: Slot [42] registered
Oct 20 21:04:59 aluk10_web kernel: acpiphp: Slot [43] registered
Oct 20 21:04:59 aluk10_web kernel: acpiphp: Slot [44] registered
Oct 20 21:04:59 aluk10_web kernel: acpiphp: Slot [45] registered
Oct 20 21:04:59 aluk10_web kernel: acpiphp: Slot [46] registered
Oct 20 21:04:59 aluk10_web kernel: acpiphp: Slot [47] registered
Oct 20 21:04:59 aluk10_web kernel: acpiphp: Slot [48] registered
Oct 20 21:04:59 aluk10_web kernel: acpiphp: Slot [49] registered
Oct 20 21:04:59 aluk10_web kernel: acpiphp: Slot [50] registered
Oct 20 21:04:59 aluk10_web kernel: acpiphp: Slot [51] registered
Oct 20 21:04:59 aluk10_web kernel: acpiphp: Slot [52] registered
Oct 20 21:04:59 aluk10_web kernel: acpiphp: Slot [53] registered
Oct 20 21:04:59 aluk10_web kernel: acpiphp: Slot [54] registered
Oct 20 21:04:59 aluk10_web kernel: acpiphp: Slot [55] registered
Oct 20 21:04:59 aluk10_web kernel: acpiphp: Slot [56] registered
Oct 20 21:04:59 aluk10_web kernel: acpiphp: Slot [57] registered
Oct 20 21:04:59 aluk10_web kernel: acpiphp: Slot [58] registered
Oct 20 21:04:59 aluk10_web kernel: acpiphp: Slot [59] registered
Oct 20 21:04:59 aluk10_web kernel: acpiphp: Slot [60] registered
Oct 20 21:04:59 aluk10_web kernel: acpiphp: Slot [61] registered
Oct 20 21:04:59 aluk10_web kernel: acpiphp: Slot [62] registered
Oct 20 21:04:59 aluk10_web kernel: acpiphp: Slot [63] registered
Oct 20 21:04:59 aluk10_web kernel: pci 0000:02:00.0: [15ad:0774] type 00 class 0x0c0300
Oct 20 21:04:59 aluk10_web kernel: pci 0000:02:00.0: reg 0x20: [io  0x2000-0x201f]
Oct 20 21:04:59 aluk10_web kernel: pci 0000:02:01.0: [15ad:0770] type 00 class 0x0c0320
Oct 20 21:04:59 aluk10_web kernel: pci 0000:02:01.0: reg 0x10: [mem 0xfd5ff000-0xfd5fffff]
Oct 20 21:04:59 aluk10_web kernel: pci 0000:02:03.0: [15ad:07e0] type 00 class 0x010601
Oct 20 21:04:59 aluk10_web kernel: pci 0000:02:03.0: reg 0x24: [mem 0xfd5fe000-0xfd5fefff]
Oct 20 21:04:59 aluk10_web kernel: pci 0000:02:03.0: reg 0x30: [mem 0x00000000-0x0000ffff pref]
Oct 20 21:04:59 aluk10_web kernel: pci 0000:02:03.0: PME# supported from D3hot
Oct 20 21:04:59 aluk10_web kernel: pci 0000:00:11.0: PCI bridge to [bus 02] (subtractive decode)
Oct 20 21:04:59 aluk10_web kernel: pci 0000:00:11.0:   bridge window [io  0x2000-0x3fff]
Oct 20 21:04:59 aluk10_web kernel: pci 0000:00:11.0:   bridge window [mem 0xfd500000-0xfdffffff]
Oct 20 21:04:59 aluk10_web kernel: pci 0000:00:11.0:   bridge window [mem 0xe7b00000-0xe7ffffff 64bit pref]
Oct 20 21:04:59 aluk10_web kernel: pci 0000:00:11.0:   bridge window [mem 0x000a0000-0x000bffff window] (subtractive decode)
Oct 20 21:04:59 aluk10_web kernel: pci 0000:00:11.0:   bridge window [mem 0x000d0000-0x000d3fff window] (subtractive decode)
Oct 20 21:04:59 aluk10_web kernel: pci 0000:00:11.0:   bridge window [mem 0x000d4000-0x000d7fff window] (subtractive decode)
Oct 20 21:04:59 aluk10_web kernel: pci 0000:00:11.0:   bridge window [mem 0x000d8000-0x000dbfff window] (subtractive decode)
Oct 20 21:04:59 aluk10_web kernel: pci 0000:00:11.0:   bridge window [mem 0x80000000-0xfebfffff window] (subtractive decode)
Oct 20 21:04:59 aluk10_web kernel: pci 0000:00:11.0:   bridge window [io  0x0000-0x0cf7 window] (subtractive decode)
Oct 20 21:04:59 aluk10_web kernel: pci 0000:00:11.0:   bridge window [io  0x0d00-0xfeff window] (subtractive decode)
Oct 20 21:04:59 aluk10_web kernel: pci 0000:03:00.0: [15ad:07c0] type 00 class 0x010700
Oct 20 21:04:59 aluk10_web kernel: pci 0000:03:00.0: reg 0x10: [io  0x4000-0x4007]
Oct 20 21:04:59 aluk10_web kernel: pci 0000:03:00.0: reg 0x14: [mem 0xfd4f8000-0xfd4fffff 64bit]
Oct 20 21:04:59 aluk10_web kernel: pci 0000:03:00.0: reg 0x30: [mem 0x00000000-0x0000ffff pref]
Oct 20 21:04:59 aluk10_web kernel: pci 0000:03:00.0: PME# supported from D0 D3hot D3cold
Oct 20 21:04:59 aluk10_web kernel: pci 0000:03:00.0: disabling ASPM on pre-1.1 PCIe device.  You can enable it with 'pcie_aspm=force'
Oct 20 21:04:59 aluk10_web kernel: pci 0000:00:15.0: PCI bridge to [bus 03]
Oct 20 21:04:59 aluk10_web kernel: pci 0000:00:15.0:   bridge window [io  0x4000-0x4fff]
Oct 20 21:04:59 aluk10_web kernel: pci 0000:00:15.0:   bridge window [mem 0xfd400000-0xfd4fffff]
Oct 20 21:04:59 aluk10_web kernel: pci 0000:00:15.1: PCI bridge to [bus 04]
Oct 20 21:04:59 aluk10_web kernel: pci 0000:00:15.1:   bridge window [io  0x8000-0x8fff]
Oct 20 21:04:59 aluk10_web kernel: pci 0000:00:15.1:   bridge window [mem 0xfd000000-0xfd0fffff]
Oct 20 21:04:59 aluk10_web kernel: pci 0000:00:15.1:   bridge window [mem 0xe7900000-0xe79fffff 64bit pref]
Oct 20 21:04:59 aluk10_web kernel: pci 0000:00:15.2: PCI bridge to [bus 05]
Oct 20 21:04:59 aluk10_web kernel: pci 0000:00:15.2:   bridge window [io  0xc000-0xcfff]
Oct 20 21:04:59 aluk10_web kernel: pci 0000:00:15.2:   bridge window [mem 0xfcc00000-0xfccfffff]
Oct 20 21:04:59 aluk10_web kernel: pci 0000:00:15.2:   bridge window [mem 0xe7500000-0xe75fffff 64bit pref]
Oct 20 21:04:59 aluk10_web kernel: pci 0000:00:15.3: PCI bridge to [bus 06]
Oct 20 21:04:59 aluk10_web kernel: pci 0000:00:15.3:   bridge window [mem 0xfc800000-0xfc8fffff]
Oct 20 21:04:59 aluk10_web kernel: pci 0000:00:15.3:   bridge window [mem 0xe7100000-0xe71fffff 64bit pref]
Oct 20 21:04:59 aluk10_web kernel: pci 0000:00:15.4: PCI bridge to [bus 07]
Oct 20 21:04:59 aluk10_web kernel: pci 0000:00:15.4:   bridge window [mem 0xfc400000-0xfc4fffff]
Oct 20 21:04:59 aluk10_web kernel: pci 0000:00:15.4:   bridge window [mem 0xe6d00000-0xe6dfffff 64bit pref]
Oct 20 21:04:59 aluk10_web kernel: pci 0000:00:15.5: PCI bridge to [bus 08]
Oct 20 21:04:59 aluk10_web kernel: pci 0000:00:15.5:   bridge window [mem 0xfc000000-0xfc0fffff]
Oct 20 21:04:59 aluk10_web kernel: pci 0000:00:15.5:   bridge window [mem 0xe6900000-0xe69fffff 64bit pref]
Oct 20 21:04:59 aluk10_web kernel: pci 0000:00:15.6: PCI bridge to [bus 09]
Oct 20 21:04:59 aluk10_web kernel: pci 0000:00:15.6:   bridge window [mem 0xfbc00000-0xfbcfffff]
Oct 20 21:04:59 aluk10_web kernel: pci 0000:00:15.6:   bridge window [mem 0xe6500000-0xe65fffff 64bit pref]
Oct 20 21:04:59 aluk10_web kernel: pci 0000:00:15.7: PCI bridge to [bus 0a]
Oct 20 21:04:59 aluk10_web kernel: pci 0000:00:15.7:   bridge window [mem 0xfb800000-0xfb8fffff]
Oct 20 21:04:59 aluk10_web kernel: pci 0000:00:15.7:   bridge window [mem 0xe6100000-0xe61fffff 64bit pref]
Oct 20 21:04:59 aluk10_web kernel: pci 0000:0b:00.0: [15ad:07b0] type 00 class 0x020000
Oct 20 21:04:59 aluk10_web kernel: pci 0000:0b:00.0: reg 0x10: [mem 0xfd3fc000-0xfd3fcfff]
Oct 20 21:04:59 aluk10_web kernel: pci 0000:0b:00.0: reg 0x14: [mem 0xfd3fd000-0xfd3fdfff]
Oct 20 21:04:59 aluk10_web kernel: pci 0000:0b:00.0: reg 0x18: [mem 0xfd3fe000-0xfd3fffff]
Oct 20 21:04:59 aluk10_web kernel: pci 0000:0b:00.0: reg 0x1c: [io  0x5000-0x500f]
Oct 20 21:04:59 aluk10_web kernel: pci 0000:0b:00.0: reg 0x30: [mem 0x00000000-0x0000ffff pref]
Oct 20 21:04:59 aluk10_web kernel: pci 0000:0b:00.0: supports D1 D2
Oct 20 21:04:59 aluk10_web kernel: pci 0000:0b:00.0: PME# supported from D0 D1 D2 D3hot D3cold
Oct 20 21:04:59 aluk10_web kernel: pci 0000:0b:00.0: disabling ASPM on pre-1.1 PCIe device.  You can enable it with 'pcie_aspm=force'
Oct 20 21:04:59 aluk10_web kernel: pci 0000:00:16.0: PCI bridge to [bus 0b]
Oct 20 21:04:59 aluk10_web kernel: pci 0000:00:16.0:   bridge window [io  0x5000-0x5fff]
Oct 20 21:04:59 aluk10_web kernel: pci 0000:00:16.0:   bridge window [mem 0xfd300000-0xfd3fffff]
Oct 20 21:04:59 aluk10_web kernel: pci 0000:00:16.1: PCI bridge to [bus 0c]
Oct 20 21:04:59 aluk10_web kernel: pci 0000:00:16.1:   bridge window [io  0x9000-0x9fff]
Oct 20 21:04:59 aluk10_web kernel: pci 0000:00:16.1:   bridge window [mem 0xfcf00000-0xfcffffff]
Oct 20 21:04:59 aluk10_web kernel: pci 0000:00:16.1:   bridge window [mem 0xe7800000-0xe78fffff 64bit pref]
Oct 20 21:04:59 aluk10_web kernel: pci 0000:00:16.2: PCI bridge to [bus 0d]
Oct 20 21:04:59 aluk10_web kernel: pci 0000:00:16.2:   bridge window [io  0xd000-0xdfff]
Oct 20 21:04:59 aluk10_web kernel: pci 0000:00:16.2:   bridge window [mem 0xfcb00000-0xfcbfffff]
Oct 20 21:04:59 aluk10_web kernel: pci 0000:00:16.2:   bridge window [mem 0xe7400000-0xe74fffff 64bit pref]
Oct 20 21:04:59 aluk10_web kernel: pci 0000:00:16.3: PCI bridge to [bus 0e]
Oct 20 21:04:59 aluk10_web kernel: pci 0000:00:16.3:   bridge window [mem 0xfc700000-0xfc7fffff]
Oct 20 21:04:59 aluk10_web kernel: pci 0000:00:16.3:   bridge window [mem 0xe7000000-0xe70fffff 64bit pref]
Oct 20 21:04:59 aluk10_web kernel: pci 0000:00:16.4: PCI bridge to [bus 0f]
Oct 20 21:04:59 aluk10_web kernel: pci 0000:00:16.4:   bridge window [mem 0xfc300000-0xfc3fffff]
Oct 20 21:04:59 aluk10_web kernel: pci 0000:00:16.4:   bridge window [mem 0xe6c00000-0xe6cfffff 64bit pref]
Oct 20 21:04:59 aluk10_web kernel: pci 0000:00:16.5: PCI bridge to [bus 10]
Oct 20 21:04:59 aluk10_web kernel: pci 0000:00:16.5:   bridge window [mem 0xfbf00000-0xfbffffff]
Oct 20 21:04:59 aluk10_web kernel: pci 0000:00:16.5:   bridge window [mem 0xe6800000-0xe68fffff 64bit pref]
Oct 20 21:04:59 aluk10_web kernel: pci 0000:00:16.6: PCI bridge to [bus 11]
Oct 20 21:04:59 aluk10_web kernel: pci 0000:00:16.6:   bridge window [mem 0xfbb00000-0xfbbfffff]
Oct 20 21:04:59 aluk10_web kernel: pci 0000:00:16.6:   bridge window [mem 0xe6400000-0xe64fffff 64bit pref]
Oct 20 21:04:59 aluk10_web kernel: pci 0000:00:16.7: PCI bridge to [bus 12]
Oct 20 21:04:59 aluk10_web kernel: pci 0000:00:16.7:   bridge window [mem 0xfb700000-0xfb7fffff]
Oct 20 21:04:59 aluk10_web kernel: pci 0000:00:16.7:   bridge window [mem 0xe6000000-0xe60fffff 64bit pref]
Oct 20 21:04:59 aluk10_web kernel: pci 0000:13:00.0: [15ad:07b0] type 00 class 0x020000
Oct 20 21:04:59 aluk10_web kernel: pci 0000:13:00.0: reg 0x10: [mem 0xfd2fc000-0xfd2fcfff]
Oct 20 21:04:59 aluk10_web kernel: pci 0000:13:00.0: reg 0x14: [mem 0xfd2fd000-0xfd2fdfff]
Oct 20 21:04:59 aluk10_web kernel: pci 0000:13:00.0: reg 0x18: [mem 0xfd2fe000-0xfd2fffff]
Oct 20 21:04:59 aluk10_web kernel: pci 0000:13:00.0: reg 0x1c: [io  0x6000-0x600f]
Oct 20 21:04:59 aluk10_web kernel: pci 0000:13:00.0: reg 0x30: [mem 0x00000000-0x0000ffff pref]
Oct 20 21:04:59 aluk10_web kernel: pci 0000:13:00.0: supports D1 D2
Oct 20 21:04:59 aluk10_web kernel: pci 0000:13:00.0: PME# supported from D0 D1 D2 D3hot D3cold
Oct 20 21:04:59 aluk10_web kernel: pci 0000:13:00.0: disabling ASPM on pre-1.1 PCIe device.  You can enable it with 'pcie_aspm=force'
Oct 20 21:04:59 aluk10_web kernel: pci 0000:00:17.0: PCI bridge to [bus 13]
Oct 20 21:04:59 aluk10_web kernel: pci 0000:00:17.0:   bridge window [io  0x6000-0x6fff]
Oct 20 21:04:59 aluk10_web kernel: pci 0000:00:17.0:   bridge window [mem 0xfd200000-0xfd2fffff]
Oct 20 21:04:59 aluk10_web kernel: pci 0000:00:17.1: PCI bridge to [bus 14]
Oct 20 21:04:59 aluk10_web kernel: pci 0000:00:17.1:   bridge window [io  0xa000-0xafff]
Oct 20 21:04:59 aluk10_web kernel: pci 0000:00:17.1:   bridge window [mem 0xfce00000-0xfcefffff]
Oct 20 21:04:59 aluk10_web kernel: pci 0000:00:17.1:   bridge window [mem 0xe7700000-0xe77fffff 64bit pref]
Oct 20 21:04:59 aluk10_web kernel: pci 0000:00:17.2: PCI bridge to [bus 15]
Oct 20 21:04:59 aluk10_web kernel: pci 0000:00:17.2:   bridge window [io  0xe000-0xefff]
Oct 20 21:04:59 aluk10_web kernel: pci 0000:00:17.2:   bridge window [mem 0xfca00000-0xfcafffff]
Oct 20 21:04:59 aluk10_web kernel: pci 0000:00:17.2:   bridge window [mem 0xe7300000-0xe73fffff 64bit pref]
Oct 20 21:04:59 aluk10_web kernel: pci 0000:00:17.3: PCI bridge to [bus 16]
Oct 20 21:04:59 aluk10_web kernel: pci 0000:00:17.3:   bridge window [mem 0xfc600000-0xfc6fffff]
Oct 20 21:04:59 aluk10_web kernel: pci 0000:00:17.3:   bridge window [mem 0xe6f00000-0xe6ffffff 64bit pref]
Oct 20 21:04:59 aluk10_web kernel: pci 0000:00:17.4: PCI bridge to [bus 17]
Oct 20 21:04:59 aluk10_web kernel: pci 0000:00:17.4:   bridge window [mem 0xfc200000-0xfc2fffff]
Oct 20 21:04:59 aluk10_web kernel: pci 0000:00:17.4:   bridge window [mem 0xe6b00000-0xe6bfffff 64bit pref]
Oct 20 21:04:59 aluk10_web kernel: pci 0000:00:17.5: PCI bridge to [bus 18]
Oct 20 21:04:59 aluk10_web kernel: pci 0000:00:17.5:   bridge window [mem 0xfbe00000-0xfbefffff]
Oct 20 21:04:59 aluk10_web kernel: pci 0000:00:17.5:   bridge window [mem 0xe6700000-0xe67fffff 64bit pref]
Oct 20 21:04:59 aluk10_web kernel: pci 0000:00:17.6: PCI bridge to [bus 19]
Oct 20 21:04:59 aluk10_web kernel: pci 0000:00:17.6:   bridge window [mem 0xfba00000-0xfbafffff]
Oct 20 21:04:59 aluk10_web kernel: pci 0000:00:17.6:   bridge window [mem 0xe6300000-0xe63fffff 64bit pref]
Oct 20 21:04:59 aluk10_web kernel: pci 0000:00:17.7: PCI bridge to [bus 1a]
Oct 20 21:04:59 aluk10_web kernel: pci 0000:00:17.7:   bridge window [mem 0xfb600000-0xfb6fffff]
Oct 20 21:04:59 aluk10_web kernel: pci 0000:00:17.7:   bridge window [mem 0xe5f00000-0xe5ffffff 64bit pref]
Oct 20 21:04:59 aluk10_web kernel: pci 0000:00:18.0: PCI bridge to [bus 1b]
Oct 20 21:04:59 aluk10_web kernel: pci 0000:00:18.0:   bridge window [io  0x7000-0x7fff]
Oct 20 21:04:59 aluk10_web kernel: pci 0000:00:18.0:   bridge window [mem 0xfd100000-0xfd1fffff]
Oct 20 21:04:59 aluk10_web kernel: pci 0000:00:18.0:   bridge window [mem 0xe7a00000-0xe7afffff 64bit pref]
Oct 20 21:04:59 aluk10_web kernel: pci 0000:00:18.1: PCI bridge to [bus 1c]
Oct 20 21:04:59 aluk10_web kernel: pci 0000:00:18.1:   bridge window [io  0xb000-0xbfff]
Oct 20 21:04:59 aluk10_web kernel: pci 0000:00:18.1:   bridge window [mem 0xfcd00000-0xfcdfffff]
Oct 20 21:04:59 aluk10_web kernel: pci 0000:00:18.1:   bridge window [mem 0xe7600000-0xe76fffff 64bit pref]
Oct 20 21:04:59 aluk10_web kernel: pci 0000:00:18.2: PCI bridge to [bus 1d]
Oct 20 21:04:59 aluk10_web kernel: pci 0000:00:18.2:   bridge window [mem 0xfc900000-0xfc9fffff]
Oct 20 21:04:59 aluk10_web kernel: pci 0000:00:18.2:   bridge window [mem 0xe7200000-0xe72fffff 64bit pref]
Oct 20 21:04:59 aluk10_web kernel: pci 0000:00:18.3: PCI bridge to [bus 1e]
Oct 20 21:04:59 aluk10_web kernel: pci 0000:00:18.3:   bridge window [mem 0xfc500000-0xfc5fffff]
Oct 20 21:04:59 aluk10_web kernel: pci 0000:00:18.3:   bridge window [mem 0xe6e00000-0xe6efffff 64bit pref]
Oct 20 21:04:59 aluk10_web kernel: pci 0000:00:18.4: PCI bridge to [bus 1f]
Oct 20 21:04:59 aluk10_web kernel: pci 0000:00:18.4:   bridge window [mem 0xfc100000-0xfc1fffff]
Oct 20 21:04:59 aluk10_web kernel: pci 0000:00:18.4:   bridge window [mem 0xe6a00000-0xe6afffff 64bit pref]
Oct 20 21:04:59 aluk10_web kernel: pci 0000:00:18.5: PCI bridge to [bus 20]
Oct 20 21:04:59 aluk10_web kernel: pci 0000:00:18.5:   bridge window [mem 0xfbd00000-0xfbdfffff]
Oct 20 21:04:59 aluk10_web kernel: pci 0000:00:18.5:   bridge window [mem 0xe6600000-0xe66fffff 64bit pref]
Oct 20 21:04:59 aluk10_web kernel: pci 0000:00:18.6: PCI bridge to [bus 21]
Oct 20 21:04:59 aluk10_web kernel: pci 0000:00:18.6:   bridge window [mem 0xfb900000-0xfb9fffff]
Oct 20 21:04:59 aluk10_web kernel: pci 0000:00:18.6:   bridge window [mem 0xe6200000-0xe62fffff 64bit pref]
Oct 20 21:04:59 aluk10_web kernel: pci 0000:00:18.7: PCI bridge to [bus 22]
Oct 20 21:04:59 aluk10_web kernel: pci 0000:00:18.7:   bridge window [mem 0xfb500000-0xfb5fffff]
Oct 20 21:04:59 aluk10_web kernel: pci 0000:00:18.7:   bridge window [mem 0xe5e00000-0xe5efffff 64bit pref]
Oct 20 21:04:59 aluk10_web kernel: ACPI: PCI Interrupt Link [LNKA] (IRQs 3 4 5 6 7 *9 10 11 14 15)
Oct 20 21:04:59 aluk10_web kernel: ACPI: PCI Interrupt Link [LNKB] (IRQs 3 4 5 6 *7 9 10 11 14 15)
Oct 20 21:04:59 aluk10_web kernel: ACPI: PCI Interrupt Link [LNKC] (IRQs 3 4 5 6 7 9 10 *11 14 15)
Oct 20 21:04:59 aluk10_web kernel: ACPI: PCI Interrupt Link [LNKD] (IRQs 3 4 5 6 7 9 *10 11 14 15)
Oct 20 21:04:59 aluk10_web kernel: iommu: Default domain type: Passthrough 
Oct 20 21:04:59 aluk10_web kernel: pci 0000:00:0f.0: vgaarb: setting as boot VGA device
Oct 20 21:04:59 aluk10_web kernel: pci 0000:00:0f.0: vgaarb: VGA device added: decodes=io+mem,owns=io+mem,locks=none
Oct 20 21:04:59 aluk10_web kernel: pci 0000:00:0f.0: vgaarb: bridge control possible
Oct 20 21:04:59 aluk10_web kernel: vgaarb: loaded
Oct 20 21:04:59 aluk10_web kernel: SCSI subsystem initialized
Oct 20 21:04:59 aluk10_web kernel: ACPI: bus type USB registered
Oct 20 21:04:59 aluk10_web kernel: usbcore: registered new interface driver usbfs
Oct 20 21:04:59 aluk10_web kernel: usbcore: registered new interface driver hub
Oct 20 21:04:59 aluk10_web kernel: usbcore: registered new device driver usb
Oct 20 21:04:59 aluk10_web kernel: pps_core: LinuxPPS API ver. 1 registered
Oct 20 21:04:59 aluk10_web kernel: pps_core: Software ver. 5.3.6 - Copyright 2005-2007 Rodolfo Giometti <giometti@linux.it>
Oct 20 21:04:59 aluk10_web kernel: PTP clock support registered
Oct 20 21:04:59 aluk10_web kernel: EDAC MC: Ver: 3.0.0
Oct 20 21:04:59 aluk10_web kernel: PCI: Using ACPI for IRQ routing
Oct 20 21:04:59 aluk10_web kernel: NetLabel: Initializing
Oct 20 21:04:59 aluk10_web kernel: NetLabel:  domain hash size = 128
Oct 20 21:04:59 aluk10_web kernel: NetLabel:  protocols = UNLABELED CIPSOv4 CALIPSO
Oct 20 21:04:59 aluk10_web kernel: NetLabel:  unlabeled traffic allowed by default
Oct 20 21:04:59 aluk10_web kernel: hpet0: at MMIO 0xfed00000, IRQs 2, 8, 0, 0, 0, 0, 0, 0, 0, 0, 0, 0, 0, 0, 0, 0
Oct 20 21:04:59 aluk10_web kernel: hpet0: 16 comparators, 64-bit 14.318180 MHz counter
Oct 20 21:04:59 aluk10_web kernel: clocksource: Switched to clocksource tsc-early
Oct 20 21:04:59 aluk10_web kernel: VFS: Disk quotas dquot_6.6.0
Oct 20 21:04:59 aluk10_web kernel: VFS: Dquot-cache hash table entries: 512 (order 0, 4096 bytes)
Oct 20 21:04:59 aluk10_web kernel: pnp: PnP ACPI init
Oct 20 21:04:59 aluk10_web kernel: system 00:00: [io  0x1000-0x103f] has been reserved
Oct 20 21:04:59 aluk10_web kernel: system 00:00: [io  0x1040-0x104f] has been reserved
Oct 20 21:04:59 aluk10_web kernel: system 00:00: [io  0x0cf0-0x0cf1] has been reserved
Oct 20 21:04:59 aluk10_web kernel: system 00:04: [mem 0xfed00000-0xfed003ff] has been reserved
Oct 20 21:04:59 aluk10_web kernel: system 00:05: [io  0xfce0-0xfcff] has been reserved
Oct 20 21:04:59 aluk10_web kernel: system 00:05: [mem 0xf0000000-0xf7ffffff] has been reserved
Oct 20 21:04:59 aluk10_web kernel: system 00:05: [mem 0xfe800000-0xfe9fffff] has been reserved
Oct 20 21:04:59 aluk10_web kernel: pnp: PnP ACPI: found 6 devices
Oct 20 21:04:59 aluk10_web kernel: clocksource: acpi_pm: mask: 0xffffff max_cycles: 0xffffff, max_idle_ns: 2085701024 ns
Oct 20 21:04:59 aluk10_web kernel: pci 0000:00:15.0: bridge window [mem 0x00100000-0x000fffff 64bit pref] to [bus 03] add_size 200000 add_align 100000
Oct 20 21:04:59 aluk10_web kernel: pci 0000:00:15.3: bridge window [io  0x1000-0x0fff] to [bus 06] add_size 1000
Oct 20 21:04:59 aluk10_web kernel: pci 0000:00:15.4: bridge window [io  0x1000-0x0fff] to [bus 07] add_size 1000
Oct 20 21:04:59 aluk10_web kernel: pci 0000:00:15.5: bridge window [io  0x1000-0x0fff] to [bus 08] add_size 1000
Oct 20 21:04:59 aluk10_web kernel: pci 0000:00:15.6: bridge window [io  0x1000-0x0fff] to [bus 09] add_size 1000
Oct 20 21:04:59 aluk10_web kernel: pci 0000:00:15.7: bridge window [io  0x1000-0x0fff] to [bus 0a] add_size 1000
Oct 20 21:04:59 aluk10_web kernel: pci 0000:00:16.0: bridge window [mem 0x00100000-0x000fffff 64bit pref] to [bus 0b] add_size 200000 add_align 100000
Oct 20 21:04:59 aluk10_web kernel: pci 0000:00:16.3: bridge window [io  0x1000-0x0fff] to [bus 0e] add_size 1000
Oct 20 21:04:59 aluk10_web kernel: pci 0000:00:16.4: bridge window [io  0x1000-0x0fff] to [bus 0f] add_size 1000
Oct 20 21:04:59 aluk10_web kernel: pci 0000:00:16.5: bridge window [io  0x1000-0x0fff] to [bus 10] add_size 1000
Oct 20 21:04:59 aluk10_web kernel: pci 0000:00:16.6: bridge window [io  0x1000-0x0fff] to [bus 11] add_size 1000
Oct 20 21:04:59 aluk10_web kernel: pci 0000:00:16.7: bridge window [io  0x1000-0x0fff] to [bus 12] add_size 1000
Oct 20 21:04:59 aluk10_web kernel: pci 0000:00:17.0: bridge window [mem 0x00100000-0x000fffff 64bit pref] to [bus 13] add_size 200000 add_align 100000
Oct 20 21:04:59 aluk10_web kernel: pci 0000:00:17.3: bridge window [io  0x1000-0x0fff] to [bus 16] add_size 1000
Oct 20 21:04:59 aluk10_web kernel: pci 0000:00:17.4: bridge window [io  0x1000-0x0fff] to [bus 17] add_size 1000
Oct 20 21:04:59 aluk10_web kernel: pci 0000:00:17.5: bridge window [io  0x1000-0x0fff] to [bus 18] add_size 1000
Oct 20 21:04:59 aluk10_web kernel: pci 0000:00:17.6: bridge window [io  0x1000-0x0fff] to [bus 19] add_size 1000
Oct 20 21:04:59 aluk10_web kernel: pci 0000:00:17.7: bridge window [io  0x1000-0x0fff] to [bus 1a] add_size 1000
Oct 20 21:04:59 aluk10_web kernel: pci 0000:00:18.2: bridge window [io  0x1000-0x0fff] to [bus 1d] add_size 1000
Oct 20 21:04:59 aluk10_web kernel: pci 0000:00:18.3: bridge window [io  0x1000-0x0fff] to [bus 1e] add_size 1000
Oct 20 21:04:59 aluk10_web kernel: pci 0000:00:18.4: bridge window [io  0x1000-0x0fff] to [bus 1f] add_size 1000
Oct 20 21:04:59 aluk10_web kernel: pci 0000:00:18.5: bridge window [io  0x1000-0x0fff] to [bus 20] add_size 1000
Oct 20 21:04:59 aluk10_web kernel: pci 0000:00:18.6: bridge window [io  0x1000-0x0fff] to [bus 21] add_size 1000
Oct 20 21:04:59 aluk10_web kernel: pci 0000:00:18.7: bridge window [io  0x1000-0x0fff] to [bus 22] add_size 1000
Oct 20 21:04:59 aluk10_web kernel: pci 0000:00:15.0: BAR 15: assigned [mem 0x80000000-0x801fffff 64bit pref]
Oct 20 21:04:59 aluk10_web kernel: pci 0000:00:16.0: BAR 15: assigned [mem 0x80200000-0x803fffff 64bit pref]
Oct 20 21:04:59 aluk10_web kernel: pci 0000:00:17.0: BAR 15: assigned [mem 0x80400000-0x805fffff 64bit pref]
Oct 20 21:04:59 aluk10_web kernel: pci 0000:00:0f.0: BAR 6: assigned [mem 0x80600000-0x80607fff pref]
Oct 20 21:04:59 aluk10_web kernel: pci 0000:00:15.3: BAR 13: no space for [io  size 0x1000]
Oct 20 21:04:59 aluk10_web kernel: pci 0000:00:15.3: BAR 13: failed to assign [io  size 0x1000]
Oct 20 21:04:59 aluk10_web kernel: pci 0000:00:15.4: BAR 13: no space for [io  size 0x1000]
Oct 20 21:04:59 aluk10_web kernel: pci 0000:00:15.4: BAR 13: failed to assign [io  size 0x1000]
Oct 20 21:04:59 aluk10_web kernel: pci 0000:00:15.5: BAR 13: no space for [io  size 0x1000]
Oct 20 21:04:59 aluk10_web kernel: pci 0000:00:15.5: BAR 13: failed to assign [io  size 0x1000]
Oct 20 21:04:59 aluk10_web kernel: pci 0000:00:15.6: BAR 13: no space for [io  size 0x1000]
Oct 20 21:04:59 aluk10_web kernel: pci 0000:00:15.6: BAR 13: failed to assign [io  size 0x1000]
Oct 20 21:04:59 aluk10_web kernel: pci 0000:00:15.7: BAR 13: no space for [io  size 0x1000]
Oct 20 21:04:59 aluk10_web kernel: pci 0000:00:15.7: BAR 13: failed to assign [io  size 0x1000]
Oct 20 21:04:59 aluk10_web kernel: pci 0000:00:16.3: BAR 13: no space for [io  size 0x1000]
Oct 20 21:04:59 aluk10_web kernel: pci 0000:00:16.3: BAR 13: failed to assign [io  size 0x1000]
Oct 20 21:04:59 aluk10_web kernel: pci 0000:00:16.4: BAR 13: no space for [io  size 0x1000]
Oct 20 21:04:59 aluk10_web kernel: pci 0000:00:16.4: BAR 13: failed to assign [io  size 0x1000]
Oct 20 21:04:59 aluk10_web kernel: pci 0000:00:16.5: BAR 13: no space for [io  size 0x1000]
Oct 20 21:04:59 aluk10_web kernel: pci 0000:00:16.5: BAR 13: failed to assign [io  size 0x1000]
Oct 20 21:04:59 aluk10_web kernel: pci 0000:00:16.6: BAR 13: no space for [io  size 0x1000]
Oct 20 21:04:59 aluk10_web kernel: pci 0000:00:16.6: BAR 13: failed to assign [io  size 0x1000]
Oct 20 21:04:59 aluk10_web kernel: pci 0000:00:16.7: BAR 13: no space for [io  size 0x1000]
Oct 20 21:04:59 aluk10_web kernel: pci 0000:00:16.7: BAR 13: failed to assign [io  size 0x1000]
Oct 20 21:04:59 aluk10_web kernel: pci 0000:00:17.3: BAR 13: no space for [io  size 0x1000]
Oct 20 21:04:59 aluk10_web kernel: pci 0000:00:17.3: BAR 13: failed to assign [io  size 0x1000]
Oct 20 21:04:59 aluk10_web kernel: pci 0000:00:17.4: BAR 13: no space for [io  size 0x1000]
Oct 20 21:04:59 aluk10_web kernel: pci 0000:00:17.4: BAR 13: failed to assign [io  size 0x1000]
Oct 20 21:04:59 aluk10_web kernel: pci 0000:00:17.5: BAR 13: no space for [io  size 0x1000]
Oct 20 21:04:59 aluk10_web kernel: pci 0000:00:17.5: BAR 13: failed to assign [io  size 0x1000]
Oct 20 21:04:59 aluk10_web kernel: pci 0000:00:17.6: BAR 13: no space for [io  size 0x1000]
Oct 20 21:04:59 aluk10_web kernel: pci 0000:00:17.6: BAR 13: failed to assign [io  size 0x1000]
Oct 20 21:04:59 aluk10_web kernel: pci 0000:00:17.7: BAR 13: no space for [io  size 0x1000]
Oct 20 21:04:59 aluk10_web kernel: pci 0000:00:17.7: BAR 13: failed to assign [io  size 0x1000]
Oct 20 21:04:59 aluk10_web kernel: pci 0000:00:18.2: BAR 13: no space for [io  size 0x1000]
Oct 20 21:04:59 aluk10_web kernel: pci 0000:00:18.2: BAR 13: failed to assign [io  size 0x1000]
Oct 20 21:04:59 aluk10_web kernel: pci 0000:00:18.3: BAR 13: no space for [io  size 0x1000]
Oct 20 21:04:59 aluk10_web kernel: pci 0000:00:18.3: BAR 13: failed to assign [io  size 0x1000]
Oct 20 21:04:59 aluk10_web kernel: pci 0000:00:18.4: BAR 13: no space for [io  size 0x1000]
Oct 20 21:04:59 aluk10_web kernel: pci 0000:00:18.4: BAR 13: failed to assign [io  size 0x1000]
Oct 20 21:04:59 aluk10_web kernel: pci 0000:00:18.5: BAR 13: no space for [io  size 0x1000]
Oct 20 21:04:59 aluk10_web kernel: pci 0000:00:18.5: BAR 13: failed to assign [io  size 0x1000]
Oct 20 21:04:59 aluk10_web kernel: pci 0000:00:18.6: BAR 13: no space for [io  size 0x1000]
Oct 20 21:04:59 aluk10_web kernel: pci 0000:00:18.6: BAR 13: failed to assign [io  size 0x1000]
Oct 20 21:04:59 aluk10_web kernel: pci 0000:00:18.7: BAR 13: no space for [io  size 0x1000]
Oct 20 21:04:59 aluk10_web kernel: pci 0000:00:18.7: BAR 13: failed to assign [io  size 0x1000]
Oct 20 21:04:59 aluk10_web kernel: pci 0000:00:18.7: BAR 13: no space for [io  size 0x1000]
Oct 20 21:04:59 aluk10_web kernel: pci 0000:00:18.7: BAR 13: failed to assign [io  size 0x1000]
Oct 20 21:04:59 aluk10_web kernel: pci 0000:00:18.6: BAR 13: no space for [io  size 0x1000]
Oct 20 21:04:59 aluk10_web kernel: pci 0000:00:18.6: BAR 13: failed to assign [io  size 0x1000]
Oct 20 21:04:59 aluk10_web kernel: pci 0000:00:18.5: BAR 13: no space for [io  size 0x1000]
Oct 20 21:04:59 aluk10_web kernel: pci 0000:00:18.5: BAR 13: failed to assign [io  size 0x1000]
Oct 20 21:04:59 aluk10_web kernel: pci 0000:00:18.4: BAR 13: no space for [io  size 0x1000]
Oct 20 21:04:59 aluk10_web kernel: pci 0000:00:18.4: BAR 13: failed to assign [io  size 0x1000]
Oct 20 21:04:59 aluk10_web kernel: pci 0000:00:18.3: BAR 13: no space for [io  size 0x1000]
Oct 20 21:04:59 aluk10_web kernel: pci 0000:00:18.3: BAR 13: failed to assign [io  size 0x1000]
Oct 20 21:04:59 aluk10_web kernel: pci 0000:00:18.2: BAR 13: no space for [io  size 0x1000]
Oct 20 21:04:59 aluk10_web kernel: pci 0000:00:18.2: BAR 13: failed to assign [io  size 0x1000]
Oct 20 21:04:59 aluk10_web kernel: pci 0000:00:17.7: BAR 13: no space for [io  size 0x1000]
Oct 20 21:04:59 aluk10_web kernel: pci 0000:00:17.7: BAR 13: failed to assign [io  size 0x1000]
Oct 20 21:04:59 aluk10_web kernel: pci 0000:00:17.6: BAR 13: no space for [io  size 0x1000]
Oct 20 21:04:59 aluk10_web kernel: pci 0000:00:17.6: BAR 13: failed to assign [io  size 0x1000]
Oct 20 21:04:59 aluk10_web kernel: pci 0000:00:17.5: BAR 13: no space for [io  size 0x1000]
Oct 20 21:04:59 aluk10_web kernel: pci 0000:00:17.5: BAR 13: failed to assign [io  size 0x1000]
Oct 20 21:04:59 aluk10_web kernel: pci 0000:00:17.4: BAR 13: no space for [io  size 0x1000]
Oct 20 21:04:59 aluk10_web kernel: pci 0000:00:17.4: BAR 13: failed to assign [io  size 0x1000]
Oct 20 21:04:59 aluk10_web kernel: pci 0000:00:17.3: BAR 13: no space for [io  size 0x1000]
Oct 20 21:04:59 aluk10_web kernel: pci 0000:00:17.3: BAR 13: failed to assign [io  size 0x1000]
Oct 20 21:04:59 aluk10_web kernel: pci 0000:00:16.7: BAR 13: no space for [io  size 0x1000]
