Oct 18 03:41:02 rjacinto1_rns systemd[1]: Reloading Berkeley Internet Name Domain (DNS).
Oct 18 03:41:02 rjacinto1_rns named[1026]: received control channel command 'reload'
Oct 18 03:41:02 rjacinto1_rns named[1026]: loading configuration from '/etc/named.conf'
Oct 18 03:41:02 rjacinto1_rns named[1026]: unable to open '/etc/bind.keys'; using built-in keys instead
Oct 18 03:41:02 rjacinto1_rns named[1026]: looking for GeoIP2 databases in '/usr/share/GeoIP'
Oct 18 03:41:02 rjacinto1_rns named[1026]: opened GeoIP2 database '/usr/share/GeoIP/GeoLite2-Country.mmdb'
Oct 18 03:41:02 rjacinto1_rns named[1026]: opened GeoIP2 database '/usr/share/GeoIP/GeoLite2-City.mmdb'
Oct 18 03:41:02 rjacinto1_rns named[1026]: using default UDP/IPv4 port range: [32768, 60999]
Oct 18 03:41:02 rjacinto1_rns named[1026]: using default UDP/IPv6 port range: [32768, 60999]
Oct 18 03:41:02 rjacinto1_rns named[1026]: sizing zone task pool based on 1 zones
Oct 18 03:41:02 rjacinto1_rns named[1026]: none:104: 'max-cache-size 90%' - setting to 1644MB (out of 1826MB)
Oct 18 03:41:02 rjacinto1_rns named[1026]: none:104: 'max-cache-size 90%' - setting to 1644MB (out of 1826MB)
Oct 18 03:41:02 rjacinto1_rns named[1026]: configuring command channel from '/etc/rndc.key'
Oct 18 03:41:02 rjacinto1_rns named[1026]: configuring command channel from '/etc/rndc.key'
Oct 18 03:41:02 rjacinto1_rns named[1026]: reloading configuration succeeded
Oct 18 03:41:02 rjacinto1_rns named[1026]: reloading zones succeeded
Oct 18 03:41:02 rjacinto1_rns sh[3865]: server reload successful
Oct 18 03:41:02 rjacinto1_rns systemd[1]: Reloaded Berkeley Internet Name Domain (DNS).
Oct 18 03:41:02 rjacinto1_rns named[1026]: all zones loaded
Oct 18 03:41:02 rjacinto1_rns named[1026]: running
Oct 18 03:41:02 rjacinto1_rns rsyslogd[1051]: [origin software="rsyslogd" swVersion="8.1911.0-3.el8" x-pid="1051" x-info="https://www.rsyslog.com"] rsyslogd was HUPed
Oct 18 04:09:18 rjacinto1_rns NetworkManager[963]: <error> [1603008558.7986] dhcp4 (ens192): error -113 dispatching events
Oct 18 04:09:18 rjacinto1_rns NetworkManager[963]: <info>  [1603008558.7995] dhcp4 (ens192): state changed bound -> fail
Oct 18 04:09:18 rjacinto1_rns NetworkManager[963]: <info>  [1603008558.7996] device (ens192): DHCPv4: trying to acquire a new lease within 90 seconds
Oct 18 04:10:48 rjacinto1_rns NetworkManager[963]: <info>  [1603008648.7360] device (ens192): DHCPv4: grace period expired
Oct 18 04:10:48 rjacinto1_rns NetworkManager[963]: <info>  [1603008648.7361] device (ens192): state change: activated -> failed (reason 'ip-config-unavailable', sys-iface-state: 'managed')
Oct 18 04:10:48 rjacinto1_rns NetworkManager[963]: <warn>  [1603008648.7379] device (ens192): Activation: failed for connection 'ens192'
Oct 18 04:10:48 rjacinto1_rns NetworkManager[963]: <info>  [1603008648.7386] manager: NetworkManager state is now CONNECTED_LOCAL
Oct 18 04:10:48 rjacinto1_rns NetworkManager[963]: <info>  [1603008648.7390] device (ens192): state change: failed -> disconnected (reason 'none', sys-iface-state: 'managed')
Oct 18 04:10:48 rjacinto1_rns NetworkManager[963]: <info>  [1603008648.7410] dhcp4 (ens192): canceled DHCP transaction
Oct 18 04:10:48 rjacinto1_rns NetworkManager[963]: <info>  [1603008648.7410] dhcp4 (ens192): state changed fail -> done
Oct 18 04:10:48 rjacinto1_rns dbus-daemon[962]: [system] Activating via systemd: service name='org.freedesktop.nm_dispatcher' unit='dbus-org.freedesktop.nm-dispatcher.service' requested by ':1.4' (uid=0 pid=963 comm="/usr/sbin/NetworkManager --no-daemon " label="system_u:system_r:NetworkManager_t:s0")
Oct 18 04:10:48 rjacinto1_rns systemd[1]: Starting Network Manager Script Dispatcher Service...
Oct 18 04:10:48 rjacinto1_rns named[1026]: no longer listening on 172.16.13.4#53
Oct 18 04:10:48 rjacinto1_rns NetworkManager[963]: <info>  [1603008648.7656] policy: auto-activating connection 'ens192' (29b6e258-0ffd-4ee3-8f2d-2126105eee4f)
Oct 18 04:10:48 rjacinto1_rns NetworkManager[963]: <info>  [1603008648.7667] device (ens192): Activation: starting connection 'ens192' (29b6e258-0ffd-4ee3-8f2d-2126105eee4f)
Oct 18 04:10:48 rjacinto1_rns NetworkManager[963]: <info>  [1603008648.7668] device (ens192): state change: disconnected -> prepare (reason 'none', sys-iface-state: 'managed')
Oct 18 04:10:48 rjacinto1_rns NetworkManager[963]: <info>  [1603008648.7671] manager: NetworkManager state is now CONNECTING
Oct 18 04:10:48 rjacinto1_rns NetworkManager[963]: <info>  [1603008648.7672] device (ens192): state change: prepare -> config (reason 'none', sys-iface-state: 'managed')
Oct 18 04:10:48 rjacinto1_rns NetworkManager[963]: <info>  [1603008648.7677] device (ens192): state change: config -> ip-config (reason 'none', sys-iface-state: 'managed')
Oct 18 04:10:48 rjacinto1_rns NetworkManager[963]: <warn>  [1603008648.7680] dhcp4: hostname 'rjacinto1_rns' is invalid, will be ignored
Oct 18 04:10:48 rjacinto1_rns NetworkManager[963]: <info>  [1603008648.7680] dhcp4 (ens192): activation: beginning transaction (timeout in 45 seconds)
Oct 18 04:10:48 rjacinto1_rns dbus-daemon[962]: [system] Successfully activated service 'org.freedesktop.nm_dispatcher'
Oct 18 04:10:48 rjacinto1_rns NetworkManager[963]: <info>  [1603008648.7775] dhcp4 (ens192): option dhcp_lease_time      => '86400'
Oct 18 04:10:48 rjacinto1_rns named[1026]: listening on IPv4 interface ens192, 172.16.13.4#53
Oct 18 04:10:48 rjacinto1_rns NetworkManager[963]: <info>  [1603008648.7775] dhcp4 (ens192): option domain_name_servers  => '10.102.100.22 10.101.100.42 10.101.100.41'
Oct 18 04:10:48 rjacinto1_rns NetworkManager[963]: <info>  [1603008648.7775] dhcp4 (ens192): option expiry               => '1603095048'
Oct 18 04:10:48 rjacinto1_rns NetworkManager[963]: <info>  [1603008648.7775] dhcp4 (ens192): option ip_address           => '172.16.13.4'
Oct 18 04:10:48 rjacinto1_rns NetworkManager[963]: <info>  [1603008648.7776] dhcp4 (ens192): option requested_broadcast_address => '1'
Oct 18 04:10:48 rjacinto1_rns NetworkManager[963]: <info>  [1603008648.7776] dhcp4 (ens192): option requested_domain_name => '1'
Oct 18 04:10:48 rjacinto1_rns NetworkManager[963]: <info>  [1603008648.7776] dhcp4 (ens192): option requested_domain_name_servers => '1'
Oct 18 04:10:48 rjacinto1_rns NetworkManager[963]: <info>  [1603008648.7776] dhcp4 (ens192): option requested_domain_search => '1'
Oct 18 04:10:48 rjacinto1_rns NetworkManager[963]: <info>  [1603008648.7776] dhcp4 (ens192): option requested_host_name  => '1'
Oct 18 04:10:48 rjacinto1_rns NetworkManager[963]: <info>  [1603008648.7776] dhcp4 (ens192): option requested_interface_mtu => '1'
Oct 18 04:10:48 rjacinto1_rns NetworkManager[963]: <info>  [1603008648.7776] dhcp4 (ens192): option requested_ms_classless_static_routes => '1'
Oct 18 04:10:48 rjacinto1_rns NetworkManager[963]: <info>  [1603008648.7776] dhcp4 (ens192): option requested_nis_domain => '1'
Oct 18 04:10:48 rjacinto1_rns NetworkManager[963]: <info>  [1603008648.7776] dhcp4 (ens192): option requested_nis_servers => '1'
Oct 18 04:10:48 rjacinto1_rns NetworkManager[963]: <info>  [1603008648.7776] dhcp4 (ens192): option requested_ntp_servers => '1'
Oct 18 04:10:48 rjacinto1_rns NetworkManager[963]: <info>  [1603008648.7776] dhcp4 (ens192): option requested_rfc3442_classless_static_routes => '1'
Oct 18 04:10:48 rjacinto1_rns NetworkManager[963]: <info>  [1603008648.7776] dhcp4 (ens192): option requested_root_path  => '1'
Oct 18 04:10:48 rjacinto1_rns NetworkManager[963]: <info>  [1603008648.7776] dhcp4 (ens192): option requested_routers    => '1'
Oct 18 04:10:48 rjacinto1_rns NetworkManager[963]: <info>  [1603008648.7777] dhcp4 (ens192): option requested_static_routes => '1'
Oct 18 04:10:48 rjacinto1_rns NetworkManager[963]: <info>  [1603008648.7777] dhcp4 (ens192): option requested_subnet_mask => '1'
Oct 18 04:10:48 rjacinto1_rns NetworkManager[963]: <info>  [1603008648.7777] dhcp4 (ens192): option requested_time_offset => '1'
Oct 18 04:10:48 rjacinto1_rns NetworkManager[963]: <info>  [1603008648.7777] dhcp4 (ens192): option requested_wpad       => '1'
Oct 18 04:10:48 rjacinto1_rns NetworkManager[963]: <info>  [1603008648.7777] dhcp4 (ens192): option routers              => '172.16.255.1'
Oct 18 04:10:48 rjacinto1_rns NetworkManager[963]: <info>  [1603008648.7777] dhcp4 (ens192): option subnet_mask          => '255.255.0.0'
Oct 18 04:10:48 rjacinto1_rns NetworkManager[963]: <info>  [1603008648.7777] dhcp4 (ens192): state changed unknown -> bound
Oct 18 04:10:48 rjacinto1_rns NetworkManager[963]: <info>  [1603008648.7787] device (ens192): state change: ip-config -> ip-check (reason 'none', sys-iface-state: 'managed')
Oct 18 04:10:48 rjacinto1_rns systemd[1]: Started Network Manager Script Dispatcher Service.
Oct 18 04:10:48 rjacinto1_rns NetworkManager[963]: <info>  [1603008648.7897] device (ens192): state change: ip-check -> secondaries (reason 'none', sys-iface-state: 'managed')
Oct 18 04:10:48 rjacinto1_rns NetworkManager[963]: <info>  [1603008648.7900] device (ens192): state change: secondaries -> activated (reason 'none', sys-iface-state: 'managed')
Oct 18 04:10:48 rjacinto1_rns NetworkManager[963]: <info>  [1603008648.7904] manager: NetworkManager state is now CONNECTED_LOCAL
Oct 18 04:10:48 rjacinto1_rns NetworkManager[963]: <info>  [1603008648.7913] manager: NetworkManager state is now CONNECTED_SITE
Oct 18 04:10:48 rjacinto1_rns NetworkManager[963]: <info>  [1603008648.7913] policy: set 'ens192' (ens192) as default for IPv4 routing and DNS
Oct 18 04:10:48 rjacinto1_rns NetworkManager[963]: <info>  [1603008648.7947] device (ens192): Activation: successful, device activated.
Oct 18 04:10:48 rjacinto1_rns NetworkManager[963]: <info>  [1603008648.7952] manager: NetworkManager state is now CONNECTED_GLOBAL
Oct 18 04:31:16 rjacinto1_rns systemd[1]: Starting dnf makecache...
Oct 18 04:31:17 rjacinto1_rns dnf[3913]: Metadata cache refreshed recently.
Oct 18 04:31:17 rjacinto1_rns systemd[1]: Started dnf makecache.
Oct 18 05:32:16 rjacinto1_rns systemd[1]: Starting dnf makecache...
Oct 18 05:32:17 rjacinto1_rns dnf[3937]: CentOS-8 - AppStream                             16 kB/s | 4.3 kB     00:00
Oct 18 05:32:17 rjacinto1_rns dnf[3937]: CentOS-8 - Base                                  24 kB/s | 3.9 kB     00:00
Oct 18 05:32:17 rjacinto1_rns dnf[3937]: CentOS-8 - Extras                               4.9 kB/s | 1.5 kB     00:00
Oct 18 05:32:18 rjacinto1_rns dnf[3937]: Metadata cache created.
Oct 18 05:32:18 rjacinto1_rns systemd[1]: Started dnf makecache.
Oct 18 06:33:16 rjacinto1_rns systemd[1]: Starting dnf makecache...
Oct 18 06:33:17 rjacinto1_rns dnf[3966]: Metadata cache refreshed recently.
Oct 18 06:33:17 rjacinto1_rns systemd[1]: Started dnf makecache.
Oct 18 07:34:16 rjacinto1_rns systemd[1]: Starting dnf makecache...
Oct 18 07:34:17 rjacinto1_rns dnf[3990]: Metadata cache refreshed recently.
Oct 18 07:34:17 rjacinto1_rns systemd[1]: Started dnf makecache.
Oct 18 08:35:16 rjacinto1_rns systemd[1]: Starting dnf makecache...
Oct 18 08:41:17 rjacinto1_rns dnf[4013]: CentOS-8 - AppStream                            0.0  B/s |   0  B     06:00
Oct 18 08:41:17 rjacinto1_rns dnf[4013]: Errors during downloading metadata for repository 'AppStream':
Oct 18 08:41:17 rjacinto1_rns dnf[4013]:  - Curl error (28): Timeout was reached for http://mirrorlist.centos.org/?release=8&arch=x86_64&repo=AppStream&infra=stock [Connection timed out after 30004 milliseconds]
Oct 18 08:41:17 rjacinto1_rns dnf[4013]:  - Curl error (28): Timeout was reached for http://mirrorlist.centos.org/?release=8&arch=x86_64&repo=AppStream&infra=stock [Connection timed out after 30001 milliseconds]
Oct 18 08:41:17 rjacinto1_rns dnf[4013]:  - Curl error (28): Timeout was reached for http://mirrorlist.centos.org/?release=8&arch=x86_64&repo=AppStream&infra=stock [Connection timed out after 30000 milliseconds]
Oct 18 08:41:17 rjacinto1_rns dnf[4013]:  - Curl error (28): Timeout was reached for http://mirrorlist.centos.org/?release=8&arch=x86_64&repo=AppStream&infra=stock [Connection timed out after 30003 milliseconds]
Oct 18 08:41:17 rjacinto1_rns dnf[4013]: Error: Failed to download metadata for repo 'AppStream': Cannot prepare internal mirrorlist: Curl error (28): Timeout was reached for http://mirrorlist.centos.org/?release=8&arch=x86_64&repo=AppStream&infra=stock [Connection timed out after 30000 milliseconds]
Oct 18 08:41:17 rjacinto1_rns systemd[1]: dnf-makecache.service: Main process exited, code=exited, status=1/FAILURE
Oct 18 08:41:17 rjacinto1_rns systemd[1]: dnf-makecache.service: Failed with result 'exit-code'.
Oct 18 08:41:17 rjacinto1_rns systemd[1]: Failed to start dnf makecache.
Oct 18 09:42:16 rjacinto1_rns systemd[1]: Starting dnf makecache...
Oct 18 09:42:17 rjacinto1_rns dnf[4044]: Metadata cache refreshed recently.
Oct 18 09:42:17 rjacinto1_rns systemd[1]: Started dnf makecache.
Oct 18 10:43:16 rjacinto1_rns systemd[1]: Starting dnf makecache...
Oct 18 10:43:17 rjacinto1_rns dnf[4067]: Metadata cache refreshed recently.
Oct 18 10:43:17 rjacinto1_rns systemd[1]: Started dnf makecache.
Oct 18 11:44:16 rjacinto1_rns systemd[1]: Starting dnf makecache...
Oct 18 11:44:25 rjacinto1_rns dnf[4090]: CentOS-8 - AppStream                            517  B/s | 4.3 kB     00:08
Oct 18 11:44:25 rjacinto1_rns dnf[4090]: CentOS-8 - Base                                  19 kB/s | 3.9 kB     00:00
Oct 18 11:44:26 rjacinto1_rns dnf[4090]: CentOS-8 - Extras                               8.7 kB/s | 1.5 kB     00:00
Oct 18 11:44:26 rjacinto1_rns dnf[4090]: Metadata cache created.
Oct 18 11:44:26 rjacinto1_rns systemd[1]: Started dnf makecache.
Oct 18 12:45:16 rjacinto1_rns systemd[1]: Starting dnf makecache...
Oct 18 12:45:17 rjacinto1_rns dnf[4120]: Metadata cache refreshed recently.
Oct 18 12:45:17 rjacinto1_rns systemd[1]: Started dnf makecache.
Oct 18 13:46:16 rjacinto1_rns systemd[1]: Starting dnf makecache...
Oct 18 13:46:17 rjacinto1_rns dnf[4143]: Metadata cache refreshed recently.
Oct 18 13:46:17 rjacinto1_rns systemd[1]: Started dnf makecache.
Oct 18 14:47:16 rjacinto1_rns systemd[1]: Starting dnf makecache...
Oct 18 14:47:17 rjacinto1_rns dnf[4167]: CentOS-8 - AppStream                             21 kB/s | 4.3 kB     00:00
Oct 18 14:47:17 rjacinto1_rns dnf[4167]: CentOS-8 - Base                                  13 kB/s | 3.9 kB     00:00
Oct 18 14:47:17 rjacinto1_rns dnf[4167]: CentOS-8 - Extras                               7.9 kB/s | 1.5 kB     00:00
Oct 18 14:47:18 rjacinto1_rns dnf[4167]: Metadata cache created.
Oct 18 14:47:18 rjacinto1_rns systemd[1]: Started dnf makecache.
Oct 18 15:48:16 rjacinto1_rns systemd[1]: Starting dnf makecache...
Oct 18 15:48:17 rjacinto1_rns dnf[4196]: Metadata cache refreshed recently.
Oct 18 15:48:17 rjacinto1_rns systemd[1]: Started dnf makecache.
Oct 18 16:10:48 rjacinto1_rns NetworkManager[963]: <error> [1603051848.7711] dhcp4 (ens192): error -113 dispatching events
Oct 18 16:10:48 rjacinto1_rns NetworkManager[963]: <info>  [1603051848.7715] dhcp4 (ens192): state changed bound -> fail
Oct 18 16:10:48 rjacinto1_rns NetworkManager[963]: <info>  [1603051848.7717] device (ens192): DHCPv4: trying to acquire a new lease within 90 seconds
Oct 18 16:12:18 rjacinto1_rns NetworkManager[963]: <info>  [1603051938.7620] device (ens192): DHCPv4: grace period expired
Oct 18 16:12:18 rjacinto1_rns NetworkManager[963]: <info>  [1603051938.7621] device (ens192): state change: activated -> failed (reason 'ip-config-unavailable', sys-iface-state: 'managed')
Oct 18 16:12:18 rjacinto1_rns NetworkManager[963]: <warn>  [1603051938.7637] device (ens192): Activation: failed for connection 'ens192'
Oct 18 16:12:18 rjacinto1_rns NetworkManager[963]: <info>  [1603051938.7645] manager: NetworkManager state is now CONNECTED_LOCAL
Oct 18 16:12:18 rjacinto1_rns NetworkManager[963]: <info>  [1603051938.7649] device (ens192): state change: failed -> disconnected (reason 'none', sys-iface-state: 'managed')
Oct 18 16:12:18 rjacinto1_rns NetworkManager[963]: <info>  [1603051938.7660] dhcp4 (ens192): canceled DHCP transaction
Oct 18 16:12:18 rjacinto1_rns NetworkManager[963]: <info>  [1603051938.7660] dhcp4 (ens192): state changed fail -> done
Oct 18 16:12:18 rjacinto1_rns dbus-daemon[962]: [system] Activating via systemd: service name='org.freedesktop.nm_dispatcher' unit='dbus-org.freedesktop.nm-dispatcher.service' requested by ':1.4' (uid=0 pid=963 comm="/usr/sbin/NetworkManager --no-daemon " label="system_u:system_r:NetworkManager_t:s0")
Oct 18 16:12:18 rjacinto1_rns systemd[1]: Starting Network Manager Script Dispatcher Service...
Oct 18 16:12:18 rjacinto1_rns named[1026]: no longer listening on 172.16.13.4#53
Oct 18 16:12:18 rjacinto1_rns NetworkManager[963]: <info>  [1603051938.7906] policy: auto-activating connection 'ens192' (29b6e258-0ffd-4ee3-8f2d-2126105eee4f)
Oct 18 16:12:18 rjacinto1_rns NetworkManager[963]: <info>  [1603051938.7916] device (ens192): Activation: starting connection 'ens192' (29b6e258-0ffd-4ee3-8f2d-2126105eee4f)
Oct 18 16:12:18 rjacinto1_rns NetworkManager[963]: <info>  [1603051938.7916] device (ens192): state change: disconnected -> prepare (reason 'none', sys-iface-state: 'managed')
Oct 18 16:12:18 rjacinto1_rns NetworkManager[963]: <info>  [1603051938.7920] manager: NetworkManager state is now CONNECTING
Oct 18 16:12:18 rjacinto1_rns NetworkManager[963]: <info>  [1603051938.7921] device (ens192): state change: prepare -> config (reason 'none', sys-iface-state: 'managed')
Oct 18 16:12:18 rjacinto1_rns NetworkManager[963]: <info>  [1603051938.7926] device (ens192): state change: config -> ip-config (reason 'none', sys-iface-state: 'managed')
Oct 18 16:12:18 rjacinto1_rns NetworkManager[963]: <warn>  [1603051938.7929] dhcp4: hostname 'rjacinto1_rns' is invalid, will be ignored
Oct 18 16:12:18 rjacinto1_rns NetworkManager[963]: <info>  [1603051938.7929] dhcp4 (ens192): activation: beginning transaction (timeout in 45 seconds)
Oct 18 16:12:18 rjacinto1_rns dbus-daemon[962]: [system] Successfully activated service 'org.freedesktop.nm_dispatcher'
Oct 18 16:12:18 rjacinto1_rns systemd[1]: Started Network Manager Script Dispatcher Service.
Oct 18 16:12:18 rjacinto1_rns named[1026]: listening on IPv4 interface ens192, 172.16.13.4#53
Oct 18 16:12:18 rjacinto1_rns NetworkManager[963]: <info>  [1603051938.8024] dhcp4 (ens192): option dhcp_lease_time      => '86400'
Oct 18 16:12:18 rjacinto1_rns NetworkManager[963]: <info>  [1603051938.8024] dhcp4 (ens192): option domain_name_servers  => '10.102.100.22 10.101.100.42 10.101.100.41'
Oct 18 16:12:18 rjacinto1_rns NetworkManager[963]: <info>  [1603051938.8024] dhcp4 (ens192): option expiry               => '1603138338'
Oct 18 16:12:18 rjacinto1_rns NetworkManager[963]: <info>  [1603051938.8024] dhcp4 (ens192): option ip_address           => '172.16.13.4'
Oct 18 16:12:18 rjacinto1_rns NetworkManager[963]: <info>  [1603051938.8024] dhcp4 (ens192): option requested_broadcast_address => '1'
Oct 18 16:12:18 rjacinto1_rns NetworkManager[963]: <info>  [1603051938.8024] dhcp4 (ens192): option requested_domain_name => '1'
Oct 18 16:12:18 rjacinto1_rns NetworkManager[963]: <info>  [1603051938.8024] dhcp4 (ens192): option requested_domain_name_servers => '1'
Oct 18 16:12:18 rjacinto1_rns NetworkManager[963]: <info>  [1603051938.8024] dhcp4 (ens192): option requested_domain_search => '1'
Oct 18 16:12:18 rjacinto1_rns NetworkManager[963]: <info>  [1603051938.8024] dhcp4 (ens192): option requested_host_name  => '1'
Oct 18 16:12:18 rjacinto1_rns NetworkManager[963]: <info>  [1603051938.8024] dhcp4 (ens192): option requested_interface_mtu => '1'
Oct 18 16:12:18 rjacinto1_rns NetworkManager[963]: <info>  [1603051938.8025] dhcp4 (ens192): option requested_ms_classless_static_routes => '1'
Oct 18 16:12:18 rjacinto1_rns NetworkManager[963]: <info>  [1603051938.8025] dhcp4 (ens192): option requested_nis_domain => '1'
Oct 18 16:12:18 rjacinto1_rns NetworkManager[963]: <info>  [1603051938.8025] dhcp4 (ens192): option requested_nis_servers => '1'
Oct 18 16:12:18 rjacinto1_rns NetworkManager[963]: <info>  [1603051938.8025] dhcp4 (ens192): option requested_ntp_servers => '1'
Oct 18 16:12:18 rjacinto1_rns NetworkManager[963]: <info>  [1603051938.8025] dhcp4 (ens192): option requested_rfc3442_classless_static_routes => '1'
Oct 18 16:12:18 rjacinto1_rns NetworkManager[963]: <info>  [1603051938.8025] dhcp4 (ens192): option requested_root_path  => '1'
Oct 18 16:12:18 rjacinto1_rns NetworkManager[963]: <info>  [1603051938.8025] dhcp4 (ens192): option requested_routers    => '1'
Oct 18 16:12:18 rjacinto1_rns NetworkManager[963]: <info>  [1603051938.8025] dhcp4 (ens192): option requested_static_routes => '1'
Oct 18 16:12:18 rjacinto1_rns NetworkManager[963]: <info>  [1603051938.8025] dhcp4 (ens192): option requested_subnet_mask => '1'
Oct 18 16:12:18 rjacinto1_rns NetworkManager[963]: <info>  [1603051938.8025] dhcp4 (ens192): option requested_time_offset => '1'
Oct 18 16:12:18 rjacinto1_rns NetworkManager[963]: <info>  [1603051938.8025] dhcp4 (ens192): option requested_wpad       => '1'
Oct 18 16:12:18 rjacinto1_rns NetworkManager[963]: <info>  [1603051938.8025] dhcp4 (ens192): option routers              => '172.16.255.1'
Oct 18 16:12:18 rjacinto1_rns NetworkManager[963]: <info>  [1603051938.8025] dhcp4 (ens192): option subnet_mask          => '255.255.0.0'
Oct 18 16:12:18 rjacinto1_rns NetworkManager[963]: <info>  [1603051938.8026] dhcp4 (ens192): state changed unknown -> bound
Oct 18 16:12:18 rjacinto1_rns NetworkManager[963]: <info>  [1603051938.8035] device (ens192): state change: ip-config -> ip-check (reason 'none', sys-iface-state: 'managed')
Oct 18 16:12:18 rjacinto1_rns NetworkManager[963]: <info>  [1603051938.8135] device (ens192): state change: ip-check -> secondaries (reason 'none', sys-iface-state: 'managed')
Oct 18 16:12:18 rjacinto1_rns NetworkManager[963]: <info>  [1603051938.8137] device (ens192): state change: secondaries -> activated (reason 'none', sys-iface-state: 'managed')
Oct 18 16:12:18 rjacinto1_rns NetworkManager[963]: <info>  [1603051938.8141] manager: NetworkManager state is now CONNECTED_LOCAL
Oct 18 16:12:18 rjacinto1_rns NetworkManager[963]: <info>  [1603051938.8149] manager: NetworkManager state is now CONNECTED_SITE
Oct 18 16:12:18 rjacinto1_rns NetworkManager[963]: <info>  [1603051938.8150] policy: set 'ens192' (ens192) as default for IPv4 routing and DNS
Oct 18 16:12:18 rjacinto1_rns NetworkManager[963]: <info>  [1603051938.8184] device (ens192): Activation: successful, device activated.
Oct 18 16:12:18 rjacinto1_rns NetworkManager[963]: <info>  [1603051938.8188] manager: NetworkManager state is now CONNECTED_GLOBAL
Oct 18 16:19:16 rjacinto1_rns systemd[1]: Starting Cleanup of Temporary Directories...
Oct 18 16:19:16 rjacinto1_rns systemd[1]: Started Cleanup of Temporary Directories.
Oct 18 16:49:16 rjacinto1_rns systemd[1]: Starting dnf makecache...
Oct 18 16:49:17 rjacinto1_rns dnf[4230]: Metadata cache refreshed recently.
Oct 18 16:49:17 rjacinto1_rns systemd[1]: Started dnf makecache.
Oct 18 17:50:16 rjacinto1_rns systemd[1]: Starting dnf makecache...
Oct 18 17:50:17 rjacinto1_rns dnf[4254]: CentOS-8 - AppStream                            9.8 kB/s | 4.3 kB     00:00
Oct 18 17:50:17 rjacinto1_rns dnf[4254]: CentOS-8 - Base                                  11 kB/s | 3.9 kB     00:00
Oct 18 17:50:18 rjacinto1_rns dnf[4254]: CentOS-8 - Extras                                10 kB/s | 1.5 kB     00:00
Oct 18 17:50:18 rjacinto1_rns dnf[4254]: Metadata cache created.
Oct 18 17:50:18 rjacinto1_rns systemd[1]: Started dnf makecache.
Oct 18 18:51:16 rjacinto1_rns systemd[1]: Starting dnf makecache...
Oct 18 18:51:17 rjacinto1_rns dnf[4283]: Metadata cache refreshed recently.
Oct 18 18:51:17 rjacinto1_rns systemd[1]: Started dnf makecache.
Oct 18 19:52:16 rjacinto1_rns systemd[1]: Starting dnf makecache...
Oct 18 19:52:17 rjacinto1_rns dnf[4307]: Metadata cache refreshed recently.
Oct 18 19:52:17 rjacinto1_rns systemd[1]: Started dnf makecache.
Oct 18 20:53:16 rjacinto1_rns systemd[1]: Starting dnf makecache...
Oct 18 20:53:17 rjacinto1_rns dnf[4330]: CentOS-8 - AppStream                             34 kB/s | 4.3 kB     00:00
Oct 18 20:53:17 rjacinto1_rns dnf[4330]: CentOS-8 - Base                                  15 kB/s | 3.9 kB     00:00
Oct 18 20:53:17 rjacinto1_rns dnf[4330]: CentOS-8 - Extras                               5.3 kB/s | 1.5 kB     00:00
Oct 18 20:53:18 rjacinto1_rns dnf[4330]: Metadata cache created.
Oct 18 20:53:18 rjacinto1_rns systemd[1]: Started dnf makecache.
Oct 18 21:54:16 rjacinto1_rns systemd[1]: Starting dnf makecache...
Oct 18 21:54:17 rjacinto1_rns dnf[4359]: Metadata cache refreshed recently.
Oct 18 21:54:17 rjacinto1_rns systemd[1]: Started dnf makecache.
Oct 18 22:55:16 rjacinto1_rns systemd[1]: Starting dnf makecache...
Oct 18 22:55:17 rjacinto1_rns dnf[4382]: Metadata cache refreshed recently.
Oct 18 22:55:17 rjacinto1_rns systemd[1]: Started dnf makecache.
Oct 18 23:56:16 rjacinto1_rns systemd[1]: Starting dnf makecache...
Oct 18 23:56:17 rjacinto1_rns dnf[4406]: CentOS-8 - AppStream                            7.9 kB/s | 4.3 kB     00:00
Oct 18 23:56:17 rjacinto1_rns dnf[4406]: CentOS-8 - Base                                  13 kB/s | 3.9 kB     00:00
Oct 18 23:56:18 rjacinto1_rns dnf[4406]: CentOS-8 - Extras                               7.0 kB/s | 1.5 kB     00:00
Oct 18 23:56:18 rjacinto1_rns dnf[4406]: Metadata cache created.
Oct 18 23:56:18 rjacinto1_rns systemd[1]: Started dnf makecache.
Oct 19 00:00:16 rjacinto1_rns systemd[1]: Starting update of the root trust anchor for DNSSEC validation in unbound...
Oct 19 00:00:16 rjacinto1_rns systemd[1]: Started update of the root trust anchor for DNSSEC validation in unbound.
Oct 19 00:57:16 rjacinto1_rns systemd[1]: Starting dnf makecache...
Oct 19 00:57:17 rjacinto1_rns dnf[4440]: Metadata cache refreshed recently.
Oct 19 00:57:17 rjacinto1_rns systemd[1]: Started dnf makecache.
Oct 19 01:58:16 rjacinto1_rns systemd[1]: Starting dnf makecache...
Oct 19 01:58:17 rjacinto1_rns dnf[4465]: Metadata cache refreshed recently.
Oct 19 01:58:17 rjacinto1_rns systemd[1]: Started dnf makecache.
Oct 19 02:59:16 rjacinto1_rns systemd[1]: Starting dnf makecache...
Oct 19 02:59:17 rjacinto1_rns dnf[4490]: CentOS-8 - AppStream                             10 kB/s | 4.3 kB     00:00
Oct 19 02:59:18 rjacinto1_rns dnf[4490]: CentOS-8 - Base                                 6.3 kB/s | 3.9 kB     00:00
Oct 19 02:59:18 rjacinto1_rns dnf[4490]: CentOS-8 - Extras                               5.0 kB/s | 1.5 kB     00:00
Oct 19 02:59:18 rjacinto1_rns dnf[4490]: Metadata cache created.
Oct 19 02:59:18 rjacinto1_rns systemd[1]: Started dnf makecache.
Oct 19 04:00:16 rjacinto1_rns systemd[1]: Starting dnf makecache...
Oct 19 04:00:17 rjacinto1_rns dnf[4531]: Metadata cache refreshed recently.
Oct 19 04:00:17 rjacinto1_rns systemd[1]: Started dnf makecache.
Oct 19 04:12:18 rjacinto1_rns NetworkManager[963]: <error> [1603095138.7996] dhcp4 (ens192): error -113 dispatching events
Oct 19 04:12:18 rjacinto1_rns NetworkManager[963]: <info>  [1603095138.8007] dhcp4 (ens192): state changed bound -> fail
Oct 19 04:12:18 rjacinto1_rns NetworkManager[963]: <info>  [1603095138.8009] device (ens192): DHCPv4: trying to acquire a new lease within 90 seconds
Oct 19 04:13:48 rjacinto1_rns NetworkManager[963]: <info>  [1603095228.8107] device (ens192): DHCPv4: grace period expired
Oct 19 04:13:48 rjacinto1_rns NetworkManager[963]: <info>  [1603095228.8108] device (ens192): state change: activated -> failed (reason 'ip-config-unavailable', sys-iface-state: 'managed')
Oct 19 04:13:48 rjacinto1_rns NetworkManager[963]: <warn>  [1603095228.8121] device (ens192): Activation: failed for connection 'ens192'
Oct 19 04:13:48 rjacinto1_rns NetworkManager[963]: <info>  [1603095228.8128] manager: NetworkManager state is now CONNECTED_LOCAL
Oct 19 04:13:48 rjacinto1_rns NetworkManager[963]: <info>  [1603095228.8132] device (ens192): state change: failed -> disconnected (reason 'none', sys-iface-state: 'managed')
Oct 19 04:13:48 rjacinto1_rns NetworkManager[963]: <info>  [1603095228.8148] dhcp4 (ens192): canceled DHCP transaction
Oct 19 04:13:48 rjacinto1_rns NetworkManager[963]: <info>  [1603095228.8148] dhcp4 (ens192): state changed fail -> done
Oct 19 04:13:48 rjacinto1_rns dbus-daemon[962]: [system] Activating via systemd: service name='org.freedesktop.nm_dispatcher' unit='dbus-org.freedesktop.nm-dispatcher.service' requested by ':1.4' (uid=0 pid=963 comm="/usr/sbin/NetworkManager --no-daemon " label="system_u:system_r:NetworkManager_t:s0")
Oct 19 04:13:48 rjacinto1_rns systemd[1]: Starting Network Manager Script Dispatcher Service...
Oct 19 04:13:48 rjacinto1_rns named[1026]: no longer listening on 172.16.13.4#53
Oct 19 04:13:48 rjacinto1_rns NetworkManager[963]: <info>  [1603095228.8417] policy: auto-activating connection 'ens192' (29b6e258-0ffd-4ee3-8f2d-2126105eee4f)
Oct 19 04:13:48 rjacinto1_rns NetworkManager[963]: <info>  [1603095228.8427] device (ens192): Activation: starting connection 'ens192' (29b6e258-0ffd-4ee3-8f2d-2126105eee4f)
Oct 19 04:13:48 rjacinto1_rns NetworkManager[963]: <info>  [1603095228.8428] device (ens192): state change: disconnected -> prepare (reason 'none', sys-iface-state: 'managed')
Oct 19 04:13:48 rjacinto1_rns NetworkManager[963]: <info>  [1603095228.8431] manager: NetworkManager state is now CONNECTING
Oct 19 04:13:48 rjacinto1_rns NetworkManager[963]: <info>  [1603095228.8432] device (ens192): state change: prepare -> config (reason 'none', sys-iface-state: 'managed')
Oct 19 04:13:48 rjacinto1_rns NetworkManager[963]: <info>  [1603095228.8437] device (ens192): state change: config -> ip-config (reason 'none', sys-iface-state: 'managed')
Oct 19 04:13:48 rjacinto1_rns NetworkManager[963]: <warn>  [1603095228.8439] dhcp4: hostname 'rjacinto1_rns' is invalid, will be ignored
Oct 19 04:13:48 rjacinto1_rns NetworkManager[963]: <info>  [1603095228.8440] dhcp4 (ens192): activation: beginning transaction (timeout in 45 seconds)
Oct 19 04:13:48 rjacinto1_rns dbus-daemon[962]: [system] Successfully activated service 'org.freedesktop.nm_dispatcher'
Oct 19 04:13:48 rjacinto1_rns NetworkManager[963]: <info>  [1603095228.8529] dhcp4 (ens192): option dhcp_lease_time      => '86400'
Oct 19 04:13:48 rjacinto1_rns named[1026]: listening on IPv4 interface ens192, 172.16.13.4#53
Oct 19 04:13:48 rjacinto1_rns NetworkManager[963]: <info>  [1603095228.8530] dhcp4 (ens192): option domain_name_servers  => '10.102.100.22 10.101.100.42 10.101.100.41'
Oct 19 04:13:48 rjacinto1_rns NetworkManager[963]: <info>  [1603095228.8530] dhcp4 (ens192): option expiry               => '1603181628'
Oct 19 04:13:48 rjacinto1_rns NetworkManager[963]: <info>  [1603095228.8530] dhcp4 (ens192): option ip_address           => '172.16.13.4'
Oct 19 04:13:48 rjacinto1_rns NetworkManager[963]: <info>  [1603095228.8530] dhcp4 (ens192): option requested_broadcast_address => '1'
Oct 19 04:13:48 rjacinto1_rns NetworkManager[963]: <info>  [1603095228.8530] dhcp4 (ens192): option requested_domain_name => '1'
Oct 19 04:13:48 rjacinto1_rns NetworkManager[963]: <info>  [1603095228.8530] dhcp4 (ens192): option requested_domain_name_servers => '1'
Oct 19 04:13:48 rjacinto1_rns NetworkManager[963]: <info>  [1603095228.8530] dhcp4 (ens192): option requested_domain_search => '1'
Oct 19 04:13:48 rjacinto1_rns NetworkManager[963]: <info>  [1603095228.8530] dhcp4 (ens192): option requested_host_name  => '1'
Oct 19 04:13:48 rjacinto1_rns NetworkManager[963]: <info>  [1603095228.8530] dhcp4 (ens192): option requested_interface_mtu => '1'
Oct 19 04:13:48 rjacinto1_rns NetworkManager[963]: <info>  [1603095228.8530] dhcp4 (ens192): option requested_ms_classless_static_routes => '1'
Oct 19 04:13:48 rjacinto1_rns NetworkManager[963]: <info>  [1603095228.8531] dhcp4 (ens192): option requested_nis_domain => '1'
Oct 19 04:13:48 rjacinto1_rns NetworkManager[963]: <info>  [1603095228.8531] dhcp4 (ens192): option requested_nis_servers => '1'
Oct 19 04:13:48 rjacinto1_rns NetworkManager[963]: <info>  [1603095228.8531] dhcp4 (ens192): option requested_ntp_servers => '1'
Oct 19 04:13:48 rjacinto1_rns NetworkManager[963]: <info>  [1603095228.8531] dhcp4 (ens192): option requested_rfc3442_classless_static_routes => '1'
Oct 19 04:13:48 rjacinto1_rns NetworkManager[963]: <info>  [1603095228.8531] dhcp4 (ens192): option requested_root_path  => '1'
Oct 19 04:13:48 rjacinto1_rns NetworkManager[963]: <info>  [1603095228.8531] dhcp4 (ens192): option requested_routers    => '1'
Oct 19 04:13:48 rjacinto1_rns NetworkManager[963]: <info>  [1603095228.8531] dhcp4 (ens192): option requested_static_routes => '1'
Oct 19 04:13:48 rjacinto1_rns NetworkManager[963]: <info>  [1603095228.8531] dhcp4 (ens192): option requested_subnet_mask => '1'
Oct 19 04:13:48 rjacinto1_rns NetworkManager[963]: <info>  [1603095228.8531] dhcp4 (ens192): option requested_time_offset => '1'
Oct 19 04:13:48 rjacinto1_rns NetworkManager[963]: <info>  [1603095228.8531] dhcp4 (ens192): option requested_wpad       => '1'
Oct 19 04:13:48 rjacinto1_rns NetworkManager[963]: <info>  [1603095228.8531] dhcp4 (ens192): option routers              => '172.16.255.1'
Oct 19 04:13:48 rjacinto1_rns NetworkManager[963]: <info>  [1603095228.8531] dhcp4 (ens192): option subnet_mask          => '255.255.0.0'
Oct 19 04:13:48 rjacinto1_rns NetworkManager[963]: <info>  [1603095228.8531] dhcp4 (ens192): state changed unknown -> bound
Oct 19 04:13:48 rjacinto1_rns NetworkManager[963]: <info>  [1603095228.8541] device (ens192): state change: ip-config -> ip-check (reason 'none', sys-iface-state: 'managed')
Oct 19 04:13:48 rjacinto1_rns systemd[1]: Started Network Manager Script Dispatcher Service.
Oct 19 04:13:48 rjacinto1_rns NetworkManager[963]: <info>  [1603095228.8660] device (ens192): state change: ip-check -> secondaries (reason 'none', sys-iface-state: 'managed')
Oct 19 04:13:48 rjacinto1_rns NetworkManager[963]: <info>  [1603095228.8663] device (ens192): state change: secondaries -> activated (reason 'none', sys-iface-state: 'managed')
Oct 19 04:13:48 rjacinto1_rns NetworkManager[963]: <info>  [1603095228.8667] manager: NetworkManager state is now CONNECTED_LOCAL
Oct 19 04:13:48 rjacinto1_rns NetworkManager[963]: <info>  [1603095228.8675] manager: NetworkManager state is now CONNECTED_SITE
Oct 19 04:13:48 rjacinto1_rns NetworkManager[963]: <info>  [1603095228.8676] policy: set 'ens192' (ens192) as default for IPv4 routing and DNS
Oct 19 04:13:48 rjacinto1_rns NetworkManager[963]: <info>  [1603095228.8715] device (ens192): Activation: successful, device activated.
Oct 19 04:13:48 rjacinto1_rns NetworkManager[963]: <info>  [1603095228.8720] manager: NetworkManager state is now CONNECTED_GLOBAL
Oct 19 05:01:01 rjacinto1_rns systemd[1]: Starting dnf makecache...
Oct 19 05:01:02 rjacinto1_rns dnf[4563]: Metadata cache refreshed recently.
Oct 19 05:01:02 rjacinto1_rns systemd[1]: Started dnf makecache.
Oct 19 06:01:16 rjacinto1_rns systemd[1]: Starting dnf makecache...
Oct 19 06:01:17 rjacinto1_rns dnf[4597]: CentOS-8 - AppStream                             21 kB/s | 4.3 kB     00:00
Oct 19 06:01:17 rjacinto1_rns dnf[4597]: CentOS-8 - Base                                  20 kB/s | 3.9 kB     00:00
Oct 19 06:01:18 rjacinto1_rns dnf[4597]: CentOS-8 - Extras                               2.9 kB/s | 1.5 kB     00:00
Oct 19 06:01:18 rjacinto1_rns dnf[4597]: Metadata cache created.
Oct 19 06:01:18 rjacinto1_rns systemd[1]: Started dnf makecache.
Oct 19 07:02:16 rjacinto1_rns systemd[1]: Starting dnf makecache...
Oct 19 07:02:17 rjacinto1_rns dnf[4626]: Metadata cache refreshed recently.
Oct 19 07:02:17 rjacinto1_rns systemd[1]: Started dnf makecache.
Oct 19 08:03:16 rjacinto1_rns systemd[1]: Starting dnf makecache...
Oct 19 08:03:17 rjacinto1_rns dnf[4650]: Metadata cache refreshed recently.
Oct 19 08:03:17 rjacinto1_rns systemd[1]: Started dnf makecache.
Oct 19 09:04:16 rjacinto1_rns systemd[1]: Starting dnf makecache...
Oct 19 09:04:17 rjacinto1_rns dnf[4673]: CentOS-8 - AppStream                             11 kB/s | 4.3 kB     00:00
Oct 19 09:04:17 rjacinto1_rns dnf[4673]: CentOS-8 - Base                                  18 kB/s | 3.9 kB     00:00
Oct 19 09:04:17 rjacinto1_rns dnf[4673]: CentOS-8 - Extras                                12 kB/s | 1.5 kB     00:00
Oct 19 09:04:18 rjacinto1_rns dnf[4673]: Metadata cache created.
Oct 19 09:04:18 rjacinto1_rns systemd[1]: Started dnf makecache.
Oct 19 10:05:16 rjacinto1_rns systemd[1]: Starting dnf makecache...
Oct 19 10:05:17 rjacinto1_rns dnf[4702]: Metadata cache refreshed recently.
Oct 19 10:05:17 rjacinto1_rns systemd[1]: Started dnf makecache.
Oct 19 11:06:16 rjacinto1_rns systemd[1]: Starting dnf makecache...
Oct 19 11:06:17 rjacinto1_rns dnf[4726]: Metadata cache refreshed recently.
Oct 19 11:06:17 rjacinto1_rns systemd[1]: Started dnf makecache.
Oct 19 12:07:16 rjacinto1_rns systemd[1]: Starting dnf makecache...
Oct 19 12:07:17 rjacinto1_rns dnf[4750]: CentOS-8 - AppStream                             14 kB/s | 4.3 kB     00:00
Oct 19 12:07:17 rjacinto1_rns dnf[4750]: CentOS-8 - Base                                  40 kB/s | 3.9 kB     00:00
Oct 19 12:07:18 rjacinto1_rns dnf[4750]: CentOS-8 - Extras                               3.2 kB/s | 1.5 kB     00:00
Oct 19 12:07:18 rjacinto1_rns dnf[4750]: Metadata cache created.
Oct 19 12:07:18 rjacinto1_rns systemd[1]: Started dnf makecache.
Oct 19 13:08:16 rjacinto1_rns systemd[1]: Starting dnf makecache...
Oct 19 13:08:17 rjacinto1_rns dnf[4779]: Metadata cache refreshed recently.
Oct 19 13:08:17 rjacinto1_rns systemd[1]: Started dnf makecache.
Oct 19 14:09:16 rjacinto1_rns systemd[1]: Starting dnf makecache...
Oct 19 14:09:17 rjacinto1_rns dnf[4803]: Metadata cache refreshed recently.
Oct 19 14:09:17 rjacinto1_rns systemd[1]: Started dnf makecache.
Oct 19 15:10:16 rjacinto1_rns systemd[1]: Starting dnf makecache...
Oct 19 15:10:17 rjacinto1_rns dnf[4826]: CentOS-8 - AppStream                             19 kB/s | 4.3 kB     00:00
Oct 19 15:10:18 rjacinto1_rns dnf[4826]: CentOS-8 - Base                                 3.6 kB/s | 3.9 kB     00:01
Oct 19 15:10:18 rjacinto1_rns dnf[4826]: CentOS-8 - Extras                               4.1 kB/s | 1.5 kB     00:00
Oct 19 15:10:19 rjacinto1_rns dnf[4826]: Metadata cache created.
Oct 19 15:10:19 rjacinto1_rns systemd[1]: Started dnf makecache.
Oct 19 16:11:16 rjacinto1_rns systemd[1]: Starting dnf makecache...
Oct 19 16:11:17 rjacinto1_rns dnf[4856]: Metadata cache refreshed recently.
Oct 19 16:11:17 rjacinto1_rns systemd[1]: Started dnf makecache.
Oct 19 16:13:48 rjacinto1_rns NetworkManager[963]: <error> [1603138428.8480] dhcp4 (ens192): error -113 dispatching events
Oct 19 16:13:48 rjacinto1_rns NetworkManager[963]: <info>  [1603138428.8481] dhcp4 (ens192): state changed bound -> fail
Oct 19 16:13:48 rjacinto1_rns NetworkManager[963]: <info>  [1603138428.8482] device (ens192): DHCPv4: trying to acquire a new lease within 90 seconds
Oct 19 16:15:18 rjacinto1_rns NetworkManager[963]: <info>  [1603138518.7239] device (ens192): DHCPv4: grace period expired
Oct 19 16:15:18 rjacinto1_rns NetworkManager[963]: <info>  [1603138518.7240] device (ens192): state change: activated -> failed (reason 'ip-config-unavailable', sys-iface-state: 'managed')
Oct 19 16:15:18 rjacinto1_rns NetworkManager[963]: <warn>  [1603138518.7254] device (ens192): Activation: failed for connection 'ens192'
Oct 19 16:15:18 rjacinto1_rns NetworkManager[963]: <info>  [1603138518.7262] manager: NetworkManager state is now CONNECTED_LOCAL
Oct 19 16:15:18 rjacinto1_rns NetworkManager[963]: <info>  [1603138518.7265] device (ens192): state change: failed -> disconnected (reason 'none', sys-iface-state: 'managed')
Oct 19 16:15:18 rjacinto1_rns NetworkManager[963]: <info>  [1603138518.7277] dhcp4 (ens192): canceled DHCP transaction
Oct 19 16:15:18 rjacinto1_rns NetworkManager[963]: <info>  [1603138518.7277] dhcp4 (ens192): state changed fail -> done
Oct 19 16:15:18 rjacinto1_rns dbus-daemon[962]: [system] Activating via systemd: service name='org.freedesktop.nm_dispatcher' unit='dbus-org.freedesktop.nm-dispatcher.service' requested by ':1.4' (uid=0 pid=963 comm="/usr/sbin/NetworkManager --no-daemon " label="system_u:system_r:NetworkManager_t:s0")
Oct 19 16:15:18 rjacinto1_rns systemd[1]: Starting Network Manager Script Dispatcher Service...
Oct 19 16:15:18 rjacinto1_rns named[1026]: no longer listening on 172.16.13.4#53
Oct 19 16:15:18 rjacinto1_rns NetworkManager[963]: <info>  [1603138518.7507] policy: auto-activating connection 'ens192' (29b6e258-0ffd-4ee3-8f2d-2126105eee4f)
Oct 19 16:15:18 rjacinto1_rns NetworkManager[963]: <info>  [1603138518.7516] device (ens192): Activation: starting connection 'ens192' (29b6e258-0ffd-4ee3-8f2d-2126105eee4f)
Oct 19 16:15:18 rjacinto1_rns NetworkManager[963]: <info>  [1603138518.7517] device (ens192): state change: disconnected -> prepare (reason 'none', sys-iface-state: 'managed')
Oct 19 16:15:18 rjacinto1_rns NetworkManager[963]: <info>  [1603138518.7520] manager: NetworkManager state is now CONNECTING
Oct 19 16:15:18 rjacinto1_rns NetworkManager[963]: <info>  [1603138518.7521] device (ens192): state change: prepare -> config (reason 'none', sys-iface-state: 'managed')
Oct 19 16:15:18 rjacinto1_rns NetworkManager[963]: <info>  [1603138518.7525] device (ens192): state change: config -> ip-config (reason 'none', sys-iface-state: 'managed')
Oct 19 16:15:18 rjacinto1_rns NetworkManager[963]: <warn>  [1603138518.7527] dhcp4: hostname 'rjacinto1_rns' is invalid, will be ignored
Oct 19 16:15:18 rjacinto1_rns NetworkManager[963]: <info>  [1603138518.7528] dhcp4 (ens192): activation: beginning transaction (timeout in 45 seconds)
Oct 19 16:15:18 rjacinto1_rns dbus-daemon[962]: [system] Successfully activated service 'org.freedesktop.nm_dispatcher'
Oct 19 16:15:18 rjacinto1_rns systemd[1]: Started Network Manager Script Dispatcher Service.
Oct 19 16:15:18 rjacinto1_rns NetworkManager[963]: <info>  [1603138518.7610] dhcp4 (ens192): option dhcp_lease_time      => '86400'
Oct 19 16:15:18 rjacinto1_rns named[1026]: listening on IPv4 interface ens192, 172.16.13.4#53
Oct 19 16:15:18 rjacinto1_rns NetworkManager[963]: <info>  [1603138518.7610] dhcp4 (ens192): option domain_name_servers  => '10.102.100.22 10.101.100.42 10.101.100.41'
Oct 19 16:15:18 rjacinto1_rns NetworkManager[963]: <info>  [1603138518.7611] dhcp4 (ens192): option expiry               => '1603224918'
Oct 19 16:15:18 rjacinto1_rns NetworkManager[963]: <info>  [1603138518.7611] dhcp4 (ens192): option ip_address           => '172.16.13.4'
Oct 19 16:15:18 rjacinto1_rns NetworkManager[963]: <info>  [1603138518.7611] dhcp4 (ens192): option requested_broadcast_address => '1'
Oct 19 16:15:18 rjacinto1_rns NetworkManager[963]: <info>  [1603138518.7611] dhcp4 (ens192): option requested_domain_name => '1'
Oct 19 16:15:18 rjacinto1_rns NetworkManager[963]: <info>  [1603138518.7611] dhcp4 (ens192): option requested_domain_name_servers => '1'
Oct 19 16:15:18 rjacinto1_rns NetworkManager[963]: <info>  [1603138518.7611] dhcp4 (ens192): option requested_domain_search => '1'
Oct 19 16:15:18 rjacinto1_rns NetworkManager[963]: <info>  [1603138518.7611] dhcp4 (ens192): option requested_host_name  => '1'
Oct 19 16:15:18 rjacinto1_rns NetworkManager[963]: <info>  [1603138518.7611] dhcp4 (ens192): option requested_interface_mtu => '1'
Oct 19 16:15:18 rjacinto1_rns NetworkManager[963]: <info>  [1603138518.7611] dhcp4 (ens192): option requested_ms_classless_static_routes => '1'
Oct 19 16:15:18 rjacinto1_rns NetworkManager[963]: <info>  [1603138518.7611] dhcp4 (ens192): option requested_nis_domain => '1'
Oct 19 16:15:18 rjacinto1_rns NetworkManager[963]: <info>  [1603138518.7611] dhcp4 (ens192): option requested_nis_servers => '1'
Oct 19 16:15:18 rjacinto1_rns NetworkManager[963]: <info>  [1603138518.7611] dhcp4 (ens192): option requested_ntp_servers => '1'
Oct 19 16:15:18 rjacinto1_rns NetworkManager[963]: <info>  [1603138518.7612] dhcp4 (ens192): option requested_rfc3442_classless_static_routes => '1'
Oct 19 16:15:18 rjacinto1_rns NetworkManager[963]: <info>  [1603138518.7612] dhcp4 (ens192): option requested_root_path  => '1'
Oct 19 16:15:18 rjacinto1_rns NetworkManager[963]: <info>  [1603138518.7612] dhcp4 (ens192): option requested_routers    => '1'
Oct 19 16:15:18 rjacinto1_rns NetworkManager[963]: <info>  [1603138518.7612] dhcp4 (ens192): option requested_static_routes => '1'
Oct 19 16:15:18 rjacinto1_rns NetworkManager[963]: <info>  [1603138518.7612] dhcp4 (ens192): option requested_subnet_mask => '1'
Oct 19 16:15:18 rjacinto1_rns NetworkManager[963]: <info>  [1603138518.7612] dhcp4 (ens192): option requested_time_offset => '1'
Oct 19 16:15:18 rjacinto1_rns NetworkManager[963]: <info>  [1603138518.7612] dhcp4 (ens192): option requested_wpad       => '1'
Oct 19 16:15:18 rjacinto1_rns NetworkManager[963]: <info>  [1603138518.7612] dhcp4 (ens192): option routers              => '172.16.255.1'
Oct 19 16:15:18 rjacinto1_rns NetworkManager[963]: <info>  [1603138518.7612] dhcp4 (ens192): option subnet_mask          => '255.255.0.0'
Oct 19 16:15:18 rjacinto1_rns NetworkManager[963]: <info>  [1603138518.7612] dhcp4 (ens192): state changed unknown -> bound
Oct 19 16:15:18 rjacinto1_rns NetworkManager[963]: <info>  [1603138518.7621] device (ens192): state change: ip-config -> ip-check (reason 'none', sys-iface-state: 'managed')
Oct 19 16:15:18 rjacinto1_rns NetworkManager[963]: <info>  [1603138518.7697] device (ens192): state change: ip-check -> secondaries (reason 'none', sys-iface-state: 'managed')
Oct 19 16:15:18 rjacinto1_rns NetworkManager[963]: <info>  [1603138518.7699] device (ens192): state change: secondaries -> activated (reason 'none', sys-iface-state: 'managed')
Oct 19 16:15:18 rjacinto1_rns NetworkManager[963]: <info>  [1603138518.7703] manager: NetworkManager state is now CONNECTED_LOCAL
Oct 19 16:15:18 rjacinto1_rns NetworkManager[963]: <info>  [1603138518.7710] manager: NetworkManager state is now CONNECTED_SITE
Oct 19 16:15:18 rjacinto1_rns NetworkManager[963]: <info>  [1603138518.7711] policy: set 'ens192' (ens192) as default for IPv4 routing and DNS
Oct 19 16:15:18 rjacinto1_rns NetworkManager[963]: <info>  [1603138518.7746] device (ens192): Activation: successful, device activated.
Oct 19 16:15:18 rjacinto1_rns NetworkManager[963]: <info>  [1603138518.7751] manager: NetworkManager state is now CONNECTED_GLOBAL
Oct 19 16:20:16 rjacinto1_rns systemd[1]: Starting Cleanup of Temporary Directories...
Oct 19 16:20:16 rjacinto1_rns systemd[1]: Started Cleanup of Temporary Directories.
Oct 19 17:12:16 rjacinto1_rns systemd[1]: Starting dnf makecache...
Oct 19 17:12:17 rjacinto1_rns dnf[4889]: Metadata cache refreshed recently.
Oct 19 17:12:17 rjacinto1_rns systemd[1]: Started dnf makecache.
Oct 19 18:13:16 rjacinto1_rns systemd[1]: Starting dnf makecache...
Oct 19 18:13:18 rjacinto1_rns dnf[4913]: CentOS-8 - AppStream                            3.8 kB/s | 4.3 kB     00:01
Oct 19 18:13:18 rjacinto1_rns dnf[4913]: CentOS-8 - Base                                  25 kB/s | 3.9 kB     00:00
Oct 19 18:13:18 rjacinto1_rns dnf[4913]: CentOS-8 - Extras                                11 kB/s | 1.5 kB     00:00
Oct 19 18:13:18 rjacinto1_rns dnf[4913]: Metadata cache created.
Oct 19 18:13:18 rjacinto1_rns systemd[1]: Started dnf makecache.
Oct 19 19:14:16 rjacinto1_rns systemd[1]: Starting dnf makecache...
Oct 19 19:14:17 rjacinto1_rns dnf[4942]: Metadata cache refreshed recently.
Oct 19 19:14:17 rjacinto1_rns systemd[1]: Started dnf makecache.
Oct 19 20:15:16 rjacinto1_rns systemd[1]: Starting dnf makecache...
Oct 19 20:15:17 rjacinto1_rns dnf[4965]: Metadata cache refreshed recently.
Oct 19 20:15:17 rjacinto1_rns systemd[1]: Started dnf makecache.
Oct 19 21:16:16 rjacinto1_rns systemd[1]: Starting dnf makecache...
Oct 19 21:16:17 rjacinto1_rns dnf[4989]: CentOS-8 - AppStream                             18 kB/s | 4.3 kB     00:00
Oct 19 21:16:17 rjacinto1_rns dnf[4989]: CentOS-8 - Base                                 6.1 kB/s | 3.9 kB     00:00
Oct 19 21:16:18 rjacinto1_rns dnf[4989]: CentOS-8 - Extras                               7.9 kB/s | 1.5 kB     00:00
Oct 19 21:16:18 rjacinto1_rns dnf[4989]: Metadata cache created.
Oct 19 21:16:18 rjacinto1_rns systemd[1]: Started dnf makecache.
Oct 19 22:17:16 rjacinto1_rns systemd[1]: Starting dnf makecache...
Oct 19 22:17:17 rjacinto1_rns dnf[5018]: Metadata cache refreshed recently.
Oct 19 22:17:17 rjacinto1_rns systemd[1]: Started dnf makecache.
Oct 19 23:18:16 rjacinto1_rns systemd[1]: Starting dnf makecache...
Oct 19 23:18:17 rjacinto1_rns dnf[5042]: Metadata cache refreshed recently.
Oct 19 23:18:17 rjacinto1_rns systemd[1]: Started dnf makecache.
Oct 20 00:00:16 rjacinto1_rns systemd[1]: Starting update of the root trust anchor for DNSSEC validation in unbound...
Oct 20 00:00:16 rjacinto1_rns systemd[1]: Started update of the root trust anchor for DNSSEC validation in unbound.
Oct 20 00:19:16 rjacinto1_rns systemd[1]: Starting dnf makecache...
Oct 20 00:19:17 rjacinto1_rns dnf[5069]: CentOS-8 - AppStream                             12 kB/s | 4.3 kB     00:00
Oct 20 00:19:17 rjacinto1_rns dnf[5069]: CentOS-8 - Base                                  16 kB/s | 3.9 kB     00:00
Oct 20 00:19:18 rjacinto1_rns dnf[5069]: CentOS-8 - Extras                               5.4 kB/s | 1.5 kB     00:00
Oct 20 00:19:18 rjacinto1_rns dnf[5069]: Metadata cache created.
Oct 20 00:19:18 rjacinto1_rns systemd[1]: Started dnf makecache.
Oct 20 01:20:16 rjacinto1_rns systemd[1]: Starting dnf makecache...
Oct 20 01:20:17 rjacinto1_rns dnf[5101]: Metadata cache refreshed recently.
Oct 20 01:20:17 rjacinto1_rns systemd[1]: Started dnf makecache.
Oct 20 02:21:16 rjacinto1_rns systemd[1]: Starting dnf makecache...
Oct 20 02:21:17 rjacinto1_rns dnf[5126]: Metadata cache refreshed recently.
Oct 20 02:21:17 rjacinto1_rns systemd[1]: Started dnf makecache.
Oct 20 03:22:01 rjacinto1_rns systemd[1]: Starting dnf makecache...
Oct 20 03:22:02 rjacinto1_rns dnf[5161]: CentOS-8 - AppStream                             15 kB/s | 4.3 kB     00:00
Oct 20 03:22:02 rjacinto1_rns dnf[5161]: CentOS-8 - Base                                  31 kB/s | 3.9 kB     00:00
Oct 20 03:22:02 rjacinto1_rns dnf[5161]: CentOS-8 - Extras                               6.7 kB/s | 1.5 kB     00:00
Oct 20 03:22:03 rjacinto1_rns dnf[5161]: Metadata cache created.
Oct 20 03:22:03 rjacinto1_rns systemd[1]: Started dnf makecache.
Oct 20 04:15:18 rjacinto1_rns NetworkManager[963]: <error> [1603181718.7567] dhcp4 (ens192): error -113 dispatching events
Oct 20 04:15:18 rjacinto1_rns NetworkManager[963]: <info>  [1603181718.7582] dhcp4 (ens192): state changed bound -> fail
Oct 20 04:15:18 rjacinto1_rns NetworkManager[963]: <info>  [1603181718.7583] device (ens192): DHCPv4: trying to acquire a new lease within 90 seconds
Oct 20 04:16:48 rjacinto1_rns NetworkManager[963]: <info>  [1603181808.7621] device (ens192): DHCPv4: grace period expired
Oct 20 04:16:48 rjacinto1_rns NetworkManager[963]: <info>  [1603181808.7622] device (ens192): state change: activated -> failed (reason 'ip-config-unavailable', sys-iface-state: 'managed')
Oct 20 04:16:48 rjacinto1_rns NetworkManager[963]: <warn>  [1603181808.7637] device (ens192): Activation: failed for connection 'ens192'
Oct 20 04:16:48 rjacinto1_rns NetworkManager[963]: <info>  [1603181808.7644] manager: NetworkManager state is now CONNECTED_LOCAL
Oct 20 04:16:48 rjacinto1_rns NetworkManager[963]: <info>  [1603181808.7648] device (ens192): state change: failed -> disconnected (reason 'none', sys-iface-state: 'managed')
Oct 20 04:16:48 rjacinto1_rns NetworkManager[963]: <info>  [1603181808.7670] dhcp4 (ens192): canceled DHCP transaction
Oct 20 04:16:48 rjacinto1_rns NetworkManager[963]: <info>  [1603181808.7670] dhcp4 (ens192): state changed fail -> done
Oct 20 04:16:48 rjacinto1_rns dbus-daemon[962]: [system] Activating via systemd: service name='org.freedesktop.nm_dispatcher' unit='dbus-org.freedesktop.nm-dispatcher.service' requested by ':1.4' (uid=0 pid=963 comm="/usr/sbin/NetworkManager --no-daemon " label="system_u:system_r:NetworkManager_t:s0")
Oct 20 04:16:48 rjacinto1_rns systemd[1]: Starting Network Manager Script Dispatcher Service...
Oct 20 04:16:48 rjacinto1_rns named[1026]: no longer listening on 172.16.13.4#53
Oct 20 04:16:48 rjacinto1_rns NetworkManager[963]: <info>  [1603181808.7927] policy: auto-activating connection 'ens192' (29b6e258-0ffd-4ee3-8f2d-2126105eee4f)
Oct 20 04:16:48 rjacinto1_rns NetworkManager[963]: <info>  [1603181808.7936] device (ens192): Activation: starting connection 'ens192' (29b6e258-0ffd-4ee3-8f2d-2126105eee4f)
Oct 20 04:16:48 rjacinto1_rns NetworkManager[963]: <info>  [1603181808.7937] device (ens192): state change: disconnected -> prepare (reason 'none', sys-iface-state: 'managed')
Oct 20 04:16:48 rjacinto1_rns NetworkManager[963]: <info>  [1603181808.7940] manager: NetworkManager state is now CONNECTING
Oct 20 04:16:48 rjacinto1_rns NetworkManager[963]: <info>  [1603181808.7941] device (ens192): state change: prepare -> config (reason 'none', sys-iface-state: 'managed')
Oct 20 04:16:48 rjacinto1_rns NetworkManager[963]: <info>  [1603181808.7946] device (ens192): state change: config -> ip-config (reason 'none', sys-iface-state: 'managed')
Oct 20 04:16:48 rjacinto1_rns NetworkManager[963]: <warn>  [1603181808.7949] dhcp4: hostname 'rjacinto1_rns' is invalid, will be ignored
Oct 20 04:16:48 rjacinto1_rns NetworkManager[963]: <info>  [1603181808.7949] dhcp4 (ens192): activation: beginning transaction (timeout in 45 seconds)
Oct 20 04:16:48 rjacinto1_rns dbus-daemon[962]: [system] Successfully activated service 'org.freedesktop.nm_dispatcher'
Oct 20 04:16:48 rjacinto1_rns NetworkManager[963]: <info>  [1603181808.8041] dhcp4 (ens192): option dhcp_lease_time      => '86400'
Oct 20 04:16:48 rjacinto1_rns NetworkManager[963]: <info>  [1603181808.8042] dhcp4 (ens192): option domain_name_servers  => '10.102.100.22 10.101.100.42 10.101.100.41'
Oct 20 04:16:48 rjacinto1_rns NetworkManager[963]: <info>  [1603181808.8042] dhcp4 (ens192): option expiry               => '1603268208'
Oct 20 04:16:48 rjacinto1_rns NetworkManager[963]: <info>  [1603181808.8042] dhcp4 (ens192): option ip_address           => '172.16.13.4'
Oct 20 04:16:48 rjacinto1_rns NetworkManager[963]: <info>  [1603181808.8042] dhcp4 (ens192): option requested_broadcast_address => '1'
Oct 20 04:16:48 rjacinto1_rns NetworkManager[963]: <info>  [1603181808.8042] dhcp4 (ens192): option requested_domain_name => '1'
Oct 20 04:16:48 rjacinto1_rns NetworkManager[963]: <info>  [1603181808.8042] dhcp4 (ens192): option requested_domain_name_servers => '1'
Oct 20 04:16:48 rjacinto1_rns NetworkManager[963]: <info>  [1603181808.8042] dhcp4 (ens192): option requested_domain_search => '1'
Oct 20 04:16:48 rjacinto1_rns NetworkManager[963]: <info>  [1603181808.8042] dhcp4 (ens192): option requested_host_name  => '1'
Oct 20 04:16:48 rjacinto1_rns NetworkManager[963]: <info>  [1603181808.8042] dhcp4 (ens192): option requested_interface_mtu => '1'
Oct 20 04:16:48 rjacinto1_rns NetworkManager[963]: <info>  [1603181808.8042] dhcp4 (ens192): option requested_ms_classless_static_routes => '1'
Oct 20 04:16:48 rjacinto1_rns NetworkManager[963]: <info>  [1603181808.8042] dhcp4 (ens192): option requested_nis_domain => '1'
Oct 20 04:16:48 rjacinto1_rns NetworkManager[963]: <info>  [1603181808.8043] dhcp4 (ens192): option requested_nis_servers => '1'
Oct 20 04:16:48 rjacinto1_rns NetworkManager[963]: <info>  [1603181808.8043] dhcp4 (ens192): option requested_ntp_servers => '1'
Oct 20 04:16:48 rjacinto1_rns NetworkManager[963]: <info>  [1603181808.8043] dhcp4 (ens192): option requested_rfc3442_classless_static_routes => '1'
Oct 20 04:16:48 rjacinto1_rns NetworkManager[963]: <info>  [1603181808.8043] dhcp4 (ens192): option requested_root_path  => '1'
Oct 20 04:16:48 rjacinto1_rns NetworkManager[963]: <info>  [1603181808.8043] dhcp4 (ens192): option requested_routers    => '1'
Oct 20 04:16:48 rjacinto1_rns NetworkManager[963]: <info>  [1603181808.8043] dhcp4 (ens192): option requested_static_routes => '1'
Oct 20 04:16:48 rjacinto1_rns NetworkManager[963]: <info>  [1603181808.8043] dhcp4 (ens192): option requested_subnet_mask => '1'
Oct 20 04:16:48 rjacinto1_rns NetworkManager[963]: <info>  [1603181808.8043] dhcp4 (ens192): option requested_time_offset => '1'
Oct 20 04:16:48 rjacinto1_rns NetworkManager[963]: <info>  [1603181808.8043] dhcp4 (ens192): option requested_wpad       => '1'
Oct 20 04:16:48 rjacinto1_rns NetworkManager[963]: <info>  [1603181808.8043] dhcp4 (ens192): option routers              => '172.16.255.1'
Oct 20 04:16:48 rjacinto1_rns NetworkManager[963]: <info>  [1603181808.8043] dhcp4 (ens192): option subnet_mask          => '255.255.0.0'
Oct 20 04:16:48 rjacinto1_rns NetworkManager[963]: <info>  [1603181808.8043] dhcp4 (ens192): state changed unknown -> bound
Oct 20 04:16:48 rjacinto1_rns NetworkManager[963]: <info>  [1603181808.8053] device (ens192): state change: ip-config -> ip-check (reason 'none', sys-iface-state: 'managed')
Oct 20 04:16:48 rjacinto1_rns systemd[1]: Started Network Manager Script Dispatcher Service.
Oct 20 04:16:48 rjacinto1_rns named[1026]: listening on IPv4 interface ens192, 172.16.13.4#53
Oct 20 04:16:48 rjacinto1_rns NetworkManager[963]: <info>  [1603181808.8170] device (ens192): state change: ip-check -> secondaries (reason 'none', sys-iface-state: 'managed')
Oct 20 04:16:48 rjacinto1_rns NetworkManager[963]: <info>  [1603181808.8172] device (ens192): state change: secondaries -> activated (reason 'none', sys-iface-state: 'managed')
Oct 20 04:16:48 rjacinto1_rns NetworkManager[963]: <info>  [1603181808.8176] manager: NetworkManager state is now CONNECTED_LOCAL
Oct 20 04:16:48 rjacinto1_rns NetworkManager[963]: <info>  [1603181808.8184] manager: NetworkManager state is now CONNECTED_SITE
Oct 20 04:16:48 rjacinto1_rns NetworkManager[963]: <info>  [1603181808.8185] policy: set 'ens192' (ens192) as default for IPv4 routing and DNS
Oct 20 04:16:48 rjacinto1_rns NetworkManager[963]: <info>  [1603181808.8236] device (ens192): Activation: successful, device activated.
Oct 20 04:16:48 rjacinto1_rns NetworkManager[963]: <info>  [1603181808.8241] manager: NetworkManager state is now CONNECTED_GLOBAL
Oct 20 04:22:16 rjacinto1_rns systemd[1]: Starting dnf makecache...
Oct 20 04:22:17 rjacinto1_rns dnf[5198]: Metadata cache refreshed recently.
Oct 20 04:22:17 rjacinto1_rns systemd[1]: Started dnf makecache.
Oct 20 05:23:16 rjacinto1_rns systemd[1]: Starting dnf makecache...
Oct 20 05:23:17 rjacinto1_rns dnf[5221]: Metadata cache refreshed recently.
Oct 20 05:23:17 rjacinto1_rns systemd[1]: Started dnf makecache.
Oct 20 06:24:16 rjacinto1_rns systemd[1]: Starting dnf makecache...
Oct 20 06:24:17 rjacinto1_rns dnf[5245]: CentOS-8 - AppStream                             19 kB/s | 4.3 kB     00:00
Oct 20 06:24:18 rjacinto1_rns dnf[5245]: CentOS-8 - Base                                 2.7 kB/s | 3.9 kB     00:01
Oct 20 06:24:18 rjacinto1_rns dnf[5245]: CentOS-8 - Extras                                13 kB/s | 1.5 kB     00:00
Oct 20 06:24:19 rjacinto1_rns dnf[5245]: Metadata cache created.
Oct 20 06:24:19 rjacinto1_rns systemd[1]: Started dnf makecache.
Oct 20 07:25:16 rjacinto1_rns systemd[1]: Starting dnf makecache...
Oct 20 07:25:17 rjacinto1_rns dnf[5274]: Metadata cache refreshed recently.
Oct 20 07:25:17 rjacinto1_rns systemd[1]: Started dnf makecache.
Oct 20 08:26:16 rjacinto1_rns systemd[1]: Starting dnf makecache...
Oct 20 08:26:17 rjacinto1_rns dnf[5297]: Metadata cache refreshed recently.
Oct 20 08:26:17 rjacinto1_rns systemd[1]: Started dnf makecache.
Oct 20 09:27:16 rjacinto1_rns systemd[1]: Starting dnf makecache...
Oct 20 09:27:17 rjacinto1_rns dnf[5321]: CentOS-8 - AppStream                             13 kB/s | 4.3 kB     00:00
Oct 20 09:27:17 rjacinto1_rns dnf[5321]: CentOS-8 - Base                                  21 kB/s | 3.9 kB     00:00
Oct 20 09:27:19 rjacinto1_rns dnf[5321]: CentOS-8 - Extras                               1.0 kB/s | 1.5 kB     00:01
Oct 20 09:27:19 rjacinto1_rns dnf[5321]: Metadata cache created.
Oct 20 09:27:19 rjacinto1_rns systemd[1]: Started dnf makecache.
Oct 20 10:28:16 rjacinto1_rns systemd[1]: Starting dnf makecache...
Oct 20 10:28:17 rjacinto1_rns dnf[5350]: Metadata cache refreshed recently.
Oct 20 10:28:17 rjacinto1_rns systemd[1]: Started dnf makecache.
Oct 20 11:29:16 rjacinto1_rns systemd[1]: Starting dnf makecache...
Oct 20 11:29:17 rjacinto1_rns dnf[5373]: Metadata cache refreshed recently.
Oct 20 11:29:17 rjacinto1_rns systemd[1]: Started dnf makecache.
Oct 20 12:30:16 rjacinto1_rns systemd[1]: Starting dnf makecache...
Oct 20 12:30:17 rjacinto1_rns dnf[5396]: CentOS-8 - AppStream                             19 kB/s | 4.3 kB     00:00
Oct 20 12:30:17 rjacinto1_rns dnf[5396]: CentOS-8 - Base                                  24 kB/s | 3.9 kB     00:00
Oct 20 12:30:19 rjacinto1_rns dnf[5396]: CentOS-8 - Extras                               984  B/s | 1.5 kB     00:01
Oct 20 12:30:19 rjacinto1_rns dnf[5396]: Metadata cache created.
Oct 20 12:30:19 rjacinto1_rns systemd[1]: Started dnf makecache.
Oct 20 13:31:16 rjacinto1_rns systemd[1]: Starting dnf makecache...
Oct 20 13:31:17 rjacinto1_rns dnf[5426]: Metadata cache refreshed recently.
Oct 20 13:31:17 rjacinto1_rns systemd[1]: Started dnf makecache.
Oct 20 14:32:16 rjacinto1_rns systemd[1]: Starting dnf makecache...
Oct 20 14:32:17 rjacinto1_rns dnf[5450]: Metadata cache refreshed recently.
Oct 20 14:32:17 rjacinto1_rns systemd[1]: Started dnf makecache.
Oct 20 15:33:16 rjacinto1_rns systemd[1]: Starting dnf makecache...
Oct 20 15:33:17 rjacinto1_rns dnf[5473]: CentOS-8 - AppStream                             36 kB/s | 4.3 kB     00:00
Oct 20 15:33:17 rjacinto1_rns dnf[5473]: CentOS-8 - Base                                  12 kB/s | 3.9 kB     00:00
Oct 20 15:33:17 rjacinto1_rns dnf[5473]: CentOS-8 - Extras                               4.8 kB/s | 1.5 kB     00:00
Oct 20 15:33:18 rjacinto1_rns dnf[5473]: Metadata cache created.
Oct 20 15:33:18 rjacinto1_rns systemd[1]: Started dnf makecache.
Oct 20 16:16:48 rjacinto1_rns NetworkManager[963]: <error> [1603225008.8007] dhcp4 (ens192): error -113 dispatching events
Oct 20 16:16:48 rjacinto1_rns NetworkManager[963]: <info>  [1603225008.8008] dhcp4 (ens192): state changed bound -> fail
Oct 20 16:16:48 rjacinto1_rns NetworkManager[963]: <info>  [1603225008.8010] device (ens192): DHCPv4: trying to acquire a new lease within 90 seconds
Oct 20 16:18:18 rjacinto1_rns NetworkManager[963]: <info>  [1603225098.7960] device (ens192): DHCPv4: grace period expired
Oct 20 16:18:18 rjacinto1_rns dbus-daemon[962]: [system] Activating via systemd: service name='org.freedesktop.nm_dispatcher' unit='dbus-org.freedesktop.nm-dispatcher.service' requested by ':1.4' (uid=0 pid=963 comm="/usr/sbin/NetworkManager --no-daemon " label="system_u:system_r:NetworkManager_t:s0")
Oct 20 16:18:18 rjacinto1_rns NetworkManager[963]: <info>  [1603225098.7961] device (ens192): state change: activated -> failed (reason 'ip-config-unavailable', sys-iface-state: 'managed')
Oct 20 16:18:18 rjacinto1_rns named[1026]: no longer listening on 172.16.13.4#53
Oct 20 16:18:18 rjacinto1_rns NetworkManager[963]: <warn>  [1603225098.7977] device (ens192): Activation: failed for connection 'ens192'
Oct 20 16:18:18 rjacinto1_rns NetworkManager[963]: <info>  [1603225098.7984] manager: NetworkManager state is now CONNECTED_LOCAL
Oct 20 16:18:18 rjacinto1_rns NetworkManager[963]: <info>  [1603225098.7988] device (ens192): state change: failed -> disconnected (reason 'none', sys-iface-state: 'managed')
Oct 20 16:18:18 rjacinto1_rns NetworkManager[963]: <info>  [1603225098.7999] dhcp4 (ens192): canceled DHCP transaction
Oct 20 16:18:18 rjacinto1_rns NetworkManager[963]: <info>  [1603225098.7999] dhcp4 (ens192): state changed fail -> done
Oct 20 16:18:18 rjacinto1_rns systemd[1]: Starting Network Manager Script Dispatcher Service...
Oct 20 16:18:18 rjacinto1_rns NetworkManager[963]: <info>  [1603225098.8250] policy: auto-activating connection 'ens192' (29b6e258-0ffd-4ee3-8f2d-2126105eee4f)
Oct 20 16:18:18 rjacinto1_rns NetworkManager[963]: <info>  [1603225098.8260] device (ens192): Activation: starting connection 'ens192' (29b6e258-0ffd-4ee3-8f2d-2126105eee4f)
Oct 20 16:18:18 rjacinto1_rns NetworkManager[963]: <info>  [1603225098.8261] device (ens192): state change: disconnected -> prepare (reason 'none', sys-iface-state: 'managed')
Oct 20 16:18:18 rjacinto1_rns NetworkManager[963]: <info>  [1603225098.8264] manager: NetworkManager state is now CONNECTING
Oct 20 16:18:18 rjacinto1_rns NetworkManager[963]: <info>  [1603225098.8265] device (ens192): state change: prepare -> config (reason 'none', sys-iface-state: 'managed')
Oct 20 16:18:18 rjacinto1_rns NetworkManager[963]: <info>  [1603225098.8270] device (ens192): state change: config -> ip-config (reason 'none', sys-iface-state: 'managed')
Oct 20 16:18:18 rjacinto1_rns NetworkManager[963]: <warn>  [1603225098.8272] dhcp4: hostname 'rjacinto1_rns' is invalid, will be ignored
Oct 20 16:18:18 rjacinto1_rns NetworkManager[963]: <info>  [1603225098.8272] dhcp4 (ens192): activation: beginning transaction (timeout in 45 seconds)
Oct 20 16:18:18 rjacinto1_rns dbus-daemon[962]: [system] Successfully activated service 'org.freedesktop.nm_dispatcher'
Oct 20 16:18:18 rjacinto1_rns systemd[1]: Started Network Manager Script Dispatcher Service.
Oct 20 16:18:18 rjacinto1_rns NetworkManager[963]: <info>  [1603225098.8398] dhcp4 (ens192): option dhcp_lease_time      => '86400'
Oct 20 16:18:18 rjacinto1_rns NetworkManager[963]: <info>  [1603225098.8398] dhcp4 (ens192): option domain_name_servers  => '10.102.100.22 10.101.100.42 10.101.100.41'
Oct 20 16:18:18 rjacinto1_rns NetworkManager[963]: <info>  [1603225098.8398] dhcp4 (ens192): option expiry               => '1603311498'
Oct 20 16:18:18 rjacinto1_rns NetworkManager[963]: <info>  [1603225098.8398] dhcp4 (ens192): option ip_address           => '172.16.13.4'
Oct 20 16:18:18 rjacinto1_rns NetworkManager[963]: <info>  [1603225098.8398] dhcp4 (ens192): option requested_broadcast_address => '1'
Oct 20 16:18:18 rjacinto1_rns NetworkManager[963]: <info>  [1603225098.8398] dhcp4 (ens192): option requested_domain_name => '1'
Oct 20 16:18:18 rjacinto1_rns NetworkManager[963]: <info>  [1603225098.8398] dhcp4 (ens192): option requested_domain_name_servers => '1'
Oct 20 16:18:18 rjacinto1_rns NetworkManager[963]: <info>  [1603225098.8399] dhcp4 (ens192): option requested_domain_search => '1'
Oct 20 16:18:18 rjacinto1_rns NetworkManager[963]: <info>  [1603225098.8399] dhcp4 (ens192): option requested_host_name  => '1'
Oct 20 16:18:18 rjacinto1_rns NetworkManager[963]: <info>  [1603225098.8399] dhcp4 (ens192): option requested_interface_mtu => '1'
Oct 20 16:18:18 rjacinto1_rns NetworkManager[963]: <info>  [1603225098.8399] dhcp4 (ens192): option requested_ms_classless_static_routes => '1'
Oct 20 16:18:18 rjacinto1_rns NetworkManager[963]: <info>  [1603225098.8399] dhcp4 (ens192): option requested_nis_domain => '1'
Oct 20 16:18:18 rjacinto1_rns NetworkManager[963]: <info>  [1603225098.8399] dhcp4 (ens192): option requested_nis_servers => '1'
Oct 20 16:18:18 rjacinto1_rns NetworkManager[963]: <info>  [1603225098.8399] dhcp4 (ens192): option requested_ntp_servers => '1'
Oct 20 16:18:18 rjacinto1_rns NetworkManager[963]: <info>  [1603225098.8399] dhcp4 (ens192): option requested_rfc3442_classless_static_routes => '1'
Oct 20 16:18:18 rjacinto1_rns NetworkManager[963]: <info>  [1603225098.8399] dhcp4 (ens192): option requested_root_path  => '1'
Oct 20 16:18:18 rjacinto1_rns NetworkManager[963]: <info>  [1603225098.8399] dhcp4 (ens192): option requested_routers    => '1'
Oct 20 16:18:18 rjacinto1_rns NetworkManager[963]: <info>  [1603225098.8399] dhcp4 (ens192): option requested_static_routes => '1'
Oct 20 16:18:18 rjacinto1_rns NetworkManager[963]: <info>  [1603225098.8400] dhcp4 (ens192): option requested_subnet_mask => '1'
Oct 20 16:18:18 rjacinto1_rns NetworkManager[963]: <info>  [1603225098.8400] dhcp4 (ens192): option requested_time_offset => '1'
Oct 20 16:18:18 rjacinto1_rns NetworkManager[963]: <info>  [1603225098.8400] dhcp4 (ens192): option requested_wpad       => '1'
Oct 20 16:18:18 rjacinto1_rns NetworkManager[963]: <info>  [1603225098.8400] dhcp4 (ens192): option routers              => '172.16.255.1'
Oct 20 16:18:18 rjacinto1_rns NetworkManager[963]: <info>  [1603225098.8400] dhcp4 (ens192): option subnet_mask          => '255.255.0.0'
Oct 20 16:18:18 rjacinto1_rns NetworkManager[963]: <info>  [1603225098.8400] dhcp4 (ens192): state changed unknown -> bound
Oct 20 16:18:18 rjacinto1_rns NetworkManager[963]: <info>  [1603225098.8410] device (ens192): state change: ip-config -> ip-check (reason 'none', sys-iface-state: 'managed')
Oct 20 16:18:18 rjacinto1_rns named[1026]: listening on IPv4 interface ens192, 172.16.13.4#53
Oct 20 16:18:18 rjacinto1_rns NetworkManager[963]: <info>  [1603225098.8466] device (ens192): state change: ip-check -> secondaries (reason 'none', sys-iface-state: 'managed')
Oct 20 16:18:18 rjacinto1_rns NetworkManager[963]: <info>  [1603225098.8468] device (ens192): state change: secondaries -> activated (reason 'none', sys-iface-state: 'managed')
Oct 20 16:18:18 rjacinto1_rns NetworkManager[963]: <info>  [1603225098.8472] manager: NetworkManager state is now CONNECTED_LOCAL
Oct 20 16:18:18 rjacinto1_rns NetworkManager[963]: <info>  [1603225098.8480] manager: NetworkManager state is now CONNECTED_SITE
Oct 20 16:18:18 rjacinto1_rns NetworkManager[963]: <info>  [1603225098.8481] policy: set 'ens192' (ens192) as default for IPv4 routing and DNS
Oct 20 16:18:18 rjacinto1_rns NetworkManager[963]: <info>  [1603225098.8517] device (ens192): Activation: successful, device activated.
Oct 20 16:18:18 rjacinto1_rns NetworkManager[963]: <info>  [1603225098.8522] manager: NetworkManager state is now CONNECTED_GLOBAL
Oct 20 16:21:16 rjacinto1_rns systemd[1]: Starting Cleanup of Temporary Directories...
Oct 20 16:21:16 rjacinto1_rns systemd[1]: Started Cleanup of Temporary Directories.
Oct 20 16:34:16 rjacinto1_rns systemd[1]: Starting dnf makecache...
Oct 20 16:34:17 rjacinto1_rns dnf[5512]: Metadata cache refreshed recently.
Oct 20 16:34:17 rjacinto1_rns systemd[1]: Started dnf makecache.
Oct 20 17:35:16 rjacinto1_rns systemd[1]: Starting dnf makecache...
Oct 20 17:35:17 rjacinto1_rns dnf[5536]: Metadata cache refreshed recently.
Oct 20 17:35:17 rjacinto1_rns systemd[1]: Started dnf makecache.
Oct 20 18:36:16 rjacinto1_rns systemd[1]: Starting dnf makecache...
Oct 20 18:36:18 rjacinto1_rns dnf[5559]: CentOS-8 - AppStream                            3.3 kB/s | 4.3 kB     00:01
Oct 20 18:36:18 rjacinto1_rns dnf[5559]: CentOS-8 - Base                                  16 kB/s | 3.9 kB     00:00
Oct 20 18:36:18 rjacinto1_rns dnf[5559]: CentOS-8 - Extras                                16 kB/s | 1.5 kB     00:00
Oct 20 18:36:19 rjacinto1_rns dnf[5559]: Metadata cache created.
Oct 20 18:36:19 rjacinto1_rns systemd[1]: Started dnf makecache.
Oct 20 19:37:16 rjacinto1_rns systemd[1]: Starting dnf makecache...
Oct 20 19:37:17 rjacinto1_rns dnf[5589]: Metadata cache refreshed recently.
Oct 20 19:37:17 rjacinto1_rns systemd[1]: Started dnf makecache.
Oct 20 20:38:16 rjacinto1_rns systemd[1]: Starting dnf makecache...
Oct 20 20:38:17 rjacinto1_rns dnf[5612]: Metadata cache refreshed recently.
Oct 20 20:38:17 rjacinto1_rns systemd[1]: Started dnf makecache.
Oct 20 21:39:16 rjacinto1_rns systemd[1]: Starting dnf makecache...
Oct 20 21:39:18 rjacinto1_rns dnf[5636]: CentOS-8 - AppStream                            4.5 kB/s | 4.3 kB     00:00
Oct 20 21:39:18 rjacinto1_rns dnf[5636]: CentOS-8 - Base                                 7.4 kB/s | 3.9 kB     00:00
Oct 20 21:39:18 rjacinto1_rns dnf[5636]: CentOS-8 - Extras                               4.9 kB/s | 1.5 kB     00:00
Oct 20 21:39:19 rjacinto1_rns dnf[5636]: Metadata cache created.
Oct 20 21:39:19 rjacinto1_rns systemd[1]: Started dnf makecache.
Oct 20 22:40:16 rjacinto1_rns systemd[1]: Starting dnf makecache...
Oct 20 22:40:17 rjacinto1_rns dnf[5665]: Metadata cache refreshed recently.
Oct 20 22:40:17 rjacinto1_rns systemd[1]: Started dnf makecache.
Oct 20 23:41:16 rjacinto1_rns systemd[1]: Starting dnf makecache...
Oct 20 23:41:17 rjacinto1_rns dnf[5689]: Metadata cache refreshed recently.
Oct 20 23:41:17 rjacinto1_rns systemd[1]: Started dnf makecache.
Oct 21 00:00:16 rjacinto1_rns systemd[1]: Starting update of the root trust anchor for DNSSEC validation in unbound...
Oct 21 00:00:16 rjacinto1_rns systemd[1]: Started update of the root trust anchor for DNSSEC validation in unbound.
Oct 21 00:42:16 rjacinto1_rns systemd[1]: Starting dnf makecache...
Oct 21 00:42:20 rjacinto1_rns dnf[5716]: CentOS-8 - AppStream                            1.4 kB/s | 4.3 kB     00:03
Oct 21 00:42:20 rjacinto1_rns dnf[5716]: CentOS-8 - Base                                  18 kB/s | 3.9 kB     00:00
Oct 21 00:42:20 rjacinto1_rns dnf[5716]: CentOS-8 - Extras                                12 kB/s | 1.5 kB     00:00
Oct 21 00:42:20 rjacinto1_rns dnf[5716]: Metadata cache created.
Oct 21 00:42:20 rjacinto1_rns systemd[1]: Started dnf makecache.
Oct 21 01:43:16 rjacinto1_rns systemd[1]: Starting dnf makecache...
Oct 21 01:43:17 rjacinto1_rns dnf[5748]: Metadata cache refreshed recently.
Oct 21 01:43:17 rjacinto1_rns systemd[1]: Started dnf makecache.
Oct 21 02:44:16 rjacinto1_rns systemd[1]: Starting dnf makecache...
Oct 21 02:44:17 rjacinto1_rns dnf[5773]: Metadata cache refreshed recently.
Oct 21 02:44:17 rjacinto1_rns systemd[1]: Started dnf makecache.
Oct 21 03:45:16 rjacinto1_rns systemd[1]: Starting dnf makecache...
Oct 21 03:45:17 rjacinto1_rns dnf[5809]: CentOS-8 - AppStream                             12 kB/s | 4.3 kB     00:00
Oct 21 03:45:17 rjacinto1_rns dnf[5809]: CentOS-8 - Base                                  12 kB/s | 3.9 kB     00:00
Oct 21 03:45:17 rjacinto1_rns dnf[5809]: CentOS-8 - Extras                                15 kB/s | 1.5 kB     00:00
Oct 21 03:45:18 rjacinto1_rns dnf[5809]: Metadata cache created.
Oct 21 03:45:18 rjacinto1_rns systemd[1]: Started dnf makecache.
Oct 21 04:18:18 rjacinto1_rns NetworkManager[963]: <error> [1603268298.8311] dhcp4 (ens192): error -113 dispatching events
Oct 21 04:18:18 rjacinto1_rns NetworkManager[963]: <info>  [1603268298.8318] dhcp4 (ens192): state changed bound -> fail
Oct 21 04:18:18 rjacinto1_rns NetworkManager[963]: <info>  [1603268298.8318] device (ens192): DHCPv4: trying to acquire a new lease within 90 seconds
Oct 21 04:19:48 rjacinto1_rns NetworkManager[963]: <info>  [1603268388.8115] device (ens192): DHCPv4: grace period expired
Oct 21 04:19:48 rjacinto1_rns NetworkManager[963]: <info>  [1603268388.8116] device (ens192): state change: activated -> failed (reason 'ip-config-unavailable', sys-iface-state: 'managed')
Oct 21 04:19:48 rjacinto1_rns NetworkManager[963]: <warn>  [1603268388.8132] device (ens192): Activation: failed for connection 'ens192'
Oct 21 04:19:48 rjacinto1_rns NetworkManager[963]: <info>  [1603268388.8140] manager: NetworkManager state is now CONNECTED_LOCAL
Oct 21 04:19:48 rjacinto1_rns NetworkManager[963]: <info>  [1603268388.8144] device (ens192): state change: failed -> disconnected (reason 'none', sys-iface-state: 'managed')
Oct 21 04:19:48 rjacinto1_rns NetworkManager[963]: <info>  [1603268388.8158] dhcp4 (ens192): canceled DHCP transaction
Oct 21 04:19:48 rjacinto1_rns NetworkManager[963]: <info>  [1603268388.8158] dhcp4 (ens192): state changed fail -> done
Oct 21 04:19:48 rjacinto1_rns dbus-daemon[962]: [system] Activating via systemd: service name='org.freedesktop.nm_dispatcher' unit='dbus-org.freedesktop.nm-dispatcher.service' requested by ':1.4' (uid=0 pid=963 comm="/usr/sbin/NetworkManager --no-daemon " label="system_u:system_r:NetworkManager_t:s0")
Oct 21 04:19:48 rjacinto1_rns systemd[1]: Starting Network Manager Script Dispatcher Service...
Oct 21 04:19:48 rjacinto1_rns named[1026]: no longer listening on 172.16.13.4#53
Oct 21 04:19:48 rjacinto1_rns NetworkManager[963]: <info>  [1603268388.8412] policy: auto-activating connection 'ens192' (29b6e258-0ffd-4ee3-8f2d-2126105eee4f)
Oct 21 04:19:48 rjacinto1_rns NetworkManager[963]: <info>  [1603268388.8421] device (ens192): Activation: starting connection 'ens192' (29b6e258-0ffd-4ee3-8f2d-2126105eee4f)
Oct 21 04:19:48 rjacinto1_rns NetworkManager[963]: <info>  [1603268388.8422] device (ens192): state change: disconnected -> prepare (reason 'none', sys-iface-state: 'managed')
Oct 21 04:19:48 rjacinto1_rns NetworkManager[963]: <info>  [1603268388.8425] manager: NetworkManager state is now CONNECTING
Oct 21 04:19:48 rjacinto1_rns NetworkManager[963]: <info>  [1603268388.8426] device (ens192): state change: prepare -> config (reason 'none', sys-iface-state: 'managed')
Oct 21 04:19:48 rjacinto1_rns NetworkManager[963]: <info>  [1603268388.8431] device (ens192): state change: config -> ip-config (reason 'none', sys-iface-state: 'managed')
Oct 21 04:19:48 rjacinto1_rns NetworkManager[963]: <warn>  [1603268388.8434] dhcp4: hostname 'rjacinto1_rns' is invalid, will be ignored
Oct 21 04:19:48 rjacinto1_rns NetworkManager[963]: <info>  [1603268388.8434] dhcp4 (ens192): activation: beginning transaction (timeout in 45 seconds)
Oct 21 04:19:48 rjacinto1_rns dbus-daemon[962]: [system] Successfully activated service 'org.freedesktop.nm_dispatcher'
Oct 21 04:19:48 rjacinto1_rns systemd[1]: Started Network Manager Script Dispatcher Service.
Oct 21 04:19:48 rjacinto1_rns named[1026]: listening on IPv4 interface ens192, 172.16.13.4#53
Oct 21 04:19:48 rjacinto1_rns NetworkManager[963]: <info>  [1603268388.8513] dhcp4 (ens192): option dhcp_lease_time      => '86400'
Oct 21 04:19:48 rjacinto1_rns NetworkManager[963]: <info>  [1603268388.8513] dhcp4 (ens192): option domain_name_servers  => '10.102.100.22 10.101.100.42 10.101.100.41'
Oct 21 04:19:48 rjacinto1_rns NetworkManager[963]: <info>  [1603268388.8513] dhcp4 (ens192): option expiry               => '1603354788'
Oct 21 04:19:48 rjacinto1_rns NetworkManager[963]: <info>  [1603268388.8513] dhcp4 (ens192): option ip_address           => '172.16.13.4'
Oct 21 04:19:48 rjacinto1_rns NetworkManager[963]: <info>  [1603268388.8513] dhcp4 (ens192): option requested_broadcast_address => '1'
Oct 21 04:19:48 rjacinto1_rns NetworkManager[963]: <info>  [1603268388.8513] dhcp4 (ens192): option requested_domain_name => '1'
Oct 21 04:19:48 rjacinto1_rns NetworkManager[963]: <info>  [1603268388.8514] dhcp4 (ens192): option requested_domain_name_servers => '1'
Oct 21 04:19:48 rjacinto1_rns NetworkManager[963]: <info>  [1603268388.8514] dhcp4 (ens192): option requested_domain_search => '1'
Oct 21 04:19:48 rjacinto1_rns NetworkManager[963]: <info>  [1603268388.8514] dhcp4 (ens192): option requested_host_name  => '1'
Oct 21 04:19:48 rjacinto1_rns NetworkManager[963]: <info>  [1603268388.8514] dhcp4 (ens192): option requested_interface_mtu => '1'
Oct 21 04:19:48 rjacinto1_rns NetworkManager[963]: <info>  [1603268388.8514] dhcp4 (ens192): option requested_ms_classless_static_routes => '1'
Oct 21 04:19:48 rjacinto1_rns NetworkManager[963]: <info>  [1603268388.8514] dhcp4 (ens192): option requested_nis_domain => '1'
Oct 21 04:19:48 rjacinto1_rns NetworkManager[963]: <info>  [1603268388.8514] dhcp4 (ens192): option requested_nis_servers => '1'
Oct 21 04:19:48 rjacinto1_rns NetworkManager[963]: <info>  [1603268388.8514] dhcp4 (ens192): option requested_ntp_servers => '1'
Oct 21 04:19:48 rjacinto1_rns NetworkManager[963]: <info>  [1603268388.8514] dhcp4 (ens192): option requested_rfc3442_classless_static_routes => '1'
Oct 21 04:19:48 rjacinto1_rns NetworkManager[963]: <info>  [1603268388.8514] dhcp4 (ens192): option requested_root_path  => '1'
Oct 21 04:19:48 rjacinto1_rns NetworkManager[963]: <info>  [1603268388.8514] dhcp4 (ens192): option requested_routers    => '1'
Oct 21 04:19:48 rjacinto1_rns NetworkManager[963]: <info>  [1603268388.8514] dhcp4 (ens192): option requested_static_routes => '1'
Oct 21 04:19:48 rjacinto1_rns NetworkManager[963]: <info>  [1603268388.8514] dhcp4 (ens192): option requested_subnet_mask => '1'
Oct 21 04:19:48 rjacinto1_rns NetworkManager[963]: <info>  [1603268388.8515] dhcp4 (ens192): option requested_time_offset => '1'
Oct 21 04:19:48 rjacinto1_rns NetworkManager[963]: <info>  [1603268388.8515] dhcp4 (ens192): option requested_wpad       => '1'
Oct 21 04:19:48 rjacinto1_rns NetworkManager[963]: <info>  [1603268388.8515] dhcp4 (ens192): option routers              => '172.16.255.1'
Oct 21 04:19:48 rjacinto1_rns NetworkManager[963]: <info>  [1603268388.8515] dhcp4 (ens192): option subnet_mask          => '255.255.0.0'
Oct 21 04:19:48 rjacinto1_rns NetworkManager[963]: <info>  [1603268388.8515] dhcp4 (ens192): state changed unknown -> bound
Oct 21 04:19:48 rjacinto1_rns NetworkManager[963]: <info>  [1603268388.8525] device (ens192): state change: ip-config -> ip-check (reason 'none', sys-iface-state: 'managed')
Oct 21 04:19:48 rjacinto1_rns NetworkManager[963]: <info>  [1603268388.8638] device (ens192): state change: ip-check -> secondaries (reason 'none', sys-iface-state: 'managed')
Oct 21 04:19:48 rjacinto1_rns NetworkManager[963]: <info>  [1603268388.8640] device (ens192): state change: secondaries -> activated (reason 'none', sys-iface-state: 'managed')
Oct 21 04:19:48 rjacinto1_rns NetworkManager[963]: <info>  [1603268388.8644] manager: NetworkManager state is now CONNECTED_LOCAL
Oct 21 04:19:48 rjacinto1_rns NetworkManager[963]: <info>  [1603268388.8652] manager: NetworkManager state is now CONNECTED_SITE
Oct 21 04:19:48 rjacinto1_rns NetworkManager[963]: <info>  [1603268388.8653] policy: set 'ens192' (ens192) as default for IPv4 routing and DNS
Oct 21 04:19:48 rjacinto1_rns NetworkManager[963]: <info>  [1603268388.8684] device (ens192): Activation: successful, device activated.
Oct 21 04:19:48 rjacinto1_rns NetworkManager[963]: <info>  [1603268388.8689] manager: NetworkManager state is now CONNECTED_GLOBAL
Oct 21 04:46:16 rjacinto1_rns systemd[1]: Starting dnf makecache...
Oct 21 04:46:17 rjacinto1_rns dnf[5847]: Metadata cache refreshed recently.
Oct 21 04:46:17 rjacinto1_rns systemd[1]: Started dnf makecache.
Oct 21 05:47:16 rjacinto1_rns systemd[1]: Starting dnf makecache...
Oct 21 05:47:17 rjacinto1_rns dnf[5871]: Metadata cache refreshed recently.
Oct 21 05:47:17 rjacinto1_rns systemd[1]: Started dnf makecache.
Oct 21 06:48:16 rjacinto1_rns systemd[1]: Starting dnf makecache...
Oct 21 06:48:17 rjacinto1_rns dnf[5894]: CentOS-8 - AppStream                             12 kB/s | 4.3 kB     00:00
Oct 21 06:48:17 rjacinto1_rns dnf[5894]: CentOS-8 - Base                                  19 kB/s | 3.9 kB     00:00
Oct 21 06:48:17 rjacinto1_rns dnf[5894]: CentOS-8 - Extras                               6.8 kB/s | 1.5 kB     00:00
Oct 21 06:48:18 rjacinto1_rns dnf[5894]: Metadata cache created.
Oct 21 06:48:18 rjacinto1_rns systemd[1]: Started dnf makecache.
Oct 21 07:49:16 rjacinto1_rns systemd[1]: Starting dnf makecache...
Oct 21 07:49:17 rjacinto1_rns dnf[5923]: Metadata cache refreshed recently.
Oct 21 07:49:17 rjacinto1_rns systemd[1]: Started dnf makecache.
Oct 21 08:50:16 rjacinto1_rns systemd[1]: Starting dnf makecache...
Oct 21 08:50:17 rjacinto1_rns dnf[5947]: Metadata cache refreshed recently.
Oct 21 08:50:17 rjacinto1_rns systemd[1]: Started dnf makecache.
Oct 21 09:51:16 rjacinto1_rns systemd[1]: Starting dnf makecache...
Oct 21 09:51:17 rjacinto1_rns dnf[5970]: CentOS-8 - AppStream                             14 kB/s | 4.3 kB     00:00
Oct 21 09:51:18 rjacinto1_rns dnf[5970]: CentOS-8 - Base                                 6.2 kB/s | 3.9 kB     00:00
Oct 21 09:51:18 rjacinto1_rns dnf[5970]: CentOS-8 - Extras                               5.1 kB/s | 1.5 kB     00:00
Oct 21 09:51:18 rjacinto1_rns dnf[5970]: Metadata cache created.
Oct 21 09:51:18 rjacinto1_rns systemd[1]: Started dnf makecache.
Oct 21 10:52:16 rjacinto1_rns systemd[1]: Starting dnf makecache...
Oct 21 10:52:17 rjacinto1_rns dnf[6000]: Metadata cache refreshed recently.
Oct 21 10:52:17 rjacinto1_rns systemd[1]: Started dnf makecache.
Oct 21 11:53:16 rjacinto1_rns systemd[1]: Starting dnf makecache...
Oct 21 11:53:17 rjacinto1_rns dnf[6023]: Metadata cache refreshed recently.
Oct 21 11:53:17 rjacinto1_rns systemd[1]: Started dnf makecache.
Oct 21 12:54:16 rjacinto1_rns systemd[1]: Starting dnf makecache...
Oct 21 12:54:17 rjacinto1_rns dnf[6047]: CentOS-8 - AppStream                             11 kB/s | 4.3 kB     00:00
Oct 21 12:54:17 rjacinto1_rns dnf[6047]: CentOS-8 - Base                                  26 kB/s | 3.9 kB     00:00
Oct 21 12:54:17 rjacinto1_rns dnf[6047]: CentOS-8 - Extras                               5.0 kB/s | 1.5 kB     00:00
Oct 21 12:54:18 rjacinto1_rns dnf[6047]: Metadata cache created.
Oct 21 12:54:18 rjacinto1_rns systemd[1]: Started dnf makecache.
Oct 21 13:55:16 rjacinto1_rns systemd[1]: Starting dnf makecache...
Oct 21 13:55:17 rjacinto1_rns dnf[6076]: Metadata cache refreshed recently.
Oct 21 13:55:17 rjacinto1_rns systemd[1]: Started dnf makecache.
Oct 21 14:56:16 rjacinto1_rns systemd[1]: Starting dnf makecache...
Oct 21 14:56:17 rjacinto1_rns dnf[6100]: Metadata cache refreshed recently.
Oct 21 14:56:17 rjacinto1_rns systemd[1]: Started dnf makecache.
Oct 21 15:57:16 rjacinto1_rns systemd[1]: Starting dnf makecache...
Oct 21 15:57:17 rjacinto1_rns dnf[6123]: CentOS-8 - AppStream                             16 kB/s | 4.3 kB     00:00
Oct 21 15:57:20 rjacinto1_rns dnf[6123]: CentOS-8 - Base                                 1.5 kB/s | 3.9 kB     00:02
Oct 21 15:57:20 rjacinto1_rns dnf[6123]: CentOS-8 - Extras                                10 kB/s | 1.5 kB     00:00
Oct 21 15:57:20 rjacinto1_rns dnf[6123]: Metadata cache created.
Oct 21 15:57:20 rjacinto1_rns systemd[1]: Started dnf makecache.
Oct 21 16:16:56 rjacinto1-rns kernel: Command line: BOOT_IMAGE=(hd0,msdos1)/vmlinuz-4.18.0-193.el8.x86_64 root=/dev/mapper/cl-root ro crashkernel=auto resume=/dev/mapper/cl-swap rd.lvm.lv=cl/root rd.lvm.lv=cl/swap rhgb quiet
Oct 21 16:16:56 rjacinto1-rns kernel: Disabled fast string operations
Oct 21 16:16:56 rjacinto1-rns kernel: x86/fpu: Supporting XSAVE feature 0x001: 'x87 floating point registers'
Oct 21 16:16:56 rjacinto1-rns kernel: x86/fpu: Supporting XSAVE feature 0x002: 'SSE registers'
Oct 21 16:16:56 rjacinto1-rns kernel: x86/fpu: Supporting XSAVE feature 0x004: 'AVX registers'
Oct 21 16:16:56 rjacinto1-rns kernel: x86/fpu: xstate_offset[2]:  576, xstate_sizes[2]:  256
Oct 21 16:16:56 rjacinto1-rns kernel: x86/fpu: Enabled xstate features 0x7, context size is 832 bytes, using 'standard' format.
Oct 21 16:16:56 rjacinto1-rns kernel: BIOS-provided physical RAM map:
Oct 21 16:16:56 rjacinto1-rns kernel: BIOS-e820: [mem 0x0000000000000000-0x000000000009f3ff] usable
Oct 21 16:16:56 rjacinto1-rns kernel: BIOS-e820: [mem 0x000000000009f400-0x000000000009ffff] reserved
Oct 21 16:16:56 rjacinto1-rns kernel: BIOS-e820: [mem 0x00000000000dc000-0x00000000000fffff] reserved
Oct 21 16:16:56 rjacinto1-rns kernel: BIOS-e820: [mem 0x0000000000100000-0x000000007fedffff] usable
Oct 21 16:16:56 rjacinto1-rns kernel: BIOS-e820: [mem 0x000000007fee0000-0x000000007fefefff] ACPI data
Oct 21 16:16:56 rjacinto1-rns kernel: BIOS-e820: [mem 0x000000007feff000-0x000000007fefffff] ACPI NVS
Oct 21 16:16:56 rjacinto1-rns kernel: BIOS-e820: [mem 0x000000007ff00000-0x000000007fffffff] usable
Oct 21 16:16:56 rjacinto1-rns kernel: BIOS-e820: [mem 0x00000000f0000000-0x00000000f7ffffff] reserved
Oct 21 16:16:56 rjacinto1-rns kernel: BIOS-e820: [mem 0x00000000fec00000-0x00000000fec0ffff] reserved
Oct 21 16:16:56 rjacinto1-rns kernel: BIOS-e820: [mem 0x00000000fee00000-0x00000000fee00fff] reserved
Oct 21 16:16:56 rjacinto1-rns kernel: BIOS-e820: [mem 0x00000000fffe0000-0x00000000ffffffff] reserved
Oct 21 16:16:56 rjacinto1-rns kernel: NX (Execute Disable) protection: active
Oct 21 16:16:56 rjacinto1-rns kernel: SMBIOS 2.7 present.
Oct 21 16:16:56 rjacinto1-rns kernel: DMI: VMware, Inc. VMware Virtual Platform/440BX Desktop Reference Platform, BIOS 6.00 12/09/2019
Oct 21 16:16:56 rjacinto1-rns kernel: Hypervisor detected: VMware
Oct 21 16:16:56 rjacinto1-rns kernel: vmware: TSC freq read from hypervisor : 2700.000 MHz
Oct 21 16:16:56 rjacinto1-rns kernel: vmware: Host bus clock speed read from hypervisor : 66000000 Hz
Oct 21 16:16:56 rjacinto1-rns kernel: vmware: using sched offset of 7057206823 ns
Oct 21 16:16:56 rjacinto1-rns kernel: tsc: Detected 2700.000 MHz processor
Oct 21 16:16:56 rjacinto1-rns kernel: last_pfn = 0x80000 max_arch_pfn = 0x400000000
Oct 21 16:16:56 rjacinto1-rns kernel: x86/PAT: Configuration [0-7]: WB  WC  UC- UC  WB  WP  UC- WT  
Oct 21 16:16:56 rjacinto1-rns kernel: total RAM covered: 2048M
Oct 21 16:16:56 rjacinto1-rns kernel: Found optimal setting for mtrr clean up
Oct 21 16:16:56 rjacinto1-rns kernel: gran_size: 64K #011chunk_size: 64K #011num_reg: 1  #011lose cover RAM: 0G
Oct 21 16:16:56 rjacinto1-rns kernel: found SMP MP-table at [mem 0x000f6a70-0x000f6a7f]
Oct 21 16:16:56 rjacinto1-rns kernel: kexec: Reserving the low 1M of memory for crashkernel
Oct 21 16:16:56 rjacinto1-rns kernel: RAMDISK: [mem 0x346de000-0x36366fff]
Oct 21 16:16:56 rjacinto1-rns kernel: ACPI: Early table checksum verification disabled
Oct 21 16:16:56 rjacinto1-rns kernel: ACPI: RSDP 0x00000000000F6A00 000024 (v02 PTLTD )
Oct 21 16:16:56 rjacinto1-rns kernel: ACPI: XSDT 0x000000007FEEEAC0 00005C (v01 INTEL  440BX    06040000 VMW  01324272)
Oct 21 16:16:56 rjacinto1-rns kernel: ACPI: FACP 0x000000007FEFEE73 0000F4 (v04 INTEL  440BX    06040000 PTL  000F4240)
Oct 21 16:16:56 rjacinto1-rns kernel: ACPI: DSDT 0x000000007FEEED00 010173 (v01 PTLTD  Custom   06040000 MSFT 03000001)
Oct 21 16:16:56 rjacinto1-rns kernel: ACPI: FACS 0x000000007FEFFFC0 000040
Oct 21 16:16:56 rjacinto1-rns kernel: ACPI: FACS 0x000000007FEFFFC0 000040
Oct 21 16:16:56 rjacinto1-rns kernel: ACPI: BOOT 0x000000007FEEECD8 000028 (v01 PTLTD  $SBFTBL$ 06040000  LTP 00000001)
Oct 21 16:16:56 rjacinto1-rns kernel: ACPI: APIC 0x000000007FEEEC88 000050 (v01 PTLTD  ? APIC   06040000  LTP 00000000)
Oct 21 16:16:56 rjacinto1-rns kernel: ACPI: MCFG 0x000000007FEEEC4C 00003C (v01 PTLTD  $PCITBL$ 06040000  LTP 00000001)
Oct 21 16:16:56 rjacinto1-rns kernel: ACPI: SRAT 0x000000007FEEEBBC 000090 (v02 VMWARE MEMPLUG  06040000 VMW  00000001)
Oct 21 16:16:56 rjacinto1-rns kernel: ACPI: HPET 0x000000007FEEEB84 000038 (v01 VMWARE VMW HPET 06040000 VMW  00000001)
Oct 21 16:16:56 rjacinto1-rns kernel: ACPI: WAET 0x000000007FEEEB5C 000028 (v01 VMWARE VMW WAET 06040000 VMW  00000001)
Oct 21 16:16:56 rjacinto1-rns kernel: SRAT: PXM 0 -> APIC 0x00 -> Node 0
Oct 21 16:16:56 rjacinto1-rns kernel: ACPI: SRAT: Node 0 PXM 0 [mem 0x00000000-0x0009ffff]
Oct 21 16:16:56 rjacinto1-rns kernel: ACPI: SRAT: Node 0 PXM 0 [mem 0x00100000-0x7fffffff]
Oct 21 16:16:56 rjacinto1-rns kernel: NUMA: Node 0 [mem 0x00000000-0x0009ffff] + [mem 0x00100000-0x7fffffff] -> [mem 0x00000000-0x7fffffff]
Oct 21 16:16:56 rjacinto1-rns kernel: NODE_DATA(0) allocated [mem 0x7ffd6000-0x7fffffff]
Oct 21 16:16:56 rjacinto1-rns kernel: Using crashkernel=auto, the size chosen is a best effort estimation.
Oct 21 16:16:56 rjacinto1-rns kernel: Reserving 160MB of memory at 1872MB for crashkernel (System RAM: 2047MB)
Oct 21 16:16:56 rjacinto1-rns kernel: Zone ranges:
Oct 21 16:16:56 rjacinto1-rns kernel:  DMA      [mem 0x0000000000001000-0x0000000000ffffff]
Oct 21 16:16:56 rjacinto1-rns kernel:  DMA32    [mem 0x0000000001000000-0x000000007fffffff]
Oct 21 16:16:56 rjacinto1-rns kernel:  Normal   empty
Oct 21 16:16:56 rjacinto1-rns kernel:  Device   empty
Oct 21 16:16:56 rjacinto1-rns kernel: Movable zone start for each node
Oct 21 16:16:56 rjacinto1-rns kernel: Early memory node ranges
Oct 21 16:16:56 rjacinto1-rns kernel:  node   0: [mem 0x0000000000001000-0x000000000009efff]
Oct 21 16:16:56 rjacinto1-rns kernel:  node   0: [mem 0x0000000000100000-0x000000007fedffff]
Oct 21 16:16:56 rjacinto1-rns kernel:  node   0: [mem 0x000000007ff00000-0x000000007fffffff]
Oct 21 16:16:56 rjacinto1-rns kernel: Zeroed struct page in unavailable ranges: 130 pages
Oct 21 16:16:56 rjacinto1-rns kernel: Initmem setup node 0 [mem 0x0000000000001000-0x000000007fffffff]
Oct 21 16:16:56 rjacinto1-rns kernel: ACPI: PM-Timer IO Port: 0x1008
Oct 21 16:16:56 rjacinto1-rns kernel: ACPI: LAPIC_NMI (acpi_id[0x00] high edge lint[0x1])
Oct 21 16:16:56 rjacinto1-rns kernel: IOAPIC[0]: apic_id 1, version 17, address 0xfec00000, GSI 0-23
Oct 21 16:16:56 rjacinto1-rns kernel: ACPI: INT_SRC_OVR (bus 0 bus_irq 0 global_irq 2 high edge)
Oct 21 16:16:56 rjacinto1-rns kernel: Using ACPI (MADT) for SMP configuration information
Oct 21 16:16:56 rjacinto1-rns kernel: ACPI: HPET id: 0x8086af01 base: 0xfed00000
Oct 21 16:16:56 rjacinto1-rns kernel: smpboot: Allowing 1 CPUs, 0 hotplug CPUs
Oct 21 16:16:56 rjacinto1-rns kernel: PM: Registered nosave memory: [mem 0x00000000-0x00000fff]
Oct 21 16:16:56 rjacinto1-rns kernel: PM: Registered nosave memory: [mem 0x0009f000-0x0009ffff]
Oct 21 16:16:56 rjacinto1-rns kernel: PM: Registered nosave memory: [mem 0x000a0000-0x000dbfff]
Oct 21 16:16:56 rjacinto1-rns kernel: PM: Registered nosave memory: [mem 0x000dc000-0x000fffff]
Oct 21 16:16:56 rjacinto1-rns kernel: PM: Registered nosave memory: [mem 0x7fee0000-0x7fefefff]
Oct 21 16:16:56 rjacinto1-rns kernel: PM: Registered nosave memory: [mem 0x7feff000-0x7fefffff]
Oct 21 16:16:56 rjacinto1-rns kernel: [mem 0x80000000-0xefffffff] available for PCI devices
Oct 21 16:16:56 rjacinto1-rns kernel: Booting paravirtualized kernel on VMware hypervisor
Oct 21 16:16:56 rjacinto1-rns kernel: clocksource: refined-jiffies: mask: 0xffffffff max_cycles: 0xffffffff, max_idle_ns: 1910969940391419 ns
Oct 21 16:16:56 rjacinto1-rns kernel: setup_percpu: NR_CPUS:8192 nr_cpumask_bits:1 nr_cpu_ids:1 nr_node_ids:1
Oct 21 16:16:56 rjacinto1-rns kernel: percpu: Embedded 53 pages/cpu s180224 r8192 d28672 u2097152
Oct 21 16:16:56 rjacinto1-rns kernel: Built 1 zonelists, mobility grouping on.  Total pages: 515808
Oct 21 16:16:56 rjacinto1-rns kernel: Policy zone: DMA32
Oct 21 16:16:56 rjacinto1-rns kernel: Kernel command line: BOOT_IMAGE=(hd0,msdos1)/vmlinuz-4.18.0-193.el8.x86_64 root=/dev/mapper/cl-root ro crashkernel=auto resume=/dev/mapper/cl-swap rd.lvm.lv=cl/root rd.lvm.lv=cl/swap rhgb quiet
Oct 21 16:16:56 rjacinto1-rns kernel: Specific versions of hardware are certified with Red Hat Enterprise Linux 8. Please see the list of hardware certified with Red Hat Enterprise Linux 8 at https://access.redhat.com/ecosystem.
Oct 21 16:16:56 rjacinto1-rns kernel: Memory: 261120K/2096632K available (12292K kernel code, 2151K rwdata, 3848K rodata, 2404K init, 6476K bss, 261764K reserved, 0K cma-reserved)
Oct 21 16:16:56 rjacinto1-rns kernel: random: get_random_u64 called from cache_random_seq_create+0x7c/0x140 with crng_init=0
Oct 21 16:16:56 rjacinto1-rns kernel: SLUB: HWalign=64, Order=0-3, MinObjects=0, CPUs=1, Nodes=1
Oct 21 16:16:56 rjacinto1-rns kernel: Kernel/User page tables isolation: enabled
Oct 21 16:16:56 rjacinto1-rns kernel: ftrace: allocating 36334 entries in 142 pages
Oct 21 16:16:56 rjacinto1-rns kernel: rcu: Hierarchical RCU implementation.
Oct 21 16:16:56 rjacinto1-rns kernel: rcu: #011RCU restricting CPUs from NR_CPUS=8192 to nr_cpu_ids=1.
Oct 21 16:16:56 rjacinto1-rns kernel: rcu: RCU calculated value of scheduler-enlistment delay is 100 jiffies.
Oct 21 16:16:56 rjacinto1-rns kernel: rcu: Adjusting geometry for rcu_fanout_leaf=16, nr_cpu_ids=1
Oct 21 16:16:56 rjacinto1-rns kernel: NR_IRQS: 524544, nr_irqs: 256, preallocated irqs: 16
Oct 21 16:16:56 rjacinto1-rns kernel: Console: colour VGA+ 80x25
Oct 21 16:16:56 rjacinto1-rns kernel: printk: console [tty0] enabled
Oct 21 16:16:56 rjacinto1-rns kernel: ACPI: Core revision 20190703
Oct 21 16:16:56 rjacinto1-rns kernel: clocksource: hpet: mask: 0xffffffff max_cycles: 0xffffffff, max_idle_ns: 133484882848 ns
Oct 21 16:16:56 rjacinto1-rns kernel: APIC: Switch to symmetric I/O mode setup
Oct 21 16:16:56 rjacinto1-rns kernel: x2apic enabled
Oct 21 16:16:56 rjacinto1-rns kernel: Switched APIC routing to physical x2apic.
Oct 21 16:16:56 rjacinto1-rns kernel: ..TIMER: vector=0x30 apic1=0 pin1=2 apic2=-1 pin2=-1
Oct 21 16:16:56 rjacinto1-rns kernel: clocksource: tsc-early: mask: 0xffffffffffffffff max_cycles: 0x26eb3e3cc63, max_idle_ns: 440795236593 ns
Oct 21 16:16:56 rjacinto1-rns kernel: Calibrating delay loop (skipped) preset value.. 5400.00 BogoMIPS (lpj=2700000)
Oct 21 16:16:56 rjacinto1-rns kernel: pid_max: default: 32768 minimum: 301
Oct 21 16:16:56 rjacinto1-rns kernel: Security Framework initialized
Oct 21 16:16:56 rjacinto1-rns kernel: Yama: becoming mindful.
Oct 21 16:16:56 rjacinto1-rns kernel: SELinux:  Initializing.
Oct 21 16:16:56 rjacinto1-rns kernel: Dentry cache hash table entries: 262144 (order: 9, 2097152 bytes)
Oct 21 16:16:56 rjacinto1-rns kernel: Inode-cache hash table entries: 131072 (order: 8, 1048576 bytes)
Oct 21 16:16:56 rjacinto1-rns kernel: Mount-cache hash table entries: 4096 (order: 3, 32768 bytes)
Oct 21 16:16:56 rjacinto1-rns kernel: Mountpoint-cache hash table entries: 4096 (order: 3, 32768 bytes)
Oct 21 16:16:56 rjacinto1-rns kernel: Disabled fast string operations
Oct 21 16:16:56 rjacinto1-rns kernel: Last level iTLB entries: 4KB 512, 2MB 8, 4MB 8
Oct 21 16:16:56 rjacinto1-rns kernel: Last level dTLB entries: 4KB 512, 2MB 32, 4MB 32, 1GB 0
Oct 21 16:16:56 rjacinto1-rns kernel: FEATURE SPEC_CTRL Present
Oct 21 16:16:56 rjacinto1-rns kernel: FEATURE IBPB_SUPPORT Present
Oct 21 16:16:56 rjacinto1-rns kernel: Spectre V1 : Mitigation: usercopy/swapgs barriers and __user pointer sanitization
Oct 21 16:16:56 rjacinto1-rns kernel: Spectre V2 : Mitigation: Full generic retpoline
Oct 21 16:16:56 rjacinto1-rns kernel: Spectre V2 : Spectre v2 / SpectreRSB mitigation: Filling RSB on context switch
Oct 21 16:16:56 rjacinto1-rns kernel: Spectre V2 : Enabling Restricted Speculation for firmware calls
Oct 21 16:16:56 rjacinto1-rns kernel: Spectre V2 : mitigation: Enabling conditional Indirect Branch Prediction Barrier
Oct 21 16:16:56 rjacinto1-rns kernel: Speculative Store Bypass: Mitigation: Speculative Store Bypass disabled via prctl and seccomp
Oct 21 16:16:56 rjacinto1-rns kernel: MDS: Mitigation: Clear CPU buffers
Oct 21 16:16:56 rjacinto1-rns kernel: Freeing SMP alternatives memory: 32K
Oct 21 16:16:56 rjacinto1-rns kernel: smpboot: CPU0: Intel(R) Xeon(R) CPU E5-2680 0 @ 2.70GHz (family: 0x6, model: 0x2d, stepping: 0x7)
Oct 21 16:16:56 rjacinto1-rns kernel: Performance Events: SandyBridge events, core PMU driver.
Oct 21 16:16:56 rjacinto1-rns kernel: core: CPUID marked event: 'cpu cycles' unavailable
Oct 21 16:16:56 rjacinto1-rns kernel: core: CPUID marked event: 'instructions' unavailable
Oct 21 16:16:56 rjacinto1-rns kernel: core: CPUID marked event: 'bus cycles' unavailable
Oct 21 16:16:56 rjacinto1-rns kernel: core: CPUID marked event: 'cache references' unavailable
Oct 21 16:16:56 rjacinto1-rns kernel: core: CPUID marked event: 'cache misses' unavailable
Oct 21 16:16:56 rjacinto1-rns kernel: core: CPUID marked event: 'branch instructions' unavailable
Oct 21 16:16:56 rjacinto1-rns kernel: core: CPUID marked event: 'branch misses' unavailable
Oct 21 16:16:56 rjacinto1-rns kernel: ... version:                1
Oct 21 16:16:56 rjacinto1-rns kernel: ... bit width:              48
Oct 21 16:16:56 rjacinto1-rns kernel: ... generic registers:      4
Oct 21 16:16:56 rjacinto1-rns kernel: ... value mask:             0000ffffffffffff
Oct 21 16:16:56 rjacinto1-rns kernel: ... max period:             000000007fffffff
