Oct 11 03:41:01 localhost rsyslogd[1044]: [origin software="rsyslogd" swVersion="8.1911.0-3.el8" x-pid="1044" x-info="https://www.rsyslog.com"] rsyslogd was HUPed
Oct 11 04:31:02 localhost systemd[1]: Starting dnf makecache...
Oct 11 04:31:02 localhost dnf[4075]: Metadata cache refreshed recently.
Oct 11 04:31:02 localhost systemd[1]: Started dnf makecache.
Oct 11 05:10:20 localhost NetworkManager[977]: <error> [1602407420.8354] dhcp4 (ens192): error -113 dispatching events
Oct 11 05:10:20 localhost NetworkManager[977]: <info>  [1602407420.8365] dhcp4 (ens192): state changed bound -> fail
Oct 11 05:10:20 localhost NetworkManager[977]: <info>  [1602407420.8368] device (ens192): DHCPv4: trying to acquire a new lease within 90 seconds
Oct 11 05:11:50 localhost NetworkManager[977]: <info>  [1602407510.7316] device (ens192): DHCPv4: grace period expired
Oct 11 05:11:50 localhost NetworkManager[977]: <info>  [1602407510.7317] device (ens192): state change: activated -> failed (reason 'ip-config-unavailable', sys-iface-state: 'managed')
Oct 11 05:11:50 localhost NetworkManager[977]: <warn>  [1602407510.7332] device (ens192): Activation: failed for connection 'ens192'
Oct 11 05:11:50 localhost NetworkManager[977]: <info>  [1602407510.7339] manager: NetworkManager state is now CONNECTED_LOCAL
Oct 11 05:11:50 localhost NetworkManager[977]: <info>  [1602407510.7343] device (ens192): state change: failed -> disconnected (reason 'none', sys-iface-state: 'managed')
Oct 11 05:11:50 localhost NetworkManager[977]: <info>  [1602407510.7357] dhcp4 (ens192): canceled DHCP transaction
Oct 11 05:11:50 localhost NetworkManager[977]: <info>  [1602407510.7358] dhcp4 (ens192): state changed fail -> done
Oct 11 05:11:50 localhost dbus-daemon[970]: [system] Activating via systemd: service name='org.freedesktop.nm_dispatcher' unit='dbus-org.freedesktop.nm-dispatcher.service' requested by ':1.4' (uid=0 pid=977 comm="/usr/sbin/NetworkManager --no-daemon " label="system_u:system_r:NetworkManager_t:s0")
Oct 11 05:11:50 localhost systemd[1]: Starting Network Manager Script Dispatcher Service...
Oct 11 05:11:50 localhost NetworkManager[977]: <info>  [1602407510.7579] policy: auto-activating connection 'ens192' (29b6e258-0ffd-4ee3-8f2d-2126105eee4f)
Oct 11 05:11:50 localhost NetworkManager[977]: <info>  [1602407510.7588] device (ens192): Activation: starting connection 'ens192' (29b6e258-0ffd-4ee3-8f2d-2126105eee4f)
Oct 11 05:11:50 localhost NetworkManager[977]: <info>  [1602407510.7589] device (ens192): state change: disconnected -> prepare (reason 'none', sys-iface-state: 'managed')
Oct 11 05:11:50 localhost NetworkManager[977]: <info>  [1602407510.7595] manager: NetworkManager state is now CONNECTING
Oct 11 05:11:50 localhost NetworkManager[977]: <info>  [1602407510.7596] device (ens192): state change: prepare -> config (reason 'none', sys-iface-state: 'managed')
Oct 11 05:11:50 localhost NetworkManager[977]: <info>  [1602407510.7601] device (ens192): state change: config -> ip-config (reason 'none', sys-iface-state: 'managed')
Oct 11 05:11:50 localhost NetworkManager[977]: <info>  [1602407510.7603] dhcp4 (ens192): activation: beginning transaction (timeout in 45 seconds)
Oct 11 05:11:50 localhost dbus-daemon[970]: [system] Successfully activated service 'org.freedesktop.nm_dispatcher'
Oct 11 05:11:50 localhost NetworkManager[977]: <info>  [1602407510.7688] dhcp4 (ens192): option dhcp_lease_time      => '86400'
Oct 11 05:11:50 localhost NetworkManager[977]: <info>  [1602407510.7688] dhcp4 (ens192): option domain_name_servers  => '10.102.100.22 10.101.100.42 10.101.100.41'
Oct 11 05:11:50 localhost NetworkManager[977]: <info>  [1602407510.7688] dhcp4 (ens192): option expiry               => '1602493910'
Oct 11 05:11:50 localhost NetworkManager[977]: <info>  [1602407510.7688] dhcp4 (ens192): option ip_address           => '172.16.13.4'
Oct 11 05:11:50 localhost NetworkManager[977]: <info>  [1602407510.7688] dhcp4 (ens192): option requested_broadcast_address => '1'
Oct 11 05:11:50 localhost NetworkManager[977]: <info>  [1602407510.7688] dhcp4 (ens192): option requested_domain_name => '1'
Oct 11 05:11:50 localhost NetworkManager[977]: <info>  [1602407510.7688] dhcp4 (ens192): option requested_domain_name_servers => '1'
Oct 11 05:11:50 localhost NetworkManager[977]: <info>  [1602407510.7688] dhcp4 (ens192): option requested_domain_search => '1'
Oct 11 05:11:50 localhost NetworkManager[977]: <info>  [1602407510.7689] dhcp4 (ens192): option requested_host_name  => '1'
Oct 11 05:11:50 localhost NetworkManager[977]: <info>  [1602407510.7689] dhcp4 (ens192): option requested_interface_mtu => '1'
Oct 11 05:11:50 localhost NetworkManager[977]: <info>  [1602407510.7689] dhcp4 (ens192): option requested_ms_classless_static_routes => '1'
Oct 11 05:11:50 localhost NetworkManager[977]: <info>  [1602407510.7689] dhcp4 (ens192): option requested_nis_domain => '1'
Oct 11 05:11:50 localhost NetworkManager[977]: <info>  [1602407510.7689] dhcp4 (ens192): option requested_nis_servers => '1'
Oct 11 05:11:50 localhost NetworkManager[977]: <info>  [1602407510.7689] dhcp4 (ens192): option requested_ntp_servers => '1'
Oct 11 05:11:50 localhost NetworkManager[977]: <info>  [1602407510.7689] dhcp4 (ens192): option requested_rfc3442_classless_static_routes => '1'
Oct 11 05:11:50 localhost NetworkManager[977]: <info>  [1602407510.7689] dhcp4 (ens192): option requested_root_path  => '1'
Oct 11 05:11:50 localhost NetworkManager[977]: <info>  [1602407510.7689] dhcp4 (ens192): option requested_routers    => '1'
Oct 11 05:11:50 localhost NetworkManager[977]: <info>  [1602407510.7689] dhcp4 (ens192): option requested_static_routes => '1'
Oct 11 05:11:50 localhost NetworkManager[977]: <info>  [1602407510.7689] dhcp4 (ens192): option requested_subnet_mask => '1'
Oct 11 05:11:50 localhost NetworkManager[977]: <info>  [1602407510.7689] dhcp4 (ens192): option requested_time_offset => '1'
Oct 11 05:11:50 localhost NetworkManager[977]: <info>  [1602407510.7689] dhcp4 (ens192): option requested_wpad       => '1'
Oct 11 05:11:50 localhost NetworkManager[977]: <info>  [1602407510.7690] dhcp4 (ens192): option routers              => '172.16.255.1'
Oct 11 05:11:50 localhost NetworkManager[977]: <info>  [1602407510.7690] dhcp4 (ens192): option subnet_mask          => '255.255.0.0'
Oct 11 05:11:50 localhost NetworkManager[977]: <info>  [1602407510.7690] dhcp4 (ens192): state changed unknown -> bound
Oct 11 05:11:50 localhost NetworkManager[977]: <info>  [1602407510.7700] device (ens192): state change: ip-config -> ip-check (reason 'none', sys-iface-state: 'managed')
Oct 11 05:11:50 localhost systemd[1]: Started Network Manager Script Dispatcher Service.
Oct 11 05:11:50 localhost NetworkManager[977]: <info>  [1602407510.7806] device (ens192): state change: ip-check -> secondaries (reason 'none', sys-iface-state: 'managed')
Oct 11 05:11:50 localhost NetworkManager[977]: <info>  [1602407510.7808] device (ens192): state change: secondaries -> activated (reason 'none', sys-iface-state: 'managed')
Oct 11 05:11:50 localhost NetworkManager[977]: <info>  [1602407510.7812] manager: NetworkManager state is now CONNECTED_LOCAL
Oct 11 05:11:50 localhost NetworkManager[977]: <info>  [1602407510.7820] manager: NetworkManager state is now CONNECTED_SITE
Oct 11 05:11:50 localhost NetworkManager[977]: <info>  [1602407510.7821] policy: set 'ens192' (ens192) as default for IPv4 routing and DNS
Oct 11 05:11:50 localhost NetworkManager[977]: <info>  [1602407510.7854] device (ens192): Activation: successful, device activated.
Oct 11 05:11:50 localhost NetworkManager[977]: <info>  [1602407510.7859] manager: NetworkManager state is now CONNECTED_GLOBAL
Oct 11 05:32:02 localhost systemd[1]: Starting dnf makecache...
Oct 11 05:32:02 localhost dnf[4109]: CentOS-8 - AppStream                             14 kB/s | 4.3 kB     00:00
Oct 11 05:32:03 localhost dnf[4109]: CentOS-8 - Base                                  14 kB/s | 3.9 kB     00:00
Oct 11 05:32:03 localhost dnf[4109]: CentOS-8 - Extras                               5.3 kB/s | 1.5 kB     00:00
Oct 11 05:32:03 localhost dnf[4109]: Metadata cache created.
Oct 11 05:32:03 localhost systemd[1]: Started dnf makecache.
Oct 11 06:33:02 localhost systemd[1]: Starting dnf makecache...
Oct 11 06:33:02 localhost dnf[4139]: Metadata cache refreshed recently.
Oct 11 06:33:02 localhost systemd[1]: Started dnf makecache.
Oct 11 07:34:02 localhost systemd[1]: Starting dnf makecache...
Oct 11 07:34:02 localhost dnf[4162]: Metadata cache refreshed recently.
Oct 11 07:34:02 localhost systemd[1]: Started dnf makecache.
Oct 11 08:35:02 localhost systemd[1]: Starting dnf makecache...
Oct 11 08:35:02 localhost dnf[4186]: CentOS-8 - AppStream                            8.2 kB/s | 4.3 kB     00:00
Oct 11 08:35:03 localhost dnf[4186]: CentOS-8 - Base                                  27 kB/s | 3.9 kB     00:00
Oct 11 08:35:03 localhost dnf[4186]: CentOS-8 - Extras                               4.3 kB/s | 1.5 kB     00:00
Oct 11 08:35:03 localhost dnf[4186]: Metadata cache created.
Oct 11 08:35:03 localhost systemd[1]: Started dnf makecache.
Oct 11 09:36:02 localhost systemd[1]: Starting dnf makecache...
Oct 11 09:36:02 localhost dnf[4215]: Metadata cache refreshed recently.
Oct 11 09:36:02 localhost systemd[1]: Started dnf makecache.
Oct 11 10:37:02 localhost systemd[1]: Starting dnf makecache...
Oct 11 10:37:02 localhost dnf[4239]: Metadata cache refreshed recently.
Oct 11 10:37:02 localhost systemd[1]: Started dnf makecache.
Oct 11 11:38:02 localhost systemd[1]: Starting dnf makecache...
Oct 11 11:38:02 localhost dnf[4262]: CentOS-8 - AppStream                             15 kB/s | 4.3 kB     00:00
Oct 11 11:38:03 localhost dnf[4262]: CentOS-8 - Base                                  12 kB/s | 3.9 kB     00:00
Oct 11 11:38:03 localhost dnf[4262]: CentOS-8 - Extras                               4.7 kB/s | 1.5 kB     00:00
Oct 11 11:38:03 localhost dnf[4262]: Metadata cache created.
Oct 11 11:38:03 localhost systemd[1]: Started dnf makecache.
Oct 11 12:39:02 localhost systemd[1]: Starting dnf makecache...
Oct 11 12:39:02 localhost dnf[4292]: Metadata cache refreshed recently.
Oct 11 12:39:02 localhost systemd[1]: Started dnf makecache.
Oct 11 13:40:02 localhost systemd[1]: Starting dnf makecache...
Oct 11 13:40:02 localhost dnf[4315]: Metadata cache refreshed recently.
Oct 11 13:40:02 localhost systemd[1]: Started dnf makecache.
Oct 11 14:41:02 localhost systemd[1]: Starting dnf makecache...
Oct 11 14:41:02 localhost dnf[4338]: CentOS-8 - AppStream                             14 kB/s | 4.3 kB     00:00
Oct 11 14:41:02 localhost dnf[4338]: CentOS-8 - Base                                  28 kB/s | 3.9 kB     00:00
Oct 11 14:41:03 localhost dnf[4338]: CentOS-8 - Extras                               5.1 kB/s | 1.5 kB     00:00
Oct 11 14:41:03 localhost dnf[4338]: Metadata cache created.
Oct 11 14:41:03 localhost systemd[1]: Started dnf makecache.
Oct 11 15:42:02 localhost systemd[1]: Starting dnf makecache...
Oct 11 15:42:02 localhost dnf[4368]: Metadata cache refreshed recently.
Oct 11 15:42:02 localhost systemd[1]: Started dnf makecache.
Oct 11 16:43:02 localhost systemd[1]: Starting dnf makecache...
Oct 11 16:43:02 localhost dnf[4392]: Metadata cache refreshed recently.
Oct 11 16:43:02 localhost systemd[1]: Started dnf makecache.
Oct 11 17:11:50 localhost NetworkManager[977]: <error> [1602450710.7662] dhcp4 (ens192): error -113 dispatching events
Oct 11 17:11:50 localhost NetworkManager[977]: <info>  [1602450710.7672] dhcp4 (ens192): state changed bound -> fail
Oct 11 17:11:50 localhost NetworkManager[977]: <info>  [1602450710.7673] device (ens192): DHCPv4: trying to acquire a new lease within 90 seconds
Oct 11 17:13:20 localhost NetworkManager[977]: <info>  [1602450800.8055] device (ens192): DHCPv4: grace period expired
Oct 11 17:13:20 localhost NetworkManager[977]: <info>  [1602450800.8057] device (ens192): state change: activated -> failed (reason 'ip-config-unavailable', sys-iface-state: 'managed')
Oct 11 17:13:20 localhost NetworkManager[977]: <warn>  [1602450800.8074] device (ens192): Activation: failed for connection 'ens192'
Oct 11 17:13:20 localhost NetworkManager[977]: <info>  [1602450800.8081] manager: NetworkManager state is now CONNECTED_LOCAL
Oct 11 17:13:20 localhost NetworkManager[977]: <info>  [1602450800.8085] device (ens192): state change: failed -> disconnected (reason 'none', sys-iface-state: 'managed')
Oct 11 17:13:20 localhost NetworkManager[977]: <info>  [1602450800.8098] dhcp4 (ens192): canceled DHCP transaction
Oct 11 17:13:20 localhost NetworkManager[977]: <info>  [1602450800.8099] dhcp4 (ens192): state changed fail -> done
Oct 11 17:13:20 localhost dbus-daemon[970]: [system] Activating via systemd: service name='org.freedesktop.nm_dispatcher' unit='dbus-org.freedesktop.nm-dispatcher.service' requested by ':1.4' (uid=0 pid=977 comm="/usr/sbin/NetworkManager --no-daemon " label="system_u:system_r:NetworkManager_t:s0")
Oct 11 17:13:20 localhost systemd[1]: Starting Network Manager Script Dispatcher Service...
Oct 11 17:13:20 localhost NetworkManager[977]: <info>  [1602450800.8333] policy: auto-activating connection 'ens192' (29b6e258-0ffd-4ee3-8f2d-2126105eee4f)
Oct 11 17:13:20 localhost NetworkManager[977]: <info>  [1602450800.8342] device (ens192): Activation: starting connection 'ens192' (29b6e258-0ffd-4ee3-8f2d-2126105eee4f)
Oct 11 17:13:20 localhost NetworkManager[977]: <info>  [1602450800.8343] device (ens192): state change: disconnected -> prepare (reason 'none', sys-iface-state: 'managed')
Oct 11 17:13:20 localhost NetworkManager[977]: <info>  [1602450800.8346] manager: NetworkManager state is now CONNECTING
Oct 11 17:13:20 localhost NetworkManager[977]: <info>  [1602450800.8347] device (ens192): state change: prepare -> config (reason 'none', sys-iface-state: 'managed')
Oct 11 17:13:20 localhost NetworkManager[977]: <info>  [1602450800.8352] device (ens192): state change: config -> ip-config (reason 'none', sys-iface-state: 'managed')
Oct 11 17:13:20 localhost NetworkManager[977]: <info>  [1602450800.8354] dhcp4 (ens192): activation: beginning transaction (timeout in 45 seconds)
Oct 11 17:13:20 localhost dbus-daemon[970]: [system] Successfully activated service 'org.freedesktop.nm_dispatcher'
Oct 11 17:13:20 localhost systemd[1]: Started Network Manager Script Dispatcher Service.
Oct 11 17:13:20 localhost NetworkManager[977]: <info>  [1602450800.8443] dhcp4 (ens192): option dhcp_lease_time      => '86400'
Oct 11 17:13:20 localhost NetworkManager[977]: <info>  [1602450800.8443] dhcp4 (ens192): option domain_name_servers  => '10.102.100.22 10.101.100.42 10.101.100.41'
Oct 11 17:13:20 localhost NetworkManager[977]: <info>  [1602450800.8443] dhcp4 (ens192): option expiry               => '1602537200'
Oct 11 17:13:20 localhost NetworkManager[977]: <info>  [1602450800.8443] dhcp4 (ens192): option ip_address           => '172.16.13.4'
Oct 11 17:13:20 localhost NetworkManager[977]: <info>  [1602450800.8443] dhcp4 (ens192): option requested_broadcast_address => '1'
Oct 11 17:13:20 localhost NetworkManager[977]: <info>  [1602450800.8443] dhcp4 (ens192): option requested_domain_name => '1'
Oct 11 17:13:20 localhost NetworkManager[977]: <info>  [1602450800.8443] dhcp4 (ens192): option requested_domain_name_servers => '1'
Oct 11 17:13:20 localhost NetworkManager[977]: <info>  [1602450800.8443] dhcp4 (ens192): option requested_domain_search => '1'
Oct 11 17:13:20 localhost NetworkManager[977]: <info>  [1602450800.8444] dhcp4 (ens192): option requested_host_name  => '1'
Oct 11 17:13:20 localhost NetworkManager[977]: <info>  [1602450800.8444] dhcp4 (ens192): option requested_interface_mtu => '1'
Oct 11 17:13:20 localhost NetworkManager[977]: <info>  [1602450800.8444] dhcp4 (ens192): option requested_ms_classless_static_routes => '1'
Oct 11 17:13:20 localhost NetworkManager[977]: <info>  [1602450800.8444] dhcp4 (ens192): option requested_nis_domain => '1'
Oct 11 17:13:20 localhost NetworkManager[977]: <info>  [1602450800.8444] dhcp4 (ens192): option requested_nis_servers => '1'
Oct 11 17:13:20 localhost NetworkManager[977]: <info>  [1602450800.8444] dhcp4 (ens192): option requested_ntp_servers => '1'
Oct 11 17:13:20 localhost NetworkManager[977]: <info>  [1602450800.8444] dhcp4 (ens192): option requested_rfc3442_classless_static_routes => '1'
Oct 11 17:13:20 localhost NetworkManager[977]: <info>  [1602450800.8444] dhcp4 (ens192): option requested_root_path  => '1'
Oct 11 17:13:20 localhost NetworkManager[977]: <info>  [1602450800.8444] dhcp4 (ens192): option requested_routers    => '1'
Oct 11 17:13:20 localhost NetworkManager[977]: <info>  [1602450800.8444] dhcp4 (ens192): option requested_static_routes => '1'
Oct 11 17:13:20 localhost NetworkManager[977]: <info>  [1602450800.8444] dhcp4 (ens192): option requested_subnet_mask => '1'
Oct 11 17:13:20 localhost NetworkManager[977]: <info>  [1602450800.8444] dhcp4 (ens192): option requested_time_offset => '1'
Oct 11 17:13:20 localhost NetworkManager[977]: <info>  [1602450800.8445] dhcp4 (ens192): option requested_wpad       => '1'
Oct 11 17:13:20 localhost NetworkManager[977]: <info>  [1602450800.8445] dhcp4 (ens192): option routers              => '172.16.255.1'
Oct 11 17:13:20 localhost NetworkManager[977]: <info>  [1602450800.8445] dhcp4 (ens192): option subnet_mask          => '255.255.0.0'
Oct 11 17:13:20 localhost NetworkManager[977]: <info>  [1602450800.8445] dhcp4 (ens192): state changed unknown -> bound
Oct 11 17:13:20 localhost NetworkManager[977]: <info>  [1602450800.8454] device (ens192): state change: ip-config -> ip-check (reason 'none', sys-iface-state: 'managed')
Oct 11 17:13:20 localhost NetworkManager[977]: <info>  [1602450800.8536] device (ens192): state change: ip-check -> secondaries (reason 'none', sys-iface-state: 'managed')
Oct 11 17:13:20 localhost NetworkManager[977]: <info>  [1602450800.8538] device (ens192): state change: secondaries -> activated (reason 'none', sys-iface-state: 'managed')
Oct 11 17:13:20 localhost NetworkManager[977]: <info>  [1602450800.8542] manager: NetworkManager state is now CONNECTED_LOCAL
Oct 11 17:13:20 localhost NetworkManager[977]: <info>  [1602450800.8549] manager: NetworkManager state is now CONNECTED_SITE
Oct 11 17:13:20 localhost NetworkManager[977]: <info>  [1602450800.8550] policy: set 'ens192' (ens192) as default for IPv4 routing and DNS
Oct 11 17:13:20 localhost NetworkManager[977]: <info>  [1602450800.8582] device (ens192): Activation: successful, device activated.
Oct 11 17:13:20 localhost NetworkManager[977]: <info>  [1602450800.8587] manager: NetworkManager state is now CONNECTED_GLOBAL
Oct 11 17:21:02 localhost systemd[1]: Starting Cleanup of Temporary Directories...
Oct 11 17:21:02 localhost systemd[1]: Started Cleanup of Temporary Directories.
Oct 11 17:44:02 localhost systemd[1]: Starting dnf makecache...
Oct 11 17:44:02 localhost dnf[4427]: CentOS-8 - AppStream                             17 kB/s | 4.3 kB     00:00
Oct 11 17:44:02 localhost dnf[4427]: CentOS-8 - Base                                  36 kB/s | 3.9 kB     00:00
Oct 11 17:44:02 localhost dnf[4427]: CentOS-8 - Extras                               9.9 kB/s | 1.5 kB     00:00
Oct 11 17:44:03 localhost dnf[4427]: Metadata cache created.
Oct 11 17:44:03 localhost systemd[1]: Started dnf makecache.
Oct 11 18:45:02 localhost systemd[1]: Starting dnf makecache...
Oct 11 18:45:02 localhost dnf[4457]: Metadata cache refreshed recently.
Oct 11 18:45:02 localhost systemd[1]: Started dnf makecache.
Oct 11 19:46:02 localhost systemd[1]: Starting dnf makecache...
Oct 11 19:46:02 localhost dnf[4480]: Metadata cache refreshed recently.
Oct 11 19:46:02 localhost systemd[1]: Started dnf makecache.
Oct 11 20:47:02 localhost systemd[1]: Starting dnf makecache...
Oct 11 20:47:02 localhost dnf[4503]: CentOS-8 - AppStream                             15 kB/s | 4.3 kB     00:00
Oct 11 20:47:02 localhost dnf[4503]: CentOS-8 - Base                                  28 kB/s | 3.9 kB     00:00
Oct 11 20:47:03 localhost dnf[4503]: CentOS-8 - Extras                               6.2 kB/s | 1.5 kB     00:00
Oct 11 20:47:03 localhost dnf[4503]: Metadata cache created.
Oct 11 20:47:03 localhost systemd[1]: Started dnf makecache.
Oct 11 21:48:02 localhost systemd[1]: Starting dnf makecache...
Oct 11 21:48:02 localhost dnf[4533]: Metadata cache refreshed recently.
Oct 11 21:48:02 localhost systemd[1]: Started dnf makecache.
Oct 11 22:49:02 localhost systemd[1]: Starting dnf makecache...
Oct 11 22:49:02 localhost dnf[4556]: Metadata cache refreshed recently.
Oct 11 22:49:02 localhost systemd[1]: Started dnf makecache.
Oct 11 23:50:02 localhost systemd[1]: Starting dnf makecache...
Oct 11 23:50:02 localhost dnf[4580]: CentOS-8 - AppStream                             35 kB/s | 4.3 kB     00:00
Oct 11 23:50:02 localhost dnf[4580]: CentOS-8 - Base                                  16 kB/s | 3.9 kB     00:00
Oct 11 23:50:03 localhost dnf[4580]: CentOS-8 - Extras                               6.1 kB/s | 1.5 kB     00:00
Oct 11 23:50:03 localhost dnf[4580]: Metadata cache created.
Oct 11 23:50:03 localhost systemd[1]: Started dnf makecache.
Oct 12 00:00:02 localhost systemd[1]: Starting update of the root trust anchor for DNSSEC validation in unbound...
Oct 12 00:00:02 localhost systemd[1]: Started update of the root trust anchor for DNSSEC validation in unbound.
Oct 12 00:51:02 localhost systemd[1]: Starting dnf makecache...
Oct 12 00:51:02 localhost dnf[4613]: Metadata cache refreshed recently.
Oct 12 00:51:02 localhost systemd[1]: Started dnf makecache.
Oct 12 01:52:02 localhost systemd[1]: Starting dnf makecache...
Oct 12 01:52:02 localhost dnf[4639]: Metadata cache refreshed recently.
Oct 12 01:52:02 localhost systemd[1]: Started dnf makecache.
Oct 12 02:53:02 localhost systemd[1]: Starting dnf makecache...
Oct 12 02:53:02 localhost dnf[4665]: CentOS-8 - AppStream                             24 kB/s | 4.3 kB     00:00
Oct 12 02:53:02 localhost dnf[4665]: CentOS-8 - Base                                  16 kB/s | 3.9 kB     00:00
Oct 12 02:53:03 localhost dnf[4665]: CentOS-8 - Extras                               5.0 kB/s | 1.5 kB     00:00
Oct 12 02:53:03 localhost dnf[4665]: Metadata cache created.
Oct 12 02:53:03 localhost systemd[1]: Started dnf makecache.
Oct 12 03:54:02 localhost systemd[1]: Starting dnf makecache...
Oct 12 03:54:02 localhost dnf[4706]: Metadata cache refreshed recently.
Oct 12 03:54:02 localhost systemd[1]: Started dnf makecache.
Oct 12 04:55:02 localhost systemd[1]: Starting dnf makecache...
Oct 12 04:55:02 localhost dnf[4729]: Metadata cache refreshed recently.
Oct 12 04:55:02 localhost systemd[1]: Started dnf makecache.
Oct 12 05:13:20 localhost NetworkManager[977]: <error> [1602494000.8403] dhcp4 (ens192): error -113 dispatching events
Oct 12 05:13:20 localhost NetworkManager[977]: <info>  [1602494000.8406] dhcp4 (ens192): state changed bound -> fail
Oct 12 05:13:20 localhost NetworkManager[977]: <info>  [1602494000.8407] device (ens192): DHCPv4: trying to acquire a new lease within 90 seconds
Oct 12 05:14:50 localhost NetworkManager[977]: <info>  [1602494090.7996] device (ens192): DHCPv4: grace period expired
Oct 12 05:14:50 localhost NetworkManager[977]: <info>  [1602494090.7997] device (ens192): state change: activated -> failed (reason 'ip-config-unavailable', sys-iface-state: 'managed')
Oct 12 05:14:50 localhost NetworkManager[977]: <warn>  [1602494090.8012] device (ens192): Activation: failed for connection 'ens192'
Oct 12 05:14:50 localhost NetworkManager[977]: <info>  [1602494090.8019] manager: NetworkManager state is now CONNECTED_LOCAL
Oct 12 05:14:50 localhost NetworkManager[977]: <info>  [1602494090.8022] device (ens192): state change: failed -> disconnected (reason 'none', sys-iface-state: 'managed')
Oct 12 05:14:50 localhost NetworkManager[977]: <info>  [1602494090.8037] dhcp4 (ens192): canceled DHCP transaction
Oct 12 05:14:50 localhost NetworkManager[977]: <info>  [1602494090.8038] dhcp4 (ens192): state changed fail -> done
Oct 12 05:14:50 localhost dbus-daemon[970]: [system] Activating via systemd: service name='org.freedesktop.nm_dispatcher' unit='dbus-org.freedesktop.nm-dispatcher.service' requested by ':1.4' (uid=0 pid=977 comm="/usr/sbin/NetworkManager --no-daemon " label="system_u:system_r:NetworkManager_t:s0")
Oct 12 05:14:50 localhost systemd[1]: Starting Network Manager Script Dispatcher Service...
Oct 12 05:14:50 localhost NetworkManager[977]: <info>  [1602494090.8283] policy: auto-activating connection 'ens192' (29b6e258-0ffd-4ee3-8f2d-2126105eee4f)
Oct 12 05:14:50 localhost NetworkManager[977]: <info>  [1602494090.8291] device (ens192): Activation: starting connection 'ens192' (29b6e258-0ffd-4ee3-8f2d-2126105eee4f)
Oct 12 05:14:50 localhost NetworkManager[977]: <info>  [1602494090.8292] device (ens192): state change: disconnected -> prepare (reason 'none', sys-iface-state: 'managed')
Oct 12 05:14:50 localhost NetworkManager[977]: <info>  [1602494090.8295] manager: NetworkManager state is now CONNECTING
Oct 12 05:14:50 localhost NetworkManager[977]: <info>  [1602494090.8296] device (ens192): state change: prepare -> config (reason 'none', sys-iface-state: 'managed')
Oct 12 05:14:50 localhost NetworkManager[977]: <info>  [1602494090.8301] device (ens192): state change: config -> ip-config (reason 'none', sys-iface-state: 'managed')
Oct 12 05:14:50 localhost NetworkManager[977]: <info>  [1602494090.8303] dhcp4 (ens192): activation: beginning transaction (timeout in 45 seconds)
Oct 12 05:14:50 localhost dbus-daemon[970]: [system] Successfully activated service 'org.freedesktop.nm_dispatcher'
Oct 12 05:14:50 localhost NetworkManager[977]: <info>  [1602494090.8388] dhcp4 (ens192): option dhcp_lease_time      => '86400'
Oct 12 05:14:50 localhost NetworkManager[977]: <info>  [1602494090.8388] dhcp4 (ens192): option domain_name_servers  => '10.102.100.22 10.101.100.42 10.101.100.41'
Oct 12 05:14:50 localhost NetworkManager[977]: <info>  [1602494090.8388] dhcp4 (ens192): option expiry               => '1602580490'
Oct 12 05:14:50 localhost NetworkManager[977]: <info>  [1602494090.8388] dhcp4 (ens192): option ip_address           => '172.16.13.4'
Oct 12 05:14:50 localhost NetworkManager[977]: <info>  [1602494090.8388] dhcp4 (ens192): option requested_broadcast_address => '1'
Oct 12 05:14:50 localhost NetworkManager[977]: <info>  [1602494090.8388] dhcp4 (ens192): option requested_domain_name => '1'
Oct 12 05:14:50 localhost NetworkManager[977]: <info>  [1602494090.8388] dhcp4 (ens192): option requested_domain_name_servers => '1'
Oct 12 05:14:50 localhost NetworkManager[977]: <info>  [1602494090.8388] dhcp4 (ens192): option requested_domain_search => '1'
Oct 12 05:14:50 localhost NetworkManager[977]: <info>  [1602494090.8389] dhcp4 (ens192): option requested_host_name  => '1'
Oct 12 05:14:50 localhost NetworkManager[977]: <info>  [1602494090.8389] dhcp4 (ens192): option requested_interface_mtu => '1'
Oct 12 05:14:50 localhost NetworkManager[977]: <info>  [1602494090.8389] dhcp4 (ens192): option requested_ms_classless_static_routes => '1'
Oct 12 05:14:50 localhost NetworkManager[977]: <info>  [1602494090.8389] dhcp4 (ens192): option requested_nis_domain => '1'
Oct 12 05:14:50 localhost NetworkManager[977]: <info>  [1602494090.8389] dhcp4 (ens192): option requested_nis_servers => '1'
Oct 12 05:14:50 localhost NetworkManager[977]: <info>  [1602494090.8389] dhcp4 (ens192): option requested_ntp_servers => '1'
Oct 12 05:14:50 localhost NetworkManager[977]: <info>  [1602494090.8389] dhcp4 (ens192): option requested_rfc3442_classless_static_routes => '1'
Oct 12 05:14:50 localhost NetworkManager[977]: <info>  [1602494090.8389] dhcp4 (ens192): option requested_root_path  => '1'
Oct 12 05:14:50 localhost NetworkManager[977]: <info>  [1602494090.8389] dhcp4 (ens192): option requested_routers    => '1'
Oct 12 05:14:50 localhost NetworkManager[977]: <info>  [1602494090.8389] dhcp4 (ens192): option requested_static_routes => '1'
Oct 12 05:14:50 localhost NetworkManager[977]: <info>  [1602494090.8389] dhcp4 (ens192): option requested_subnet_mask => '1'
Oct 12 05:14:50 localhost NetworkManager[977]: <info>  [1602494090.8389] dhcp4 (ens192): option requested_time_offset => '1'
Oct 12 05:14:50 localhost NetworkManager[977]: <info>  [1602494090.8390] dhcp4 (ens192): option requested_wpad       => '1'
Oct 12 05:14:50 localhost NetworkManager[977]: <info>  [1602494090.8390] dhcp4 (ens192): option routers              => '172.16.255.1'
Oct 12 05:14:50 localhost NetworkManager[977]: <info>  [1602494090.8390] dhcp4 (ens192): option subnet_mask          => '255.255.0.0'
Oct 12 05:14:50 localhost NetworkManager[977]: <info>  [1602494090.8390] dhcp4 (ens192): state changed unknown -> bound
Oct 12 05:14:50 localhost NetworkManager[977]: <info>  [1602494090.8399] device (ens192): state change: ip-config -> ip-check (reason 'none', sys-iface-state: 'managed')
Oct 12 05:14:50 localhost systemd[1]: Started Network Manager Script Dispatcher Service.
Oct 12 05:14:50 localhost NetworkManager[977]: <info>  [1602494090.8512] device (ens192): state change: ip-check -> secondaries (reason 'none', sys-iface-state: 'managed')
Oct 12 05:14:50 localhost NetworkManager[977]: <info>  [1602494090.8514] device (ens192): state change: secondaries -> activated (reason 'none', sys-iface-state: 'managed')
Oct 12 05:14:50 localhost NetworkManager[977]: <info>  [1602494090.8518] manager: NetworkManager state is now CONNECTED_LOCAL
Oct 12 05:14:50 localhost NetworkManager[977]: <info>  [1602494090.8526] manager: NetworkManager state is now CONNECTED_SITE
Oct 12 05:14:50 localhost NetworkManager[977]: <info>  [1602494090.8527] policy: set 'ens192' (ens192) as default for IPv4 routing and DNS
Oct 12 05:14:50 localhost NetworkManager[977]: <info>  [1602494090.8562] device (ens192): Activation: successful, device activated.
Oct 12 05:14:50 localhost NetworkManager[977]: <info>  [1602494090.8567] manager: NetworkManager state is now CONNECTED_GLOBAL
Oct 12 05:56:02 localhost systemd[1]: Starting dnf makecache...
Oct 12 05:56:02 localhost dnf[4762]: CentOS-8 - AppStream                             17 kB/s | 4.3 kB     00:00
Oct 12 05:56:02 localhost dnf[4762]: CentOS-8 - Base                                  13 kB/s | 3.9 kB     00:00
Oct 12 05:56:03 localhost dnf[4762]: CentOS-8 - Extras                               5.5 kB/s | 1.5 kB     00:00
Oct 12 05:56:03 localhost dnf[4762]: Metadata cache created.
Oct 12 05:56:03 localhost systemd[1]: Started dnf makecache.
Oct 12 06:57:02 localhost systemd[1]: Starting dnf makecache...
Oct 12 06:57:02 localhost dnf[4792]: Metadata cache refreshed recently.
Oct 12 06:57:02 localhost systemd[1]: Started dnf makecache.
Oct 12 07:58:02 localhost systemd[1]: Starting dnf makecache...
Oct 12 07:58:02 localhost dnf[4816]: Metadata cache refreshed recently.
Oct 12 07:58:02 localhost systemd[1]: Started dnf makecache.
Oct 12 08:59:02 localhost systemd[1]: Starting dnf makecache...
Oct 12 08:59:02 localhost dnf[4839]: CentOS-8 - AppStream                             15 kB/s | 4.3 kB     00:00
Oct 12 08:59:02 localhost dnf[4839]: CentOS-8 - Base                                  23 kB/s | 3.9 kB     00:00
Oct 12 08:59:03 localhost dnf[4839]: CentOS-8 - Extras                               4.7 kB/s | 1.5 kB     00:00
Oct 12 08:59:03 localhost dnf[4839]: Metadata cache created.
Oct 12 08:59:03 localhost systemd[1]: Started dnf makecache.
Oct 12 10:00:02 localhost systemd[1]: Starting dnf makecache...
Oct 12 10:00:02 localhost dnf[4868]: Metadata cache refreshed recently.
Oct 12 10:00:02 localhost systemd[1]: Started dnf makecache.
Oct 12 11:01:01 localhost systemd[1]: Starting dnf makecache...
Oct 12 11:01:02 localhost dnf[4892]: Metadata cache refreshed recently.
Oct 12 11:01:02 localhost systemd[1]: Started dnf makecache.
Oct 12 12:02:02 localhost systemd[1]: Starting dnf makecache...
Oct 12 12:02:02 localhost dnf[4926]: CentOS-8 - AppStream                             12 kB/s | 4.3 kB     00:00
Oct 12 12:02:02 localhost dnf[4926]: CentOS-8 - Base                                  32 kB/s | 3.9 kB     00:00
Oct 12 12:02:03 localhost dnf[4926]: CentOS-8 - Extras                               5.6 kB/s | 1.5 kB     00:00
Oct 12 12:02:03 localhost dnf[4926]: Metadata cache created.
Oct 12 12:02:03 localhost systemd[1]: Started dnf makecache.
Oct 12 13:03:02 localhost systemd[1]: Starting dnf makecache...
Oct 12 13:03:02 localhost dnf[4956]: Metadata cache refreshed recently.
Oct 12 13:03:02 localhost systemd[1]: Started dnf makecache.
Oct 12 14:04:02 localhost systemd[1]: Starting dnf makecache...
Oct 12 14:04:02 localhost dnf[4979]: Metadata cache refreshed recently.
Oct 12 14:04:02 localhost systemd[1]: Started dnf makecache.
Oct 12 15:05:02 localhost systemd[1]: Starting dnf makecache...
Oct 12 15:05:02 localhost dnf[5003]: CentOS-8 - AppStream                             20 kB/s | 4.3 kB     00:00
Oct 12 15:05:02 localhost dnf[5003]: CentOS-8 - Base                                  17 kB/s | 3.9 kB     00:00
Oct 12 15:05:03 localhost dnf[5003]: CentOS-8 - Extras                               3.8 kB/s | 1.5 kB     00:00
Oct 12 15:05:03 localhost dnf[5003]: Metadata cache created.
Oct 12 15:05:03 localhost systemd[1]: Started dnf makecache.
Oct 12 16:05:52 localhost systemd[1]: Starting dnf makecache...
Oct 12 16:05:52 localhost dnf[5032]: Metadata cache refreshed recently.
Oct 12 16:05:52 localhost systemd[1]: Started dnf makecache.
Oct 12 17:06:02 localhost systemd[1]: Starting dnf makecache...
Oct 12 17:06:02 localhost dnf[5055]: Metadata cache refreshed recently.
Oct 12 17:06:02 localhost systemd[1]: Started dnf makecache.
Oct 12 17:14:50 localhost NetworkManager[977]: <error> [1602537290.8348] dhcp4 (ens192): error -113 dispatching events
Oct 12 17:14:50 localhost NetworkManager[977]: <info>  [1602537290.8349] dhcp4 (ens192): state changed bound -> fail
Oct 12 17:14:50 localhost NetworkManager[977]: <info>  [1602537290.8351] device (ens192): DHCPv4: trying to acquire a new lease within 90 seconds
Oct 12 17:16:20 localhost NetworkManager[977]: <info>  [1602537380.7210] device (ens192): DHCPv4: grace period expired
Oct 12 17:16:20 localhost NetworkManager[977]: <info>  [1602537380.7211] device (ens192): state change: activated -> failed (reason 'ip-config-unavailable', sys-iface-state: 'managed')
Oct 12 17:16:20 localhost NetworkManager[977]: <warn>  [1602537380.7228] device (ens192): Activation: failed for connection 'ens192'
Oct 12 17:16:20 localhost NetworkManager[977]: <info>  [1602537380.7234] manager: NetworkManager state is now CONNECTED_LOCAL
Oct 12 17:16:20 localhost NetworkManager[977]: <info>  [1602537380.7238] device (ens192): state change: failed -> disconnected (reason 'none', sys-iface-state: 'managed')
Oct 12 17:16:20 localhost NetworkManager[977]: <info>  [1602537380.7249] dhcp4 (ens192): canceled DHCP transaction
Oct 12 17:16:20 localhost NetworkManager[977]: <info>  [1602537380.7249] dhcp4 (ens192): state changed fail -> done
Oct 12 17:16:20 localhost dbus-daemon[970]: [system] Activating via systemd: service name='org.freedesktop.nm_dispatcher' unit='dbus-org.freedesktop.nm-dispatcher.service' requested by ':1.4' (uid=0 pid=977 comm="/usr/sbin/NetworkManager --no-daemon " label="system_u:system_r:NetworkManager_t:s0")
Oct 12 17:16:20 localhost systemd[1]: Starting Network Manager Script Dispatcher Service...
Oct 12 17:16:20 localhost NetworkManager[977]: <info>  [1602537380.7497] policy: auto-activating connection 'ens192' (29b6e258-0ffd-4ee3-8f2d-2126105eee4f)
Oct 12 17:16:20 localhost NetworkManager[977]: <info>  [1602537380.7506] device (ens192): Activation: starting connection 'ens192' (29b6e258-0ffd-4ee3-8f2d-2126105eee4f)
Oct 12 17:16:20 localhost NetworkManager[977]: <info>  [1602537380.7507] device (ens192): state change: disconnected -> prepare (reason 'none', sys-iface-state: 'managed')
Oct 12 17:16:20 localhost NetworkManager[977]: <info>  [1602537380.7510] manager: NetworkManager state is now CONNECTING
Oct 12 17:16:20 localhost NetworkManager[977]: <info>  [1602537380.7511] device (ens192): state change: prepare -> config (reason 'none', sys-iface-state: 'managed')
Oct 12 17:16:20 localhost NetworkManager[977]: <info>  [1602537380.7516] device (ens192): state change: config -> ip-config (reason 'none', sys-iface-state: 'managed')
Oct 12 17:16:20 localhost NetworkManager[977]: <info>  [1602537380.7519] dhcp4 (ens192): activation: beginning transaction (timeout in 45 seconds)
Oct 12 17:16:20 localhost dbus-daemon[970]: [system] Successfully activated service 'org.freedesktop.nm_dispatcher'
Oct 12 17:16:20 localhost systemd[1]: Started Network Manager Script Dispatcher Service.
Oct 12 17:16:20 localhost NetworkManager[977]: <info>  [1602537380.7606] dhcp4 (ens192): option dhcp_lease_time      => '86400'
Oct 12 17:16:20 localhost NetworkManager[977]: <info>  [1602537380.7606] dhcp4 (ens192): option domain_name_servers  => '10.102.100.22 10.101.100.42 10.101.100.41'
Oct 12 17:16:20 localhost NetworkManager[977]: <info>  [1602537380.7606] dhcp4 (ens192): option expiry               => '1602623780'
Oct 12 17:16:20 localhost NetworkManager[977]: <info>  [1602537380.7606] dhcp4 (ens192): option ip_address           => '172.16.13.4'
Oct 12 17:16:20 localhost NetworkManager[977]: <info>  [1602537380.7606] dhcp4 (ens192): option requested_broadcast_address => '1'
Oct 12 17:16:20 localhost NetworkManager[977]: <info>  [1602537380.7606] dhcp4 (ens192): option requested_domain_name => '1'
Oct 12 17:16:20 localhost NetworkManager[977]: <info>  [1602537380.7606] dhcp4 (ens192): option requested_domain_name_servers => '1'
Oct 12 17:16:20 localhost NetworkManager[977]: <info>  [1602537380.7606] dhcp4 (ens192): option requested_domain_search => '1'
Oct 12 17:16:20 localhost NetworkManager[977]: <info>  [1602537380.7606] dhcp4 (ens192): option requested_host_name  => '1'
Oct 12 17:16:20 localhost NetworkManager[977]: <info>  [1602537380.7606] dhcp4 (ens192): option requested_interface_mtu => '1'
Oct 12 17:16:20 localhost NetworkManager[977]: <info>  [1602537380.7607] dhcp4 (ens192): option requested_ms_classless_static_routes => '1'
Oct 12 17:16:20 localhost NetworkManager[977]: <info>  [1602537380.7607] dhcp4 (ens192): option requested_nis_domain => '1'
Oct 12 17:16:20 localhost NetworkManager[977]: <info>  [1602537380.7607] dhcp4 (ens192): option requested_nis_servers => '1'
Oct 12 17:16:20 localhost NetworkManager[977]: <info>  [1602537380.7607] dhcp4 (ens192): option requested_ntp_servers => '1'
Oct 12 17:16:20 localhost NetworkManager[977]: <info>  [1602537380.7607] dhcp4 (ens192): option requested_rfc3442_classless_static_routes => '1'
Oct 12 17:16:20 localhost NetworkManager[977]: <info>  [1602537380.7607] dhcp4 (ens192): option requested_root_path  => '1'
Oct 12 17:16:20 localhost NetworkManager[977]: <info>  [1602537380.7607] dhcp4 (ens192): option requested_routers    => '1'
Oct 12 17:16:20 localhost NetworkManager[977]: <info>  [1602537380.7607] dhcp4 (ens192): option requested_static_routes => '1'
Oct 12 17:16:20 localhost NetworkManager[977]: <info>  [1602537380.7607] dhcp4 (ens192): option requested_subnet_mask => '1'
Oct 12 17:16:20 localhost NetworkManager[977]: <info>  [1602537380.7607] dhcp4 (ens192): option requested_time_offset => '1'
Oct 12 17:16:20 localhost NetworkManager[977]: <info>  [1602537380.7607] dhcp4 (ens192): option requested_wpad       => '1'
Oct 12 17:16:20 localhost NetworkManager[977]: <info>  [1602537380.7607] dhcp4 (ens192): option routers              => '172.16.255.1'
Oct 12 17:16:20 localhost NetworkManager[977]: <info>  [1602537380.7608] dhcp4 (ens192): option subnet_mask          => '255.255.0.0'
Oct 12 17:16:20 localhost NetworkManager[977]: <info>  [1602537380.7608] dhcp4 (ens192): state changed unknown -> bound
Oct 12 17:16:20 localhost NetworkManager[977]: <info>  [1602537380.7617] device (ens192): state change: ip-config -> ip-check (reason 'none', sys-iface-state: 'managed')
Oct 12 17:16:20 localhost NetworkManager[977]: <info>  [1602537380.7706] device (ens192): state change: ip-check -> secondaries (reason 'none', sys-iface-state: 'managed')
Oct 12 17:16:20 localhost NetworkManager[977]: <info>  [1602537380.7708] device (ens192): state change: secondaries -> activated (reason 'none', sys-iface-state: 'managed')
Oct 12 17:16:20 localhost NetworkManager[977]: <info>  [1602537380.7712] manager: NetworkManager state is now CONNECTED_LOCAL
Oct 12 17:16:20 localhost NetworkManager[977]: <info>  [1602537380.7719] manager: NetworkManager state is now CONNECTED_SITE
Oct 12 17:16:20 localhost NetworkManager[977]: <info>  [1602537380.7720] policy: set 'ens192' (ens192) as default for IPv4 routing and DNS
Oct 12 17:16:20 localhost NetworkManager[977]: <info>  [1602537380.7753] device (ens192): Activation: successful, device activated.
Oct 12 17:16:20 localhost NetworkManager[977]: <info>  [1602537380.7758] manager: NetworkManager state is now CONNECTED_GLOBAL
Oct 12 17:22:02 localhost systemd[1]: Starting Cleanup of Temporary Directories...
Oct 12 17:22:02 localhost systemd[1]: Started Cleanup of Temporary Directories.
Oct 12 18:07:02 localhost systemd[1]: Starting dnf makecache...
Oct 12 18:07:02 localhost dnf[5091]: CentOS-8 - AppStream                             33 kB/s | 4.3 kB     00:00
Oct 12 18:07:02 localhost dnf[5091]: CentOS-8 - Base                                  19 kB/s | 3.9 kB     00:00
Oct 12 18:07:03 localhost dnf[5091]: CentOS-8 - Extras                               5.5 kB/s | 1.5 kB     00:00
Oct 12 18:07:03 localhost dnf[5091]: Metadata cache created.
Oct 12 18:07:03 localhost systemd[1]: Started dnf makecache.
Oct 12 19:08:02 localhost systemd[1]: Starting dnf makecache...
Oct 12 19:08:02 localhost dnf[5121]: Metadata cache refreshed recently.
Oct 12 19:08:02 localhost systemd[1]: Started dnf makecache.
Oct 12 20:09:02 localhost systemd[1]: Starting dnf makecache...
Oct 12 20:09:02 localhost dnf[5144]: Metadata cache refreshed recently.
Oct 12 20:09:02 localhost systemd[1]: Started dnf makecache.
Oct 12 21:10:02 localhost systemd[1]: Starting dnf makecache...
Oct 12 21:10:02 localhost dnf[5167]: CentOS-8 - AppStream                             12 kB/s | 4.3 kB     00:00
Oct 12 21:10:03 localhost dnf[5167]: CentOS-8 - Base                                  12 kB/s | 3.9 kB     00:00
Oct 12 21:10:03 localhost dnf[5167]: CentOS-8 - Extras                               9.3 kB/s | 1.5 kB     00:00
Oct 12 21:10:03 localhost dnf[5167]: Metadata cache created.
Oct 12 21:10:03 localhost systemd[1]: Started dnf makecache.
Oct 12 22:11:02 localhost systemd[1]: Starting dnf makecache...
Oct 12 22:11:02 localhost dnf[5197]: Metadata cache refreshed recently.
Oct 12 22:11:02 localhost systemd[1]: Started dnf makecache.
Oct 12 23:12:02 localhost systemd[1]: Starting dnf makecache...
Oct 12 23:12:02 localhost dnf[5220]: Metadata cache refreshed recently.
Oct 12 23:12:02 localhost systemd[1]: Started dnf makecache.
Oct 13 00:00:02 localhost systemd[1]: Starting update of the root trust anchor for DNSSEC validation in unbound...
Oct 13 00:00:02 localhost systemd[1]: Started update of the root trust anchor for DNSSEC validation in unbound.
Oct 13 00:13:02 localhost systemd[1]: Starting dnf makecache...
Oct 13 00:13:02 localhost dnf[5248]: CentOS-8 - AppStream                             12 kB/s | 4.3 kB     00:00
Oct 13 00:13:02 localhost dnf[5248]: CentOS-8 - Base                                  21 kB/s | 3.9 kB     00:00
Oct 13 00:13:03 localhost dnf[5248]: CentOS-8 - Extras                               7.4 kB/s | 1.5 kB     00:00
Oct 13 00:13:03 localhost dnf[5248]: Metadata cache created.
Oct 13 00:13:03 localhost systemd[1]: Started dnf makecache.
Oct 13 01:14:02 localhost systemd[1]: Starting dnf makecache...
Oct 13 01:14:02 localhost dnf[5279]: Metadata cache refreshed recently.
Oct 13 01:14:02 localhost systemd[1]: Started dnf makecache.
Oct 13 02:15:02 localhost systemd[1]: Starting dnf makecache...
Oct 13 02:15:02 localhost dnf[5305]: Metadata cache refreshed recently.
Oct 13 02:15:02 localhost systemd[1]: Started dnf makecache.
Oct 13 03:16:02 localhost systemd[1]: Starting dnf makecache...
Oct 13 03:16:02 localhost dnf[5330]: CentOS-8 - AppStream                             21 kB/s | 4.3 kB     00:00
Oct 13 03:16:02 localhost dnf[5330]: CentOS-8 - Base                                  15 kB/s | 3.9 kB     00:00
Oct 13 03:16:03 localhost dnf[5330]: CentOS-8 - Extras                               5.8 kB/s | 1.5 kB     00:00
Oct 13 03:16:03 localhost dnf[5330]: Metadata cache created.
Oct 13 03:16:03 localhost systemd[1]: Started dnf makecache.
Oct 13 04:17:02 localhost systemd[1]: Starting dnf makecache...
Oct 13 04:17:02 localhost dnf[5369]: Metadata cache refreshed recently.
Oct 13 04:17:02 localhost systemd[1]: Started dnf makecache.
Oct 13 05:16:20 localhost NetworkManager[977]: <error> [1602580580.7579] dhcp4 (ens192): error -113 dispatching events
Oct 13 05:16:20 localhost NetworkManager[977]: <info>  [1602580580.7585] dhcp4 (ens192): state changed bound -> fail
Oct 13 05:16:20 localhost NetworkManager[977]: <info>  [1602580580.7587] device (ens192): DHCPv4: trying to acquire a new lease within 90 seconds
Oct 13 05:17:50 localhost NetworkManager[977]: <info>  [1602580670.7996] device (ens192): DHCPv4: grace period expired
Oct 13 05:17:50 localhost NetworkManager[977]: <info>  [1602580670.7997] device (ens192): state change: activated -> failed (reason 'ip-config-unavailable', sys-iface-state: 'managed')
Oct 13 05:17:50 localhost NetworkManager[977]: <warn>  [1602580670.8011] device (ens192): Activation: failed for connection 'ens192'
Oct 13 05:17:50 localhost NetworkManager[977]: <info>  [1602580670.8018] manager: NetworkManager state is now CONNECTED_LOCAL
Oct 13 05:17:50 localhost NetworkManager[977]: <info>  [1602580670.8021] device (ens192): state change: failed -> disconnected (reason 'none', sys-iface-state: 'managed')
Oct 13 05:17:50 localhost NetworkManager[977]: <info>  [1602580670.8037] dhcp4 (ens192): canceled DHCP transaction
Oct 13 05:17:50 localhost NetworkManager[977]: <info>  [1602580670.8037] dhcp4 (ens192): state changed fail -> done
Oct 13 05:17:50 localhost systemd[1]: Starting dnf makecache...
Oct 13 05:17:50 localhost dbus-daemon[970]: [system] Activating via systemd: service name='org.freedesktop.nm_dispatcher' unit='dbus-org.freedesktop.nm-dispatcher.service' requested by ':1.4' (uid=0 pid=977 comm="/usr/sbin/NetworkManager --no-daemon " label="system_u:system_r:NetworkManager_t:s0")
Oct 13 05:17:50 localhost systemd[1]: Starting Network Manager Script Dispatcher Service...
Oct 13 05:17:50 localhost NetworkManager[977]: <info>  [1602580670.8219] policy: auto-activating connection 'ens192' (29b6e258-0ffd-4ee3-8f2d-2126105eee4f)
Oct 13 05:17:50 localhost NetworkManager[977]: <info>  [1602580670.8228] device (ens192): Activation: starting connection 'ens192' (29b6e258-0ffd-4ee3-8f2d-2126105eee4f)
Oct 13 05:17:50 localhost NetworkManager[977]: <info>  [1602580670.8229] device (ens192): state change: disconnected -> prepare (reason 'none', sys-iface-state: 'managed')
Oct 13 05:17:50 localhost NetworkManager[977]: <info>  [1602580670.8232] manager: NetworkManager state is now CONNECTING
Oct 13 05:17:50 localhost NetworkManager[977]: <info>  [1602580670.8233] device (ens192): state change: prepare -> config (reason 'none', sys-iface-state: 'managed')
Oct 13 05:17:50 localhost NetworkManager[977]: <info>  [1602580670.8238] device (ens192): state change: config -> ip-config (reason 'none', sys-iface-state: 'managed')
Oct 13 05:17:50 localhost NetworkManager[977]: <info>  [1602580670.8240] dhcp4 (ens192): activation: beginning transaction (timeout in 45 seconds)
Oct 13 05:17:50 localhost dbus-daemon[970]: [system] Successfully activated service 'org.freedesktop.nm_dispatcher'
Oct 13 05:17:50 localhost systemd[1]: Started Network Manager Script Dispatcher Service.
Oct 13 05:17:50 localhost NetworkManager[977]: <info>  [1602580670.8435] dhcp4 (ens192): option dhcp_lease_time      => '86400'
Oct 13 05:17:50 localhost NetworkManager[977]: <info>  [1602580670.8436] dhcp4 (ens192): option domain_name_servers  => '10.102.100.22 10.101.100.42 10.101.100.41'
Oct 13 05:17:50 localhost NetworkManager[977]: <info>  [1602580670.8436] dhcp4 (ens192): option expiry               => '1602667070'
Oct 13 05:17:50 localhost NetworkManager[977]: <info>  [1602580670.8436] dhcp4 (ens192): option ip_address           => '172.16.13.4'
Oct 13 05:17:50 localhost NetworkManager[977]: <info>  [1602580670.8436] dhcp4 (ens192): option requested_broadcast_address => '1'
Oct 13 05:17:50 localhost NetworkManager[977]: <info>  [1602580670.8436] dhcp4 (ens192): option requested_domain_name => '1'
Oct 13 05:17:50 localhost NetworkManager[977]: <info>  [1602580670.8436] dhcp4 (ens192): option requested_domain_name_servers => '1'
Oct 13 05:17:50 localhost NetworkManager[977]: <info>  [1602580670.8436] dhcp4 (ens192): option requested_domain_search => '1'
Oct 13 05:17:50 localhost NetworkManager[977]: <info>  [1602580670.8436] dhcp4 (ens192): option requested_host_name  => '1'
Oct 13 05:17:50 localhost NetworkManager[977]: <info>  [1602580670.8436] dhcp4 (ens192): option requested_interface_mtu => '1'
Oct 13 05:17:50 localhost NetworkManager[977]: <info>  [1602580670.8436] dhcp4 (ens192): option requested_ms_classless_static_routes => '1'
Oct 13 05:17:50 localhost NetworkManager[977]: <info>  [1602580670.8436] dhcp4 (ens192): option requested_nis_domain => '1'
Oct 13 05:17:50 localhost NetworkManager[977]: <info>  [1602580670.8436] dhcp4 (ens192): option requested_nis_servers => '1'
Oct 13 05:17:50 localhost NetworkManager[977]: <info>  [1602580670.8437] dhcp4 (ens192): option requested_ntp_servers => '1'
Oct 13 05:17:50 localhost NetworkManager[977]: <info>  [1602580670.8437] dhcp4 (ens192): option requested_rfc3442_classless_static_routes => '1'
Oct 13 05:17:50 localhost NetworkManager[977]: <info>  [1602580670.8437] dhcp4 (ens192): option requested_root_path  => '1'
Oct 13 05:17:50 localhost NetworkManager[977]: <info>  [1602580670.8437] dhcp4 (ens192): option requested_routers    => '1'
Oct 13 05:17:50 localhost NetworkManager[977]: <info>  [1602580670.8437] dhcp4 (ens192): option requested_static_routes => '1'
Oct 13 05:17:50 localhost NetworkManager[977]: <info>  [1602580670.8437] dhcp4 (ens192): option requested_subnet_mask => '1'
Oct 13 05:17:50 localhost NetworkManager[977]: <info>  [1602580670.8437] dhcp4 (ens192): option requested_time_offset => '1'
Oct 13 05:17:50 localhost NetworkManager[977]: <info>  [1602580670.8437] dhcp4 (ens192): option requested_wpad       => '1'
Oct 13 05:17:50 localhost NetworkManager[977]: <info>  [1602580670.8437] dhcp4 (ens192): option routers              => '172.16.255.1'
Oct 13 05:17:50 localhost NetworkManager[977]: <info>  [1602580670.8437] dhcp4 (ens192): option subnet_mask          => '255.255.0.0'
Oct 13 05:17:50 localhost NetworkManager[977]: <info>  [1602580670.8437] dhcp4 (ens192): state changed unknown -> bound
Oct 13 05:17:50 localhost NetworkManager[977]: <info>  [1602580670.8448] device (ens192): state change: ip-config -> ip-check (reason 'none', sys-iface-state: 'managed')
Oct 13 05:17:50 localhost NetworkManager[977]: <info>  [1602580670.8547] device (ens192): state change: ip-check -> secondaries (reason 'none', sys-iface-state: 'managed')
Oct 13 05:17:50 localhost NetworkManager[977]: <info>  [1602580670.8549] device (ens192): state change: secondaries -> activated (reason 'none', sys-iface-state: 'managed')
Oct 13 05:17:50 localhost NetworkManager[977]: <info>  [1602580670.8553] manager: NetworkManager state is now CONNECTED_LOCAL
Oct 13 05:17:50 localhost NetworkManager[977]: <info>  [1602580670.8561] manager: NetworkManager state is now CONNECTED_SITE
Oct 13 05:17:50 localhost NetworkManager[977]: <info>  [1602580670.8562] policy: set 'ens192' (ens192) as default for IPv4 routing and DNS
Oct 13 05:17:50 localhost NetworkManager[977]: <info>  [1602580670.8596] device (ens192): Activation: successful, device activated.
Oct 13 05:17:50 localhost NetworkManager[977]: <info>  [1602580670.8601] manager: NetworkManager state is now CONNECTED_GLOBAL
Oct 13 05:17:51 localhost dnf[5392]: Metadata cache refreshed recently.
Oct 13 05:17:51 localhost systemd[1]: Started dnf makecache.
Oct 13 06:18:02 localhost systemd[1]: Starting dnf makecache...
Oct 13 06:18:02 localhost dnf[5426]: CentOS-8 - AppStream                             13 kB/s | 4.3 kB     00:00
Oct 13 06:18:02 localhost dnf[5426]: CentOS-8 - Base                                  22 kB/s | 3.9 kB     00:00
Oct 13 06:18:03 localhost dnf[5426]: CentOS-8 - Extras                               6.0 kB/s | 1.5 kB     00:00
Oct 13 06:18:03 localhost dnf[5426]: Metadata cache created.
Oct 13 06:18:03 localhost systemd[1]: Started dnf makecache.
Oct 13 07:19:02 localhost systemd[1]: Starting dnf makecache...
Oct 13 07:19:02 localhost dnf[5455]: Metadata cache refreshed recently.
Oct 13 07:19:02 localhost systemd[1]: Started dnf makecache.
Oct 13 08:20:02 localhost systemd[1]: Starting dnf makecache...
Oct 13 08:20:02 localhost dnf[5478]: Metadata cache refreshed recently.
Oct 13 08:20:02 localhost systemd[1]: Started dnf makecache.
Oct 13 08:53:20 localhost systemd[1]: Created slice User Slice of UID 1001.
Oct 13 08:53:20 localhost systemd[1]: Started /run/user/1001 mount wrapper.
Oct 13 08:53:20 localhost systemd[1]: Starting User Manager for UID 1001...
Oct 13 08:53:20 localhost systemd[1]: Started Session 15 of user instructor.
Oct 13 08:53:20 localhost systemd-logind[1050]: New session 15 of user instructor.
Oct 13 08:53:20 localhost systemd[5491]: Started Mark boot as successful after the user session has run 2 minutes.
Oct 13 08:53:20 localhost systemd[5491]: Reached target Timers.
Oct 13 08:53:20 localhost systemd[5491]: Reached target Paths.
Oct 13 08:53:20 localhost systemd[5491]: Starting D-Bus User Message Bus Socket.
Oct 13 08:53:20 localhost systemd[5491]: Listening on D-Bus User Message Bus Socket.
Oct 13 08:53:20 localhost systemd[5491]: Reached target Sockets.
Oct 13 08:53:20 localhost systemd[5491]: Reached target Basic System.
Oct 13 08:53:20 localhost systemd[5491]: Reached target Default.
Oct 13 08:53:20 localhost systemd[5491]: Startup finished in 37ms.
Oct 13 08:53:20 localhost systemd[1]: Started User Manager for UID 1001.
Oct 13 08:53:20 localhost systemd-logind[1050]: Session 15 logged out. Waiting for processes to exit.
Oct 13 08:53:20 localhost systemd-logind[1050]: Removed session 15.
Oct 13 08:53:20 localhost systemd[1]: user-runtime-dir@1001.service: Unit not needed anymore. Stopping.
Oct 13 08:53:20 localhost systemd[1]: Stopping User Manager for UID 1001...
Oct 13 08:53:20 localhost systemd[5491]: Stopped target Default.
Oct 13 08:53:20 localhost systemd[5491]: Stopped target Basic System.
Oct 13 08:53:20 localhost systemd[5491]: Stopped target Paths.
Oct 13 08:53:20 localhost systemd[5491]: Stopped target Sockets.
Oct 13 08:53:20 localhost systemd[5491]: Closed D-Bus User Message Bus Socket.
Oct 13 08:53:20 localhost systemd[5491]: Stopped target Timers.
Oct 13 08:53:20 localhost systemd[5491]: Stopped Mark boot as successful after the user session has run 2 minutes.
Oct 13 08:53:20 localhost systemd[5491]: Reached target Shutdown.
Oct 13 08:53:20 localhost systemd[5491]: Starting Exit the Session...
Oct 13 08:53:20 localhost systemd[1]: user@1001.service: Killing process 5517 (systemctl) with signal SIGKILL.
Oct 13 08:53:20 localhost systemd[1]: user-runtime-dir@1001.service: Unit not needed anymore. Stopping.
Oct 13 08:53:20 localhost systemd[1]: Stopped User Manager for UID 1001.
Oct 13 08:53:20 localhost systemd[1]: user-runtime-dir@1001.service: Unit not needed anymore. Stopping.
Oct 13 08:53:20 localhost systemd[1]: Stopping /run/user/1001 mount wrapper...
Oct 13 08:53:20 localhost systemd[1]: Removed slice User Slice of UID 1001.
Oct 13 08:53:21 localhost systemd[1]: Stopped /run/user/1001 mount wrapper.
Oct 13 09:21:02 localhost systemd[1]: Starting dnf makecache...
Oct 13 09:21:02 localhost dnf[5542]: CentOS-8 - AppStream                             13 kB/s | 4.3 kB     00:00
Oct 13 09:21:03 localhost dnf[5542]: CentOS-8 - Base                                  14 kB/s | 3.9 kB     00:00
Oct 13 09:21:03 localhost dnf[5542]: CentOS-8 - Extras                               9.0 kB/s | 1.5 kB     00:00
Oct 13 09:21:03 localhost dnf[5542]: Metadata cache created.
Oct 13 09:21:03 localhost systemd[1]: Started dnf makecache.
Oct 13 10:22:02 localhost systemd[1]: Starting dnf makecache...
Oct 13 10:22:02 localhost dnf[5571]: Metadata cache refreshed recently.
Oct 13 10:22:02 localhost systemd[1]: Started dnf makecache.
Oct 13 11:23:02 localhost systemd[1]: Starting dnf makecache...
Oct 13 11:23:02 localhost dnf[5595]: Metadata cache refreshed recently.
Oct 13 11:23:02 localhost systemd[1]: Started dnf makecache.
Oct 13 12:24:02 localhost systemd[1]: Starting dnf makecache...
Oct 13 12:24:02 localhost dnf[5618]: CentOS-8 - AppStream                             14 kB/s | 4.3 kB     00:00
Oct 13 12:24:05 localhost dnf[5618]: CentOS-8 - Base                                 1.2 kB/s | 3.9 kB     00:03
Oct 13 12:24:06 localhost dnf[5618]: CentOS-8 - Extras                               7.4 kB/s | 1.5 kB     00:00
Oct 13 12:24:06 localhost dnf[5618]: Metadata cache created.
Oct 13 12:24:06 localhost systemd[1]: Started dnf makecache.
Oct 13 13:25:02 localhost systemd[1]: Starting dnf makecache...
Oct 13 13:25:02 localhost dnf[5648]: Metadata cache refreshed recently.
Oct 13 13:25:02 localhost systemd[1]: Started dnf makecache.
Oct 13 14:26:02 localhost systemd[1]: Starting dnf makecache...
Oct 13 14:26:02 localhost dnf[5671]: Metadata cache refreshed recently.
Oct 13 14:26:02 localhost systemd[1]: Started dnf makecache.
Oct 13 15:27:02 localhost systemd[1]: Starting dnf makecache...
Oct 13 15:27:02 localhost dnf[5695]: CentOS-8 - AppStream                             14 kB/s | 4.3 kB     00:00
Oct 13 15:27:03 localhost dnf[5695]: CentOS-8 - Base                                  12 kB/s | 3.9 kB     00:00
Oct 13 15:27:03 localhost dnf[5695]: CentOS-8 - Extras                               7.5 kB/s | 1.5 kB     00:00
Oct 13 15:27:03 localhost dnf[5695]: Metadata cache created.
Oct 13 15:27:03 localhost systemd[1]: Started dnf makecache.
Oct 13 16:28:02 localhost systemd[1]: Starting dnf makecache...
Oct 13 16:28:02 localhost dnf[5724]: Metadata cache refreshed recently.
Oct 13 16:28:02 localhost systemd[1]: Started dnf makecache.
Oct 13 17:17:50 localhost NetworkManager[977]: <error> [1602623870.8310] dhcp4 (ens192): error -113 dispatching events
Oct 13 17:17:50 localhost NetworkManager[977]: <info>  [1602623870.8319] dhcp4 (ens192): state changed bound -> fail
Oct 13 17:17:50 localhost NetworkManager[977]: <info>  [1602623870.8321] device (ens192): DHCPv4: trying to acquire a new lease within 90 seconds
Oct 13 17:19:20 localhost NetworkManager[977]: <info>  [1602623960.8017] device (ens192): DHCPv4: grace period expired
Oct 13 17:19:20 localhost NetworkManager[977]: <info>  [1602623960.8018] device (ens192): state change: activated -> failed (reason 'ip-config-unavailable', sys-iface-state: 'managed')
Oct 13 17:19:20 localhost NetworkManager[977]: <warn>  [1602623960.8036] device (ens192): Activation: failed for connection 'ens192'
Oct 13 17:19:20 localhost NetworkManager[977]: <info>  [1602623960.8043] manager: NetworkManager state is now CONNECTED_LOCAL
Oct 13 17:19:20 localhost NetworkManager[977]: <info>  [1602623960.8047] device (ens192): state change: failed -> disconnected (reason 'none', sys-iface-state: 'managed')
Oct 13 17:19:20 localhost NetworkManager[977]: <info>  [1602623960.8062] dhcp4 (ens192): canceled DHCP transaction
Oct 13 17:19:20 localhost NetworkManager[977]: <info>  [1602623960.8062] dhcp4 (ens192): state changed fail -> done
Oct 13 17:19:20 localhost dbus-daemon[970]: [system] Activating via systemd: service name='org.freedesktop.nm_dispatcher' unit='dbus-org.freedesktop.nm-dispatcher.service' requested by ':1.4' (uid=0 pid=977 comm="/usr/sbin/NetworkManager --no-daemon " label="system_u:system_r:NetworkManager_t:s0")
Oct 13 17:19:20 localhost systemd[1]: Starting Network Manager Script Dispatcher Service...
Oct 13 17:19:20 localhost NetworkManager[977]: <info>  [1602623960.8330] policy: auto-activating connection 'ens192' (29b6e258-0ffd-4ee3-8f2d-2126105eee4f)
Oct 13 17:19:20 localhost NetworkManager[977]: <info>  [1602623960.8340] device (ens192): Activation: starting connection 'ens192' (29b6e258-0ffd-4ee3-8f2d-2126105eee4f)
Oct 13 17:19:20 localhost NetworkManager[977]: <info>  [1602623960.8341] device (ens192): state change: disconnected -> prepare (reason 'none', sys-iface-state: 'managed')
Oct 13 17:19:20 localhost NetworkManager[977]: <info>  [1602623960.8344] manager: NetworkManager state is now CONNECTING
Oct 13 17:19:20 localhost NetworkManager[977]: <info>  [1602623960.8345] device (ens192): state change: prepare -> config (reason 'none', sys-iface-state: 'managed')
Oct 13 17:19:20 localhost NetworkManager[977]: <info>  [1602623960.8349] device (ens192): state change: config -> ip-config (reason 'none', sys-iface-state: 'managed')
Oct 13 17:19:20 localhost NetworkManager[977]: <info>  [1602623960.8352] dhcp4 (ens192): activation: beginning transaction (timeout in 45 seconds)
Oct 13 17:19:20 localhost dbus-daemon[970]: [system] Successfully activated service 'org.freedesktop.nm_dispatcher'
Oct 13 17:19:20 localhost NetworkManager[977]: <info>  [1602623960.8426] dhcp4 (ens192): option dhcp_lease_time      => '86400'
Oct 13 17:19:20 localhost NetworkManager[977]: <info>  [1602623960.8426] dhcp4 (ens192): option domain_name_servers  => '10.102.100.22 10.101.100.42 10.101.100.41'
Oct 13 17:19:20 localhost NetworkManager[977]: <info>  [1602623960.8426] dhcp4 (ens192): option expiry               => '1602710360'
Oct 13 17:19:20 localhost NetworkManager[977]: <info>  [1602623960.8426] dhcp4 (ens192): option ip_address           => '172.16.13.4'
Oct 13 17:19:20 localhost NetworkManager[977]: <info>  [1602623960.8426] dhcp4 (ens192): option requested_broadcast_address => '1'
Oct 13 17:19:20 localhost NetworkManager[977]: <info>  [1602623960.8426] dhcp4 (ens192): option requested_domain_name => '1'
Oct 13 17:19:20 localhost NetworkManager[977]: <info>  [1602623960.8426] dhcp4 (ens192): option requested_domain_name_servers => '1'
Oct 13 17:19:20 localhost NetworkManager[977]: <info>  [1602623960.8426] dhcp4 (ens192): option requested_domain_search => '1'
Oct 13 17:19:20 localhost NetworkManager[977]: <info>  [1602623960.8427] dhcp4 (ens192): option requested_host_name  => '1'
Oct 13 17:19:20 localhost NetworkManager[977]: <info>  [1602623960.8427] dhcp4 (ens192): option requested_interface_mtu => '1'
Oct 13 17:19:20 localhost NetworkManager[977]: <info>  [1602623960.8427] dhcp4 (ens192): option requested_ms_classless_static_routes => '1'
Oct 13 17:19:20 localhost NetworkManager[977]: <info>  [1602623960.8427] dhcp4 (ens192): option requested_nis_domain => '1'
Oct 13 17:19:20 localhost NetworkManager[977]: <info>  [1602623960.8427] dhcp4 (ens192): option requested_nis_servers => '1'
Oct 13 17:19:20 localhost NetworkManager[977]: <info>  [1602623960.8427] dhcp4 (ens192): option requested_ntp_servers => '1'
Oct 13 17:19:20 localhost NetworkManager[977]: <info>  [1602623960.8427] dhcp4 (ens192): option requested_rfc3442_classless_static_routes => '1'
Oct 13 17:19:20 localhost NetworkManager[977]: <info>  [1602623960.8427] dhcp4 (ens192): option requested_root_path  => '1'
Oct 13 17:19:20 localhost NetworkManager[977]: <info>  [1602623960.8427] dhcp4 (ens192): option requested_routers    => '1'
Oct 13 17:19:20 localhost NetworkManager[977]: <info>  [1602623960.8427] dhcp4 (ens192): option requested_static_routes => '1'
Oct 13 17:19:20 localhost NetworkManager[977]: <info>  [1602623960.8427] dhcp4 (ens192): option requested_subnet_mask => '1'
Oct 13 17:19:20 localhost NetworkManager[977]: <info>  [1602623960.8427] dhcp4 (ens192): option requested_time_offset => '1'
Oct 13 17:19:20 localhost NetworkManager[977]: <info>  [1602623960.8427] dhcp4 (ens192): option requested_wpad       => '1'
Oct 13 17:19:20 localhost NetworkManager[977]: <info>  [1602623960.8428] dhcp4 (ens192): option routers              => '172.16.255.1'
Oct 13 17:19:20 localhost NetworkManager[977]: <info>  [1602623960.8428] dhcp4 (ens192): option subnet_mask          => '255.255.0.0'
Oct 13 17:19:20 localhost NetworkManager[977]: <info>  [1602623960.8428] dhcp4 (ens192): state changed unknown -> bound
Oct 13 17:19:20 localhost NetworkManager[977]: <info>  [1602623960.8437] device (ens192): state change: ip-config -> ip-check (reason 'none', sys-iface-state: 'managed')
Oct 13 17:19:20 localhost systemd[1]: Started Network Manager Script Dispatcher Service.
Oct 13 17:19:20 localhost NetworkManager[977]: <info>  [1602623960.8554] device (ens192): state change: ip-check -> secondaries (reason 'none', sys-iface-state: 'managed')
Oct 13 17:19:20 localhost NetworkManager[977]: <info>  [1602623960.8557] device (ens192): state change: secondaries -> activated (reason 'none', sys-iface-state: 'managed')
Oct 13 17:19:20 localhost NetworkManager[977]: <info>  [1602623960.8562] manager: NetworkManager state is now CONNECTED_LOCAL
Oct 13 17:19:20 localhost NetworkManager[977]: <info>  [1602623960.8570] manager: NetworkManager state is now CONNECTED_SITE
Oct 13 17:19:20 localhost NetworkManager[977]: <info>  [1602623960.8571] policy: set 'ens192' (ens192) as default for IPv4 routing and DNS
Oct 13 17:19:20 localhost NetworkManager[977]: <info>  [1602623960.8609] device (ens192): Activation: successful, device activated.
Oct 13 17:19:20 localhost NetworkManager[977]: <info>  [1602623960.8614] manager: NetworkManager state is now CONNECTED_GLOBAL
Oct 13 17:22:42 localhost systemd[1]: Starting Cleanup of Temporary Directories...
Oct 13 17:22:42 localhost systemd[1]: Started Cleanup of Temporary Directories.
Oct 13 17:29:02 localhost systemd[1]: Starting dnf makecache...
Oct 13 17:29:02 localhost dnf[5760]: Metadata cache refreshed recently.
Oct 13 17:29:02 localhost systemd[1]: Started dnf makecache.
Oct 13 18:30:02 localhost systemd[1]: Starting dnf makecache...
Oct 13 18:30:02 localhost dnf[5783]: CentOS-8 - AppStream                             42 kB/s | 4.3 kB     00:00
Oct 13 18:30:02 localhost dnf[5783]: CentOS-8 - Base                                  12 kB/s | 3.9 kB     00:00
Oct 13 18:30:03 localhost dnf[5783]: CentOS-8 - Extras                               7.9 kB/s | 1.5 kB     00:00
Oct 13 18:30:03 localhost dnf[5783]: Metadata cache created.
Oct 13 18:30:03 localhost systemd[1]: Started dnf makecache.
Oct 13 19:31:02 localhost systemd[1]: Starting dnf makecache...
Oct 13 19:31:02 localhost dnf[5812]: Metadata cache refreshed recently.
Oct 13 19:31:02 localhost systemd[1]: Started dnf makecache.
Oct 13 20:32:02 localhost systemd[1]: Starting dnf makecache...
Oct 13 20:32:02 localhost dnf[5836]: Metadata cache refreshed recently.
Oct 13 20:32:02 localhost systemd[1]: Started dnf makecache.
Oct 13 21:33:02 localhost systemd[1]: Starting dnf makecache...
Oct 13 21:33:33 localhost dnf[5859]: CentOS-8 - AppStream                            0.0  B/s |   0  B     00:31
Oct 13 21:33:33 localhost dnf[5859]: Errors during downloading metadata for repository 'AppStream':
Oct 13 21:33:33 localhost dnf[5859]:  - Curl error (28): Timeout was reached for http://centos.mirror.iweb.ca/8.2.2004/AppStream/x86_64/os/repodata/repomd.xml [Operation too slow. Less than 1000 bytes/sec transferred the last 30 seconds]
Oct 13 21:33:33 localhost dnf[5859]: Error: Failed to download metadata for repo 'AppStream': Cannot download repomd.xml: Curl error (28): Timeout was reached for http://centos.mirror.iweb.ca/8.2.2004/AppStream/x86_64/os/repodata/repomd.xml [Operation too slow. Less than 1000 bytes/sec transferred the last 30 seconds]
Oct 13 21:33:33 localhost systemd[1]: dnf-makecache.service: Main process exited, code=exited, status=1/FAILURE
Oct 13 21:33:33 localhost systemd[1]: dnf-makecache.service: Failed with result 'exit-code'.
Oct 13 21:33:33 localhost systemd[1]: Failed to start dnf makecache.
Oct 13 22:34:02 localhost systemd[1]: Starting dnf makecache...
Oct 13 22:34:02 localhost dnf[5885]: Metadata cache refreshed recently.
Oct 13 22:34:02 localhost systemd[1]: Started dnf makecache.
Oct 13 23:35:02 localhost systemd[1]: Starting dnf makecache...
Oct 13 23:35:02 localhost dnf[5908]: Metadata cache refreshed recently.
Oct 13 23:35:02 localhost systemd[1]: Started dnf makecache.
Oct 14 00:00:02 localhost systemd[1]: Starting update of the root trust anchor for DNSSEC validation in unbound...
Oct 14 00:00:02 localhost systemd[1]: Started update of the root trust anchor for DNSSEC validation in unbound.
Oct 14 00:36:02 localhost systemd[1]: Starting dnf makecache...
Oct 14 00:36:02 localhost dnf[5935]: CentOS-8 - AppStream                             22 kB/s | 4.3 kB     00:00
Oct 14 00:36:02 localhost dnf[5935]: CentOS-8 - Base                                  13 kB/s | 3.9 kB     00:00
Oct 14 00:36:03 localhost dnf[5935]: CentOS-8 - Extras                               3.5 kB/s | 1.5 kB     00:00
Oct 14 00:36:03 localhost dnf[5935]: Metadata cache created.
Oct 14 00:36:03 localhost systemd[1]: Started dnf makecache.
Oct 14 01:37:02 localhost systemd[1]: Starting dnf makecache...
Oct 14 01:37:02 localhost dnf[5967]: Metadata cache refreshed recently.
Oct 14 01:37:02 localhost systemd[1]: Started dnf makecache.
Oct 14 02:38:02 localhost systemd[1]: Starting dnf makecache...
Oct 14 02:38:02 localhost dnf[5993]: Metadata cache refreshed recently.
Oct 14 02:38:02 localhost systemd[1]: Started dnf makecache.
Oct 14 03:39:02 localhost systemd[1]: Starting dnf makecache...
Oct 14 03:39:02 localhost dnf[6029]: CentOS-8 - AppStream                             11 kB/s | 4.3 kB     00:00
Oct 14 03:39:02 localhost dnf[6029]: CentOS-8 - Base                                  26 kB/s | 3.9 kB     00:00
Oct 14 03:39:03 localhost dnf[6029]: CentOS-8 - Extras                               5.2 kB/s | 1.5 kB     00:00
Oct 14 03:39:03 localhost dnf[6029]: Metadata cache created.
Oct 14 03:39:03 localhost systemd[1]: Started dnf makecache.
Oct 14 04:40:02 localhost systemd[1]: Starting dnf makecache...
Oct 14 04:40:02 localhost dnf[6059]: Metadata cache refreshed recently.
Oct 14 04:40:02 localhost systemd[1]: Started dnf makecache.
Oct 14 05:19:20 localhost NetworkManager[977]: <error> [1602667160.8399] dhcp4 (ens192): error -113 dispatching events
Oct 14 05:19:20 localhost NetworkManager[977]: <info>  [1602667160.8406] dhcp4 (ens192): state changed bound -> fail
Oct 14 05:19:20 localhost NetworkManager[977]: <info>  [1602667160.8407] device (ens192): DHCPv4: trying to acquire a new lease within 90 seconds
Oct 14 05:20:50 localhost NetworkManager[977]: <info>  [1602667250.7996] device (ens192): DHCPv4: grace period expired
Oct 14 05:20:50 localhost NetworkManager[977]: <info>  [1602667250.7998] device (ens192): state change: activated -> failed (reason 'ip-config-unavailable', sys-iface-state: 'managed')
Oct 14 05:20:50 localhost NetworkManager[977]: <warn>  [1602667250.8015] device (ens192): Activation: failed for connection 'ens192'
Oct 14 05:20:50 localhost NetworkManager[977]: <info>  [1602667250.8022] manager: NetworkManager state is now CONNECTED_LOCAL
Oct 14 05:20:50 localhost NetworkManager[977]: <info>  [1602667250.8025] device (ens192): state change: failed -> disconnected (reason 'none', sys-iface-state: 'managed')
Oct 14 05:20:50 localhost NetworkManager[977]: <info>  [1602667250.8039] dhcp4 (ens192): canceled DHCP transaction
Oct 14 05:20:50 localhost NetworkManager[977]: <info>  [1602667250.8039] dhcp4 (ens192): state changed fail -> done
Oct 14 05:20:50 localhost dbus-daemon[970]: [system] Activating via systemd: service name='org.freedesktop.nm_dispatcher' unit='dbus-org.freedesktop.nm-dispatcher.service' requested by ':1.4' (uid=0 pid=977 comm="/usr/sbin/NetworkManager --no-daemon " label="system_u:system_r:NetworkManager_t:s0")
Oct 14 05:20:50 localhost systemd[1]: Starting Network Manager Script Dispatcher Service...
Oct 14 05:20:50 localhost NetworkManager[977]: <info>  [1602667250.8272] policy: auto-activating connection 'ens192' (29b6e258-0ffd-4ee3-8f2d-2126105eee4f)
Oct 14 05:20:50 localhost NetworkManager[977]: <info>  [1602667250.8282] device (ens192): Activation: starting connection 'ens192' (29b6e258-0ffd-4ee3-8f2d-2126105eee4f)
Oct 14 05:20:50 localhost NetworkManager[977]: <info>  [1602667250.8283] device (ens192): state change: disconnected -> prepare (reason 'none', sys-iface-state: 'managed')
Oct 14 05:20:50 localhost NetworkManager[977]: <info>  [1602667250.8286] manager: NetworkManager state is now CONNECTING
Oct 14 05:20:50 localhost NetworkManager[977]: <info>  [1602667250.8287] device (ens192): state change: prepare -> config (reason 'none', sys-iface-state: 'managed')
Oct 14 05:20:50 localhost NetworkManager[977]: <info>  [1602667250.8292] device (ens192): state change: config -> ip-config (reason 'none', sys-iface-state: 'managed')
Oct 14 05:20:50 localhost NetworkManager[977]: <info>  [1602667250.8294] dhcp4 (ens192): activation: beginning transaction (timeout in 45 seconds)
Oct 14 05:20:50 localhost dbus-daemon[970]: [system] Successfully activated service 'org.freedesktop.nm_dispatcher'
Oct 14 05:20:50 localhost systemd[1]: Started Network Manager Script Dispatcher Service.
Oct 14 05:20:50 localhost NetworkManager[977]: <info>  [1602667250.8397] dhcp4 (ens192): option dhcp_lease_time      => '86400'
Oct 14 05:20:50 localhost NetworkManager[977]: <info>  [1602667250.8398] dhcp4 (ens192): option domain_name_servers  => '10.102.100.22 10.101.100.42 10.101.100.41'
Oct 14 05:20:50 localhost NetworkManager[977]: <info>  [1602667250.8398] dhcp4 (ens192): option expiry               => '1602753650'
Oct 14 05:20:50 localhost NetworkManager[977]: <info>  [1602667250.8398] dhcp4 (ens192): option ip_address           => '172.16.13.4'
Oct 14 05:20:50 localhost NetworkManager[977]: <info>  [1602667250.8398] dhcp4 (ens192): option requested_broadcast_address => '1'
Oct 14 05:20:50 localhost NetworkManager[977]: <info>  [1602667250.8398] dhcp4 (ens192): option requested_domain_name => '1'
Oct 14 05:20:50 localhost NetworkManager[977]: <info>  [1602667250.8398] dhcp4 (ens192): option requested_domain_name_servers => '1'
Oct 14 05:20:50 localhost NetworkManager[977]: <info>  [1602667250.8398] dhcp4 (ens192): option requested_domain_search => '1'
Oct 14 05:20:50 localhost NetworkManager[977]: <info>  [1602667250.8398] dhcp4 (ens192): option requested_host_name  => '1'
Oct 14 05:20:50 localhost NetworkManager[977]: <info>  [1602667250.8398] dhcp4 (ens192): option requested_interface_mtu => '1'
Oct 14 05:20:50 localhost NetworkManager[977]: <info>  [1602667250.8398] dhcp4 (ens192): option requested_ms_classless_static_routes => '1'
Oct 14 05:20:50 localhost NetworkManager[977]: <info>  [1602667250.8398] dhcp4 (ens192): option requested_nis_domain => '1'
Oct 14 05:20:50 localhost NetworkManager[977]: <info>  [1602667250.8398] dhcp4 (ens192): option requested_nis_servers => '1'
Oct 14 05:20:50 localhost NetworkManager[977]: <info>  [1602667250.8399] dhcp4 (ens192): option requested_ntp_servers => '1'
Oct 14 05:20:50 localhost NetworkManager[977]: <info>  [1602667250.8399] dhcp4 (ens192): option requested_rfc3442_classless_static_routes => '1'
Oct 14 05:20:50 localhost NetworkManager[977]: <info>  [1602667250.8399] dhcp4 (ens192): option requested_root_path  => '1'
Oct 14 05:20:50 localhost NetworkManager[977]: <info>  [1602667250.8399] dhcp4 (ens192): option requested_routers    => '1'
Oct 14 05:20:50 localhost NetworkManager[977]: <info>  [1602667250.8399] dhcp4 (ens192): option requested_static_routes => '1'
Oct 14 05:20:50 localhost NetworkManager[977]: <info>  [1602667250.8399] dhcp4 (ens192): option requested_subnet_mask => '1'
Oct 14 05:20:50 localhost NetworkManager[977]: <info>  [1602667250.8399] dhcp4 (ens192): option requested_time_offset => '1'
Oct 14 05:20:50 localhost NetworkManager[977]: <info>  [1602667250.8399] dhcp4 (ens192): option requested_wpad       => '1'
Oct 14 05:20:50 localhost NetworkManager[977]: <info>  [1602667250.8399] dhcp4 (ens192): option routers              => '172.16.255.1'
Oct 14 05:20:50 localhost NetworkManager[977]: <info>  [1602667250.8399] dhcp4 (ens192): option subnet_mask          => '255.255.0.0'
Oct 14 05:20:50 localhost NetworkManager[977]: <info>  [1602667250.8399] dhcp4 (ens192): state changed unknown -> bound
Oct 14 05:20:50 localhost NetworkManager[977]: <info>  [1602667250.8409] device (ens192): state change: ip-config -> ip-check (reason 'none', sys-iface-state: 'managed')
Oct 14 05:20:50 localhost NetworkManager[977]: <info>  [1602667250.8497] device (ens192): state change: ip-check -> secondaries (reason 'none', sys-iface-state: 'managed')
Oct 14 05:20:50 localhost NetworkManager[977]: <info>  [1602667250.8499] device (ens192): state change: secondaries -> activated (reason 'none', sys-iface-state: 'managed')
Oct 14 05:20:50 localhost NetworkManager[977]: <info>  [1602667250.8503] manager: NetworkManager state is now CONNECTED_LOCAL
Oct 14 05:20:50 localhost NetworkManager[977]: <info>  [1602667250.8511] manager: NetworkManager state is now CONNECTED_SITE
Oct 14 05:20:50 localhost NetworkManager[977]: <info>  [1602667250.8512] policy: set 'ens192' (ens192) as default for IPv4 routing and DNS
Oct 14 05:20:50 localhost NetworkManager[977]: <info>  [1602667250.8547] device (ens192): Activation: successful, device activated.
Oct 14 05:20:50 localhost NetworkManager[977]: <info>  [1602667250.8551] manager: NetworkManager state is now CONNECTED_GLOBAL
Oct 14 05:41:02 localhost systemd[1]: Starting dnf makecache...
Oct 14 05:41:02 localhost dnf[6092]: Metadata cache refreshed recently.
Oct 14 05:41:02 localhost systemd[1]: Started dnf makecache.
Oct 14 06:42:02 localhost systemd[1]: Starting dnf makecache...
Oct 14 06:42:04 localhost dnf[6115]: CentOS-8 - AppStream                            1.9 kB/s | 4.3 kB     00:02
Oct 14 06:42:05 localhost dnf[6115]: CentOS-8 - Base                                  11 kB/s | 3.9 kB     00:00
Oct 14 06:42:05 localhost dnf[6115]: CentOS-8 - Extras                               8.0 kB/s | 1.5 kB     00:00
Oct 14 06:42:05 localhost dnf[6115]: Metadata cache created.
Oct 14 06:42:05 localhost systemd[1]: Started dnf makecache.
Oct 14 07:43:02 localhost systemd[1]: Starting dnf makecache...
Oct 14 07:43:02 localhost dnf[6145]: Metadata cache refreshed recently.
Oct 14 07:43:02 localhost systemd[1]: Started dnf makecache.
Oct 14 08:44:02 localhost systemd[1]: Starting dnf makecache...
Oct 14 08:44:02 localhost dnf[6169]: Metadata cache refreshed recently.
Oct 14 08:44:02 localhost systemd[1]: Started dnf makecache.
Oct 14 09:45:02 localhost systemd[1]: Starting dnf makecache...
Oct 14 09:45:02 localhost dnf[6192]: CentOS-8 - AppStream                             18 kB/s | 4.3 kB     00:00
Oct 14 09:45:02 localhost dnf[6192]: CentOS-8 - Base                                  14 kB/s | 3.9 kB     00:00
Oct 14 09:45:03 localhost dnf[6192]: CentOS-8 - Extras                               4.8 kB/s | 1.5 kB     00:00
Oct 14 09:45:03 localhost dnf[6192]: Metadata cache created.
Oct 14 09:45:03 localhost systemd[1]: Started dnf makecache.
Oct 14 10:46:02 localhost systemd[1]: Starting dnf makecache...
Oct 14 10:46:02 localhost dnf[6221]: Metadata cache refreshed recently.
Oct 14 10:46:02 localhost systemd[1]: Started dnf makecache.
Oct 14 11:47:02 localhost systemd[1]: Starting dnf makecache...
Oct 14 11:47:02 localhost dnf[6245]: Metadata cache refreshed recently.
Oct 14 11:47:02 localhost systemd[1]: Started dnf makecache.
Oct 14 12:48:02 localhost systemd[1]: Starting dnf makecache...
Oct 14 12:48:02 localhost dnf[6269]: CentOS-8 - AppStream                             16 kB/s | 4.3 kB     00:00
Oct 14 12:48:03 localhost dnf[6269]: CentOS-8 - Base                                  12 kB/s | 3.9 kB     00:00
Oct 14 12:48:03 localhost dnf[6269]: CentOS-8 - Extras                                11 kB/s | 1.5 kB     00:00
Oct 14 12:48:03 localhost dnf[6269]: Metadata cache created.
Oct 14 12:48:03 localhost systemd[1]: Started dnf makecache.
Oct 14 13:49:02 localhost systemd[1]: Starting dnf makecache...
Oct 14 13:49:02 localhost dnf[6298]: Metadata cache refreshed recently.
Oct 14 13:49:02 localhost systemd[1]: Started dnf makecache.
Oct 14 14:50:02 localhost systemd[1]: Starting dnf makecache...
Oct 14 14:50:02 localhost dnf[6321]: Metadata cache refreshed recently.
Oct 14 14:50:02 localhost systemd[1]: Started dnf makecache.
Oct 14 15:42:19 localhost systemd[1]: Started /usr/bin/systemctl start man-db-cache-update.
Oct 14 15:42:19 localhost systemd[1]: cgroup compatibility translation between legacy and unified hierarchy settings activated. See cgroup-compat debug messages for details.
Oct 14 15:42:19 localhost systemd[1]: Starting man-db-cache-update.service...
Oct 14 15:42:26 localhost systemd[1]: Started man-db-cache-update.service.
Oct 14 15:43:29 rjacinto1_rns kernel: Command line: BOOT_IMAGE=(hd0,msdos1)/vmlinuz-4.18.0-193.el8.x86_64 root=/dev/mapper/cl-root ro crashkernel=auto resume=/dev/mapper/cl-swap rd.lvm.lv=cl/root rd.lvm.lv=cl/swap rhgb quiet
Oct 14 15:43:29 rjacinto1_rns kernel: Disabled fast string operations
Oct 14 15:43:29 rjacinto1_rns kernel: x86/fpu: Supporting XSAVE feature 0x001: 'x87 floating point registers'
Oct 14 15:43:29 rjacinto1_rns kernel: x86/fpu: Supporting XSAVE feature 0x002: 'SSE registers'
Oct 14 15:43:29 rjacinto1_rns kernel: x86/fpu: Supporting XSAVE feature 0x004: 'AVX registers'
Oct 14 15:43:29 rjacinto1_rns kernel: x86/fpu: xstate_offset[2]:  576, xstate_sizes[2]:  256
Oct 14 15:43:29 rjacinto1_rns kernel: x86/fpu: Enabled xstate features 0x7, context size is 832 bytes, using 'standard' format.
Oct 14 15:43:29 rjacinto1_rns kernel: BIOS-provided physical RAM map:
Oct 14 15:43:29 rjacinto1_rns kernel: BIOS-e820: [mem 0x0000000000000000-0x000000000009f3ff] usable
Oct 14 15:43:29 rjacinto1_rns kernel: BIOS-e820: [mem 0x000000000009f400-0x000000000009ffff] reserved
Oct 14 15:43:29 rjacinto1_rns kernel: BIOS-e820: [mem 0x00000000000dc000-0x00000000000fffff] reserved
Oct 14 15:43:29 rjacinto1_rns kernel: BIOS-e820: [mem 0x0000000000100000-0x000000007fedffff] usable
Oct 14 15:43:29 rjacinto1_rns kernel: BIOS-e820: [mem 0x000000007fee0000-0x000000007fefefff] ACPI data
Oct 14 15:43:29 rjacinto1_rns kernel: BIOS-e820: [mem 0x000000007feff000-0x000000007fefffff] ACPI NVS
Oct 14 15:43:29 rjacinto1_rns kernel: BIOS-e820: [mem 0x000000007ff00000-0x000000007fffffff] usable
Oct 14 15:43:29 rjacinto1_rns kernel: BIOS-e820: [mem 0x00000000f0000000-0x00000000f7ffffff] reserved
Oct 14 15:43:29 rjacinto1_rns kernel: BIOS-e820: [mem 0x00000000fec00000-0x00000000fec0ffff] reserved
Oct 14 15:43:29 rjacinto1_rns kernel: BIOS-e820: [mem 0x00000000fee00000-0x00000000fee00fff] reserved
Oct 14 15:43:29 rjacinto1_rns kernel: BIOS-e820: [mem 0x00000000fffe0000-0x00000000ffffffff] reserved
Oct 14 15:43:29 rjacinto1_rns kernel: NX (Execute Disable) protection: active
Oct 14 15:43:29 rjacinto1_rns kernel: SMBIOS 2.7 present.
Oct 14 15:43:29 rjacinto1_rns kernel: DMI: VMware, Inc. VMware Virtual Platform/440BX Desktop Reference Platform, BIOS 6.00 12/09/2019
Oct 14 15:43:29 rjacinto1_rns kernel: Hypervisor detected: VMware
Oct 14 15:43:29 rjacinto1_rns kernel: vmware: TSC freq read from hypervisor : 2700.000 MHz
Oct 14 15:43:29 rjacinto1_rns kernel: vmware: Host bus clock speed read from hypervisor : 66000000 Hz
Oct 14 15:43:29 rjacinto1_rns kernel: vmware: using sched offset of 3144612516 ns
Oct 14 15:43:29 rjacinto1_rns kernel: tsc: Detected 2700.000 MHz processor
Oct 14 15:43:29 rjacinto1_rns kernel: last_pfn = 0x80000 max_arch_pfn = 0x400000000
Oct 14 15:43:29 rjacinto1_rns kernel: x86/PAT: Configuration [0-7]: WB  WC  UC- UC  WB  WP  UC- WT  
Oct 14 15:43:29 rjacinto1_rns kernel: total RAM covered: 2048M
Oct 14 15:43:29 rjacinto1_rns kernel: Found optimal setting for mtrr clean up
Oct 14 15:43:29 rjacinto1_rns kernel: gran_size: 64K #011chunk_size: 64K #011num_reg: 1  #011lose cover RAM: 0G
Oct 14 15:43:29 rjacinto1_rns kernel: found SMP MP-table at [mem 0x000f6a70-0x000f6a7f]
Oct 14 15:43:29 rjacinto1_rns kernel: kexec: Reserving the low 1M of memory for crashkernel
Oct 14 15:43:29 rjacinto1_rns kernel: RAMDISK: [mem 0x346de000-0x36366fff]
Oct 14 15:43:29 rjacinto1_rns kernel: ACPI: Early table checksum verification disabled
Oct 14 15:43:29 rjacinto1_rns kernel: ACPI: RSDP 0x00000000000F6A00 000024 (v02 PTLTD )
Oct 14 15:43:29 rjacinto1_rns kernel: ACPI: XSDT 0x000000007FEEEAC0 00005C (v01 INTEL  440BX    06040000 VMW  01324272)
Oct 14 15:43:29 rjacinto1_rns kernel: ACPI: FACP 0x000000007FEFEE73 0000F4 (v04 INTEL  440BX    06040000 PTL  000F4240)
Oct 14 15:43:29 rjacinto1_rns kernel: ACPI: DSDT 0x000000007FEEED00 010173 (v01 PTLTD  Custom   06040000 MSFT 03000001)
Oct 14 15:43:29 rjacinto1_rns kernel: ACPI: FACS 0x000000007FEFFFC0 000040
Oct 14 15:43:29 rjacinto1_rns kernel: ACPI: FACS 0x000000007FEFFFC0 000040
Oct 14 15:43:29 rjacinto1_rns kernel: ACPI: BOOT 0x000000007FEEECD8 000028 (v01 PTLTD  $SBFTBL$ 06040000  LTP 00000001)
Oct 14 15:43:29 rjacinto1_rns kernel: ACPI: APIC 0x000000007FEEEC88 000050 (v01 PTLTD  ? APIC   06040000  LTP 00000000)
Oct 14 15:43:29 rjacinto1_rns kernel: ACPI: MCFG 0x000000007FEEEC4C 00003C (v01 PTLTD  $PCITBL$ 06040000  LTP 00000001)
Oct 14 15:43:29 rjacinto1_rns kernel: ACPI: SRAT 0x000000007FEEEBBC 000090 (v02 VMWARE MEMPLUG  06040000 VMW  00000001)
Oct 14 15:43:29 rjacinto1_rns kernel: ACPI: HPET 0x000000007FEEEB84 000038 (v01 VMWARE VMW HPET 06040000 VMW  00000001)
Oct 14 15:43:29 rjacinto1_rns kernel: ACPI: WAET 0x000000007FEEEB5C 000028 (v01 VMWARE VMW WAET 06040000 VMW  00000001)
Oct 14 15:43:29 rjacinto1_rns kernel: SRAT: PXM 0 -> APIC 0x00 -> Node 0
Oct 14 15:43:29 rjacinto1_rns kernel: ACPI: SRAT: Node 0 PXM 0 [mem 0x00000000-0x0009ffff]
Oct 14 15:43:29 rjacinto1_rns kernel: ACPI: SRAT: Node 0 PXM 0 [mem 0x00100000-0x7fffffff]
Oct 14 15:43:29 rjacinto1_rns kernel: NUMA: Node 0 [mem 0x00000000-0x0009ffff] + [mem 0x00100000-0x7fffffff] -> [mem 0x00000000-0x7fffffff]
Oct 14 15:43:29 rjacinto1_rns kernel: NODE_DATA(0) allocated [mem 0x7ffd6000-0x7fffffff]
Oct 14 15:43:29 rjacinto1_rns kernel: Using crashkernel=auto, the size chosen is a best effort estimation.
Oct 14 15:43:29 rjacinto1_rns kernel: Reserving 160MB of memory at 1872MB for crashkernel (System RAM: 2047MB)
Oct 14 15:43:29 rjacinto1_rns kernel: Zone ranges:
Oct 14 15:43:29 rjacinto1_rns kernel:  DMA      [mem 0x0000000000001000-0x0000000000ffffff]
Oct 14 15:43:29 rjacinto1_rns kernel:  DMA32    [mem 0x0000000001000000-0x000000007fffffff]
Oct 14 15:43:29 rjacinto1_rns kernel:  Normal   empty
Oct 14 15:43:29 rjacinto1_rns kernel:  Device   empty
Oct 14 15:43:29 rjacinto1_rns kernel: Movable zone start for each node
Oct 14 15:43:29 rjacinto1_rns kernel: Early memory node ranges
Oct 14 15:43:29 rjacinto1_rns kernel:  node   0: [mem 0x0000000000001000-0x000000000009efff]
Oct 14 15:43:29 rjacinto1_rns kernel:  node   0: [mem 0x0000000000100000-0x000000007fedffff]
Oct 14 15:43:29 rjacinto1_rns kernel:  node   0: [mem 0x000000007ff00000-0x000000007fffffff]
Oct 14 15:43:29 rjacinto1_rns kernel: Zeroed struct page in unavailable ranges: 130 pages
Oct 14 15:43:29 rjacinto1_rns kernel: Initmem setup node 0 [mem 0x0000000000001000-0x000000007fffffff]
Oct 14 15:43:29 rjacinto1_rns kernel: ACPI: PM-Timer IO Port: 0x1008
Oct 14 15:43:29 rjacinto1_rns kernel: ACPI: LAPIC_NMI (acpi_id[0x00] high edge lint[0x1])
Oct 14 15:43:29 rjacinto1_rns kernel: IOAPIC[0]: apic_id 1, version 17, address 0xfec00000, GSI 0-23
Oct 14 15:43:29 rjacinto1_rns kernel: ACPI: INT_SRC_OVR (bus 0 bus_irq 0 global_irq 2 high edge)
Oct 14 15:43:29 rjacinto1_rns kernel: Using ACPI (MADT) for SMP configuration information
Oct 14 15:43:29 rjacinto1_rns kernel: ACPI: HPET id: 0x8086af01 base: 0xfed00000
Oct 14 15:43:29 rjacinto1_rns kernel: smpboot: Allowing 1 CPUs, 0 hotplug CPUs
Oct 14 15:43:29 rjacinto1_rns kernel: PM: Registered nosave memory: [mem 0x00000000-0x00000fff]
Oct 14 15:43:29 rjacinto1_rns kernel: PM: Registered nosave memory: [mem 0x0009f000-0x0009ffff]
Oct 14 15:43:29 rjacinto1_rns kernel: PM: Registered nosave memory: [mem 0x000a0000-0x000dbfff]
Oct 14 15:43:29 rjacinto1_rns kernel: PM: Registered nosave memory: [mem 0x000dc000-0x000fffff]
Oct 14 15:43:29 rjacinto1_rns kernel: PM: Registered nosave memory: [mem 0x7fee0000-0x7fefefff]
Oct 14 15:43:29 rjacinto1_rns kernel: PM: Registered nosave memory: [mem 0x7feff000-0x7fefffff]
Oct 14 15:43:29 rjacinto1_rns kernel: [mem 0x80000000-0xefffffff] available for PCI devices
Oct 14 15:43:29 rjacinto1_rns kernel: Booting paravirtualized kernel on VMware hypervisor
Oct 14 15:43:29 rjacinto1_rns kernel: clocksource: refined-jiffies: mask: 0xffffffff max_cycles: 0xffffffff, max_idle_ns: 1910969940391419 ns
Oct 14 15:43:29 rjacinto1_rns kernel: setup_percpu: NR_CPUS:8192 nr_cpumask_bits:1 nr_cpu_ids:1 nr_node_ids:1
Oct 14 15:43:29 rjacinto1_rns kernel: percpu: Embedded 53 pages/cpu s180224 r8192 d28672 u2097152
Oct 14 15:43:29 rjacinto1_rns kernel: Built 1 zonelists, mobility grouping on.  Total pages: 515808
Oct 14 15:43:29 rjacinto1_rns kernel: Policy zone: DMA32
Oct 14 15:43:29 rjacinto1_rns kernel: Kernel command line: BOOT_IMAGE=(hd0,msdos1)/vmlinuz-4.18.0-193.el8.x86_64 root=/dev/mapper/cl-root ro crashkernel=auto resume=/dev/mapper/cl-swap rd.lvm.lv=cl/root rd.lvm.lv=cl/swap rhgb quiet
Oct 14 15:43:29 rjacinto1_rns kernel: Specific versions of hardware are certified with Red Hat Enterprise Linux 8. Please see the list of hardware certified with Red Hat Enterprise Linux 8 at https://access.redhat.com/ecosystem.
Oct 14 15:43:29 rjacinto1_rns kernel: Memory: 261120K/2096632K available (12292K kernel code, 2151K rwdata, 3848K rodata, 2404K init, 6476K bss, 261764K reserved, 0K cma-reserved)
Oct 14 15:43:29 rjacinto1_rns kernel: random: get_random_u64 called from cache_random_seq_create+0x7c/0x140 with crng_init=0
Oct 14 15:43:29 rjacinto1_rns kernel: SLUB: HWalign=64, Order=0-3, MinObjects=0, CPUs=1, Nodes=1
Oct 14 15:43:29 rjacinto1_rns kernel: Kernel/User page tables isolation: enabled
Oct 14 15:43:29 rjacinto1_rns kernel: ftrace: allocating 36334 entries in 142 pages
Oct 14 15:43:29 rjacinto1_rns kernel: rcu: Hierarchical RCU implementation.
Oct 14 15:43:29 rjacinto1_rns kernel: rcu: #011RCU restricting CPUs from NR_CPUS=8192 to nr_cpu_ids=1.
Oct 14 15:43:29 rjacinto1_rns kernel: rcu: RCU calculated value of scheduler-enlistment delay is 100 jiffies.
Oct 14 15:43:29 rjacinto1_rns kernel: rcu: Adjusting geometry for rcu_fanout_leaf=16, nr_cpu_ids=1
Oct 14 15:43:29 rjacinto1_rns kernel: NR_IRQS: 524544, nr_irqs: 256, preallocated irqs: 16
Oct 14 15:43:29 rjacinto1_rns kernel: Console: colour VGA+ 80x25
Oct 14 15:43:29 rjacinto1_rns kernel: printk: console [tty0] enabled
Oct 14 15:43:29 rjacinto1_rns kernel: ACPI: Core revision 20190703
Oct 14 15:43:29 rjacinto1_rns kernel: clocksource: hpet: mask: 0xffffffff max_cycles: 0xffffffff, max_idle_ns: 133484882848 ns
Oct 14 15:43:29 rjacinto1_rns kernel: APIC: Switch to symmetric I/O mode setup
Oct 14 15:43:29 rjacinto1_rns kernel: x2apic enabled
Oct 14 15:43:29 rjacinto1_rns kernel: Switched APIC routing to physical x2apic.
Oct 14 15:43:29 rjacinto1_rns kernel: ..TIMER: vector=0x30 apic1=0 pin1=2 apic2=-1 pin2=-1
Oct 14 15:43:29 rjacinto1_rns kernel: clocksource: tsc-early: mask: 0xffffffffffffffff max_cycles: 0x26eb3e3cc63, max_idle_ns: 440795236593 ns
Oct 14 15:43:29 rjacinto1_rns kernel: Calibrating delay loop (skipped) preset value.. 5400.00 BogoMIPS (lpj=2700000)
Oct 14 15:43:29 rjacinto1_rns kernel: pid_max: default: 32768 minimum: 301
Oct 14 15:43:29 rjacinto1_rns kernel: Security Framework initialized
Oct 14 15:43:29 rjacinto1_rns kernel: Yama: becoming mindful.
Oct 14 15:43:29 rjacinto1_rns kernel: SELinux:  Initializing.
Oct 14 15:43:29 rjacinto1_rns kernel: Dentry cache hash table entries: 262144 (order: 9, 2097152 bytes)
Oct 14 15:43:29 rjacinto1_rns kernel: Inode-cache hash table entries: 131072 (order: 8, 1048576 bytes)
Oct 14 15:43:29 rjacinto1_rns kernel: Mount-cache hash table entries: 4096 (order: 3, 32768 bytes)
Oct 14 15:43:29 rjacinto1_rns kernel: Mountpoint-cache hash table entries: 4096 (order: 3, 32768 bytes)
Oct 14 15:43:29 rjacinto1_rns kernel: Disabled fast string operations
Oct 14 15:43:29 rjacinto1_rns kernel: Last level iTLB entries: 4KB 512, 2MB 8, 4MB 8
Oct 14 15:43:29 rjacinto1_rns kernel: Last level dTLB entries: 4KB 512, 2MB 32, 4MB 32, 1GB 0
Oct 14 15:43:29 rjacinto1_rns kernel: FEATURE SPEC_CTRL Present
Oct 14 15:43:29 rjacinto1_rns kernel: FEATURE IBPB_SUPPORT Present
Oct 14 15:43:29 rjacinto1_rns kernel: Spectre V1 : Mitigation: usercopy/swapgs barriers and __user pointer sanitization
Oct 14 15:43:29 rjacinto1_rns kernel: Spectre V2 : Mitigation: Full generic retpoline
Oct 14 15:43:29 rjacinto1_rns kernel: Spectre V2 : Spectre v2 / SpectreRSB mitigation: Filling RSB on context switch
Oct 14 15:43:29 rjacinto1_rns kernel: Spectre V2 : Enabling Restricted Speculation for firmware calls
Oct 14 15:43:29 rjacinto1_rns kernel: Spectre V2 : mitigation: Enabling conditional Indirect Branch Prediction Barrier
Oct 14 15:43:29 rjacinto1_rns kernel: Speculative Store Bypass: Mitigation: Speculative Store Bypass disabled via prctl and seccomp
Oct 14 15:43:29 rjacinto1_rns kernel: MDS: Mitigation: Clear CPU buffers
Oct 14 15:43:29 rjacinto1_rns kernel: Freeing SMP alternatives memory: 32K
Oct 14 15:43:29 rjacinto1_rns kernel: smpboot: CPU0: Intel(R) Xeon(R) CPU E5-2680 0 @ 2.70GHz (family: 0x6, model: 0x2d, stepping: 0x7)
Oct 14 15:43:29 rjacinto1_rns kernel: Performance Events: SandyBridge events, core PMU driver.
Oct 14 15:43:29 rjacinto1_rns kernel: core: CPUID marked event: 'cpu cycles' unavailable
Oct 14 15:43:29 rjacinto1_rns kernel: core: CPUID marked event: 'instructions' unavailable
Oct 14 15:43:29 rjacinto1_rns kernel: core: CPUID marked event: 'bus cycles' unavailable
Oct 14 15:43:29 rjacinto1_rns kernel: core: CPUID marked event: 'cache references' unavailable
Oct 14 15:43:29 rjacinto1_rns kernel: core: CPUID marked event: 'cache misses' unavailable
Oct 14 15:43:29 rjacinto1_rns kernel: core: CPUID marked event: 'branch instructions' unavailable
Oct 14 15:43:29 rjacinto1_rns kernel: core: CPUID marked event: 'branch misses' unavailable
Oct 14 15:43:29 rjacinto1_rns kernel: ... version:                1
Oct 14 15:43:29 rjacinto1_rns kernel: ... bit width:              48
Oct 14 15:43:29 rjacinto1_rns kernel: ... generic registers:      4
Oct 14 15:43:29 rjacinto1_rns kernel: ... value mask:             0000ffffffffffff
Oct 14 15:43:29 rjacinto1_rns kernel: ... max period:             000000007fffffff
Oct 14 15:43:29 rjacinto1_rns kernel: ... fixed-purpose events:   0
Oct 14 15:43:29 rjacinto1_rns kernel: ... event mask:             000000000000000f
Oct 14 15:43:29 rjacinto1_rns kernel: rcu: Hierarchical SRCU implementation.
Oct 14 15:43:29 rjacinto1_rns kernel: NMI watchdog: Perf NMI watchdog permanently disabled
Oct 14 15:43:29 rjacinto1_rns kernel: smp: Bringing up secondary CPUs ...
Oct 14 15:43:29 rjacinto1_rns kernel: smp: Brought up 1 node, 1 CPU
Oct 14 15:43:29 rjacinto1_rns kernel: smpboot: Max logical packages: 1
Oct 14 15:43:29 rjacinto1_rns kernel: smpboot: Total of 1 processors activated (5400.00 BogoMIPS)
Oct 14 15:43:29 rjacinto1_rns kernel: node 0 initialised, 393437 pages in 1ms
Oct 14 15:43:29 rjacinto1_rns kernel: devtmpfs: initialized
Oct 14 15:43:29 rjacinto1_rns kernel: x86/mm: Memory block size: 128MB
Oct 14 15:43:29 rjacinto1_rns kernel: PM: Registering ACPI NVS region [mem 0x7feff000-0x7fefffff] (4096 bytes)
Oct 14 15:43:29 rjacinto1_rns kernel: clocksource: jiffies: mask: 0xffffffff max_cycles: 0xffffffff, max_idle_ns: 1911260446275000 ns
Oct 14 15:43:29 rjacinto1_rns kernel: futex hash table entries: 256 (order: 2, 16384 bytes)
Oct 14 15:43:29 rjacinto1_rns kernel: pinctrl core: initialized pinctrl subsystem
Oct 14 15:43:29 rjacinto1_rns kernel: NET: Registered protocol family 16
Oct 14 15:43:29 rjacinto1_rns kernel: audit: initializing netlink subsys (disabled)
Oct 14 15:43:29 rjacinto1_rns kernel: cpuidle: using governor menu
Oct 14 15:43:29 rjacinto1_rns kernel: Simple Boot Flag at 0x36 set to 0x80
Oct 14 15:43:29 rjacinto1_rns kernel: ACPI: bus type PCI registered
Oct 14 15:43:29 rjacinto1_rns kernel: acpiphp: ACPI Hot Plug PCI Controller Driver version: 0.5
Oct 14 15:43:29 rjacinto1_rns kernel: PCI: MMCONFIG for domain 0000 [bus 00-7f] at [mem 0xf0000000-0xf7ffffff] (base 0xf0000000)
Oct 14 15:43:29 rjacinto1_rns kernel: PCI: MMCONFIG at [mem 0xf0000000-0xf7ffffff] reserved in E820
Oct 14 15:43:29 rjacinto1_rns kernel: PCI: Using configuration type 1 for base access
Oct 14 15:43:29 rjacinto1_rns kernel: core: PMU erratum BJ122, BV98, HSD29 workaround disabled, HT off
Oct 14 15:43:29 rjacinto1_rns kernel: audit: type=2000 audit(1602704608.013:1): state=initialized audit_enabled=0 res=1
Oct 14 15:43:29 rjacinto1_rns kernel: HugeTLB registered 2.00 MiB page size, pre-allocated 0 pages
Oct 14 15:43:29 rjacinto1_rns kernel: cryptd: max_cpu_qlen set to 1000
Oct 14 15:43:29 rjacinto1_rns kernel: ACPI: Added _OSI(Module Device)
Oct 14 15:43:29 rjacinto1_rns kernel: ACPI: Added _OSI(Processor Device)
Oct 14 15:43:29 rjacinto1_rns kernel: ACPI: Added _OSI(3.0 _SCP Extensions)
Oct 14 15:43:29 rjacinto1_rns kernel: ACPI: Added _OSI(Processor Aggregator Device)
Oct 14 15:43:29 rjacinto1_rns kernel: ACPI: Added _OSI(Linux-Dell-Video)
Oct 14 15:43:29 rjacinto1_rns kernel: ACPI: Added _OSI(Linux-Lenovo-NV-HDMI-Audio)
Oct 14 15:43:29 rjacinto1_rns kernel: ACPI: Added _OSI(Linux-HPI-Hybrid-Graphics)
Oct 14 15:43:29 rjacinto1_rns kernel: ACPI: 1 ACPI AML tables successfully acquired and loaded
Oct 14 15:43:29 rjacinto1_rns kernel: ACPI: [Firmware Bug]: BIOS _OSI(Linux) query ignored
Oct 14 15:43:29 rjacinto1_rns kernel: ACPI: Interpreter enabled
Oct 14 15:43:29 rjacinto1_rns kernel: ACPI: (supports S0 S1 S4 S5)
Oct 14 15:43:29 rjacinto1_rns kernel: ACPI: Using IOAPIC for interrupt routing
Oct 14 15:43:29 rjacinto1_rns kernel: PCI: Using host bridge windows from ACPI; if necessary, use "pci=nocrs" and report a bug
Oct 14 15:43:29 rjacinto1_rns kernel: ACPI: Enabled 4 GPEs in block 00 to 0F
Oct 14 15:43:29 rjacinto1_rns kernel: ACPI: PCI Root Bridge [PCI0] (domain 0000 [bus 00-7f])
Oct 14 15:43:29 rjacinto1_rns kernel: acpi PNP0A03:00: _OSC: OS supports [ExtendedConfig ASPM ClockPM Segments MSI HPX-Type3]
Oct 14 15:43:29 rjacinto1_rns kernel: acpi PNP0A03:00: _OSC: platform does not support [AER LTR]
Oct 14 15:43:29 rjacinto1_rns kernel: acpi PNP0A03:00: _OSC: OS now controls [PCIeHotplug SHPCHotplug PME PCIeCapability]
Oct 14 15:43:29 rjacinto1_rns kernel: PCI host bridge to bus 0000:00
Oct 14 15:43:29 rjacinto1_rns kernel: pci_bus 0000:00: root bus resource [mem 0x000a0000-0x000bffff window]
Oct 14 15:43:29 rjacinto1_rns kernel: pci_bus 0000:00: root bus resource [mem 0x000d0000-0x000d3fff window]
Oct 14 15:43:29 rjacinto1_rns kernel: pci_bus 0000:00: root bus resource [mem 0x000d4000-0x000d7fff window]
Oct 14 15:43:29 rjacinto1_rns kernel: pci_bus 0000:00: root bus resource [mem 0x000d8000-0x000dbfff window]
Oct 14 15:43:29 rjacinto1_rns kernel: pci_bus 0000:00: root bus resource [mem 0x80000000-0xfebfffff window]
Oct 14 15:43:29 rjacinto1_rns kernel: pci_bus 0000:00: root bus resource [io  0x0000-0x0cf7 window]
